[563/1124] K8049 support=14 orbits=9600 residuals=603
[564/1124] K8050 support=13 orbits=18432 residuals=506
[565/1124] K8051 support=13 orbits=9792 residuals=340
[566/1124] K8052 support=12 orbits=12288 residuals=589
[567/1124] K8053 support=13 orbits=18432 residuals=599
[568/1124] K8054 support=13 orbits=18432 residuals=627
[569/1124] K8055 support=12 orbits=6912 residuals=478
[570/1124] K8056 support=13 orbits=18432 residuals=586
[571/1124] K8057 support=11 orbits=9216 residuals=647
[572/1124] K8058 support=12 orbits=13824 residuals=524
[573/1124] K8059 support=12 orbits=13824 residuals=553
[574/1124] K8060 support=11 orbits=5760 residuals=534
[575/1124] K8061 support=12 orbits=13824 residuals=513
[576/1124] K8062 support=12 orbits=13824 residuals=483
[577/1124] K8063 support=13 orbits=18432 residuals=708
[578/1124] K8064 support=12 orbits=13824 residuals=682
[579/1124] K8065 support=12 orbits=13824 residuals=682
[580/1124] K8066 support=11 orbits=10368 residuals=565
[581/1124] K8067 support=11 orbits=10368 residuals=588
[582/1124] K8068 support=11 orbits=10368 residuals=560
[583/1124] K8069 support=12 orbits=13824 residuals=683
[584/1124] K8070 support=11 orbits=10368 residuals=588
[585/1124] K8071 support=12 orbits=13824 residuals=448
[586/1124] K8072 support=13 orbits=11520 residuals=559
[587/1124] K8073 support=12 orbits=13824 residuals=461
[588/1124] K8074 support=13 orbits=18432 residuals=732
[589/1124] K8075 support=12 orbits=13824 residuals=466
[590/1124] K8076 support=13 orbits=18432 residuals=693
[591/1124] K8077 support=11 orbits=10368 residuals=565
[592/1124] K8078 support=13 orbits=10368 residuals=362
[593/1124] K8079 support=12 orbits=13824 residuals=515
[594/1124] K8080 support=13 orbits=11520 residuals=569
[595/1124] K8081 support=11 orbits=10368 residuals=565
[596/1124] K8082 support=11 orbits=10368 residuals=724
[597/1124] K8083 support=12 orbits=13824 residuals=666
[598/1124] K8084 support=11 orbits=10368 residuals=750
[599/1124] K8085 support=13 orbits=11520 residuals=703
[600/1124] K8086 support=12 orbits=13824 residuals=606
[601/1124] K8087 support=13 orbits=18432 residuals=793
[602/1124] K8088 support=12 orbits=13824 residuals=796
[603/1124] K8089 support=12 orbits=13824 residuals=796
[604/1124] K8090 support=14 orbits=24576 residuals=990
[605/1124] K8091 support=13 orbits=18432 residuals=789
[606/1124] K8092 support=14 orbits=24576 residuals=994
[607/1124] K8093 support=14 orbits=15360 residuals=1005
[608/1124] K8094 support=14 orbits=24576 residuals=987
[609/1124] K8095 support=14 orbits=13824 residuals=498
[610/1124] K8096 support=14 orbits=15360 residuals=904
[611/1124] K8097 support=11 orbits=10368 residuals=588
[612/1124] K8098 support=12 orbits=13824 residuals=515
[613/1124] K8099 support=13 orbits=11520 residuals=569
[614/1124] K8100 support=12 orbits=13824 residuals=550
[615/1124] K8101 support=14 orbits=12672 residuals=683
[616/1124] K8102 support=12 orbits=13824 residuals=421
[617/1124] K8103 support=12 orbits=13824 residuals=466
[618/1124] K8104 support=11 orbits=10368 residuals=469
[619/1124] K8105 support=12 orbits=13824 residuals=373
[620/1124] K8106 support=12 orbits=13824 residuals=549
[621/1124] K8107 support=11 orbits=5184 residuals=297
[622/1124] K8108 support=12 orbits=13824 residuals=397
[623/1124] K8109 support=11 orbits=9216 residuals=647
[624/1124] K8110 support=12 orbits=13824 residuals=360
[625/1124] K8111 support=12 orbits=13824 residuals=385
[626/1124] K8112 support=12 orbits=8640 residuals=484
[627/1124] K8113 support=12 orbits=8640 residuals=484
[628/1124] K8114 support=10 orbits=7776 residuals=461
[629/1124] K8115 support=12 orbits=8640 residuals=448
[630/1124] K8116 support=11 orbits=10368 residuals=469
[631/1124] K8117 support=13 orbits=10368 residuals=533
[632/1124] K8118 support=13 orbits=11520 residuals=616
[633/1124] K8119 support=12 orbits=8640 residuals=481
[634/1124] K8120 support=14 orbits=9600 residuals=625
[635/1124] K8121 support=13 orbits=11520 residuals=497
[636/1124] K8122 support=13 orbits=18432 residuals=789
[637/1124] K8123 support=14 orbits=15360 residuals=1005
[638/1124] K8124 support=14 orbits=15360 residuals=869
[639/1124] K8125 support=14 orbits=15360 residuals=904
[640/1124] K8126 support=12 orbits=13824 residuals=578
[641/1124] K8127 support=12 orbits=7776 residuals=269
[642/1124] K8128 support=12 orbits=13824 residuals=552
[643/1124] K8129 support=11 orbits=10368 residuals=471
[644/1124] K8130 support=12 orbits=8640 residuals=450
[645/1124] K8131 support=14 orbits=9600 residuals=723
[646/1124] K8132 support=14 orbits=9600 residuals=675
[647/1124] K8133 support=14 orbits=24576 residuals=1116
[648/1124] K8134 support=14 orbits=7488 residuals=331
[649/1124] K8135 support=14 orbits=13056 residuals=648
[650/1124] K8136 support=11 orbits=10368 residuals=510
[651/1124] K8137 support=13 orbits=11520 residuals=517
[652/1124] K8138 support=12 orbits=13824 residuals=442
[653/1124] K8139 support=14 orbits=24576 residuals=1134
[654/1124] K8140 support=13 orbits=18432 residuals=935
[655/1124] K8141 support=14 orbits=9600 residuals=819
[656/1124] K8142 support=13 orbits=18432 residuals=614
[657/1124] K8143 support=13 orbits=11520 residuals=548
[658/1124] K8144 support=13 orbits=9792 residuals=352
[659/1124] K8145 support=13 orbits=18432 residuals=769
[660/1124] K8146 support=13 orbits=9792 residuals=407
[661/1124] K8147 support=13 orbits=6048 residuals=211
[662/1124] K8148 support=13 orbits=11520 residuals=569
[663/1124] K8149 support=13 orbits=10368 residuals=467
[664/1124] K8150 support=12 orbits=13824 residuals=496
[665/1124] K8151 support=12 orbits=8640 residuals=448
[666/1124] K8152 support=12 orbits=13824 residuals=523
[667/1124] K8153 support=12 orbits=8640 residuals=450
[668/1124] K8154 support=10 orbits=4536 residuals=297
[669/1124] K8155 support=11 orbits=6048 residuals=303
[670/1124] K8156 support=12 orbits=5040 residuals=295
[671/1124] K8157 support=12 orbits=13824 residuals=420
[672/1124] K8158 support=11 orbits=10368 residuals=497
[673/1124] K8159 support=12 orbits=13824 residuals=409
[674/1124] K8160 support=12 orbits=13824 residuals=420
[675/1124] K8161 support=13 orbits=18432 residuals=594
[676/1124] K8162 support=11 orbits=10368 residuals=497
[677/1124] K8163 support=12 orbits=8640 residuals=453
[678/1124] K8164 support=12 orbits=8640 residuals=453
[679/1124] K8165 support=10 orbits=7776 residuals=461
[680/1124] K8166 support=10 orbits=3996 residuals=245
[681/1124] K8167 support=12 orbits=4104 residuals=150
[682/1124] K8168 support=11 orbits=5616 residuals=377
[683/1124] K8169 support=12 orbits=7200 residuals=304
[684/1124] K8170 support=13 orbits=18432 residuals=538
[685/1124] K8171 support=11 orbits=10368 residuals=497
[686/1124] K8172 support=13 orbits=9792 residuals=353
[687/1124] K8173 support=13 orbits=18432 residuals=519
[688/1124] K8174 support=11 orbits=10368 residuals=750
[689/1124] K8175 support=13 orbits=18432 residuals=508
[690/1124] K8176 support=13 orbits=11520 residuals=703
[691/1124] K8177 support=11 orbits=10368 residuals=469
[692/1124] K8178 support=12 orbits=13824 residuals=606
[693/1124] K8179 support=12 orbits=7776 residuals=285
[694/1124] K8180 support=12 orbits=13824 residuals=577
[695/1124] K8181 support=13 orbits=9792 residuals=353
[696/1124] K8182 support=12 orbits=13824 residuals=448
[697/1124] K8183 support=13 orbits=18432 residuals=508
[698/1124] K8184 support=13 orbits=18432 residuals=708
[699/1124] K8185 support=12 orbits=13824 residuals=409
[700/1124] K8186 support=12 orbits=13824 residuals=682
[701/1124] K8187 support=12 orbits=13824 residuals=410
[702/1124] K8188 support=12 orbits=13824 residuals=538
[703/1124] K8189 support=12 orbits=13824 residuals=384
[704/1124] K8190 support=12 orbits=13824 residuals=511
[705/1124] K8191 support=11 orbits=10368 residuals=565
[706/1124] K8192 support=11 orbits=10368 residuals=560
[707/1124] K8193 support=11 orbits=10368 residuals=565
[708/1124] K8194 support=11 orbits=10368 residuals=588
[709/1124] K8195 support=12 orbits=13824 residuals=551
[710/1124] K8196 support=11 orbits=10368 residuals=436
[711/1124] K8197 support=11 orbits=10368 residuals=665
[712/1124] K8198 support=13 orbits=18432 residuals=782
[713/1124] K8199 support=12 orbits=13824 residuals=523
[714/1124] K8200 support=12 orbits=13824 residuals=535
[715/1124] K8201 support=12 orbits=13824 residuals=577
[716/1124] K8202 support=12 orbits=13824 residuals=577
[717/1124] K8203 support=11 orbits=10368 residuals=469
[718/1124] K8204 support=11 orbits=10368 residuals=665
[719/1124] K8205 support=13 orbits=18432 residuals=693
[720/1124] K8206 support=13 orbits=10368 residuals=362
[721/1124] K8207 support=13 orbits=11520 residuals=569
[722/1124] K8208 support=12 orbits=13824 residuals=666
[723/1124] K8209 support=12 orbits=13824 residuals=682
[724/1124] K8210 support=13 orbits=18432 residuals=769
[725/1124] K8211 support=12 orbits=13824 residuals=577
[726/1124] K8212 support=13 orbits=18432 residuals=769
[727/1124] K8213 support=12 orbits=13824 residuals=483
[728/1124] K8214 support=11 orbits=10368 residuals=464
[729/1124] K8215 support=11 orbits=10368 residuals=560
[730/1124] K8216 support=12 orbits=13824 residuals=466
[731/1124] K8217 support=13 orbits=9792 residuals=340
[732/1124] K8218 support=13 orbits=18432 residuals=732
[733/1124] K8219 support=12 orbits=13824 residuals=515
[734/1124] K8220 support=12 orbits=13824 residuals=523
[735/1124] K8221 support=12 orbits=7776 residuals=285
[736/1124] K8222 support=13 orbits=10368 residuals=358
[737/1124] K8223 support=14 orbits=8640 residuals=420
[738/1124] K8224 support=13 orbits=11520 residuals=492
[739/1124] K8225 support=11 orbits=10368 residuals=688
[740/1124] K8226 support=12 orbits=7056 residuals=228
[741/1124] K8227 support=14 orbits=7200 residuals=254
[742/1124] K8228 support=14 orbits=12672 residuals=460
[743/1124] K8229 support=14 orbits=24576 residuals=832
[744/1124] K8230 support=13 orbits=10368 residuals=435
[745/1124] K8231 support=14 orbits=24576 residuals=1136
[746/1124] K8232 support=13 orbits=18432 residuals=547
[747/1124] K8233 support=13 orbits=18432 residuals=716
[748/1124] K8234 support=13 orbits=18432 residuals=527
[749/1124] K8235 support=13 orbits=18432 residuals=600
[750/1124] K8236 support=13 orbits=18432 residuals=509
[751/1124] K8237 support=13 orbits=18432 residuals=622
[752/1124] K8238 support=13 orbits=11520 residuals=643
[753/1124] K8239 support=12 orbits=13824 residuals=606
[754/1124] K8240 support=12 orbits=7488 residuals=344
[755/1124] K8241 support=12 orbits=13824 residuals=728
[756/1124] K8242 support=14 orbits=24576 residuals=1039
[757/1124] K8243 support=13 orbits=18432 residuals=646
[758/1124] K8244 support=13 orbits=18432 residuals=735
[759/1124] K8245 support=14 orbits=24576 residuals=939
[760/1124] K8246 support=12 orbits=13824 residuals=550
[761/1124] K8247 support=14 orbits=8064 residuals=370
[762/1124] K8248 support=14 orbits=15360 residuals=947
[763/1124] K8249 support=13 orbits=18432 residuals=862
[764/1124] K8250 support=13 orbits=18432 residuals=862
[765/1124] K8251 support=12 orbits=13824 residuals=408
[766/1124] K8252 support=12 orbits=13824 residuals=483
[767/1124] K8253 support=14 orbits=13824 residuals=832
[768/1124] K8254 support=13 orbits=18432 residuals=764
[769/1124] K8255 support=13 orbits=11520 residuals=520
[770/1124] K8256 support=13 orbits=9792 residuals=492
[771/1124] K8257 support=12 orbits=8640 residuals=453
[772/1124] K8258 support=11 orbits=10368 residuals=497
[773/1124] K8259 support=12 orbits=13824 residuals=420
[774/1124] K8260 support=12 orbits=7200 residuals=224
[775/1124] K8261 support=13 orbits=9408 residuals=314
[776/1124] K8262 support=11 orbits=10368 residuals=497
[777/1124] K8263 support=12 orbits=8640 residuals=453
[778/1124] K8264 support=10 orbits=3996 residuals=245
[779/1124] K8265 support=12 orbits=4104 residuals=150
[780/1124] K8266 support=12 orbits=13824 residuals=551
[781/1124] K8267 support=11 orbits=5616 residuals=377
[782/1124] K8268 support=11 orbits=10368 residuals=665
[783/1124] K8269 support=12 orbits=7200 residuals=304
[784/1124] K8270 support=13 orbits=9312 residuals=276
[785/1124] K8271 support=13 orbits=9792 residuals=353
[786/1124] K8272 support=13 orbits=9312 residuals=451
[787/1124] K8273 support=13 orbits=9312 residuals=267
[788/1124] K8274 support=12 orbits=7056 residuals=198
[789/1124] K8275 support=13 orbits=18432 residuals=508
[790/1124] K8276 support=13 orbits=18432 residuals=599
[791/1124] K8277 support=11 orbits=10368 residuals=750
[792/1124] K8278 support=11 orbits=5256 residuals=343
[793/1124] K8279 support=12 orbits=13824 residuals=704
[794/1124] K8280 support=13 orbits=5136 residuals=191
[795/1124] K8281 support=13 orbits=6240 residuals=369
[796/1124] K8282 support=12 orbits=7776 residuals=285
[797/1124] K8283 support=12 orbits=13824 residuals=577
[798/1124] K8284 support=12 orbits=13824 residuals=577
[799/1124] K8285 support=12 orbits=13824 residuals=484
[800/1124] K8286 support=11 orbits=5256 residuals=225
[801/1124] K8287 support=11 orbits=10368 residuals=588
[802/1124] K8288 support=12 orbits=13824 residuals=683
[803/1124] K8289 support=11 orbits=10368 residuals=436
[804/1124] K8290 support=13 orbits=9312 residuals=403
[805/1124] K8291 support=13 orbits=18432 residuals=769
[806/1124] K8292 support=12 orbits=13824 residuals=397
[807/1124] K8293 support=12 orbits=13824 residuals=523
[808/1124] K8294 support=11 orbits=10368 residuals=565
[809/1124] K8295 support=11 orbits=10368 residuals=565
[810/1124] K8296 support=12 orbits=7488 residuals=317
[811/1124] K8297 support=13 orbits=5328 residuals=166
[812/1124] K8298 support=13 orbits=11520 residuals=559
[813/1124] K8299 support=11 orbits=5400 residuals=239
[814/1124] K8300 support=12 orbits=7056 residuals=281
[815/1124] K8301 support=12 orbits=13824 residuals=523
[816/1124] K8302 support=11 orbits=10368 residuals=469
[817/1124] K8303 support=13 orbits=9408 residuals=333
[818/1124] K8304 support=12 orbits=13824 residuals=461
[819/1124] K8305 support=12 orbits=13824 residuals=424
[820/1124] K8306 support=13 orbits=11520 residuals=490
[821/1124] K8307 support=11 orbits=10368 residuals=565
[822/1124] K8308 support=12 orbits=13824 residuals=682
[823/1124] K8309 support=13 orbits=10368 residuals=346
[824/1124] K8310 support=13 orbits=18432 residuals=638
[825/1124] K8311 support=13 orbits=18432 residuals=789
[826/1124] K8312 support=13 orbits=18432 residuals=624
[827/1124] K8313 support=13 orbits=18432 residuals=700
[828/1124] K8314 support=13 orbits=11520 residuals=616
[829/1124] K8315 support=12 orbits=13824 residuals=689
[830/1124] K8316 support=11 orbits=10368 residuals=560
[831/1124] K8317 support=11 orbits=10368 residuals=724
[832/1124] K8318 support=12 orbits=13824 residuals=683
[833/1124] K8319 support=13 orbits=10368 residuals=533
[834/1124] K8320 support=12 orbits=13824 residuals=524
[835/1124] K8321 support=12 orbits=8640 residuals=448
[836/1124] K8322 support=12 orbits=7776 residuals=285
[837/1124] K8323 support=12 orbits=13824 residuals=538
[838/1124] K8324 support=12 orbits=13824 residuals=397
[839/1124] K8325 support=11 orbits=10368 residuals=431
[840/1124] K8326 support=12 orbits=13824 residuals=523
[841/1124] K8327 support=13 orbits=18432 residuals=599
[842/1124] K8328 support=12 orbits=13824 residuals=410
[843/1124] K8329 support=10 orbits=7776 residuals=590
[844/1124] K8330 support=12 orbits=13824 residuals=384
[845/1124] K8331 support=12 orbits=13824 residuals=538
[846/1124] K8332 support=11 orbits=10368 residuals=560
[847/1124] K8333 support=11 orbits=10368 residuals=464
[848/1124] K8334 support=10 orbits=7776 residuals=461
[849/1124] K8335 support=11 orbits=10368 residuals=600
[850/1124] K8336 support=13 orbits=10368 residuals=308
[851/1124] K8337 support=12 orbits=13824 residuals=465
[852/1124] K8338 support=12 orbits=13824 residuals=372
[853/1124] K8339 support=12 orbits=13824 residuals=537
[854/1124] K8340 support=12 orbits=13824 residuals=372
[855/1124] K8341 support=12 orbits=13824 residuals=447
[856/1124] K8342 support=11 orbits=10368 residuals=688
[857/1124] K8343 support=12 orbits=13824 residuals=383
[858/1124] K8344 support=12 orbits=13824 residuals=395
[859/1124] K8345 support=11 orbits=10368 residuals=471
[860/1124] K8346 support=11 orbits=10368 residuals=560
[861/1124] K8347 support=10 orbits=7776 residuals=471
[862/1124] K8348 support=13 orbits=11520 residuals=630
[863/1124] K8349 support=12 orbits=13824 residuals=704
[864/1124] K8350 support=13 orbits=18432 residuals=626
[865/1124] K8351 support=11 orbits=10368 residuals=497
[866/1124] K8352 support=11 orbits=10368 residuals=565
[867/1124] K8353 support=10 orbits=7776 residuals=461
[868/1124] K8354 support=12 orbits=8640 residuals=450
[869/1124] K8355 support=13 orbits=18432 residuals=807
[870/1124] K8356 support=12 orbits=13824 residuals=536
[871/1124] K8357 support=13 orbits=18432 residuals=859
[872/1124] K8358 support=14 orbits=15360 residuals=869
[873/1124] K8359 support=13 orbits=18432 residuals=645
[874/1124] K8360 support=12 orbits=13824 residuals=422
[875/1124] K8361 support=14 orbits=13824 residuals=718
[876/1124] K8362 support=14 orbits=24576 residuals=993
[877/1124] K8363 support=14 orbits=24576 residuals=867
[878/1124] K8364 support=14 orbits=13824 residuals=450
[879/1124] K8365 support=13 orbits=11520 residuals=703
[880/1124] K8366 support=13 orbits=18432 residuals=734
[881/1124] K8367 support=12 orbits=13824 residuals=689
[882/1124] K8368 support=13 orbits=11520 residuals=676
[883/1124] K8369 support=10 orbits=7776 residuals=461
[884/1124] K8370 support=12 orbits=13824 residuals=674
[885/1124] K8371 support=11 orbits=10368 residuals=497
[886/1124] K8372 support=13 orbits=10368 residuals=478
[887/1124] K8373 support=12 orbits=13824 residuals=577
[888/1124] K8374 support=12 orbits=13824 residuals=577
[889/1124] K8375 support=12 orbits=13824 residuals=489
[890/1124] K8376 support=14 orbits=13824 residuals=499
[891/1124] K8377 support=13 orbits=10368 residuals=447
[892/1124] K8378 support=13 orbits=18432 residuals=785
[893/1124] K8379 support=12 orbits=13824 residuals=562
[894/1124] K8380 support=12 orbits=13824 residuals=536
[895/1124] K8381 support=12 orbits=13824 residuals=536
[896/1124] K8382 support=14 orbits=12672 residuals=496
[897/1124] K8383 support=14 orbits=13056 residuals=556
[898/1124] K8384 support=14 orbits=13056 residuals=611
[899/1124] K8385 support=14 orbits=24576 residuals=1256
[900/1124] K8386 support=14 orbits=24576 residuals=850
[901/1124] K8387 support=14 orbits=24576 residuals=850
[902/1124] K8388 support=12 orbits=13824 residuals=580
[903/1124] K8389 support=14 orbits=24576 residuals=814
[904/1124] K8390 support=11 orbits=10368 residuals=667
[905/1124] K8391 support=13 orbits=18432 residuals=669
[906/1124] K8392 support=14 orbits=13056 residuals=522
[907/1124] K8393 support=14 orbits=24576 residuals=1122
[908/1124] K8394 support=13 orbits=18432 residuals=718
[909/1124] K8395 support=13 orbits=18432 residuals=789
[910/1124] K8396 support=13 orbits=11520 residuals=642
[911/1124] K8397 support=12 orbits=13824 residuals=550
[912/1124] K8398 support=14 orbits=13824 residuals=543
[913/1124] K8399 support=14 orbits=24576 residuals=1045
[914/1124] K8400 support=13 orbits=18432 residuals=938
[915/1124] K8401 support=13 orbits=18432 residuals=716
[916/1124] K8402 support=13 orbits=11520 residuals=643
[917/1124] K8403 support=13 orbits=18432 residuals=770
[918/1124] K8404 support=13 orbits=18432 residuals=600
[919/1124] K8405 support=12 orbits=13824 residuals=523
[920/1124] K8406 support=12 orbits=13824 residuals=408
[921/1124] K8407 support=13 orbits=18432 residuals=609
[922/1124] K8408 support=13 orbits=18432 residuals=782
[923/1124] K8409 support=13 orbits=18432 residuals=609
[924/1124] K8410 support=12 orbits=13824 residuals=523
[925/1124] K8411 support=13 orbits=18432 residuals=589
[926/1124] K8412 support=11 orbits=10368 residuals=469
[927/1124] K8413 support=12 orbits=13824 residuals=372
[928/1124] K8414 support=12 orbits=13824 residuals=358
[929/1124] K8415 support=12 orbits=13824 residuals=682
[930/1124] K8416 support=13 orbits=18432 residuals=812
[931/1124] K8417 support=13 orbits=18432 residuals=641
[932/1124] K8418 support=13 orbits=18432 residuals=653
[933/1124] K8419 support=13 orbits=18432 residuals=608
[934/1124] K8420 support=12 orbits=13824 residuals=577
[935/1124] K8421 support=13 orbits=18432 residuals=683
[936/1124] K8422 support=13 orbits=18432 residuals=628
[937/1124] K8423 support=13 orbits=18432 residuals=586
[938/1124] K8424 support=13 orbits=18432 residuals=927
[939/1124] K8425 support=12 orbits=13824 residuals=587
[940/1124] K8426 support=12 orbits=7776 residuals=467
[941/1124] K8427 support=13 orbits=10368 residuals=318
[942/1124] K8428 support=13 orbits=18432 residuals=600
[943/1124] K8429 support=12 orbits=13824 residuals=606
[944/1124] K8430 support=11 orbits=10368 residuals=750
[945/1124] K8431 support=11 orbits=10368 residuals=565
[946/1124] K8432 support=11 orbits=10368 residuals=665
[947/1124] K8433 support=10 orbits=7776 residuals=590
[948/1124] K8434 support=12 orbits=13824 residuals=577
[949/1124] K8435 support=12 orbits=13824 residuals=587
[950/1124] K8436 support=11 orbits=10368 residuals=665
[951/1124] K8437 support=13 orbits=11520 residuals=703
[952/1124] K8438 support=13 orbits=18432 residuals=745
[953/1124] K8439 support=13 orbits=10368 residuals=389
[954/1124] K8440 support=11 orbits=5616 residuals=258
[955/1124] K8441 support=11 orbits=10368 residuals=471
[956/1124] K8442 support=13 orbits=11520 residuals=556
[957/1124] K8443 support=13 orbits=18432 residuals=729
[958/1124] K8444 support=13 orbits=11520 residuals=616
[959/1124] K8445 support=13 orbits=10368 residuals=533
[960/1124] K8446 support=13 orbits=18432 residuals=599
[961/1124] K8447 support=12 orbits=13824 residuals=397
[962/1124] K8448 support=12 orbits=13824 residuals=483
[963/1124] K8449 support=12 orbits=13824 residuals=373
[964/1124] K8450 support=12 orbits=13824 residuals=704
[965/1124] K8451 support=11 orbits=10368 residuals=565
[966/1124] K8452 support=11 orbits=10368 residuals=750
[967/1124] K8453 support=12 orbits=13824 residuals=466
[968/1124] K8454 support=12 orbits=13824 residuals=606
[969/1124] K8455 support=12 orbits=13824 residuals=596
[970/1124] K8456 support=12 orbits=13824 residuals=516
[971/1124] K8457 support=11 orbits=5400 residuals=239
[972/1124] K8458 support=12 orbits=13824 residuals=523
[973/1124] K8459 support=11 orbits=10368 residuals=565
[974/1124] K8460 support=13 orbits=18432 residuals=653
[975/1124] K8461 support=13 orbits=18432 residuals=696
[976/1124] K8462 support=14 orbits=13824 residuals=522
[977/1124] K8463 support=14 orbits=24576 residuals=1130
[978/1124] K8464 support=13 orbits=18432 residuals=674
[979/1124] K8465 support=13 orbits=18432 residuals=594
[980/1124] K8466 support=13 orbits=18432 residuals=660
[981/1124] K8467 support=13 orbits=9504 residuals=425
[982/1124] K8468 support=14 orbits=15360 residuals=797
[983/1124] K8469 support=14 orbits=24576 residuals=987
[984/1124] K8470 support=14 orbits=24576 residuals=904
[985/1124] K8471 support=14 orbits=15360 residuals=808
[986/1124] K8472 support=12 orbits=13824 residuals=704
[987/1124] K8473 support=13 orbits=18432 residuals=719
[988/1124] K8474 support=13 orbits=18432 residuals=659
[989/1124] K8475 support=13 orbits=18432 residuals=770
[990/1124] K8476 support=13 orbits=18432 residuals=771
[991/1124] K8477 support=13 orbits=18432 residuals=638
[992/1124] K8478 support=13 orbits=18432 residuals=696
[993/1124] K8479 support=14 orbits=6624 residuals=273
[994/1124] K8480 support=14 orbits=24576 residuals=966
[995/1124] K8481 support=14 orbits=4920 residuals=316
[996/1124] K8482 support=14 orbits=24576 residuals=1111
[997/1124] K8483 support=14 orbits=24576 residuals=981
[998/1124] K8484 support=14 orbits=12672 residuals=715
[999/1124] K8485 support=13 orbits=18432 residuals=748
[1000/1124] K8486 support=14 orbits=24576 residuals=1159
[1001/1124] K8487 support=13 orbits=18432 residuals=738
[1002/1124] K8488 support=13 orbits=18432 residuals=660
[1003/1124] K8489 support=13 orbits=18432 residuals=794
[1004/1124] K8490 support=14 orbits=15360 residuals=914
[1005/1124] K8491 support=14 orbits=24576 residuals=1049
[1006/1124] K8492 support=13 orbits=10368 residuals=374
[1007/1124] K8493 support=13 orbits=18432 residuals=653
[1008/1124] K8494 support=13 orbits=18432 residuals=747
[1009/1124] K8495 support=13 orbits=18432 residuals=812
[1010/1124] K8496 support=13 orbits=18432 residuals=526
[1011/1124] K8497 support=13 orbits=18432 residuals=707
[1012/1124] K8498 support=13 orbits=10368 residuals=318
[1013/1124] K8499 support=13 orbits=18432 residuals=600
[1014/1124] K8500 support=11 orbits=10368 residuals=688
[1015/1124] K8501 support=12 orbits=13824 residuals=387
[1016/1124] K8502 support=12 orbits=13824 residuals=373
[1017/1124] K8503 support=12 orbits=13824 residuals=549
[1018/1124] K8504 support=12 orbits=8640 residuals=541
[1019/1124] K8505 support=13 orbits=11520 residuals=480
[1020/1124] K8506 support=13 orbits=18432 residuals=614
[1021/1124] K8507 support=13 orbits=6048 residuals=217
[1022/1124] K8508 support=14 orbits=15360 residuals=917
[1023/1124] K8509 support=14 orbits=24576 residuals=741
[1024/1124] K8510 support=13 orbits=18432 residuals=676
[1025/1124] K8511 support=13 orbits=10368 residuals=473
[1026/1124] K8512 support=12 orbits=13824 residuals=554
[1027/1124] K8513 support=12 orbits=8640 residuals=450
[1028/1124] K8514 support=13 orbits=18432 residuals=708
[1029/1124] K8515 support=12 orbits=13824 residuals=448
[1030/1124] K8516 support=12 orbits=13824 residuals=666
[1031/1124] K8517 support=11 orbits=10368 residuals=588
[1032/1124] K8518 support=11 orbits=10368 residuals=724
[1033/1124] K8519 support=13 orbits=18432 residuals=732
[1034/1124] K8520 support=12 orbits=13824 residuals=461
[1035/1124] K8521 support=13 orbits=18432 residuals=693
[1036/1124] K8522 support=13 orbits=11520 residuals=559
[1037/1124] K8523 support=12 orbits=13824 residuals=682
[1038/1124] K8524 support=13 orbits=10368 residuals=362
[1039/1124] K8525 support=13 orbits=11520 residuals=703
[1040/1124] K8526 support=12 orbits=13824 residuals=796
[1041/1124] K8527 support=13 orbits=18432 residuals=818
[1042/1124] K8528 support=14 orbits=15360 residuals=1015
[1043/1124] K8529 support=14 orbits=13056 residuals=710
[1044/1124] K8530 support=13 orbits=18432 residuals=837
[1045/1124] K8531 support=12 orbits=13824 residuals=466
[1046/1124] K8532 support=12 orbits=13824 residuals=421
[1047/1124] K8533 support=12 orbits=13824 residuals=387
[1048/1124] K8534 support=14 orbits=13056 residuals=459
[1049/1124] K8535 support=12 orbits=7776 residuals=273
[1050/1124] K8536 support=12 orbits=13824 residuals=554
[1051/1124] K8537 support=11 orbits=10368 residuals=588
[1052/1124] K8538 support=13 orbits=11520 residuals=559
[1053/1124] K8539 support=12 orbits=13824 residuals=461
[1054/1124] K8540 support=12 orbits=13824 residuals=567
[1055/1124] K8541 support=13 orbits=11520 residuals=664
[1056/1124] K8542 support=11 orbits=10368 residuals=469
[1057/1124] K8543 support=11 orbits=10368 residuals=441
[1058/1124] K8544 support=11 orbits=10368 residuals=665
[1059/1124] K8545 support=12 orbits=13824 residuals=552
[1060/1124] K8546 support=11 orbits=10368 residuals=688
[1061/1124] K8547 support=12 orbits=8640 residuals=541
[1062/1124] K8548 support=13 orbits=11520 residuals=480
[1063/1124] K8549 support=13 orbits=11520 residuals=548
[1064/1124] K8550 support=14 orbits=13056 residuals=495
[1065/1124] K8551 support=14 orbits=24576 residuals=983
[1066/1124] K8552 support=13 orbits=10368 residuals=440
[1067/1124] K8553 support=13 orbits=11520 residuals=520
[1068/1124] K8554 support=13 orbits=18432 residuals=654
[1069/1124] K8555 support=13 orbits=11520 residuals=534
[1070/1124] K8556 support=11 orbits=10368 residuals=469
[1071/1124] K8557 support=12 orbits=13824 residuals=511
[1072/1124] K8558 support=11 orbits=10368 residuals=464
[1073/1124] K8559 support=11 orbits=10368 residuals=431
[1074/1124] K8560 support=10 orbits=4536 residuals=297
[1075/1124] K8561 support=12 orbits=5040 residuals=295
[1076/1124] K8562 support=11 orbits=6048 residuals=303
[1077/1124] K8563 support=12 orbits=8064 residuals=280
[1078/1124] K8564 support=12 orbits=8064 residuals=318
[1079/1124] K8565 support=13 orbits=10752 residuals=575
[1080/1124] K8566 support=11 orbits=6048 residuals=285
[1081/1124] K8567 support=11 orbits=6048 residuals=285
[1082/1124] K8568 support=12 orbits=8064 residuals=318
[1083/1124] K8569 support=12 orbits=8064 residuals=352
[1084/1124] K8570 support=11 orbits=6048 residuals=363
[1085/1124] K8571 support=11 orbits=6048 residuals=280
[1086/1124] K8572 support=13 orbits=6720 residuals=343
[1087/1124] K8573 support=12 orbits=8064 residuals=353
[1088/1124] K8574 support=12 orbits=8064 residuals=352
[1089/1124] K8575 support=13 orbits=6048 residuals=299
[1090/1124] K8576 support=13 orbits=6048 residuals=299
[1091/1124] K8577 support=11 orbits=6048 residuals=363
[1092/1124] K8578 support=12 orbits=8064 residuals=352
[1093/1124] K8579 support=11 orbits=6048 residuals=363
[1094/1124] K8580 support=13 orbits=10368 residuals=358
[1095/1124] K8581 support=12 orbits=7776 residuals=285
[1096/1124] K8582 support=14 orbits=8640 residuals=420
[1097/1124] K8583 support=13 orbits=11520 residuals=490
[1098/1124] K8584 support=12 orbits=13824 residuals=424
[1099/1124] K8585 support=14 orbits=13824 residuals=467
[1100/1124] K8586 support=13 orbits=18432 residuals=547
[1101/1124] K8587 support=14 orbits=24576 residuals=831
[1102/1124] K8588 support=13 orbits=18432 residuals=509
[1103/1124] K8589 support=14 orbits=24576 residuals=954
[1104/1124] K8590 support=13 orbits=18432 residuals=724
[1105/1124] K8591 support=14 orbits=24576 residuals=852
[1106/1124] K8592 support=14 orbits=24576 residuals=1129
[1107/1124] K8593 support=13 orbits=18432 residuals=640
[1108/1124] K8594 support=13 orbits=18432 residuals=696
[1109/1124] K8595 support=13 orbits=18432 residuals=716
[1110/1124] K8596 support=12 orbits=13824 residuals=587
[1111/1124] K8597 support=13 orbits=18432 residuals=770
[1112/1124] K8598 support=12 orbits=13824 residuals=408
[1113/1124] K8599 support=12 orbits=13824 residuals=523
[1114/1124] K8600 support=14 orbits=15360 residuals=808
[1115/1124] K8601 support=13 orbits=18432 residuals=794
[1116/1124] K8602 support=12 orbits=7488 residuals=314
[1117/1124] K8603 support=13 orbits=18432 residuals=660
[1118/1124] K8604 support=13 orbits=18432 residuals=639
[1119/1124] K8605 support=11 orbits=10368 residuals=588
[1120/1124] K8606 support=13 orbits=18432 residuals=600
[1121/1124] K8607 support=13 orbits=18432 residuals=527
[1122/1124] K8608 support=13 orbits=18432 residuals=622
[1123/1124] K8609 support=14 orbits=24576 residuals=1027
[1124/1124] K8610 support=14 orbits=8064 residuals=340
order=9 kernels=562 physical=9088128 orbits=7535184
residuals=320140 targets=5122240
full_theorem=false
raw_bytes=29103763 compressed_bytes=361088 raw_sha256=6e4f63314b9f0dfb04fd9ecfd4b4c658fe306e31db6aaaa64b63e883afc099f0 artifact_sha256=b49b1973f2d946e6c4b8a6ff295d0ce19c4d3c67cccb58014588a9edf12b7d7e
