[1687/2248] K9173 support=14 orbits=24576 residuals=906
[1688/2248] K9174 support=15 orbits=32768 residuals=932
[1689/2248] K9175 support=13 orbits=18432 residuals=742
[1690/2248] K9176 support=14 orbits=13824 residuals=830
[1691/2248] K9177 support=12 orbits=13824 residuals=563
[1692/2248] K9178 support=12 orbits=13824 residuals=687
[1693/2248] K9179 support=13 orbits=10368 residuals=706
[1694/2248] K9180 support=15 orbits=10880 residuals=542
[1695/2248] K9181 support=14 orbits=24576 residuals=1236
[1696/2248] K9182 support=14 orbits=24576 residuals=1085
[1697/2248] K9183 support=15 orbits=17408 residuals=910
[1698/2248] K9184 support=14 orbits=13056 residuals=594
[1699/2248] K9185 support=14 orbits=24576 residuals=1147
[1700/2248] K9186 support=15 orbits=16640 residuals=612
[1701/2248] K9187 support=15 orbits=32768 residuals=1123
[1702/2248] K9188 support=13 orbits=18432 residuals=731
[1703/2248] K9189 support=14 orbits=24576 residuals=1158
[1704/2248] K9190 support=12 orbits=7056 residuals=298
[1705/2248] K9191 support=14 orbits=7200 residuals=281
[1706/2248] K9192 support=14 orbits=8640 residuals=549
[1707/2248] K9193 support=14 orbits=12672 residuals=536
[1708/2248] K9194 support=14 orbits=15360 residuals=908
[1709/2248] K9195 support=15 orbits=11520 residuals=1012
[1710/2248] K9196 support=14 orbits=24576 residuals=1180
[1711/2248] K9197 support=14 orbits=13056 residuals=655
[1712/2248] K9198 support=13 orbits=9792 residuals=461
[1713/2248] K9199 support=14 orbits=24576 residuals=1045
[1714/2248] K9200 support=13 orbits=18432 residuals=844
[1715/2248] K9201 support=12 orbits=7488 residuals=389
[1716/2248] K9202 support=13 orbits=9408 residuals=331
[1717/2248] K9203 support=13 orbits=11520 residuals=676
[1718/2248] K9204 support=12 orbits=13824 residuals=689
[1719/2248] K9205 support=14 orbits=24576 residuals=1403
[1720/2248] K9206 support=14 orbits=24576 residuals=1131
[1721/2248] K9207 support=14 orbits=24576 residuals=1402
[1722/2248] K9208 support=13 orbits=18432 residuals=747
[1723/2248] K9209 support=13 orbits=18432 residuals=629
[1724/2248] K9210 support=13 orbits=9408 residuals=486
[1725/2248] K9211 support=14 orbits=13824 residuals=623
[1726/2248] K9212 support=14 orbits=24576 residuals=1180
[1727/2248] K9213 support=11 orbits=10368 residuals=665
[1728/2248] K9214 support=13 orbits=18432 residuals=1079
[1729/2248] K9215 support=13 orbits=18432 residuals=844
[1730/2248] K9216 support=15 orbits=10496 residuals=565
[1731/2248] K9217 support=13 orbits=18432 residuals=847
[1732/2248] K9218 support=15 orbits=32768 residuals=1316
[1733/2248] K9219 support=15 orbits=16896 residuals=452
[1734/2248] K9220 support=14 orbits=13056 residuals=513
[1735/2248] K9221 support=14 orbits=24576 residuals=908
[1736/2248] K9222 support=15 orbits=32768 residuals=1465
[1737/2248] K9223 support=14 orbits=24576 residuals=715
[1738/2248] K9224 support=15 orbits=18432 residuals=685
[1739/2248] K9225 support=11 orbits=9216 residuals=592
[1740/2248] K9226 support=14 orbits=15360 residuals=864
[1741/2248] K9227 support=14 orbits=24576 residuals=1438
[1742/2248] K9228 support=15 orbits=32768 residuals=1352
[1743/2248] K9229 support=13 orbits=18432 residuals=602
[1744/2248] K9230 support=15 orbits=32768 residuals=1015
[1745/2248] K9231 support=14 orbits=24576 residuals=756
[1746/2248] K9232 support=13 orbits=18432 residuals=586
[1747/2248] K9233 support=14 orbits=24576 residuals=729
[1748/2248] K9234 support=13 orbits=10240 residuals=558
[1749/2248] K9235 support=12 orbits=12288 residuals=496
[1750/2248] K9236 support=15 orbits=9600 residuals=522
[1751/2248] K9237 support=14 orbits=8640 residuals=537
[1752/2248] K9238 support=14 orbits=13056 residuals=664
[1753/2248] K9239 support=14 orbits=8448 residuals=459
[1754/2248] K9240 support=14 orbits=24576 residuals=1044
[1755/2248] K9241 support=14 orbits=24576 residuals=1044
[1756/2248] K9242 support=13 orbits=18432 residuals=779
[1757/2248] K9243 support=14 orbits=15360 residuals=674
[1758/2248] K9244 support=13 orbits=18432 residuals=629
[1759/2248] K9245 support=14 orbits=24576 residuals=1147
[1760/2248] K9246 support=14 orbits=24576 residuals=1290
[1761/2248] K9247 support=14 orbits=24576 residuals=1029
[1762/2248] K9248 support=12 orbits=13824 residuals=704
[1763/2248] K9249 support=12 orbits=7488 residuals=290
[1764/2248] K9250 support=13 orbits=11520 residuals=676
[1765/2248] K9251 support=10 orbits=6912 residuals=543
[1766/2248] K9252 support=12 orbits=13824 residuals=464
[1767/2248] K9253 support=12 orbits=7488 residuals=343
[1768/2248] K9254 support=12 orbits=13824 residuals=483
[1769/2248] K9255 support=12 orbits=13824 residuals=465
[1770/2248] K9256 support=12 orbits=13824 residuals=605
[1771/2248] K9257 support=13 orbits=9408 residuals=501
[1772/2248] K9258 support=12 orbits=13824 residuals=467
[1773/2248] K9259 support=12 orbits=13824 residuals=449
[1774/2248] K9260 support=11 orbits=10368 residuals=570
[1775/2248] K9261 support=12 orbits=13824 residuals=666
[1776/2248] K9262 support=14 orbits=24576 residuals=936
[1777/2248] K9263 support=14 orbits=8064 residuals=464
[1778/2248] K9264 support=13 orbits=18432 residuals=927
[1779/2248] K9265 support=12 orbits=13824 residuals=448
[1780/2248] K9266 support=12 orbits=13824 residuals=447
[1781/2248] K9267 support=12 orbits=13824 residuals=543
[1782/2248] K9268 support=13 orbits=18432 residuals=659
[1783/2248] K9269 support=13 orbits=10368 residuals=498
[1784/2248] K9270 support=13 orbits=18432 residuals=863
[1785/2248] K9271 support=13 orbits=18432 residuals=863
[1786/2248] K9272 support=15 orbits=18432 residuals=741
[1787/2248] K9273 support=15 orbits=32768 residuals=1230
[1788/2248] K9274 support=15 orbits=32768 residuals=1609
[1789/2248] K9275 support=13 orbits=18432 residuals=847
[1790/2248] K9276 support=15 orbits=32768 residuals=1760
[1791/2248] K9277 support=13 orbits=18432 residuals=876
[1792/2248] K9278 support=14 orbits=24576 residuals=1147
[1793/2248] K9279 support=14 orbits=24576 residuals=1165
[1794/2248] K9280 support=13 orbits=18432 residuals=600
[1795/2248] K9281 support=14 orbits=24576 residuals=1072
[1796/2248] K9282 support=13 orbits=18432 residuals=686
[1797/2248] K9283 support=14 orbits=24576 residuals=1209
[1798/2248] K9284 support=14 orbits=24576 residuals=1145
[1799/2248] K9285 support=14 orbits=24576 residuals=1287
[1800/2248] K9286 support=13 orbits=18432 residuals=837
[1801/2248] K9287 support=14 orbits=24576 residuals=1258
[1802/2248] K9288 support=15 orbits=18432 residuals=791
[1803/2248] K9289 support=14 orbits=15360 residuals=876
[1804/2248] K9290 support=15 orbits=32768 residuals=1036
[1805/2248] K9291 support=15 orbits=32768 residuals=1335
[1806/2248] K9292 support=15 orbits=32768 residuals=1462
[1807/2248] K9293 support=15 orbits=20480 residuals=1160
[1808/2248] K9294 support=15 orbits=20480 residuals=1244
[1809/2248] K9295 support=14 orbits=15360 residuals=722
[1810/2248] K9296 support=15 orbits=16896 residuals=658
[1811/2248] K9297 support=14 orbits=24576 residuals=1112
[1812/2248] K9298 support=15 orbits=32768 residuals=1640
[1813/2248] K9299 support=15 orbits=32768 residuals=1778
[1814/2248] K9300 support=14 orbits=24576 residuals=1439
[1815/2248] K9301 support=13 orbits=18432 residuals=855
[1816/2248] K9302 support=12 orbits=13824 residuals=562
[1817/2248] K9303 support=14 orbits=13824 residuals=567
[1818/2248] K9304 support=14 orbits=24576 residuals=1302
[1819/2248] K9305 support=13 orbits=18432 residuals=674
[1820/2248] K9306 support=13 orbits=18432 residuals=786
[1821/2248] K9307 support=13 orbits=18432 residuals=738
[1822/2248] K9308 support=13 orbits=18432 residuals=712
[1823/2248] K9309 support=13 orbits=18432 residuals=931
[1824/2248] K9310 support=14 orbits=24576 residuals=1042
[1825/2248] K9311 support=14 orbits=15360 residuals=807
[1826/2248] K9312 support=14 orbits=15360 residuals=914
[1827/2248] K9313 support=14 orbits=24576 residuals=1183
[1828/2248] K9314 support=13 orbits=18432 residuals=939
[1829/2248] K9315 support=14 orbits=24576 residuals=1398
[1830/2248] K9316 support=14 orbits=24576 residuals=1125
[1831/2248] K9317 support=14 orbits=24576 residuals=1289
[1832/2248] K9318 support=15 orbits=20480 residuals=1224
[1833/2248] K9319 support=15 orbits=32768 residuals=1461
[1834/2248] K9320 support=14 orbits=24576 residuals=1100
[1835/2248] K9321 support=15 orbits=20480 residuals=1545
[1836/2248] K9322 support=13 orbits=11520 residuals=603
[1837/2248] K9323 support=14 orbits=9600 residuals=627
[1838/2248] K9324 support=14 orbits=7488 residuals=258
[1839/2248] K9325 support=14 orbits=13824 residuals=693
[1840/2248] K9326 support=14 orbits=13824 residuals=559
[1841/2248] K9327 support=14 orbits=24576 residuals=872
[1842/2248] K9328 support=11 orbits=4992 residuals=299
[1843/2248] K9329 support=14 orbits=13824 residuals=452
[1844/2248] K9330 support=14 orbits=8064 residuals=365
[1845/2248] K9331 support=15 orbits=3464 residuals=166
[1846/2248] K9332 support=13 orbits=5376 residuals=232
[1847/2248] K9333 support=15 orbits=12800 residuals=1035
[1848/2248] K9334 support=15 orbits=32768 residuals=1049
[1849/2248] K9335 support=14 orbits=24576 residuals=861
[1850/2248] K9336 support=14 orbits=24576 residuals=889
[1851/2248] K9337 support=14 orbits=12672 residuals=469
[1852/2248] K9338 support=15 orbits=17408 residuals=666
[1853/2248] K9339 support=14 orbits=24576 residuals=707
[1854/2248] K9340 support=14 orbits=24576 residuals=1090
[1855/2248] K9341 support=15 orbits=16640 residuals=458
[1856/2248] K9342 support=15 orbits=16640 residuals=802
[1857/2248] K9343 support=15 orbits=16896 residuals=925
[1858/2248] K9344 support=13 orbits=9216 residuals=530
[1859/2248] K9345 support=13 orbits=16384 residuals=700
[1860/2248] K9346 support=12 orbits=12288 residuals=609
[1861/2248] K9347 support=12 orbits=6912 residuals=275
[1862/2248] K9348 support=14 orbits=13824 residuals=827
[1863/2248] K9349 support=13 orbits=18432 residuals=594
[1864/2248] K9350 support=13 orbits=18432 residuals=685
[1865/2248] K9351 support=13 orbits=18432 residuals=702
[1866/2248] K9352 support=13 orbits=18432 residuals=586
[1867/2248] K9353 support=13 orbits=18432 residuals=587
[1868/2248] K9354 support=13 orbits=18432 residuals=680
[1869/2248] K9355 support=13 orbits=18432 residuals=842
[1870/2248] K9356 support=14 orbits=13056 residuals=866
[1871/2248] K9357 support=11 orbits=9216 residuals=549
[1872/2248] K9358 support=13 orbits=10368 residuals=388
[1873/2248] K9359 support=13 orbits=18432 residuals=728
[1874/2248] K9360 support=13 orbits=18432 residuals=728
[1875/2248] K9361 support=13 orbits=11520 residuals=556
[1876/2248] K9362 support=13 orbits=11520 residuals=703
[1877/2248] K9363 support=13 orbits=18432 residuals=711
[1878/2248] K9364 support=12 orbits=13824 residuals=464
[1879/2248] K9365 support=13 orbits=18432 residuals=852
[1880/2248] K9366 support=13 orbits=10368 residuals=481
[1881/2248] K9367 support=12 orbits=8640 residuals=532
[1882/2248] K9368 support=15 orbits=32768 residuals=1147
[1883/2248] K9369 support=15 orbits=32768 residuals=1531
[1884/2248] K9370 support=14 orbits=24576 residuals=1125
[1885/2248] K9371 support=14 orbits=24576 residuals=1164
[1886/2248] K9372 support=15 orbits=32768 residuals=1080
[1887/2248] K9373 support=15 orbits=32768 residuals=1419
[1888/2248] K9374 support=15 orbits=32768 residuals=1119
[1889/2248] K9375 support=14 orbits=24576 residuals=1179
[1890/2248] K9376 support=15 orbits=32768 residuals=1810
[1891/2248] K9377 support=14 orbits=24576 residuals=1281
[1892/2248] K9378 support=13 orbits=18432 residuals=847
[1893/2248] K9379 support=15 orbits=32768 residuals=1601
[1894/2248] K9380 support=13 orbits=18432 residuals=597
[1895/2248] K9381 support=13 orbits=18432 residuals=674
[1896/2248] K9382 support=15 orbits=16896 residuals=665
[1897/2248] K9383 support=14 orbits=12672 residuals=527
[1898/2248] K9384 support=14 orbits=13056 residuals=495
[1899/2248] K9385 support=13 orbits=10368 residuals=415
[1900/2248] K9386 support=13 orbits=18432 residuals=842
[1901/2248] K9387 support=14 orbits=12672 residuals=650
[1902/2248] K9388 support=12 orbits=12288 residuals=609
[1903/2248] K9389 support=14 orbits=15360 residuals=963
[1904/2248] K9390 support=14 orbits=13056 residuals=619
[1905/2248] K9391 support=12 orbits=13824 residuals=578
[1906/2248] K9392 support=13 orbits=11520 residuals=640
[1907/2248] K9393 support=13 orbits=11520 residuals=522
[1908/2248] K9394 support=15 orbits=11520 residuals=442
[1909/2248] K9395 support=14 orbits=15360 residuals=972
[1910/2248] K9396 support=13 orbits=11520 residuals=772
[1911/2248] K9397 support=15 orbits=20480 residuals=926
[1912/2248] K9398 support=15 orbits=12800 residuals=1125
[1913/2248] K9399 support=15 orbits=12800 residuals=969
[1914/2248] K9400 support=14 orbits=13824 residuals=693
[1915/2248] K9401 support=15 orbits=16896 residuals=700
[1916/2248] K9402 support=15 orbits=20480 residuals=1244
[1917/2248] K9403 support=12 orbits=13824 residuals=777
[1918/2248] K9404 support=14 orbits=15360 residuals=995
[1919/2248] K9405 support=13 orbits=18432 residuals=765
[1920/2248] K9406 support=13 orbits=9408 residuals=392
[1921/2248] K9407 support=13 orbits=18432 residuals=730
[1922/2248] K9408 support=14 orbits=24576 residuals=1084
[1923/2248] K9409 support=13 orbits=18432 residuals=697
[1924/2248] K9410 support=14 orbits=15360 residuals=807
[1925/2248] K9411 support=14 orbits=15360 residuals=907
[1926/2248] K9412 support=14 orbits=24576 residuals=909
[1927/2248] K9413 support=14 orbits=13056 residuals=479
[1928/2248] K9414 support=13 orbits=18432 residuals=722
[1929/2248] K9415 support=14 orbits=24576 residuals=1066
[1930/2248] K9416 support=14 orbits=13824 residuals=564
[1931/2248] K9417 support=12 orbits=13824 residuals=486
[1932/2248] K9418 support=14 orbits=24576 residuals=1089
[1933/2248] K9419 support=13 orbits=11520 residuals=556
[1934/2248] K9420 support=14 orbits=12672 residuals=628
[1935/2248] K9421 support=13 orbits=11520 residuals=559
[1936/2248] K9422 support=14 orbits=15360 residuals=940
[1937/2248] K9423 support=12 orbits=7680 residuals=534
[1938/2248] K9424 support=13 orbits=18432 residuals=725
[1939/2248] K9425 support=12 orbits=8640 residuals=593
[1940/2248] K9426 support=11 orbits=10368 residuals=600
[1941/2248] K9427 support=13 orbits=10368 residuals=478
[1942/2248] K9428 support=13 orbits=9312 residuals=435
[1943/2248] K9429 support=11 orbits=10368 residuals=565
[1944/2248] K9430 support=12 orbits=13824 residuals=682
[1945/2248] K9431 support=11 orbits=10368 residuals=724
[1946/2248] K9432 support=12 orbits=13824 residuals=516
[1947/2248] K9433 support=12 orbits=13824 residuals=682
[1948/2248] K9434 support=12 orbits=13824 residuals=596
[1949/2248] K9435 support=10 orbits=7776 residuals=590
[1950/2248] K9436 support=13 orbits=18432 residuals=730
[1951/2248] K9437 support=12 orbits=13824 residuals=501
[1952/2248] K9438 support=14 orbits=24576 residuals=1172
[1953/2248] K9439 support=14 orbits=13824 residuals=527
[1954/2248] K9440 support=14 orbits=24576 residuals=963
[1955/2248] K9441 support=13 orbits=18432 residuals=838
[1956/2248] K9442 support=13 orbits=9312 residuals=552
[1957/2248] K9443 support=12 orbits=13824 residuals=689
[1958/2248] K9444 support=12 orbits=13824 residuals=683
[1959/2248] K9445 support=14 orbits=24576 residuals=975
[1960/2248] K9446 support=13 orbits=9792 residuals=375
[1961/2248] K9447 support=14 orbits=13824 residuals=603
[1962/2248] K9448 support=13 orbits=10368 residuals=346
[1963/2248] K9449 support=14 orbits=24576 residuals=1138
[1964/2248] K9450 support=13 orbits=18432 residuals=936
[1965/2248] K9451 support=12 orbits=13824 residuals=552
[1966/2248] K9452 support=13 orbits=18432 residuals=674
[1967/2248] K9453 support=14 orbits=13824 residuals=783
[1968/2248] K9454 support=13 orbits=18432 residuals=777
[1969/2248] K9455 support=13 orbits=11520 residuals=643
[1970/2248] K9456 support=12 orbits=13824 residuals=596
[1971/2248] K9457 support=13 orbits=18432 residuals=1033
[1972/2248] K9458 support=11 orbits=10368 residuals=724
[1973/2248] K9459 support=11 orbits=10368 residuals=469
[1974/2248] K9460 support=11 orbits=10368 residuals=688
[1975/2248] K9461 support=13 orbits=18432 residuals=664
[1976/2248] K9462 support=13 orbits=18432 residuals=730
[1977/2248] K9463 support=13 orbits=18432 residuals=838
[1978/2248] K9464 support=14 orbits=15360 residuals=786
[1979/2248] K9465 support=14 orbits=24576 residuals=1172
[1980/2248] K9466 support=13 orbits=18432 residuals=745
[1981/2248] K9467 support=13 orbits=18432 residuals=816
[1982/2248] K9468 support=13 orbits=18432 residuals=1033
[1983/2248] K9469 support=14 orbits=12672 residuals=536
[1984/2248] K9470 support=14 orbits=15360 residuals=917
[1985/2248] K9471 support=13 orbits=11520 residuals=640
[1986/2248] K9472 support=14 orbits=24576 residuals=1310
[1987/2248] K9473 support=14 orbits=24576 residuals=1075
[1988/2248] K9474 support=13 orbits=18432 residuals=876
[1989/2248] K9475 support=14 orbits=15360 residuals=944
[1990/2248] K9476 support=13 orbits=10368 residuals=533
[1991/2248] K9477 support=13 orbits=18432 residuals=706
[1992/2248] K9478 support=13 orbits=18432 residuals=785
[1993/2248] K9479 support=14 orbits=24576 residuals=949
[1994/2248] K9480 support=13 orbits=9792 residuals=375
[1995/2248] K9481 support=12 orbits=7776 residuals=269
[1996/2248] K9482 support=12 orbits=13824 residuals=578
[1997/2248] K9483 support=12 orbits=13824 residuals=552
[1998/2248] K9484 support=12 orbits=8640 residuals=448
[1999/2248] K9485 support=12 orbits=13824 residuals=664
[2000/2248] K9486 support=14 orbits=24576 residuals=1066
[2001/2248] K9487 support=13 orbits=9792 residuals=519
[2002/2248] K9488 support=11 orbits=10368 residuals=600
[2003/2248] K9489 support=12 orbits=8640 residuals=593
[2004/2248] K9490 support=14 orbits=9600 residuals=675
[2005/2248] K9491 support=13 orbits=10368 residuals=453
[2006/2248] K9492 support=13 orbits=11520 residuals=616
[2007/2248] K9493 support=13 orbits=11520 residuals=571
[2008/2248] K9494 support=13 orbits=10368 residuals=358
[2009/2248] K9495 support=14 orbits=8640 residuals=420
[2010/2248] K9496 support=13 orbits=11520 residuals=643
[2011/2248] K9497 support=14 orbits=13824 residuals=467
[2012/2248] K9498 support=14 orbits=13056 residuals=641
[2013/2248] K9499 support=14 orbits=24576 residuals=831
[2014/2248] K9500 support=13 orbits=10368 residuals=404
[2015/2248] K9501 support=14 orbits=24576 residuals=954
[2016/2248] K9502 support=14 orbits=24576 residuals=852
[2017/2248] K9503 support=14 orbits=24576 residuals=1028
[2018/2248] K9504 support=14 orbits=24576 residuals=1049
[2019/2248] K9505 support=12 orbits=7488 residuals=314
[2020/2248] K9506 support=12 orbits=13824 residuals=550
[2021/2248] K9507 support=13 orbits=18432 residuals=794
[2022/2248] K9508 support=13 orbits=18432 residuals=794
[2023/2248] K9509 support=14 orbits=8064 residuals=340
[2024/2248] K9510 support=13 orbits=11520 residuals=520
[2025/2248] K9511 support=13 orbits=18432 residuals=640
[2026/2248] K9512 support=14 orbits=13824 residuals=763
[2027/2248] K9513 support=11 orbits=5256 residuals=258
[2028/2248] K9514 support=11 orbits=5256 residuals=258
[2029/2248] K9515 support=13 orbits=2244 residuals=98
[2030/2248] K9516 support=13 orbits=9312 residuals=434
[2031/2248] K9517 support=12 orbits=4104 residuals=222
[2032/2248] K9518 support=13 orbits=9408 residuals=445
[2033/2248] K9519 support=12 orbits=13824 residuals=674
[2034/2248] K9520 support=11 orbits=2952 residuals=159
[2035/2248] K9521 support=11 orbits=5256 residuals=374
[2036/2248] K9522 support=12 orbits=13824 residuals=674
[2037/2248] K9523 support=13 orbits=3132 residuals=132
[2038/2248] K9524 support=10 orbits=3996 residuals=245
[2039/2248] K9525 support=12 orbits=4464 residuals=242
[2040/2248] K9526 support=13 orbits=5328 residuals=269
[2041/2248] K9527 support=13 orbits=18432 residuals=725
[2042/2248] K9528 support=12 orbits=13824 residuals=550
[2043/2248] K9529 support=11 orbits=10368 residuals=469
[2044/2248] K9530 support=11 orbits=10368 residuals=565
[2045/2248] K9531 support=11 orbits=10368 residuals=560
[2046/2248] K9532 support=13 orbits=18432 residuals=777
[2047/2248] K9533 support=12 orbits=13824 residuals=664
[2048/2248] K9534 support=11 orbits=10368 residuals=565
[2049/2248] K9535 support=10 orbits=7776 residuals=461
[2050/2248] K9536 support=13 orbits=18432 residuals=706
[2051/2248] K9537 support=13 orbits=18432 residuals=646
[2052/2248] K9538 support=12 orbits=13824 residuals=552
[2053/2248] K9539 support=13 orbits=18432 residuals=645
[2054/2248] K9540 support=12 orbits=13824 residuals=682
[2055/2248] K9541 support=13 orbits=18432 residuals=724
[2056/2248] K9542 support=13 orbits=18432 residuals=724
[2057/2248] K9543 support=13 orbits=18432 residuals=777
[2058/2248] K9544 support=13 orbits=18432 residuals=1033
[2059/2248] K9545 support=12 orbits=13824 residuals=578
[2060/2248] K9546 support=12 orbits=7776 residuals=269
[2061/2248] K9547 support=12 orbits=13824 residuals=674
[2062/2248] K9548 support=11 orbits=10368 residuals=665
[2063/2248] K9549 support=11 orbits=10368 residuals=688
[2064/2248] K9550 support=11 orbits=10368 residuals=724
[2065/2248] K9551 support=14 orbits=13824 residuals=751
[2066/2248] K9552 support=14 orbits=13824 residuals=514
[2067/2248] K9553 support=14 orbits=13824 residuals=435
[2068/2248] K9554 support=14 orbits=13824 residuals=718
[2069/2248] K9555 support=14 orbits=13824 residuals=444
[2070/2248] K9556 support=14 orbits=8640 residuals=586
[2071/2248] K9557 support=14 orbits=13824 residuals=536
[2072/2248] K9558 support=13 orbits=10368 residuals=339
[2073/2248] K9559 support=13 orbits=10368 residuals=440
[2074/2248] K9560 support=12 orbits=7776 residuals=269
[2075/2248] K9561 support=13 orbits=10368 residuals=453
[2076/2248] K9562 support=13 orbits=10368 residuals=389
[2077/2248] K9563 support=14 orbits=24576 residuals=992
[2078/2248] K9564 support=14 orbits=24576 residuals=819
[2079/2248] K9565 support=13 orbits=18432 residuals=639
[2080/2248] K9566 support=14 orbits=15360 residuals=852
[2081/2248] K9567 support=14 orbits=24576 residuals=1129
[2082/2248] K9568 support=14 orbits=24576 residuals=1010
[2083/2248] K9569 support=14 orbits=24576 residuals=1032
[2084/2248] K9570 support=13 orbits=18432 residuals=778
[2085/2248] K9571 support=11 orbits=10368 residuals=469
[2086/2248] K9572 support=12 orbits=13824 residuals=484
[2087/2248] K9573 support=14 orbits=12672 residuals=677
[2088/2248] K9574 support=14 orbits=24576 residuals=841
[2089/2248] K9575 support=13 orbits=9792 residuals=375
[2090/2248] K9576 support=14 orbits=24576 residuals=875
[2091/2248] K9577 support=14 orbits=13056 residuals=556
[2092/2248] K9578 support=14 orbits=24576 residuals=965
[2093/2248] K9579 support=14 orbits=24576 residuals=855
[2094/2248] K9580 support=14 orbits=24576 residuals=1111
[2095/2248] K9581 support=14 orbits=24576 residuals=1245
[2096/2248] K9582 support=14 orbits=24576 residuals=1032
[2097/2248] K9583 support=13 orbits=10368 residuals=346
[2098/2248] K9584 support=13 orbits=18432 residuals=674
[2099/2248] K9585 support=14 orbits=24576 residuals=966
[2100/2248] K9586 support=14 orbits=13824 residuals=499
[2101/2248] K9587 support=13 orbits=18432 residuals=818
[2102/2248] K9588 support=12 orbits=13824 residuals=796
[2103/2248] K9589 support=14 orbits=15360 residuals=976
[2104/2248] K9590 support=13 orbits=11520 residuals=508
[2105/2248] K9591 support=13 orbits=18432 residuals=653
[2106/2248] K9592 support=13 orbits=18432 residuals=729
[2107/2248] K9593 support=12 orbits=13824 residuals=552
[2108/2248] K9594 support=13 orbits=18432 residuals=748
[2109/2248] K9595 support=14 orbits=15360 residuals=1015
[2110/2248] K9596 support=12 orbits=13824 residuals=483
[2111/2248] K9597 support=11 orbits=10368 residuals=724
[2112/2248] K9598 support=12 orbits=8640 residuals=453
[2113/2248] K9599 support=11 orbits=10368 residuals=565
[2114/2248] K9600 support=13 orbits=18432 residuals=732
[2115/2248] K9601 support=12 orbits=13824 residuals=632
[2116/2248] K9602 support=12 orbits=13824 residuals=704
[2117/2248] K9603 support=12 orbits=7200 residuals=301
[2118/2248] K9604 support=12 orbits=13824 residuals=577
[2119/2248] K9605 support=13 orbits=10368 residuals=362
[2120/2248] K9606 support=13 orbits=18432 residuals=708
[2121/2248] K9607 support=11 orbits=10368 residuals=565
[2122/2248] K9608 support=12 orbits=13824 residuals=704
[2123/2248] K9609 support=11 orbits=10368 residuals=750
[2124/2248] K9610 support=14 orbits=15360 residuals=798
[2125/2248] K9611 support=13 orbits=11520 residuals=478
[2126/2248] K9612 support=14 orbits=8640 residuals=406
[2127/2248] K9613 support=13 orbits=11520 residuals=632
[2128/2248] K9614 support=13 orbits=11520 residuals=676
[2129/2248] K9615 support=13 orbits=18432 residuals=893
[2130/2248] K9616 support=12 orbits=13824 residuals=689
[2131/2248] K9617 support=13 orbits=18432 residuals=831
[2132/2248] K9618 support=13 orbits=18432 residuals=1008
[2133/2248] K9619 support=13 orbits=18432 residuals=893
[2134/2248] K9620 support=12 orbits=13824 residuals=704
[2135/2248] K9621 support=11 orbits=10368 residuals=665
[2136/2248] K9622 support=12 orbits=8640 residuals=675
[2137/2248] K9623 support=12 orbits=13824 residuals=549
[2138/2248] K9624 support=10 orbits=6912 residuals=460
[2139/2248] K9625 support=12 orbits=13824 residuals=606
[2140/2248] K9626 support=12 orbits=7056 residuals=214
[2141/2248] K9627 support=11 orbits=5616 residuals=253
[2142/2248] K9628 support=12 orbits=13824 residuals=421
[2143/2248] K9629 support=10 orbits=6912 residuals=497
[2144/2248] K9630 support=10 orbits=6912 residuals=460
[2145/2248] K9631 support=12 orbits=7488 residuals=344
[2146/2248] K9632 support=12 orbits=13824 residuals=562
[2147/2248] K9633 support=12 orbits=13824 residuals=523
[2148/2248] K9634 support=12 orbits=8640 residuals=481
[2149/2248] K9635 support=13 orbits=18432 residuals=646
[2150/2248] K9636 support=11 orbits=10368 residuals=665
[2151/2248] K9637 support=11 orbits=10368 residuals=469
[2152/2248] K9638 support=11 orbits=10368 residuals=600
[2153/2248] K9639 support=12 orbits=13824 residuals=552
[2154/2248] K9640 support=12 orbits=8640 residuals=593
[2155/2248] K9641 support=14 orbits=24576 residuals=983
[2156/2248] K9642 support=14 orbits=24576 residuals=1322
[2157/2248] K9643 support=12 orbits=13824 residuals=578
[2158/2248] K9644 support=12 orbits=13824 residuals=552
[2159/2248] K9645 support=13 orbits=18432 residuals=837
[2160/2248] K9646 support=12 orbits=13824 residuals=664
[2161/2248] K9647 support=13 orbits=18432 residuals=729
[2162/2248] K9648 support=13 orbits=18432 residuals=745
[2163/2248] K9649 support=13 orbits=11520 residuals=640
[2164/2248] K9650 support=13 orbits=18432 residuals=785
[2165/2248] K9651 support=14 orbits=24576 residuals=1122
[2166/2248] K9652 support=14 orbits=15360 residuals=917
[2167/2248] K9653 support=12 orbits=13824 residuals=567
[2168/2248] K9654 support=12 orbits=13824 residuals=448
[2169/2248] K9655 support=12 orbits=13824 residuals=666
[2170/2248] K9656 support=13 orbits=11520 residuals=664
[2171/2248] K9657 support=13 orbits=18432 residuals=693
[2172/2248] K9658 support=13 orbits=10368 residuals=478
[2173/2248] K9659 support=13 orbits=10368 residuals=478
[2174/2248] K9660 support=14 orbits=8064 residuals=370
[2175/2248] K9661 support=13 orbits=9792 residuals=375
[2176/2248] K9662 support=14 orbits=13056 residuals=522
[2177/2248] K9663 support=14 orbits=13824 residuals=832
[2178/2248] K9664 support=14 orbits=24576 residuals=1136
[2179/2248] K9665 support=13 orbits=11520 residuals=703
[2180/2248] K9666 support=13 orbits=18432 residuals=862
[2181/2248] K9667 support=12 orbits=13824 residuals=538
[2182/2248] K9668 support=11 orbits=10368 residuals=441
[2183/2248] K9669 support=12 orbits=13824 residuals=683
[2184/2248] K9670 support=12 orbits=13824 residuals=466
[2185/2248] K9671 support=12 orbits=13824 residuals=689
[2186/2248] K9672 support=13 orbits=9792 residuals=519
[2187/2248] K9673 support=13 orbits=18432 residuals=862
[2188/2248] K9674 support=13 orbits=10368 residuals=435
[2189/2248] K9675 support=11 orbits=10368 residuals=466
[2190/2248] K9676 support=13 orbits=11520 residuals=616
[2191/2248] K9677 support=13 orbits=11520 residuals=630
[2192/2248] K9678 support=14 orbits=15360 residuals=782
[2193/2248] K9679 support=14 orbits=15360 residuals=797
[2194/2248] K9680 support=14 orbits=15360 residuals=901
[2195/2248] K9681 support=12 orbits=7776 residuals=467
[2196/2248] K9682 support=13 orbits=11520 residuals=676
[2197/2248] K9683 support=14 orbits=13056 residuals=710
[2198/2248] K9684 support=12 orbits=8640 residuals=448
[2199/2248] K9685 support=13 orbits=11520 residuals=556
[2200/2248] K9686 support=12 orbits=13824 residuals=632
[2201/2248] K9687 support=13 orbits=18432 residuals=851
[2202/2248] K9688 support=14 orbits=15360 residuals=944
[2203/2248] K9689 support=12 orbits=13824 residuals=575
[2204/2248] K9690 support=12 orbits=13824 residuals=751
[2205/2248] K9691 support=13 orbits=18432 residuals=876
[2206/2248] K9692 support=14 orbits=13824 residuals=783
[2207/2248] K9693 support=13 orbits=18432 residuals=583
[2208/2248] K9694 support=13 orbits=18432 residuals=583
[2209/2248] K9695 support=13 orbits=18432 residuals=695
[2210/2248] K9696 support=12 orbits=13824 residuals=483
[2211/2248] K9697 support=12 orbits=13824 residuals=682
[2212/2248] K9698 support=13 orbits=18432 residuals=684
[2213/2248] K9699 support=12 orbits=13824 residuals=482
[2214/2248] K9700 support=13 orbits=18432 residuals=851
[2215/2248] K9701 support=12 orbits=13824 residuals=751
[2216/2248] K9702 support=13 orbits=18432 residuals=708
[2217/2248] K9703 support=13 orbits=18432 residuals=583
[2218/2248] K9704 support=13 orbits=18432 residuals=732
[2219/2248] K9705 support=13 orbits=18432 residuals=685
[2220/2248] K9706 support=13 orbits=18432 residuals=708
[2221/2248] K9707 support=13 orbits=18432 residuals=816
[2222/2248] K9708 support=13 orbits=18432 residuals=607
[2223/2248] K9709 support=13 orbits=18432 residuals=918
[2224/2248] K9710 support=13 orbits=18432 residuals=816
[2225/2248] K9711 support=13 orbits=18432 residuals=851
[2226/2248] K9712 support=13 orbits=18432 residuals=808
[2227/2248] K9713 support=12 orbits=8640 residuals=593
[2228/2248] K9714 support=12 orbits=13824 residuals=704
[2229/2248] K9715 support=14 orbits=13824 residuals=603
[2230/2248] K9716 support=13 orbits=10368 residuals=533
[2231/2248] K9717 support=14 orbits=24576 residuals=949
[2232/2248] K9718 support=13 orbits=18432 residuals=816
[2233/2248] K9719 support=14 orbits=24576 residuals=1089
[2234/2248] K9720 support=14 orbits=12672 residuals=588
[2235/2248] K9721 support=14 orbits=24576 residuals=1310
[2236/2248] K9722 support=14 orbits=24576 residuals=1138
[2237/2248] K9723 support=14 orbits=24576 residuals=1498
[2238/2248] K9724 support=13 orbits=18432 residuals=745
[2239/2248] K9725 support=13 orbits=10368 residuals=533
[2240/2248] K9726 support=13 orbits=11520 residuals=571
[2241/2248] K9727 support=12 orbits=7056 residuals=346
[2242/2248] K9728 support=13 orbits=10368 residuals=362
[2243/2248] K9729 support=13 orbits=18432 residuals=578
[2244/2248] K9730 support=13 orbits=18432 residuals=808
[2245/2248] K9731 support=14 orbits=24576 residuals=1066
[2246/2248] K9732 support=12 orbits=13824 residuals=683
[2247/2248] K9733 support=13 orbits=11520 residuals=616
[2248/2248] K9734 support=12 orbits=13824 residuals=596
order=9 kernels=562 physical=11272480 orbits=9063052
residuals=411811 targets=6588976
full_theorem=false
raw_bytes=38383461 compressed_bytes=447672 raw_sha256=6159cf8336b5c88cdeba6ca08bfc101fbe4f9d6051a24ff88bd899304feaa60f artifact_sha256=197d33ce7afbddcd777e0f4c8af09a32ab4348d80c5d45ab061b24f0261da943
