[275/365] K17043 support=17 orbits=40320 residuals=10578
[276/365] K17044 support=17 orbits=57600 residuals=12821
[277/365] K17045 support=17 orbits=196608 residuals=39255
[278/365] K17046 support=17 orbits=34560 residuals=8395
[279/365] K17047 support=17 orbits=56448 residuals=11392
[280/365] K17048 support=17 orbits=99072 residuals=17126
[281/365] K17049 support=17 orbits=101376 residuals=17633
[282/365] K17050 support=17 orbits=50688 residuals=9106
[283/365] K17051 support=17 orbits=98688 residuals=22620
[284/365] K17052 support=17 orbits=104448 residuals=24406
[285/365] K17053 support=17 orbits=99840 residuals=21535
[286/365] K17054 support=17 orbits=196608 residuals=41446
[287/365] K17055 support=17 orbits=196608 residuals=46183
[288/365] K17056 support=17 orbits=196608 residuals=35881
[289/365] K17057 support=17 orbits=196608 residuals=41971
[290/365] K17058 support=17 orbits=56448 residuals=10829
[291/365] K17059 support=17 orbits=196608 residuals=37782
[292/365] K17060 support=17 orbits=99072 residuals=18632
[293/365] K17061 support=17 orbits=196608 residuals=34390
[294/365] K17062 support=17 orbits=196608 residuals=39523
[295/365] K17063 support=17 orbits=196608 residuals=32804
[296/365] K17064 support=17 orbits=196608 residuals=37685
[297/365] K17065 support=17 orbits=99072 residuals=16928
[298/365] K17066 support=17 orbits=99840 residuals=20686
[299/365] K17067 support=17 orbits=122880 residuals=32368
[300/365] K17068 support=17 orbits=26496 residuals=4645
[301/365] K17069 support=17 orbits=19944 residuals=5461
[302/365] K17070 support=17 orbits=26136 residuals=4311
[303/365] K17071 support=17 orbits=51840 residuals=11000
[304/365] K17072 support=17 orbits=76800 residuals=21882
[305/365] K17073 support=17 orbits=101376 residuals=22453
[306/365] K17074 support=17 orbits=59904 residuals=13343
[307/365] K17075 support=17 orbits=122880 residuals=30878
[308/365] K17076 support=17 orbits=196608 residuals=38290
[309/365] K17077 support=17 orbits=196608 residuals=46670
[310/365] K17078 support=17 orbits=51840 residuals=10305
[311/365] K17079 support=17 orbits=38880 residuals=11658
[312/365] K17080 support=17 orbits=51840 residuals=9823
[313/365] K17081 support=17 orbits=51840 residuals=11851
[314/365] K17082 support=17 orbits=52992 residuals=13208
[315/365] K17083 support=17 orbits=196608 residuals=46856
[316/365] K17084 support=17 orbits=196608 residuals=43891
[317/365] K17085 support=17 orbits=196608 residuals=38906
[318/365] K17086 support=17 orbits=110592 residuals=23235
[319/365] K17087 support=17 orbits=196608 residuals=44355
[320/365] K17088 support=17 orbits=57600 residuals=10438
[321/365] K17089 support=17 orbits=101376 residuals=20328
[322/365] K17090 support=17 orbits=122880 residuals=33765
[323/365] K17091 support=17 orbits=196608 residuals=42996
[324/365] K17092 support=17 orbits=99840 residuals=20888
[325/365] K17093 support=17 orbits=99840 residuals=25688
[326/365] K17094 support=17 orbits=99072 residuals=19240
[327/365] K17095 support=17 orbits=99072 residuals=18537
[328/365] K17096 support=17 orbits=99072 residuals=22817
[329/365] K17097 support=17 orbits=99072 residuals=17125
[330/365] K17098 support=17 orbits=99072 residuals=21064
[331/365] K17099 support=17 orbits=104448 residuals=21688
[332/365] K17100 support=17 orbits=122880 residuals=31236
[333/365] K17101 support=17 orbits=69120 residuals=16304
[334/365] K17102 support=17 orbits=99840 residuals=19122
[335/365] K17103 support=17 orbits=99072 residuals=18114
[336/365] K17104 support=17 orbits=50688 residuals=8933
[337/365] K17105 support=17 orbits=50880 residuals=9130
[338/365] K17106 support=17 orbits=50688 residuals=8476
[339/365] K17107 support=17 orbits=62976 residuals=15485
[340/365] K17108 support=17 orbits=62208 residuals=14456
[341/365] K17109 support=17 orbits=122880 residuals=31201
[342/365] K17110 support=17 orbits=64512 residuals=14594
[343/365] K17111 support=17 orbits=196608 residuals=46744
[344/365] K17112 support=17 orbits=110592 residuals=29686
[345/365] K17113 support=17 orbits=99072 residuals=25780
[346/365] K17114 support=17 orbits=62208 residuals=18442
[347/365] K17115 support=17 orbits=69120 residuals=21264
[348/365] K17116 support=17 orbits=99840 residuals=21769
[349/365] K17117 support=17 orbits=28440 residuals=6827
[350/365] K17118 support=17 orbits=51264 residuals=12911
[351/365] K17119 support=17 orbits=99840 residuals=22731
[352/365] K17120 support=17 orbits=33120 residuals=7119
[353/365] K17121 support=17 orbits=62976 residuals=16078
[354/365] K17122 support=17 orbits=56448 residuals=14451
[355/365] K17123 support=16 orbits=76032 residuals=12432
[356/365] K17124 support=16 orbits=78336 residuals=15094
[357/365] K17125 support=16 orbits=74880 residuals=13603
[358/365] K17126 support=16 orbits=43200 residuals=8264
[359/365] K17127 support=16 orbits=147456 residuals=25724
[360/365] K17128 support=16 orbits=74880 residuals=13382
[361/365] K17129 support=16 orbits=76032 residuals=14744
[362/365] K17130 support=16 orbits=74880 residuals=13333
[363/365] K17131 support=16 orbits=147456 residuals=30286
[364/365] K17132 support=16 orbits=74880 residuals=17494
[365/365] K17133 support=16 orbits=47232 residuals=10144
order=12 kernels=91 physical=17350656 orbits=9227928
residuals=1974923 targets=37523537
raw_bytes=197179982 compressed_bytes=1697340 raw_sha256=3d26a4f27ef607178924871bda3fd7db0f68c5697f24731e3c8362d6ae279a2c artifact_sha256=ae74326257debec2eb34c3cf969f8de3573198dde98b242ee2d08a1a8a3b7780
full_theorem=false
