[1125/1686] K8611 support=14 orbits=24576 residuals=987
[1126/1686] K8612 support=13 orbits=11520 residuals=559
[1127/1686] K8613 support=12 orbits=13824 residuals=460
[1128/1686] K8614 support=12 orbits=13824 residuals=536
[1129/1686] K8615 support=13 orbits=11520 residuals=520
[1130/1686] K8616 support=12 orbits=13824 residuals=483
[1131/1686] K8617 support=14 orbits=24576 residuals=1028
[1132/1686] K8618 support=13 orbits=18432 residuals=859
[1133/1686] K8619 support=12 orbits=13824 residuals=535
[1134/1686] K8620 support=14 orbits=13824 residuals=763
[1135/1686] K8621 support=14 orbits=13824 residuals=521
[1136/1686] K8622 support=12 orbits=13824 residuals=689
[1137/1686] K8623 support=13 orbits=18432 residuals=638
[1138/1686] K8624 support=12 orbits=13824 residuals=398
[1139/1686] K8625 support=12 orbits=13824 residuals=411
[1140/1686] K8626 support=11 orbits=5616 residuals=325
[1141/1686] K8627 support=11 orbits=10368 residuals=464
[1142/1686] K8628 support=11 orbits=5256 residuals=374
[1143/1686] K8629 support=10 orbits=7776 residuals=461
[1144/1686] K8630 support=12 orbits=13824 residuals=524
[1145/1686] K8631 support=13 orbits=10368 residuals=533
[1146/1686] K8632 support=13 orbits=10368 residuals=337
[1147/1686] K8633 support=13 orbits=5856 residuals=342
[1148/1686] K8634 support=12 orbits=8640 residuals=448
[1149/1686] K8635 support=11 orbits=10368 residuals=469
[1150/1686] K8636 support=13 orbits=11520 residuals=476
[1151/1686] K8637 support=13 orbits=18432 residuals=623
[1152/1686] K8638 support=12 orbits=7056 residuals=299
[1153/1686] K8639 support=13 orbits=11520 residuals=508
[1154/1686] K8640 support=12 orbits=13824 residuals=526
[1155/1686] K8641 support=13 orbits=10368 residuals=441
[1156/1686] K8642 support=12 orbits=7776 residuals=295
[1157/1686] K8643 support=13 orbits=18432 residuals=736
[1158/1686] K8644 support=11 orbits=5616 residuals=325
[1159/1686] K8645 support=12 orbits=13824 residuals=667
[1160/1686] K8646 support=12 orbits=13824 residuals=667
[1161/1686] K8647 support=13 orbits=6048 residuals=244
[1162/1686] K8648 support=13 orbits=6048 residuals=248
[1163/1686] K8649 support=13 orbits=10368 residuals=502
[1164/1686] K8650 support=13 orbits=10368 residuals=569
[1165/1686] K8651 support=11 orbits=10368 residuals=497
[1166/1686] K8652 support=11 orbits=10368 residuals=497
[1167/1686] K8653 support=12 orbits=13824 residuals=409
[1168/1686] K8654 support=12 orbits=13824 residuals=447
[1169/1686] K8655 support=13 orbits=18432 residuals=725
[1170/1686] K8656 support=11 orbits=5256 residuals=258
[1171/1686] K8657 support=11 orbits=10368 residuals=469
[1172/1686] K8658 support=12 orbits=13824 residuals=538
[1173/1686] K8659 support=11 orbits=10368 residuals=469
[1174/1686] K8660 support=12 orbits=13824 residuals=410
[1175/1686] K8661 support=12 orbits=13824 residuals=511
[1176/1686] K8662 support=11 orbits=10368 residuals=464
[1177/1686] K8663 support=11 orbits=10368 residuals=431
[1178/1686] K8664 support=13 orbits=11520 residuals=643
[1179/1686] K8665 support=12 orbits=13824 residuals=682
[1180/1686] K8666 support=13 orbits=9408 residuals=331
[1181/1686] K8667 support=12 orbits=8640 residuals=453
[1182/1686] K8668 support=12 orbits=13824 residuals=511
[1183/1686] K8669 support=12 orbits=13824 residuals=674
[1184/1686] K8670 support=13 orbits=18432 residuals=777
[1185/1686] K8671 support=13 orbits=18432 residuals=706
[1186/1686] K8672 support=11 orbits=10368 residuals=497
[1187/1686] K8673 support=10 orbits=7776 residuals=461
[1188/1686] K8674 support=12 orbits=13824 residuals=465
[1189/1686] K8675 support=12 orbits=7200 residuals=211
[1190/1686] K8676 support=12 orbits=13824 residuals=447
[1191/1686] K8677 support=12 orbits=13824 residuals=395
[1192/1686] K8678 support=13 orbits=18432 residuals=724
[1193/1686] K8679 support=13 orbits=9408 residuals=361
[1194/1686] K8680 support=12 orbits=7488 residuals=389
[1195/1686] K8681 support=12 orbits=13824 residuals=537
[1196/1686] K8682 support=11 orbits=10368 residuals=565
[1197/1686] K8683 support=12 orbits=13824 residuals=395
[1198/1686] K8684 support=12 orbits=7488 residuals=389
[1199/1686] K8685 support=13 orbits=9312 residuals=400
[1200/1686] K8686 support=13 orbits=6240 residuals=369
[1201/1686] K8687 support=12 orbits=7200 residuals=359
[1202/1686] K8688 support=13 orbits=18432 residuals=789
[1203/1686] K8689 support=12 orbits=13824 residuals=538
[1204/1686] K8690 support=13 orbits=18432 residuals=776
[1205/1686] K8691 support=12 orbits=13824 residuals=524
[1206/1686] K8692 support=12 orbits=13824 residuals=512
[1207/1686] K8693 support=13 orbits=10368 residuals=346
[1208/1686] K8694 support=14 orbits=13824 residuals=514
[1209/1686] K8695 support=13 orbits=10368 residuals=318
[1210/1686] K8696 support=14 orbits=13824 residuals=718
[1211/1686] K8697 support=14 orbits=13824 residuals=707
[1212/1686] K8698 support=13 orbits=10368 residuals=440
[1213/1686] K8699 support=13 orbits=18432 residuals=782
[1214/1686] K8700 support=12 orbits=13824 residuals=523
[1215/1686] K8701 support=14 orbits=24576 residuals=992
[1216/1686] K8702 support=12 orbits=13824 residuals=464
[1217/1686] K8703 support=13 orbits=11520 residuals=645
[1218/1686] K8704 support=13 orbits=18432 residuals=807
[1219/1686] K8705 support=13 orbits=18432 residuals=624
[1220/1686] K8706 support=13 orbits=18432 residuals=845
[1221/1686] K8707 support=12 orbits=7776 residuals=398
[1222/1686] K8708 support=13 orbits=18432 residuals=609
[1223/1686] K8709 support=14 orbits=24576 residuals=992
[1224/1686] K8710 support=14 orbits=24576 residuals=921
[1225/1686] K8711 support=12 orbits=13824 residuals=689
[1226/1686] K8712 support=13 orbits=10368 residuals=478
[1227/1686] K8713 support=13 orbits=10368 residuals=478
[1228/1686] K8714 support=12 orbits=13824 residuals=577
[1229/1686] K8715 support=14 orbits=12672 residuals=495
[1230/1686] K8716 support=12 orbits=13824 residuals=674
[1231/1686] K8717 support=13 orbits=18432 residuals=653
[1232/1686] K8718 support=13 orbits=18432 residuals=641
[1233/1686] K8719 support=11 orbits=10368 residuals=688
[1234/1686] K8720 support=13 orbits=18432 residuals=770
[1235/1686] K8721 support=13 orbits=18432 residuals=622
[1236/1686] K8722 support=13 orbits=18432 residuals=628
[1237/1686] K8723 support=11 orbits=10368 residuals=665
[1238/1686] K8724 support=14 orbits=24576 residuals=832
[1239/1686] K8725 support=14 orbits=24576 residuals=855
[1240/1686] K8726 support=14 orbits=24576 residuals=961
[1241/1686] K8727 support=13 orbits=18432 residuals=691
[1242/1686] K8728 support=12 orbits=13824 residuals=429
[1243/1686] K8729 support=14 orbits=24576 residuals=838
[1244/1686] K8730 support=14 orbits=24576 residuals=975
[1245/1686] K8731 support=13 orbits=18432 residuals=731
[1246/1686] K8732 support=12 orbits=13824 residuals=465
[1247/1686] K8733 support=12 orbits=13824 residuals=515
[1248/1686] K8734 support=11 orbits=10368 residuals=560
[1249/1686] K8735 support=11 orbits=10368 residuals=588
[1250/1686] K8736 support=14 orbits=15360 residuals=852
[1251/1686] K8737 support=13 orbits=18432 residuals=747
[1252/1686] K8738 support=14 orbits=24576 residuals=1129
[1253/1686] K8739 support=13 orbits=18432 residuals=846
[1254/1686] K8740 support=14 orbits=24576 residuals=1010
[1255/1686] K8741 support=14 orbits=24576 residuals=1354
[1256/1686] K8742 support=12 orbits=13824 residuals=549
[1257/1686] K8743 support=13 orbits=18432 residuals=770
[1258/1686] K8744 support=14 orbits=24576 residuals=1111
[1259/1686] K8745 support=14 orbits=24576 residuals=1245
[1260/1686] K8746 support=14 orbits=24576 residuals=817
[1261/1686] K8747 support=14 orbits=15360 residuals=901
[1262/1686] K8748 support=13 orbits=11520 residuals=676
[1263/1686] K8749 support=11 orbits=10368 residuals=565
[1264/1686] K8750 support=13 orbits=10368 residuals=361
[1265/1686] K8751 support=13 orbits=18432 residuals=692
[1266/1686] K8752 support=13 orbits=11520 residuals=569
[1267/1686] K8753 support=13 orbits=18432 residuals=639
[1268/1686] K8754 support=13 orbits=18432 residuals=791
[1269/1686] K8755 support=12 orbits=13824 residuals=666
[1270/1686] K8756 support=12 orbits=13824 residuals=482
[1271/1686] K8757 support=13 orbits=18432 residuals=527
[1272/1686] K8758 support=13 orbits=18432 residuals=509
[1273/1686] K8759 support=12 orbits=13824 residuals=575
[1274/1686] K8760 support=11 orbits=10368 residuals=469
[1275/1686] K8761 support=12 orbits=13824 residuals=682
[1276/1686] K8762 support=12 orbits=13824 residuals=577
[1277/1686] K8763 support=11 orbits=10368 residuals=600
[1278/1686] K8764 support=11 orbits=10368 residuals=565
[1279/1686] K8765 support=13 orbits=18432 residuals=708
[1280/1686] K8766 support=12 orbits=13824 residuals=587
[1281/1686] K8767 support=13 orbits=18432 residuals=812
[1282/1686] K8768 support=13 orbits=18432 residuals=526
[1283/1686] K8769 support=13 orbits=18432 residuals=851
[1284/1686] K8770 support=12 orbits=13824 residuals=578
[1285/1686] K8771 support=11 orbits=10368 residuals=469
[1286/1686] K8772 support=13 orbits=18432 residuals=918
[1287/1686] K8773 support=13 orbits=18432 residuals=607
[1288/1686] K8774 support=13 orbits=18432 residuals=578
[1289/1686] K8775 support=12 orbits=13824 residuals=552
[1290/1686] K8776 support=11 orbits=10368 residuals=441
[1291/1686] K8777 support=11 orbits=10368 residuals=600
[1292/1686] K8778 support=13 orbits=18432 residuals=583
[1293/1686] K8779 support=10 orbits=7776 residuals=461
[1294/1686] K8780 support=10 orbits=7776 residuals=590
[1295/1686] K8781 support=12 orbits=13824 residuals=552
[1296/1686] K8782 support=13 orbits=18432 residuals=589
[1297/1686] K8783 support=13 orbits=18432 residuals=608
[1298/1686] K8784 support=12 orbits=13824 residuals=632
[1299/1686] K8785 support=12 orbits=13824 residuals=704
[1300/1686] K8786 support=13 orbits=18432 residuals=586
[1301/1686] K8787 support=10 orbits=7776 residuals=461
[1302/1686] K8788 support=12 orbits=7776 residuals=269
[1303/1686] K8789 support=12 orbits=8640 residuals=541
[1304/1686] K8790 support=12 orbits=13824 residuals=552
[1305/1686] K8791 support=12 orbits=8640 residuals=593
[1306/1686] K8792 support=12 orbits=13824 residuals=523
[1307/1686] K8793 support=12 orbits=13824 residuals=550
[1308/1686] K8794 support=11 orbits=10368 residuals=665
[1309/1686] K8795 support=14 orbits=12672 residuals=512
[1310/1686] K8796 support=13 orbits=18432 residuals=599
[1311/1686] K8797 support=14 orbits=24576 residuals=878
[1312/1686] K8798 support=13 orbits=10368 residuals=317
[1313/1686] K8799 support=12 orbits=13824 residuals=537
[1314/1686] K8800 support=13 orbits=18432 residuals=641
[1315/1686] K8801 support=14 orbits=24576 residuals=833
[1316/1686] K8802 support=13 orbits=11520 residuals=643
[1317/1686] K8803 support=10 orbits=6912 residuals=460
[1318/1686] K8804 support=12 orbits=7680 residuals=440
[1319/1686] K8805 support=11 orbits=9216 residuals=525
[1320/1686] K8806 support=13 orbits=18432 residuals=625
[1321/1686] K8807 support=12 orbits=13824 residuals=524
[1322/1686] K8808 support=13 orbits=18432 residuals=638
[1323/1686] K8809 support=13 orbits=18432 residuals=790
[1324/1686] K8810 support=13 orbits=18432 residuals=682
[1325/1686] K8811 support=12 orbits=8640 residuals=453
[1326/1686] K8812 support=10 orbits=7776 residuals=461
[1327/1686] K8813 support=11 orbits=5616 residuals=284
[1328/1686] K8814 support=11 orbits=10368 residuals=436
[1329/1686] K8815 support=11 orbits=10368 residuals=464
[1330/1686] K8816 support=11 orbits=10368 residuals=600
[1331/1686] K8817 support=11 orbits=10368 residuals=665
[1332/1686] K8818 support=9 orbits=5184 residuals=422
[1333/1686] K8819 support=11 orbits=10368 residuals=464
[1334/1686] K8820 support=11 orbits=5616 residuals=325
[1335/1686] K8821 support=11 orbits=10368 residuals=469
[1336/1686] K8822 support=11 orbits=10368 residuals=497
[1337/1686] K8823 support=12 orbits=13824 residuals=372
[1338/1686] K8824 support=11 orbits=10368 residuals=565
[1339/1686] K8825 support=11 orbits=10368 residuals=497
[1340/1686] K8826 support=12 orbits=13824 residuals=384
[1341/1686] K8827 support=12 orbits=13824 residuals=358
[1342/1686] K8828 support=11 orbits=10368 residuals=565
[1343/1686] K8829 support=11 orbits=10368 residuals=724
[1344/1686] K8830 support=10 orbits=7776 residuals=590
[1345/1686] K8831 support=13 orbits=10368 residuals=347
[1346/1686] K8832 support=13 orbits=18432 residuals=790
[1347/1686] K8833 support=12 orbits=13824 residuals=411
[1348/1686] K8834 support=12 orbits=13824 residuals=524
[1349/1686] K8835 support=11 orbits=10368 residuals=688
[1350/1686] K8836 support=11 orbits=10368 residuals=565
[1351/1686] K8837 support=13 orbits=18432 residuals=638
[1352/1686] K8838 support=13 orbits=11520 residuals=476
[1353/1686] K8839 support=12 orbits=13824 residuals=689
[1354/1686] K8840 support=13 orbits=18432 residuals=638
[1355/1686] K8841 support=13 orbits=18432 residuals=700
[1356/1686] K8842 support=12 orbits=13824 residuals=674
[1357/1686] K8843 support=13 orbits=18432 residuals=716
[1358/1686] K8844 support=13 orbits=18432 residuals=812
[1359/1686] K8845 support=14 orbits=24576 residuals=939
[1360/1686] K8846 support=14 orbits=24576 residuals=1374
[1361/1686] K8847 support=12 orbits=13824 residuals=665
[1362/1686] K8848 support=12 orbits=13824 residuals=674
[1363/1686] K8849 support=13 orbits=18432 residuals=711
[1364/1686] K8850 support=13 orbits=18432 residuals=843
[1365/1686] K8851 support=13 orbits=18432 residuals=704
[1366/1686] K8852 support=13 orbits=18432 residuals=775
[1367/1686] K8853 support=12 orbits=7776 residuals=467
[1368/1686] K8854 support=13 orbits=18432 residuals=782
[1369/1686] K8855 support=14 orbits=24576 residuals=1220
[1370/1686] K8856 support=13 orbits=11520 residuals=676
[1371/1686] K8857 support=13 orbits=11520 residuals=676
[1372/1686] K8858 support=12 orbits=13824 residuals=704
[1373/1686] K8859 support=13 orbits=9792 residuals=492
[1374/1686] K8860 support=13 orbits=18432 residuals=600
[1375/1686] K8861 support=13 orbits=18432 residuals=589
[1376/1686] K8862 support=14 orbits=24576 residuals=957
[1377/1686] K8863 support=14 orbits=24576 residuals=921
[1378/1686] K8864 support=14 orbits=24576 residuals=1116
[1379/1686] K8865 support=13 orbits=18432 residuals=893
[1380/1686] K8866 support=13 orbits=18432 residuals=831
[1381/1686] K8867 support=13 orbits=18432 residuals=778
[1382/1686] K8868 support=12 orbits=13824 residuals=689
[1383/1686] K8869 support=13 orbits=10368 residuals=374
[1384/1686] K8870 support=13 orbits=18432 residuals=641
[1385/1686] K8871 support=13 orbits=18432 residuals=747
[1386/1686] K8872 support=11 orbits=10368 residuals=688
[1387/1686] K8873 support=11 orbits=10368 residuals=497
[1388/1686] K8874 support=12 orbits=13824 residuals=466
[1389/1686] K8875 support=12 orbits=13824 residuals=483
[1390/1686] K8876 support=12 orbits=13824 residuals=516
[1391/1686] K8877 support=12 orbits=13824 residuals=596
[1392/1686] K8878 support=12 orbits=13824 residuals=421
[1393/1686] K8879 support=12 orbits=13824 residuals=535
[1394/1686] K8880 support=12 orbits=13824 residuals=482
[1395/1686] K8881 support=12 orbits=13824 residuals=466
[1396/1686] K8882 support=12 orbits=13824 residuals=544
[1397/1686] K8883 support=12 orbits=13824 residuals=448
[1398/1686] K8884 support=13 orbits=18432 residuals=608
[1399/1686] K8885 support=13 orbits=18432 residuals=707
[1400/1686] K8886 support=13 orbits=11520 residuals=480
[1401/1686] K8887 support=13 orbits=11520 residuals=548
[1402/1686] K8888 support=13 orbits=18432 residuals=684
[1403/1686] K8889 support=13 orbits=18432 residuals=816
[1404/1686] K8890 support=13 orbits=18432 residuals=927
[1405/1686] K8891 support=12 orbits=13824 residuals=704
[1406/1686] K8892 support=13 orbits=18432 residuals=693
[1407/1686] K8893 support=11 orbits=10368 residuals=497
[1408/1686] K8894 support=13 orbits=10368 residuals=347
[1409/1686] K8895 support=13 orbits=9792 residuals=339
[1410/1686] K8896 support=13 orbits=18432 residuals=495
[1411/1686] K8897 support=13 orbits=6048 residuals=248
[1412/1686] K8898 support=13 orbits=18432 residuals=756
[1413/1686] K8899 support=14 orbits=12672 residuals=410
[1414/1686] K8900 support=13 orbits=9792 residuals=340
[1415/1686] K8901 support=13 orbits=10368 residuals=569
[1416/1686] K8902 support=10 orbits=3744 residuals=263
[1417/1686] K8903 support=12 orbits=4032 residuals=182
[1418/1686] K8904 support=13 orbits=18432 residuals=736
[1419/1686] K8905 support=12 orbits=6912 residuals=478
[1420/1686] K8906 support=12 orbits=12288 residuals=589
[1421/1686] K8907 support=11 orbits=9216 residuals=647
[1422/1686] K8908 support=11 orbits=5184 residuals=297
[1423/1686] K8909 support=12 orbits=7776 residuals=268
[1424/1686] K8910 support=12 orbits=13824 residuals=551
[1425/1686] K8911 support=12 orbits=13824 residuals=551
[1426/1686] K8912 support=12 orbits=8640 residuals=448
[1427/1686] K8913 support=12 orbits=8640 residuals=593
[1428/1686] K8914 support=12 orbits=13824 residuals=397
[1429/1686] K8915 support=12 orbits=13824 residuals=550
[1430/1686] K8916 support=12 orbits=13824 residuals=511
[1431/1686] K8917 support=12 orbits=13824 residuals=410
[1432/1686] K8918 support=12 orbits=13824 residuals=396
[1433/1686] K8919 support=12 orbits=13824 residuals=523
[1434/1686] K8920 support=12 orbits=13824 residuals=667
[1435/1686] K8921 support=10 orbits=6912 residuals=497
[1436/1686] K8922 support=11 orbits=10368 residuals=469
[1437/1686] K8923 support=10 orbits=7776 residuals=461
[1438/1686] K8924 support=12 orbits=13824 residuals=682
[1439/1686] K8925 support=11 orbits=10368 residuals=464
[1440/1686] K8926 support=12 orbits=13824 residuals=552
[1441/1686] K8927 support=11 orbits=10368 residuals=688
[1442/1686] K8928 support=11 orbits=10368 residuals=469
[1443/1686] K8929 support=12 orbits=13824 residuals=596
[1444/1686] K8930 support=12 orbits=13824 residuals=537
[1445/1686] K8931 support=11 orbits=10368 residuals=565
[1446/1686] K8932 support=11 orbits=10368 residuals=665
[1447/1686] K8933 support=10 orbits=7776 residuals=461
[1448/1686] K8934 support=12 orbits=8640 residuals=593
[1449/1686] K8935 support=12 orbits=13824 residuals=664
[1450/1686] K8936 support=12 orbits=13824 residuals=689
[1451/1686] K8937 support=13 orbits=18432 residuals=927
[1452/1686] K8938 support=14 orbits=24576 residuals=983
[1453/1686] K8939 support=13 orbits=18432 residuals=714
[1454/1686] K8940 support=13 orbits=18432 residuals=759
[1455/1686] K8941 support=14 orbits=15360 residuals=797
[1456/1686] K8942 support=14 orbits=24576 residuals=1032
[1457/1686] K8943 support=14 orbits=8640 residuals=586
[1458/1686] K8944 support=14 orbits=24576 residuals=1322
[1459/1686] K8945 support=12 orbits=13824 residuals=482
[1460/1686] K8946 support=13 orbits=18432 residuals=519
[1461/1686] K8947 support=13 orbits=18432 residuals=642
[1462/1686] K8948 support=12 orbits=13824 residuals=751
[1463/1686] K8949 support=12 orbits=13824 residuals=666
[1464/1686] K8950 support=12 orbits=13824 residuals=373
[1465/1686] K8951 support=12 orbits=13824 residuals=407
[1466/1686] K8952 support=13 orbits=18432 residuals=519
[1467/1686] K8953 support=13 orbits=18432 residuals=614
[1468/1686] K8954 support=13 orbits=18432 residuals=529
[1469/1686] K8955 support=12 orbits=13824 residuals=489
[1470/1686] K8956 support=13 orbits=18432 residuals=770
[1471/1686] K8957 support=12 orbits=13824 residuals=577
[1472/1686] K8958 support=12 orbits=13824 residuals=372
[1473/1686] K8959 support=14 orbits=15360 residuals=869
[1474/1686] K8960 support=13 orbits=18432 residuals=613
[1475/1686] K8961 support=12 orbits=13824 residuals=549
[1476/1686] K8962 support=12 orbits=13824 residuals=411
[1477/1686] K8963 support=13 orbits=18432 residuals=505
[1478/1686] K8964 support=12 orbits=13824 residuals=395
[1479/1686] K8965 support=13 orbits=18432 residuals=768
[1480/1686] K8966 support=13 orbits=18432 residuals=526
[1481/1686] K8967 support=13 orbits=18432 residuals=578
[1482/1686] K8968 support=13 orbits=18432 residuals=506
[1483/1686] K8969 support=12 orbits=13824 residuals=522
[1484/1686] K8970 support=13 orbits=18432 residuals=769
[1485/1686] K8971 support=12 orbits=13824 residuals=667
[1486/1686] K8972 support=12 orbits=7776 residuals=295
[1487/1686] K8973 support=11 orbits=9216 residuals=647
[1488/1686] K8974 support=10 orbits=7776 residuals=471
[1489/1686] K8975 support=11 orbits=10368 residuals=560
[1490/1686] K8976 support=12 orbits=13824 residuals=682
[1491/1686] K8977 support=13 orbits=10368 residuals=533
[1492/1686] K8978 support=11 orbits=10368 residuals=724
[1493/1686] K8979 support=12 orbits=13824 residuals=578
[1494/1686] K8980 support=11 orbits=10368 residuals=471
[1495/1686] K8981 support=10 orbits=7776 residuals=461
[1496/1686] K8982 support=10 orbits=7776 residuals=471
[1497/1686] K8983 support=12 orbits=7776 residuals=269
[1498/1686] K8984 support=12 orbits=8640 residuals=450
[1499/1686] K8985 support=13 orbits=18432 residuals=1033
[1500/1686] K8986 support=12 orbits=8640 residuals=448
[1501/1686] K8987 support=13 orbits=11520 residuals=643
[1502/1686] K8988 support=14 orbits=15360 residuals=798
[1503/1686] K8989 support=13 orbits=11520 residuals=651
[1504/1686] K8990 support=12 orbits=8640 residuals=453
[1505/1686] K8991 support=12 orbits=8640 residuals=675
[1506/1686] K8992 support=12 orbits=8640 residuals=453
[1507/1686] K8993 support=14 orbits=8640 residuals=406
[1508/1686] K8994 support=14 orbits=9600 residuals=819
[1509/1686] K8995 support=13 orbits=10368 residuals=374
[1510/1686] K8996 support=13 orbits=18432 residuals=707
[1511/1686] K8997 support=14 orbits=15360 residuals=904
[1512/1686] K8998 support=14 orbits=13824 residuals=596
[1513/1686] K8999 support=14 orbits=24576 residuals=1143
[1514/1686] K9000 support=11 orbits=10368 residuals=750
[1515/1686] K9001 support=13 orbits=11520 residuals=703
[1516/1686] K9002 support=12 orbits=13824 residuals=605
[1517/1686] K9003 support=14 orbits=24576 residuals=1268
[1518/1686] K9004 support=13 orbits=18432 residuals=1008
[1519/1686] K9005 support=10 orbits=7776 residuals=471
[1520/1686] K9006 support=12 orbits=8640 residuals=450
[1521/1686] K9007 support=11 orbits=10368 residuals=471
[1522/1686] K9008 support=14 orbits=24576 residuals=1130
[1523/1686] K9009 support=13 orbits=11520 residuals=476
[1524/1686] K9010 support=14 orbits=9600 residuals=675
[1525/1686] K9011 support=14 orbits=24576 residuals=1012
[1526/1686] K9012 support=12 orbits=13824 residuals=406
[1527/1686] K9013 support=13 orbits=9792 residuals=352
[1528/1686] K9014 support=13 orbits=18432 residuals=654
[1529/1686] K9015 support=11 orbits=10368 residuals=466
[1530/1686] K9016 support=13 orbits=10368 residuals=348
[1531/1686] K9017 support=12 orbits=8640 residuals=450
[1532/1686] K9018 support=11 orbits=5760 residuals=534
[1533/1686] K9019 support=14 orbits=5760 residuals=241
[1534/1686] K9020 support=14 orbits=3216 residuals=138
[1535/1686] K9021 support=15 orbits=4800 residuals=220
[1536/1686] K9022 support=15 orbits=1512 residuals=52
[1537/1686] K9023 support=12 orbits=1518 residuals=62
[1538/1686] K9024 support=13 orbits=6048 residuals=335
[1539/1686] K9025 support=14 orbits=7488 residuals=413
[1540/1686] K9026 support=15 orbits=5256 residuals=138
[1541/1686] K9027 support=15 orbits=3272 residuals=74
[1542/1686] K9028 support=15 orbits=18432 residuals=502
[1543/1686] K9029 support=15 orbits=5376 residuals=166
[1544/1686] K9030 support=15 orbits=9408 residuals=408
[1545/1686] K9031 support=15 orbits=18432 residuals=686
[1546/1686] K9032 support=15 orbits=9408 residuals=188
[1547/1686] K9033 support=15 orbits=9408 residuals=340
[1548/1686] K9034 support=14 orbits=13824 residuals=664
[1549/1686] K9035 support=14 orbits=7200 residuals=332
[1550/1686] K9036 support=15 orbits=18432 residuals=839
[1551/1686] K9037 support=15 orbits=18432 residuals=739
[1552/1686] K9038 support=14 orbits=13824 residuals=557
[1553/1686] K9039 support=14 orbits=13824 residuals=627
[1554/1686] K9040 support=14 orbits=13824 residuals=624
[1555/1686] K9041 support=13 orbits=5328 residuals=218
[1556/1686] K9042 support=15 orbits=18432 residuals=769
[1557/1686] K9043 support=15 orbits=6720 residuals=458
[1558/1686] K9044 support=14 orbits=4320 residuals=172
[1559/1686] K9045 support=14 orbits=13824 residuals=545
[1560/1686] K9046 support=14 orbits=13824 residuals=594
[1561/1686] K9047 support=14 orbits=13824 residuals=606
[1562/1686] K9048 support=13 orbits=5616 residuals=261
[1563/1686] K9049 support=13 orbits=10368 residuals=448
[1564/1686] K9050 support=13 orbits=5328 residuals=236
[1565/1686] K9051 support=13 orbits=5328 residuals=320
[1566/1686] K9052 support=12 orbits=7776 residuals=393
[1567/1686] K9053 support=14 orbits=13824 residuals=740
[1568/1686] K9054 support=13 orbits=10368 residuals=441
[1569/1686] K9055 support=15 orbits=18432 residuals=523
[1570/1686] K9056 support=14 orbits=13824 residuals=593
[1571/1686] K9057 support=14 orbits=13824 residuals=739
[1572/1686] K9058 support=15 orbits=18432 residuals=620
[1573/1686] K9059 support=14 orbits=8064 residuals=410
[1574/1686] K9060 support=15 orbits=10368 residuals=557
[1575/1686] K9061 support=15 orbits=10368 residuals=349
[1576/1686] K9062 support=15 orbits=5472 residuals=182
[1577/1686] K9063 support=15 orbits=5952 residuals=446
[1578/1686] K9064 support=14 orbits=8640 residuals=526
[1579/1686] K9065 support=13 orbits=10368 residuals=412
[1580/1686] K9066 support=14 orbits=8640 residuals=452
[1581/1686] K9067 support=14 orbits=7200 residuals=301
[1582/1686] K9068 support=14 orbits=13824 residuals=778
[1583/1686] K9069 support=13 orbits=5616 residuals=196
[1584/1686] K9070 support=15 orbits=11520 residuals=645
[1585/1686] K9071 support=15 orbits=18432 residuals=716
[1586/1686] K9072 support=15 orbits=9600 residuals=397
[1587/1686] K9073 support=14 orbits=7200 residuals=394
[1588/1686] K9074 support=14 orbits=15360 residuals=869
[1589/1686] K9075 support=13 orbits=18432 residuals=807
[1590/1686] K9076 support=14 orbits=13824 residuals=718
[1591/1686] K9077 support=12 orbits=7488 residuals=326
[1592/1686] K9078 support=11 orbits=10368 residuals=588
[1593/1686] K9079 support=14 orbits=8064 residuals=368
[1594/1686] K9080 support=14 orbits=13824 residuals=793
[1595/1686] K9081 support=12 orbits=13824 residuals=480
[1596/1686] K9082 support=14 orbits=13824 residuals=751
[1597/1686] K9083 support=14 orbits=24576 residuals=1082
[1598/1686] K9084 support=13 orbits=18432 residuals=649
[1599/1686] K9085 support=12 orbits=13824 residuals=482
[1600/1686] K9086 support=12 orbits=7200 residuals=211
[1601/1686] K9087 support=12 orbits=13824 residuals=537
[1602/1686] K9088 support=12 orbits=7200 residuals=359
[1603/1686] K9089 support=14 orbits=24576 residuals=933
[1604/1686] K9090 support=14 orbits=13824 residuals=600
[1605/1686] K9091 support=13 orbits=18432 residuals=844
[1606/1686] K9092 support=12 orbits=8640 residuals=408
[1607/1686] K9093 support=13 orbits=10368 residuals=509
[1608/1686] K9094 support=13 orbits=18432 residuals=777
[1609/1686] K9095 support=12 orbits=13824 residuals=596
[1610/1686] K9096 support=12 orbits=13824 residuals=524
[1611/1686] K9097 support=11 orbits=10368 residuals=565
[1612/1686] K9098 support=14 orbits=24576 residuals=883
[1613/1686] K9099 support=14 orbits=24576 residuals=1259
[1614/1686] K9100 support=14 orbits=24576 residuals=1008
[1615/1686] K9101 support=13 orbits=18432 residuals=698
[1616/1686] K9102 support=13 orbits=9408 residuals=486
[1617/1686] K9103 support=14 orbits=24576 residuals=1034
[1618/1686] K9104 support=13 orbits=11520 residuals=596
[1619/1686] K9105 support=14 orbits=24576 residuals=896
[1620/1686] K9106 support=14 orbits=24576 residuals=1290
[1621/1686] K9107 support=13 orbits=18432 residuals=651
[1622/1686] K9108 support=13 orbits=18432 residuals=631
[1623/1686] K9109 support=13 orbits=18432 residuals=758
[1624/1686] K9110 support=13 orbits=18432 residuals=559
[1625/1686] K9111 support=13 orbits=9792 residuals=305
[1626/1686] K9112 support=12 orbits=13824 residuals=605
[1627/1686] K9113 support=11 orbits=10368 residuals=750
[1628/1686] K9114 support=13 orbits=18432 residuals=893
[1629/1686] K9115 support=12 orbits=13824 residuals=505
[1630/1686] K9116 support=12 orbits=13824 residuals=405
[1631/1686] K9117 support=12 orbits=13824 residuals=689
[1632/1686] K9118 support=12 orbits=8640 residuals=421
[1633/1686] K9119 support=12 orbits=13824 residuals=577
[1634/1686] K9120 support=13 orbits=11520 residuals=703
[1635/1686] K9121 support=14 orbits=24576 residuals=1123
[1636/1686] K9122 support=15 orbits=11520 residuals=705
[1637/1686] K9123 support=15 orbits=11520 residuals=705
[1638/1686] K9124 support=15 orbits=9600 residuals=259
[1639/1686] K9125 support=15 orbits=18432 residuals=642
[1640/1686] K9126 support=14 orbits=13824 residuals=556
[1641/1686] K9127 support=14 orbits=7488 residuals=376
[1642/1686] K9128 support=14 orbits=15360 residuals=869
[1643/1686] K9129 support=15 orbits=16640 residuals=659
[1644/1686] K9130 support=15 orbits=32768 residuals=1039
[1645/1686] K9131 support=15 orbits=32768 residuals=772
[1646/1686] K9132 support=15 orbits=32768 residuals=928
[1647/1686] K9133 support=15 orbits=16896 residuals=496
[1648/1686] K9134 support=14 orbits=24576 residuals=1076
[1649/1686] K9135 support=13 orbits=9792 residuals=337
[1650/1686] K9136 support=14 orbits=12672 residuals=635
[1651/1686] K9137 support=14 orbits=24576 residuals=1164
[1652/1686] K9138 support=13 orbits=9504 residuals=357
[1653/1686] K9139 support=15 orbits=32768 residuals=1193
[1654/1686] K9140 support=14 orbits=24576 residuals=1179
[1655/1686] K9141 support=14 orbits=24576 residuals=1209
[1656/1686] K9142 support=12 orbits=13824 residuals=483
[1657/1686] K9143 support=13 orbits=18432 residuals=789
[1658/1686] K9144 support=14 orbits=15360 residuals=976
[1659/1686] K9145 support=13 orbits=9792 residuals=421
[1660/1686] K9146 support=14 orbits=24576 residuals=1104
[1661/1686] K9147 support=13 orbits=10368 residuals=482
[1662/1686] K9148 support=14 orbits=13056 residuals=641
[1663/1686] K9149 support=15 orbits=32768 residuals=1069
[1664/1686] K9150 support=15 orbits=16896 residuals=533
[1665/1686] K9151 support=14 orbits=7776 residuals=376
[1666/1686] K9152 support=15 orbits=32768 residuals=1248
[1667/1686] K9153 support=15 orbits=16896 residuals=423
[1668/1686] K9154 support=15 orbits=32768 residuals=1320
[1669/1686] K9155 support=15 orbits=9344 residuals=407
[1670/1686] K9156 support=13 orbits=18432 residuals=729
[1671/1686] K9157 support=14 orbits=24576 residuals=975
[1672/1686] K9158 support=14 orbits=24576 residuals=1045
[1673/1686] K9159 support=15 orbits=16640 residuals=970
[1674/1686] K9160 support=15 orbits=16512 residuals=825
[1675/1686] K9161 support=15 orbits=16640 residuals=451
[1676/1686] K9162 support=15 orbits=16640 residuals=383
[1677/1686] K9163 support=15 orbits=16640 residuals=694
[1678/1686] K9164 support=14 orbits=12672 residuals=512
[1679/1686] K9165 support=15 orbits=32768 residuals=985
[1680/1686] K9166 support=15 orbits=32768 residuals=1543
[1681/1686] K9167 support=14 orbits=24576 residuals=1036
[1682/1686] K9168 support=13 orbits=18432 residuals=648
[1683/1686] K9169 support=15 orbits=32768 residuals=1158
[1684/1686] K9170 support=15 orbits=32768 residuals=1148
[1685/1686] K9171 support=14 orbits=13824 residuals=489
[1686/1686] K9172 support=15 orbits=16640 residuals=513
order=9 kernels=562 physical=10265504 orbits=7976294
residuals=339331 targets=5429296
full_theorem=false
raw_bytes=31357226 compressed_bytes=404096 raw_sha256=43c09e2ed2f38946e02efe095b7ff1621a48f98a1456ade7f8ebe19df51e3537 artifact_sha256=5401fe71437f9f61cb3a6b09d480ac87dab2aab2f639dc954c1d3376ace2aad2
