[184/274] K16952 support=16 orbits=82944 residuals=20115
[185/274] K16953 support=16 orbits=147456 residuals=26996
[186/274] K16954 support=16 orbits=74496 residuals=13456
[187/274] K16955 support=16 orbits=147456 residuals=28416
[188/274] K16956 support=16 orbits=147456 residuals=24243
[189/274] K16957 support=16 orbits=147456 residuals=26060
[190/274] K16958 support=16 orbits=92160 residuals=23357
[191/274] K16959 support=16 orbits=42048 residuals=8933
[192/274] K16960 support=16 orbits=74112 residuals=12375
[193/274] K16961 support=16 orbits=74112 residuals=12697
[194/274] K16962 support=16 orbits=19728 residuals=3400
[195/274] K16963 support=16 orbits=74112 residuals=12789
[196/274] K16964 support=16 orbits=19500 residuals=3094
[197/274] K16965 support=16 orbits=147456 residuals=23816
[198/274] K16966 support=16 orbits=37824 residuals=6099
[199/274] K16967 support=16 orbits=147456 residuals=33589
[200/274] K16968 support=16 orbits=147456 residuals=26934
[201/274] K16969 support=16 orbits=74112 residuals=14987
[202/274] K16970 support=16 orbits=74112 residuals=12995
[203/274] K16971 support=16 orbits=74496 residuals=16964
[204/274] K16972 support=16 orbits=147456 residuals=26886
[205/274] K16973 support=16 orbits=74112 residuals=12283
[206/274] K16974 support=16 orbits=51840 residuals=12052
[207/274] K16975 support=16 orbits=74112 residuals=12555
[208/274] K16976 support=16 orbits=12474 residuals=2301
[209/274] K16977 support=16 orbits=38880 residuals=8380
[210/274] K16978 support=16 orbits=147456 residuals=28290
[211/274] K16979 support=16 orbits=73920 residuals=16111
[212/274] K16980 support=16 orbits=74112 residuals=15840
[213/274] K16981 support=16 orbits=74112 residuals=16165
[214/274] K16982 support=16 orbits=43200 residuals=7454
[215/274] K16983 support=16 orbits=38304 residuals=7786
[216/274] K16984 support=16 orbits=37920 residuals=6803
[217/274] K16985 support=16 orbits=46464 residuals=10756
[218/274] K16986 support=16 orbits=46464 residuals=9580
[219/274] K16987 support=16 orbits=37824 residuals=6198
[220/274] K16988 support=16 orbits=21228 residuals=4045
[221/274] K16989 support=16 orbits=37728 residuals=6728
[222/274] K16990 support=16 orbits=14832 residuals=4371
[223/274] K16991 support=16 orbits=76032 residuals=14476
[224/274] K16992 support=16 orbits=25344 residuals=5778
[225/274] K16993 support=16 orbits=147456 residuals=30057
[226/274] K16994 support=16 orbits=42048 residuals=7743
[227/274] K16995 support=16 orbits=74496 residuals=14645
[228/274] K16996 support=16 orbits=44928 residuals=9850
[229/274] K16997 support=16 orbits=74112 residuals=14188
[230/274] K16998 support=16 orbits=147456 residuals=34229
[231/274] K16999 support=16 orbits=78336 residuals=15858
[232/274] K17000 support=16 orbits=74496 residuals=15107
[233/274] K17001 support=16 orbits=24624 residuals=4720
[234/274] K17002 support=16 orbits=42048 residuals=9469
[235/274] K17003 support=16 orbits=38592 residuals=7513
[236/274] K17004 support=16 orbits=38592 residuals=7175
[237/274] K17005 support=16 orbits=38592 residuals=8533
[238/274] K17006 support=16 orbits=92160 residuals=23215
[239/274] K17007 support=16 orbits=29040 residuals=8533
[240/274] K17008 support=16 orbits=39552 residuals=9685
[241/274] K17009 support=16 orbits=46848 residuals=10851
[242/274] K17010 support=16 orbits=82944 residuals=16536
[243/274] K17011 support=16 orbits=147456 residuals=24134
[244/274] K17012 support=16 orbits=147456 residuals=28462
[245/274] K17013 support=16 orbits=92160 residuals=21887
[246/274] K17014 support=16 orbits=147456 residuals=28697
[247/274] K17015 support=16 orbits=82944 residuals=15024
[248/274] K17016 support=16 orbits=147456 residuals=29310
[249/274] K17017 support=16 orbits=147456 residuals=28951
[250/274] K17018 support=17 orbits=56448 residuals=12298
[251/274] K17019 support=17 orbits=18792 residuals=3887
[252/274] K17020 support=17 orbits=35712 residuals=8503
[253/274] K17021 support=17 orbits=31968 residuals=7913
[254/274] K17022 support=17 orbits=62208 residuals=14676
[255/274] K17023 support=17 orbits=196608 residuals=39332
[256/274] K17024 support=17 orbits=196608 residuals=41035
[257/274] K17025 support=17 orbits=196608 residuals=39800
[258/274] K17026 support=17 orbits=54144 residuals=10454
[259/274] K17027 support=17 orbits=196608 residuals=34038
[260/274] K17028 support=17 orbits=196608 residuals=42035
[261/274] K17029 support=17 orbits=99840 residuals=18729
[262/274] K17030 support=17 orbits=99072 residuals=17778
[263/274] K17031 support=17 orbits=104448 residuals=20534
[264/274] K17032 support=17 orbits=110592 residuals=20549
[265/274] K17033 support=17 orbits=122880 residuals=31565
[266/274] K17034 support=17 orbits=99072 residuals=17390
[267/274] K17035 support=17 orbits=99072 residuals=21560
[268/274] K17036 support=17 orbits=122880 residuals=27948
[269/274] K17037 support=17 orbits=65280 residuals=16349
[270/274] K17038 support=17 orbits=56448 residuals=10006
[271/274] K17039 support=17 orbits=99840 residuals=19962
[272/274] K17040 support=17 orbits=196608 residuals=37803
[273/274] K17041 support=17 orbits=110592 residuals=23671
[274/274] K17042 support=17 orbits=16740 residuals=3368
order=12 kernels=91 physical=14647296 orbits=7754142
residuals=1551708 targets=29482452
raw_bytes=153190194 compressed_bytes=1389536 raw_sha256=ed063fdb04165846a95b5facdc74850ef94f3633e429a3cbf2c884c26082f9ac artifact_sha256=816fec356b17a697442a2ca5f9dd389a24aff0b3306e20a98a514391f3296a14
full_theorem=false
