[2811/3372] K10297 support=15 orbits=16512 residuals=343
[2812/3372] K10298 support=14 orbits=24576 residuals=831
[2813/3372] K10299 support=15 orbits=32768 residuals=905
[2814/3372] K10300 support=14 orbits=24576 residuals=682
[2815/3372] K10301 support=14 orbits=12480 residuals=641
[2816/3372] K10302 support=15 orbits=16512 residuals=698
[2817/3372] K10303 support=15 orbits=9600 residuals=447
[2818/3372] K10304 support=11 orbits=2952 residuals=166
[2819/3372] K10305 support=14 orbits=24576 residuals=1146
[2820/3372] K10306 support=15 orbits=32768 residuals=1097
[2821/3372] K10307 support=13 orbits=3312 residuals=161
[2822/3372] K10308 support=14 orbits=12672 residuals=566
[2823/3372] K10309 support=14 orbits=7008 residuals=295
[2824/3372] K10310 support=13 orbits=18432 residuals=638
[2825/3372] K10311 support=14 orbits=24576 residuals=960
[2826/3372] K10312 support=12 orbits=7776 residuals=257
[2827/3372] K10313 support=12 orbits=4032 residuals=141
[2828/3372] K10314 support=14 orbits=24576 residuals=1131
[2829/3372] K10315 support=14 orbits=15360 residuals=901
[2830/3372] K10316 support=14 orbits=24576 residuals=1075
[2831/3372] K10317 support=14 orbits=24576 residuals=1180
[2832/3372] K10318 support=15 orbits=16512 residuals=788
[2833/3372] K10319 support=11 orbits=4704 residuals=247
[2834/3372] K10320 support=12 orbits=13824 residuals=549
[2835/3372] K10321 support=13 orbits=9312 residuals=451
[2836/3372] K10322 support=13 orbits=9312 residuals=438
[2837/3372] K10323 support=11 orbits=9216 residuals=549
[2838/3372] K10324 support=14 orbits=13824 residuals=606
[2839/3372] K10325 support=13 orbits=18432 residuals=702
[2840/3372] K10326 support=14 orbits=24576 residuals=1231
[2841/3372] K10327 support=13 orbits=4800 residuals=194
[2842/3372] K10328 support=14 orbits=24576 residuals=843
[2843/3372] K10329 support=15 orbits=16512 residuals=557
[2844/3372] K10330 support=12 orbits=13824 residuals=562
[2845/3372] K10331 support=15 orbits=20480 residuals=1067
[2846/3372] K10332 support=15 orbits=16640 residuals=785
[2847/3372] K10333 support=15 orbits=16640 residuals=432
[2848/3372] K10334 support=15 orbits=16640 residuals=685
[2849/3372] K10335 support=13 orbits=9504 residuals=337
[2850/3372] K10336 support=15 orbits=32768 residuals=1228
[2851/3372] K10337 support=14 orbits=24576 residuals=1241
[2852/3372] K10338 support=14 orbits=24576 residuals=991
[2853/3372] K10339 support=15 orbits=20480 residuals=1376
[2854/3372] K10340 support=13 orbits=18432 residuals=709
[2855/3372] K10341 support=15 orbits=32768 residuals=1706
[2856/3372] K10342 support=15 orbits=16896 residuals=498
[2857/3372] K10343 support=15 orbits=32768 residuals=1217
[2858/3372] K10344 support=15 orbits=1420 residuals=139
[2859/3372] K10345 support=15 orbits=10496 residuals=902
[2860/3372] K10346 support=14 orbits=24576 residuals=898
[2861/3372] K10347 support=15 orbits=16512 residuals=494
[2862/3372] K10348 support=15 orbits=16512 residuals=740
[2863/3372] K10349 support=15 orbits=5728 residuals=327
[2864/3372] K10350 support=14 orbits=12480 residuals=800
[2865/3372] K10351 support=14 orbits=12480 residuals=398
[2866/3372] K10352 support=14 orbits=12480 residuals=659
[2867/3372] K10353 support=13 orbits=8448 residuals=349
[2868/3372] K10354 support=14 orbits=24576 residuals=772
[2869/3372] K10355 support=15 orbits=32768 residuals=1036
[2870/3372] K10356 support=14 orbits=24576 residuals=787
[2871/3372] K10357 support=15 orbits=32768 residuals=1034
[2872/3372] K10358 support=15 orbits=32768 residuals=810
[2873/3372] K10359 support=15 orbits=32768 residuals=1284
[2874/3372] K10360 support=14 orbits=12480 residuals=513
[2875/3372] K10361 support=15 orbits=32768 residuals=1588
[2876/3372] K10362 support=15 orbits=32768 residuals=1100
[2877/3372] K10363 support=15 orbits=16640 residuals=579
[2878/3372] K10364 support=14 orbits=12480 residuals=478
[2879/3372] K10365 support=15 orbits=16640 residuals=544
[2880/3372] K10366 support=12 orbits=7056 residuals=462
[2881/3372] K10367 support=14 orbits=24576 residuals=895
[2882/3372] K10368 support=14 orbits=24576 residuals=811
[2883/3372] K10369 support=15 orbits=32768 residuals=1000
[2884/3372] K10370 support=15 orbits=32768 residuals=1236
[2885/3372] K10371 support=15 orbits=32768 residuals=1334
[2886/3372] K10372 support=14 orbits=7872 residuals=553
[2887/3372] K10373 support=13 orbits=18432 residuals=639
[2888/3372] K10374 support=14 orbits=24576 residuals=946
[2889/3372] K10375 support=12 orbits=13824 residuals=524
[2890/3372] K10376 support=14 orbits=24576 residuals=1196
[2891/3372] K10377 support=13 orbits=9504 residuals=451
[2892/3372] K10378 support=14 orbits=24576 residuals=1201
[2893/3372] K10379 support=14 orbits=24576 residuals=1094
[2894/3372] K10380 support=13 orbits=9504 residuals=459
[2895/3372] K10381 support=13 orbits=9504 residuals=439
[2896/3372] K10382 support=12 orbits=13824 residuals=467
[2897/3372] K10383 support=14 orbits=13824 residuals=482
[2898/3372] K10384 support=15 orbits=32768 residuals=992
[2899/3372] K10385 support=15 orbits=32768 residuals=1722
[2900/3372] K10386 support=14 orbits=24576 residuals=1009
[2901/3372] K10387 support=14 orbits=24576 residuals=885
[2902/3372] K10388 support=14 orbits=24576 residuals=1043
[2903/3372] K10389 support=14 orbits=24576 residuals=1074
[2904/3372] K10390 support=13 orbits=18432 residuals=815
[2905/3372] K10391 support=15 orbits=20480 residuals=1140
[2906/3372] K10392 support=13 orbits=16384 residuals=672
[2907/3372] K10393 support=14 orbits=24576 residuals=674
[2908/3372] K10394 support=12 orbits=6912 residuals=265
[2909/3372] K10395 support=14 orbits=24576 residuals=696
[2910/3372] K10396 support=15 orbits=16640 residuals=610
[2911/3372] K10397 support=12 orbits=7056 residuals=224
[2912/3372] K10398 support=13 orbits=16384 residuals=710
[2913/3372] K10399 support=14 orbits=24576 residuals=650
[2914/3372] K10400 support=15 orbits=32768 residuals=893
[2915/3372] K10401 support=13 orbits=18432 residuals=654
[2916/3372] K10402 support=13 orbits=16384 residuals=671
[2917/3372] K10403 support=13 orbits=18432 residuals=631
[2918/3372] K10404 support=14 orbits=24576 residuals=1071
[2919/3372] K10405 support=14 orbits=24576 residuals=771
[2920/3372] K10406 support=15 orbits=16640 residuals=454
[2921/3372] K10407 support=11 orbits=9216 residuals=465
[2922/3372] K10408 support=11 orbits=10368 residuals=438
[2923/3372] K10409 support=12 orbits=13824 residuals=575
[2924/3372] K10410 support=11 orbits=4992 residuals=257
[2925/3372] K10411 support=11 orbits=5256 residuals=231
[2926/3372] K10412 support=12 orbits=13824 residuals=575
[2927/3372] K10413 support=12 orbits=13824 residuals=576
[2928/3372] K10414 support=15 orbits=32768 residuals=1204
[2929/3372] K10415 support=14 orbits=24576 residuals=835
[2930/3372] K10416 support=14 orbits=24576 residuals=965
[2931/3372] K10417 support=15 orbits=18432 residuals=902
[2932/3372] K10418 support=13 orbits=18432 residuals=528
[2933/3372] K10419 support=13 orbits=18432 residuals=644
[2934/3372] K10420 support=14 orbits=13824 residuals=650
[2935/3372] K10421 support=13 orbits=18432 residuals=574
[2936/3372] K10422 support=13 orbits=18432 residuals=634
[2937/3372] K10423 support=14 orbits=13824 residuals=822
[2938/3372] K10424 support=13 orbits=16384 residuals=814
[2939/3372] K10425 support=14 orbits=24576 residuals=966
[2940/3372] K10426 support=14 orbits=24576 residuals=1146
[2941/3372] K10427 support=15 orbits=32768 residuals=1805
[2942/3372] K10428 support=15 orbits=32768 residuals=1491
[2943/3372] K10429 support=12 orbits=12288 residuals=523
[2944/3372] K10430 support=13 orbits=18432 residuals=630
[2945/3372] K10431 support=13 orbits=18432 residuals=720
[2946/3372] K10432 support=14 orbits=24576 residuals=1264
[2947/3372] K10433 support=15 orbits=18432 residuals=1122
[2948/3372] K10434 support=13 orbits=10368 residuals=375
[2949/3372] K10435 support=15 orbits=32768 residuals=1421
[2950/3372] K10436 support=12 orbits=12288 residuals=626
[2951/3372] K10437 support=13 orbits=18432 residuals=617
[2952/3372] K10438 support=13 orbits=18432 residuals=686
[2953/3372] K10439 support=14 orbits=24576 residuals=1298
[2954/3372] K10440 support=14 orbits=24576 residuals=1195
[2955/3372] K10441 support=14 orbits=24576 residuals=932
[2956/3372] K10442 support=13 orbits=18432 residuals=588
[2957/3372] K10443 support=13 orbits=18432 residuals=711
[2958/3372] K10444 support=14 orbits=24576 residuals=800
[2959/3372] K10445 support=14 orbits=24576 residuals=741
[2960/3372] K10446 support=15 orbits=32768 residuals=1151
[2961/3372] K10447 support=14 orbits=24576 residuals=1035
[2962/3372] K10448 support=13 orbits=5376 residuals=212
[2963/3372] K10449 support=13 orbits=5328 residuals=168
[2964/3372] K10450 support=14 orbits=13824 residuals=535
[2965/3372] K10451 support=13 orbits=18432 residuals=860
[2966/3372] K10452 support=12 orbits=12288 residuals=541
[2967/3372] K10453 support=12 orbits=13824 residuals=553
[2968/3372] K10454 support=13 orbits=18432 residuals=841
[2969/3372] K10455 support=13 orbits=18432 residuals=861
[2970/3372] K10456 support=14 orbits=15360 residuals=864
[2971/3372] K10457 support=14 orbits=15360 residuals=959
[2972/3372] K10458 support=15 orbits=12800 residuals=969
[2973/3372] K10459 support=15 orbits=7040 residuals=457
[2974/3372] K10460 support=13 orbits=18432 residuals=852
[2975/3372] K10461 support=14 orbits=15360 residuals=963
[2976/3372] K10462 support=14 orbits=24576 residuals=989
[2977/3372] K10463 support=15 orbits=32768 residuals=1365
[2978/3372] K10464 support=13 orbits=11520 residuals=548
[2979/3372] K10465 support=15 orbits=12800 residuals=1066
[2980/3372] K10466 support=14 orbits=15360 residuals=907
[2981/3372] K10467 support=15 orbits=16640 residuals=792
[2982/3372] K10468 support=13 orbits=18432 residuals=708
[2983/3372] K10469 support=12 orbits=12288 residuals=541
[2984/3372] K10470 support=12 orbits=13824 residuals=392
[2985/3372] K10471 support=13 orbits=18432 residuals=684
[2986/3372] K10472 support=13 orbits=18432 residuals=664
[2987/3372] K10473 support=13 orbits=9216 residuals=468
[2988/3372] K10474 support=13 orbits=9408 residuals=315
[2989/3372] K10475 support=14 orbits=24576 residuals=1081
[2990/3372] K10476 support=14 orbits=15360 residuals=940
[2991/3372] K10477 support=13 orbits=18432 residuals=639
[2992/3372] K10478 support=14 orbits=8640 residuals=567
[2993/3372] K10479 support=12 orbits=7680 residuals=504
[2994/3372] K10480 support=13 orbits=18432 residuals=654
[2995/3372] K10481 support=14 orbits=24576 residuals=1196
[2996/3372] K10482 support=13 orbits=11520 residuals=521
[2997/3372] K10483 support=13 orbits=18432 residuals=852
[2998/3372] K10484 support=12 orbits=13824 residuals=562
[2999/3372] K10485 support=13 orbits=18432 residuals=860
[3000/3372] K10486 support=13 orbits=18432 residuals=649
[3001/3372] K10487 support=14 orbits=13824 residuals=554
[3002/3372] K10488 support=14 orbits=24576 residuals=1012
[3003/3372] K10489 support=14 orbits=24576 residuals=964
[3004/3372] K10490 support=14 orbits=15360 residuals=751
[3005/3372] K10491 support=14 orbits=15360 residuals=869
[3006/3372] K10492 support=13 orbits=10368 residuals=441
[3007/3372] K10493 support=14 orbits=24576 residuals=883
[3008/3372] K10494 support=14 orbits=24576 residuals=1008
[3009/3372] K10495 support=14 orbits=13824 residuals=693
[3010/3372] K10496 support=14 orbits=24576 residuals=936
[3011/3372] K10497 support=14 orbits=24576 residuals=1034
[3012/3372] K10498 support=14 orbits=24576 residuals=1259
[3013/3372] K10499 support=12 orbits=13824 residuals=578
[3014/3372] K10500 support=14 orbits=15360 residuals=914
[3015/3372] K10501 support=14 orbits=15360 residuals=963
[3016/3372] K10502 support=13 orbits=11520 residuals=640
[3017/3372] K10503 support=14 orbits=24576 residuals=1183
[3018/3372] K10504 support=14 orbits=24576 residuals=1374
[3019/3372] K10505 support=14 orbits=15360 residuals=869
[3020/3372] K10506 support=12 orbits=13824 residuals=447
[3021/3372] K10507 support=13 orbits=9408 residuals=361
[3022/3372] K10508 support=13 orbits=18432 residuals=706
[3023/3372] K10509 support=12 orbits=7488 residuals=317
[3024/3372] K10510 support=13 orbits=11520 residuals=476
[3025/3372] K10511 support=13 orbits=6240 residuals=369
[3026/3372] K10512 support=12 orbits=8640 residuals=541
[3027/3372] K10513 support=13 orbits=18432 residuals=631
[3028/3372] K10514 support=13 orbits=18432 residuals=629
[3029/3372] K10515 support=11 orbits=10368 residuals=665
[3030/3372] K10516 support=12 orbits=13824 residuals=577
[3031/3372] K10517 support=10 orbits=7776 residuals=590
[3032/3372] K10518 support=11 orbits=10368 residuals=469
[3033/3372] K10519 support=13 orbits=18432 residuals=614
[3034/3372] K10520 support=13 orbits=18432 residuals=688
[3035/3372] K10521 support=11 orbits=10368 residuals=645
[3036/3372] K10522 support=13 orbits=18432 residuals=552
[3037/3372] K10523 support=13 orbits=18432 residuals=614
[3038/3372] K10524 support=12 orbits=13824 residuals=422
[3039/3372] K10525 support=14 orbits=24576 residuals=896
[3040/3372] K10526 support=13 orbits=18432 residuals=831
[3041/3372] K10527 support=13 orbits=18432 residuals=893
[3042/3372] K10528 support=13 orbits=11520 residuals=659
[3043/3372] K10529 support=14 orbits=24576 residuals=950
[3044/3372] K10530 support=14 orbits=24576 residuals=916
[3045/3372] K10531 support=14 orbits=24576 residuals=916
[3046/3372] K10532 support=14 orbits=24576 residuals=1062
[3047/3372] K10533 support=14 orbits=24576 residuals=1026
[3048/3372] K10534 support=14 orbits=24576 residuals=1183
[3049/3372] K10535 support=14 orbits=24576 residuals=811
[3050/3372] K10536 support=13 orbits=18432 residuals=654
[3051/3372] K10537 support=13 orbits=18432 residuals=585
[3052/3372] K10538 support=12 orbits=13824 residuals=689
[3053/3372] K10539 support=11 orbits=10368 residuals=688
[3054/3372] K10540 support=13 orbits=10368 residuals=478
[3055/3372] K10541 support=13 orbits=18432 residuals=1008
[3056/3372] K10542 support=13 orbits=10368 residuals=436
[3057/3372] K10543 support=13 orbits=18432 residuals=946
[3058/3372] K10544 support=14 orbits=15360 residuals=963
[3059/3372] K10545 support=12 orbits=8640 residuals=541
[3060/3372] K10546 support=14 orbits=24576 residuals=1069
[3061/3372] K10547 support=14 orbits=13056 residuals=682
[3062/3372] K10548 support=14 orbits=24576 residuals=1166
[3063/3372] K10549 support=14 orbits=24576 residuals=1011
[3064/3372] K10550 support=14 orbits=24576 residuals=1364
[3065/3372] K10551 support=13 orbits=18432 residuals=832
[3066/3372] K10552 support=14 orbits=24576 residuals=922
[3067/3372] K10553 support=14 orbits=24576 residuals=1148
[3068/3372] K10554 support=14 orbits=24576 residuals=1143
[3069/3372] K10555 support=14 orbits=24576 residuals=1061
[3070/3372] K10556 support=14 orbits=24576 residuals=981
[3071/3372] K10557 support=14 orbits=24576 residuals=1110
[3072/3372] K10558 support=14 orbits=24576 residuals=981
[3073/3372] K10559 support=14 orbits=24576 residuals=1297
[3074/3372] K10560 support=14 orbits=24576 residuals=854
[3075/3372] K10561 support=14 orbits=24576 residuals=934
[3076/3372] K10562 support=13 orbits=18432 residuals=776
[3077/3372] K10563 support=13 orbits=18432 residuals=759
[3078/3372] K10564 support=13 orbits=18432 residuals=830
[3079/3372] K10565 support=13 orbits=18432 residuals=649
[3080/3372] K10566 support=13 orbits=18432 residuals=865
[3081/3372] K10567 support=14 orbits=24576 residuals=1183
[3082/3372] K10568 support=14 orbits=24576 residuals=1358
[3083/3372] K10569 support=14 orbits=24576 residuals=1107
[3084/3372] K10570 support=14 orbits=24576 residuals=1062
[3085/3372] K10571 support=13 orbits=18432 residuals=796
[3086/3372] K10572 support=13 orbits=9312 residuals=403
[3087/3372] K10573 support=13 orbits=18432 residuals=651
[3088/3372] K10574 support=13 orbits=9312 residuals=391
[3089/3372] K10575 support=11 orbits=5256 residuals=343
[3090/3372] K10576 support=12 orbits=13824 residuals=577
[3091/3372] K10577 support=13 orbits=5328 residuals=218
[3092/3372] K10578 support=12 orbits=13824 residuals=460
[3093/3372] K10579 support=12 orbits=7200 residuals=449
[3094/3372] K10580 support=13 orbits=11520 residuals=588
[3095/3372] K10581 support=13 orbits=9312 residuals=315
[3096/3372] K10582 support=13 orbits=9312 residuals=433
[3097/3372] K10583 support=13 orbits=9408 residuals=419
[3098/3372] K10584 support=13 orbits=18432 residuals=624
[3099/3372] K10585 support=12 orbits=13824 residuals=847
[3100/3372] K10586 support=12 orbits=7056 residuals=500
[3101/3372] K10587 support=13 orbits=18432 residuals=817
[3102/3372] K10588 support=13 orbits=9408 residuals=419
[3103/3372] K10589 support=13 orbits=18432 residuals=605
[3104/3372] K10590 support=13 orbits=18432 residuals=614
[3105/3372] K10591 support=12 orbits=13824 residuals=524
[3106/3372] K10592 support=13 orbits=18432 residuals=688
[3107/3372] K10593 support=11 orbits=5832 residuals=319
[3108/3372] K10594 support=13 orbits=18432 residuals=728
[3109/3372] K10595 support=12 orbits=13824 residuals=634
[3110/3372] K10596 support=10 orbits=7776 residuals=499
[3111/3372] K10597 support=10 orbits=4212 residuals=265
[3112/3372] K10598 support=12 orbits=13824 residuals=542
[3113/3372] K10599 support=12 orbits=13824 residuals=670
[3114/3372] K10600 support=11 orbits=10368 residuals=464
[3115/3372] K10601 support=11 orbits=10368 residuals=560
[3116/3372] K10602 support=11 orbits=10368 residuals=577
[3117/3372] K10603 support=11 orbits=10368 residuals=645
[3118/3372] K10604 support=14 orbits=24576 residuals=1126
[3119/3372] K10605 support=13 orbits=18432 residuals=964
[3120/3372] K10606 support=12 orbits=13824 residuals=665
[3121/3372] K10607 support=12 orbits=7776 residuals=467
[3122/3372] K10608 support=12 orbits=13824 residuals=960
[3123/3372] K10609 support=13 orbits=18432 residuals=806
[3124/3372] K10610 support=13 orbits=18432 residuals=688
[3125/3372] K10611 support=13 orbits=18432 residuals=807
[3126/3372] K10612 support=12 orbits=13824 residuals=524
[3127/3372] K10613 support=12 orbits=13824 residuals=847
[3128/3372] K10614 support=12 orbits=4536 residuals=195
[3129/3372] K10615 support=11 orbits=10368 residuals=670
[3130/3372] K10616 support=12 orbits=13824 residuals=405
[3131/3372] K10617 support=12 orbits=13824 residuals=542
[3132/3372] K10618 support=12 orbits=13824 residuals=426
[3133/3372] K10619 support=12 orbits=13824 residuals=837
[3134/3372] K10620 support=11 orbits=6480 residuals=535
[3135/3372] K10621 support=14 orbits=24576 residuals=1251
[3136/3372] K10622 support=12 orbits=13824 residuals=960
[3137/3372] K10623 support=14 orbits=15360 residuals=1024
[3138/3372] K10624 support=14 orbits=15360 residuals=1129
[3139/3372] K10625 support=13 orbits=11520 residuals=520
[3140/3372] K10626 support=11 orbits=10368 residuals=670
[3141/3372] K10627 support=12 orbits=7776 residuals=516
[3142/3372] K10628 support=13 orbits=11520 residuals=534
[3143/3372] K10629 support=12 orbits=8640 residuals=478
[3144/3372] K10630 support=15 orbits=18432 residuals=877
[3145/3372] K10631 support=14 orbits=13824 residuals=534
[3146/3372] K10632 support=12 orbits=6912 residuals=255
[3147/3372] K10633 support=14 orbits=7200 residuals=221
[3148/3372] K10634 support=15 orbits=6720 residuals=319
[3149/3372] K10635 support=15 orbits=11520 residuals=645
[3150/3372] K10636 support=13 orbits=4992 residuals=226
[3151/3372] K10637 support=15 orbits=32768 residuals=1316
[3152/3372] K10638 support=15 orbits=20480 residuals=1431
[3153/3372] K10639 support=13 orbits=11520 residuals=645
[3154/3372] K10640 support=13 orbits=11520 residuals=632
[3155/3372] K10641 support=15 orbits=18432 residuals=1122
[3156/3372] K10642 support=13 orbits=10368 residuals=329
[3157/3372] K10643 support=14 orbits=13824 residuals=587
[3158/3372] K10644 support=13 orbits=10368 residuals=453
[3159/3372] K10645 support=14 orbits=13824 residuals=751
[3160/3372] K10646 support=14 orbits=24576 residuals=1192
[3161/3372] K10647 support=14 orbits=24576 residuals=1419
[3162/3372] K10648 support=15 orbits=32768 residuals=1570
[3163/3372] K10649 support=14 orbits=24576 residuals=796
[3164/3372] K10650 support=15 orbits=32768 residuals=1013
[3165/3372] K10651 support=15 orbits=32768 residuals=1141
[3166/3372] K10652 support=15 orbits=32768 residuals=1268
[3167/3372] K10653 support=15 orbits=32768 residuals=1548
[3168/3372] K10654 support=14 orbits=24576 residuals=1027
[3169/3372] K10655 support=14 orbits=24576 residuals=1106
[3170/3372] K10656 support=13 orbits=18432 residuals=778
[3171/3372] K10657 support=12 orbits=12288 residuals=407
[3172/3372] K10658 support=14 orbits=12672 residuals=356
[3173/3372] K10659 support=13 orbits=8448 residuals=284
[3174/3372] K10660 support=14 orbits=12672 residuals=357
[3175/3372] K10661 support=13 orbits=8704 residuals=333
[3176/3372] K10662 support=14 orbits=12480 residuals=324
[3177/3372] K10663 support=14 orbits=12480 residuals=517
[3178/3372] K10664 support=15 orbits=16640 residuals=483
[3179/3372] K10665 support=15 orbits=32768 residuals=1198
[3180/3372] K10666 support=14 orbits=12672 residuals=540
[3181/3372] K10667 support=15 orbits=32768 residuals=1773
[3182/3372] K10668 support=13 orbits=16384 residuals=520
[3183/3372] K10669 support=13 orbits=16384 residuals=779
[3184/3372] K10670 support=12 orbits=12288 residuals=521
[3185/3372] K10671 support=14 orbits=24576 residuals=831
[3186/3372] K10672 support=14 orbits=13056 residuals=647
[3187/3372] K10673 support=15 orbits=20480 residuals=1127
[3188/3372] K10674 support=14 orbits=7872 residuals=540
[3189/3372] K10675 support=15 orbits=32768 residuals=1579
[3190/3372] K10676 support=15 orbits=16512 residuals=520
[3191/3372] K10677 support=15 orbits=16512 residuals=1132
[3192/3372] K10678 support=15 orbits=16512 residuals=862
[3193/3372] K10679 support=15 orbits=16512 residuals=730
[3194/3372] K10680 support=14 orbits=12480 residuals=556
[3195/3372] K10681 support=14 orbits=12480 residuals=707
[3196/3372] K10682 support=14 orbits=13056 residuals=572
[3197/3372] K10683 support=14 orbits=24576 residuals=802
[3198/3372] K10684 support=14 orbits=13056 residuals=536
[3199/3372] K10685 support=14 orbits=24576 residuals=1251
[3200/3372] K10686 support=14 orbits=24576 residuals=1215
[3201/3372] K10687 support=13 orbits=18432 residuals=765
[3202/3372] K10688 support=13 orbits=18432 residuals=784
[3203/3372] K10689 support=14 orbits=24576 residuals=1164
[3204/3372] K10690 support=13 orbits=18432 residuals=806
[3205/3372] K10691 support=13 orbits=18432 residuals=805
[3206/3372] K10692 support=15 orbits=32768 residuals=1325
[3207/3372] K10693 support=14 orbits=24576 residuals=1240
[3208/3372] K10694 support=13 orbits=8704 residuals=333
[3209/3372] K10695 support=14 orbits=15360 residuals=828
[3210/3372] K10696 support=15 orbits=20480 residuals=1191
[3211/3372] K10697 support=15 orbits=20480 residuals=1329
[3212/3372] K10698 support=15 orbits=32768 residuals=1645
[3213/3372] K10699 support=14 orbits=9600 residuals=675
[3214/3372] K10700 support=14 orbits=12672 residuals=525
[3215/3372] K10701 support=12 orbits=12288 residuals=387
[3216/3372] K10702 support=14 orbits=24576 residuals=800
[3217/3372] K10703 support=14 orbits=24576 residuals=1247
[3218/3372] K10704 support=13 orbits=16384 residuals=626
[3219/3372] K10705 support=12 orbits=12288 residuals=540
[3220/3372] K10706 support=13 orbits=16384 residuals=589
[3221/3372] K10707 support=12 orbits=12288 residuals=509
[3222/3372] K10708 support=14 orbits=9600 residuals=627
[3223/3372] K10709 support=14 orbits=12672 residuals=493
[3224/3372] K10710 support=11 orbits=9216 residuals=434
[3225/3372] K10711 support=13 orbits=9216 residuals=308
[3226/3372] K10712 support=13 orbits=16384 residuals=626
[3227/3372] K10713 support=13 orbits=18432 residuals=777
[3228/3372] K10714 support=13 orbits=11520 residuals=548
[3229/3372] K10715 support=13 orbits=9792 residuals=449
[3230/3372] K10716 support=14 orbits=24576 residuals=1302
[3231/3372] K10717 support=14 orbits=12480 residuals=558
[3232/3372] K10718 support=15 orbits=9344 residuals=482
[3233/3372] K10719 support=14 orbits=7872 residuals=540
[3234/3372] K10720 support=14 orbits=24576 residuals=868
[3235/3372] K10721 support=13 orbits=6480 residuals=290
[3236/3372] K10722 support=14 orbits=24576 residuals=1011
[3237/3372] K10723 support=14 orbits=15360 residuals=764
[3238/3372] K10724 support=12 orbits=8640 residuals=430
[3239/3372] K10725 support=12 orbits=4680 residuals=242
[3240/3372] K10726 support=14 orbits=24576 residuals=1090
[3241/3372] K10727 support=13 orbits=18432 residuals=680
[3242/3372] K10728 support=13 orbits=18432 residuals=818
[3243/3372] K10729 support=14 orbits=5040 residuals=254
[3244/3372] K10730 support=13 orbits=11520 residuals=593
[3245/3372] K10731 support=14 orbits=8640 residuals=546
[3246/3372] K10732 support=13 orbits=11520 residuals=593
[3247/3372] K10733 support=14 orbits=8640 residuals=572
[3248/3372] K10734 support=13 orbits=11520 residuals=555
[3249/3372] K10735 support=14 orbits=13824 residuals=545
[3250/3372] K10736 support=13 orbits=5616 residuals=196
[3251/3372] K10737 support=14 orbits=15360 residuals=674
[3252/3372] K10738 support=14 orbits=13824 residuals=693
[3253/3372] K10739 support=14 orbits=13824 residuals=559
[3254/3372] K10740 support=14 orbits=7488 residuals=258
[3255/3372] K10741 support=14 orbits=24576 residuals=1147
[3256/3372] K10742 support=14 orbits=24576 residuals=1029
[3257/3372] K10743 support=14 orbits=24576 residuals=1290
[3258/3372] K10744 support=13 orbits=18432 residuals=748
[3259/3372] K10745 support=14 orbits=24576 residuals=872
[3260/3372] K10746 support=13 orbits=10368 residuals=481
[3261/3372] K10747 support=13 orbits=18432 residuals=711
[3262/3372] K10748 support=13 orbits=11520 residuals=640
[3263/3372] K10749 support=14 orbits=15360 residuals=807
[3264/3372] K10750 support=14 orbits=13056 residuals=619
[3265/3372] K10751 support=13 orbits=11520 residuals=676
[3266/3372] K10752 support=13 orbits=10368 residuals=408
[3267/3372] K10753 support=13 orbits=18432 residuals=747
[3268/3372] K10754 support=12 orbits=13824 residuals=405
[3269/3372] K10755 support=12 orbits=13824 residuals=492
[3270/3372] K10756 support=11 orbits=10368 residuals=688
[3271/3372] K10757 support=11 orbits=10368 residuals=565
[3272/3372] K10758 support=11 orbits=5400 residuals=285
[3273/3372] K10759 support=12 orbits=13824 residuals=516
[3274/3372] K10760 support=12 orbits=13824 residuals=670
[3275/3372] K10761 support=12 orbits=7056 residuals=181
[3276/3372] K10762 support=12 orbits=7056 residuals=283
[3277/3372] K10763 support=12 orbits=13824 residuals=689
[3278/3372] K10764 support=14 orbits=13824 residuals=586
[3279/3372] K10765 support=14 orbits=13824 residuals=718
[3280/3372] K10766 support=14 orbits=13824 residuals=718
[3281/3372] K10767 support=12 orbits=7776 residuals=467
[3282/3372] K10768 support=13 orbits=10368 residuals=478
[3283/3372] K10769 support=14 orbits=12672 residuals=511
[3284/3372] K10770 support=14 orbits=15360 residuals=928
[3285/3372] K10771 support=14 orbits=15360 residuals=928
[3286/3372] K10772 support=14 orbits=15360 residuals=701
[3287/3372] K10773 support=13 orbits=6336 residuals=328
[3288/3372] K10774 support=14 orbits=12480 residuals=514
[3289/3372] K10775 support=14 orbits=24576 residuals=1042
[3290/3372] K10776 support=14 orbits=24576 residuals=1024
[3291/3372] K10777 support=14 orbits=24576 residuals=1357
[3292/3372] K10778 support=13 orbits=9504 residuals=425
[3293/3372] K10779 support=14 orbits=12480 residuals=514
[3294/3372] K10780 support=14 orbits=7488 residuals=440
[3295/3372] K10781 support=13 orbits=18432 residuals=849
[3296/3372] K10782 support=13 orbits=18432 residuals=964
[3297/3372] K10783 support=14 orbits=24576 residuals=997
[3298/3372] K10784 support=13 orbits=18432 residuals=832
[3299/3372] K10785 support=14 orbits=24576 residuals=857
[3300/3372] K10786 support=14 orbits=24576 residuals=940
[3301/3372] K10787 support=14 orbits=24576 residuals=1164
[3302/3372] K10788 support=13 orbits=18432 residuals=728
[3303/3372] K10789 support=12 orbits=13824 residuals=665
[3304/3372] K10790 support=13 orbits=18432 residuals=640
[3305/3372] K10791 support=12 orbits=7776 residuals=411
[3306/3372] K10792 support=13 orbits=18432 residuals=629
[3307/3372] K10793 support=12 orbits=13824 residuals=577
[3308/3372] K10794 support=12 orbits=13824 residuals=540
[3309/3372] K10795 support=13 orbits=18432 residuals=611
[3310/3372] K10796 support=14 orbits=15360 residuals=771
[3311/3372] K10797 support=14 orbits=15360 residuals=660
[3312/3372] K10798 support=14 orbits=15360 residuals=1013
[3313/3372] K10799 support=13 orbits=6048 residuals=335
[3314/3372] K10800 support=13 orbits=9312 residuals=552
[3315/3372] K10801 support=11 orbits=2952 residuals=165
[3316/3372] K10802 support=13 orbits=3336 residuals=183
[3317/3372] K10803 support=13 orbits=5952 residuals=355
[3318/3372] K10804 support=14 orbits=13056 residuals=566
[3319/3372] K10805 support=14 orbits=12672 residuals=455
[3320/3372] K10806 support=14 orbits=12672 residuals=651
[3321/3372] K10807 support=13 orbits=18432 residuals=843
[3322/3372] K10808 support=13 orbits=18432 residuals=647
[3323/3372] K10809 support=11 orbits=10368 residuals=645
[3324/3372] K10810 support=13 orbits=18432 residuals=817
[3325/3372] K10811 support=13 orbits=18432 residuals=807
[3326/3372] K10812 support=13 orbits=18432 residuals=794
[3327/3372] K10813 support=13 orbits=18432 residuals=712
[3328/3372] K10814 support=13 orbits=18432 residuals=712
[3329/3372] K10815 support=13 orbits=18432 residuals=806
[3330/3372] K10816 support=14 orbits=24576 residuals=1367
[3331/3372] K10817 support=13 orbits=18432 residuals=843
[3332/3372] K10818 support=13 orbits=18432 residuals=946
[3333/3372] K10819 support=13 orbits=18432 residuals=946
[3334/3372] K10820 support=12 orbits=13824 residuals=670
[3335/3372] K10821 support=12 orbits=13824 residuals=670
[3336/3372] K10822 support=12 orbits=13824 residuals=438
[3337/3372] K10823 support=11 orbits=5616 residuals=301
[3338/3372] K10824 support=12 orbits=7200 residuals=283
[3339/3372] K10825 support=14 orbits=8064 residuals=446
[3340/3372] K10826 support=13 orbits=7200 residuals=533
[3341/3372] K10827 support=14 orbits=8064 residuals=446
[3342/3372] K10828 support=13 orbits=11520 residuals=588
[3343/3372] K10829 support=13 orbits=9792 residuals=445
[3344/3372] K10830 support=13 orbits=18432 residuals=656
[3345/3372] K10831 support=11 orbits=9216 residuals=468
[3346/3372] K10832 support=13 orbits=10368 residuals=329
[3347/3372] K10833 support=11 orbits=9216 residuals=437
[3348/3372] K10834 support=13 orbits=10368 residuals=319
[3349/3372] K10835 support=13 orbits=18432 residuals=613
[3350/3372] K10836 support=13 orbits=9792 residuals=352
[3351/3372] K10837 support=11 orbits=9216 residuals=415
[3352/3372] K10838 support=13 orbits=18432 residuals=628
[3353/3372] K10839 support=13 orbits=18432 residuals=528
[3354/3372] K10840 support=11 orbits=9216 residuals=441
[3355/3372] K10841 support=11 orbits=5400 residuals=357
[3356/3372] K10842 support=12 orbits=7056 residuals=241
[3357/3372] K10843 support=11 orbits=5616 residuals=271
[3358/3372] K10844 support=12 orbits=2456 residuals=108
[3359/3372] K10845 support=10 orbits=3744 residuals=263
[3360/3372] K10846 support=11 orbits=9216 residuals=665
[3361/3372] K10847 support=11 orbits=5256 residuals=259
[3362/3372] K10848 support=12 orbits=13824 residuals=482
[3363/3372] K10849 support=11 orbits=5256 residuals=230
[3364/3372] K10850 support=12 orbits=13824 residuals=466
[3365/3372] K10851 support=10 orbits=3996 residuals=245
[3366/3372] K10852 support=11 orbits=10368 residuals=588
[3367/3372] K10853 support=10 orbits=3996 residuals=288
[3368/3372] K10854 support=13 orbits=11520 residuals=632
[3369/3372] K10855 support=11 orbits=9216 residuals=662
[3370/3372] K10856 support=13 orbits=11520 residuals=645
[3371/3372] K10857 support=13 orbits=18432 residuals=640
[3372/3372] K10858 support=13 orbits=18432 residuals=765
order=9 kernels=562 physical=11815008 orbits=9267632
residuals=405394 targets=6486304
full_theorem=false
raw_bytes=38365396 compressed_bytes=463368 raw_sha256=d56e9117bb04e508177693f383aa31a3e3928254f544a4c4842e41c7a54ff94b artifact_sha256=4ce0e726bf6aaa32ae0167bb9bbc5b0c6ccb186cb6cc4092afe8c3634a0f1163
