[93/183] K16861 support=14 orbits=41760 residuals=7520
[94/183] K16862 support=14 orbits=41760 residuals=8544
[95/183] K16863 support=14 orbits=41760 residuals=7519
[96/183] K16864 support=14 orbits=21240 residuals=4178
[97/183] K16865 support=14 orbits=26208 residuals=6763
[98/183] K16866 support=14 orbits=42336 residuals=7944
[99/183] K16867 support=14 orbits=82944 residuals=18438
[100/183] K16868 support=14 orbits=23976 residuals=4900
[101/183] K16869 support=14 orbits=42336 residuals=8881
[102/183] K16870 support=14 orbits=82944 residuals=14502
[103/183] K16871 support=14 orbits=82944 residuals=15454
[104/183] K16872 support=14 orbits=11454 residuals=2268
[105/183] K16873 support=14 orbits=23040 residuals=4077
[106/183] K16874 support=14 orbits=44928 residuals=8487
[107/183] K16875 support=15 orbits=37440 residuals=8347
[108/183] K16876 support=15 orbits=11244 residuals=2087
[109/183] K16877 support=15 orbits=56448 residuals=11219
[110/183] K16878 support=15 orbits=19024 residuals=3518
[111/183] K16879 support=15 orbits=55872 residuals=8379
[112/183] K16880 support=15 orbits=110592 residuals=22438
[113/183] K16881 support=15 orbits=62208 residuals=11311
[114/183] K16882 support=15 orbits=110592 residuals=16822
[115/183] K16883 support=15 orbits=110592 residuals=17746
[116/183] K16884 support=15 orbits=110592 residuals=17863
[117/183] K16885 support=15 orbits=57600 residuals=11636
[118/183] K16886 support=15 orbits=110592 residuals=20558
[119/183] K16887 support=15 orbits=110592 residuals=20811
[120/183] K16888 support=15 orbits=55872 residuals=9193
[121/183] K16889 support=15 orbits=56448 residuals=9072
[122/183] K16890 support=15 orbits=55584 residuals=9155
[123/183] K16891 support=15 orbits=55872 residuals=10588
[124/183] K16892 support=15 orbits=55872 residuals=9011
[125/183] K16893 support=15 orbits=110592 residuals=20163
[126/183] K16894 support=15 orbits=55872 residuals=9271
[127/183] K16895 support=15 orbits=35136 residuals=8537
[128/183] K16896 support=15 orbits=35136 residuals=7725
[129/183] K16897 support=15 orbits=110592 residuals=21989
[130/183] K16898 support=15 orbits=110592 residuals=22516
[131/183] K16899 support=15 orbits=62208 residuals=11436
[132/183] K16900 support=15 orbits=110592 residuals=21987
[133/183] K16901 support=15 orbits=69120 residuals=16722
[134/183] K16902 support=15 orbits=28944 residuals=4877
[135/183] K16903 support=15 orbits=9946 residuals=1460
[136/183] K16904 support=15 orbits=10090 residuals=2464
[137/183] K16905 support=15 orbits=28944 residuals=4328
[138/183] K16906 support=15 orbits=30816 residuals=5779
[139/183] K16907 support=15 orbits=110592 residuals=22812
[140/183] K16908 support=15 orbits=55872 residuals=10199
[141/183] K16909 support=15 orbits=55872 residuals=10085
[142/183] K16910 support=15 orbits=56448 residuals=10921
[143/183] K16911 support=15 orbits=55872 residuals=13503
[144/183] K16912 support=15 orbits=55872 residuals=12456
[145/183] K16913 support=15 orbits=18468 residuals=3921
[146/183] K16914 support=15 orbits=35136 residuals=8171
[147/183] K16915 support=15 orbits=31536 residuals=8008
[148/183] K16916 support=15 orbits=69120 residuals=15159
[149/183] K16917 support=15 orbits=19024 residuals=3447
[150/183] K16918 support=15 orbits=110592 residuals=19180
[151/183] K16919 support=15 orbits=55872 residuals=8862
[152/183] K16920 support=15 orbits=58752 residuals=11581
[153/183] K16921 support=15 orbits=56448 residuals=10790
[154/183] K16922 support=15 orbits=110592 residuals=21186
[155/183] K16923 support=15 orbits=31968 residuals=5712
[156/183] K16924 support=15 orbits=110592 residuals=22438
[157/183] K16925 support=16 orbits=40704 residuals=8086
[158/183] K16926 support=16 orbits=13536 residuals=2597
[159/183] K16927 support=16 orbits=23040 residuals=5232
[160/183] K16928 support=16 orbits=25728 residuals=5436
[161/183] K16929 support=15 orbits=17712 residuals=3040
[162/183] K16930 support=15 orbits=31104 residuals=5507
[163/183] K16931 support=15 orbits=59904 residuals=11287
[164/183] K16932 support=16 orbits=46464 residuals=9694
[165/183] K16933 support=16 orbits=147456 residuals=27536
[166/183] K16934 support=16 orbits=147456 residuals=29549
[167/183] K16935 support=16 orbits=82944 residuals=14651
[168/183] K16936 support=16 orbits=92160 residuals=18780
[169/183] K16937 support=16 orbits=40128 residuals=7786
[170/183] K16938 support=16 orbits=147456 residuals=25306
[171/183] K16939 support=16 orbits=74112 residuals=13065
[172/183] K16940 support=16 orbits=48000 residuals=12054
[173/183] K16941 support=16 orbits=92160 residuals=20535
[174/183] K16942 support=16 orbits=147456 residuals=27642
[175/183] K16943 support=16 orbits=92160 residuals=23357
[176/183] K16944 support=16 orbits=147456 residuals=31610
[177/183] K16945 support=16 orbits=42048 residuals=7300
[178/183] K16946 support=16 orbits=78336 residuals=15222
[179/183] K16947 support=16 orbits=74112 residuals=12783
[180/183] K16948 support=16 orbits=74496 residuals=14671
[181/183] K16949 support=16 orbits=74112 residuals=15974
[182/183] K16950 support=16 orbits=48384 residuals=9767
[183/183] K16951 support=16 orbits=147456 residuals=31027
order=12 kernels=91 physical=10561536 orbits=5815954
residuals=1126408 targets=21401752
raw_bytes=108653943 compressed_bytes=1113212 raw_sha256=be31699a8565ed6e7f1bccb545fc6ac3754fce967acae208f192fa8a1cbb38eb artifact_sha256=4da6726ebc1affcd4402c097b069396405bc0c3f845ca3dd410cbf2d4e46d5d8
full_theorem=false
