[1/562] K7487 support=10 orbits=4536 residuals=297
[2/562] K7488 support=12 orbits=5040 residuals=295
[3/562] K7489 support=11 orbits=6048 residuals=303
[4/562] K7490 support=12 orbits=8064 residuals=287
[5/562] K7491 support=12 orbits=8064 residuals=287
[6/562] K7492 support=11 orbits=6048 residuals=312
[7/562] K7493 support=13 orbits=6720 residuals=329
[8/562] K7494 support=13 orbits=6720 residuals=329
[9/562] K7495 support=11 orbits=6048 residuals=303
[10/562] K7496 support=10 orbits=4536 residuals=297
[11/562] K7497 support=12 orbits=5040 residuals=295
[12/562] K7498 support=11 orbits=6048 residuals=312
[13/562] K7499 support=11 orbits=6048 residuals=303
[14/562] K7500 support=11 orbits=6048 residuals=303
[15/562] K7501 support=11 orbits=3276 residuals=163
[16/562] K7502 support=13 orbits=3528 residuals=145
[17/562] K7503 support=13 orbits=3528 residuals=145
[18/562] K7504 support=13 orbits=10752 residuals=435
[19/562] K7505 support=12 orbits=4536 residuals=159
[20/562] K7506 support=13 orbits=6048 residuals=317
[21/562] K7507 support=12 orbits=5040 residuals=295
[22/562] K7508 support=11 orbits=3276 residuals=163
[23/562] K7509 support=12 orbits=8064 residuals=344
[24/562] K7510 support=13 orbits=10752 residuals=435
[25/562] K7511 support=12 orbits=8064 residuals=344
[26/562] K7512 support=12 orbits=8064 residuals=344
[27/562] K7513 support=12 orbits=5040 residuals=295
[28/562] K7514 support=13 orbits=6048 residuals=317
[29/562] K7515 support=12 orbits=8064 residuals=344
[30/562] K7516 support=12 orbits=4536 residuals=159
[31/562] K7517 support=11 orbits=10368 residuals=466
[32/562] K7518 support=10 orbits=7776 residuals=471
[33/562] K7519 support=12 orbits=8640 residuals=450
[34/562] K7520 support=12 orbits=13824 residuals=425
[35/562] K7521 support=11 orbits=10368 residuals=494
[36/562] K7522 support=13 orbits=11520 residuals=491
[37/562] K7523 support=11 orbits=10368 residuals=466
[38/562] K7524 support=10 orbits=7776 residuals=471
[39/562] K7525 support=11 orbits=5616 residuals=253
[40/562] K7526 support=11 orbits=10368 residuals=466
[41/562] K7527 support=12 orbits=8640 residuals=450
[42/562] K7528 support=13 orbits=6048 residuals=212
[43/562] K7529 support=13 orbits=18432 residuals=625
[44/562] K7530 support=12 orbits=7056 residuals=214
[45/562] K7531 support=12 orbits=13824 residuals=467
[46/562] K7532 support=12 orbits=13824 residuals=524
[47/562] K7533 support=11 orbits=10368 residuals=443
[48/562] K7534 support=11 orbits=5256 residuals=231
[49/562] K7535 support=12 orbits=13824 residuals=524
[50/562] K7536 support=12 orbits=13824 residuals=514
[51/562] K7537 support=12 orbits=8640 residuals=450
[52/562] K7538 support=12 orbits=7776 residuals=236
[53/562] K7539 support=11 orbits=10368 residuals=562
[54/562] K7540 support=11 orbits=10368 residuals=433
[55/562] K7541 support=13 orbits=10368 residuals=468
[56/562] K7542 support=12 orbits=13824 residuals=514
[57/562] K7543 support=11 orbits=10368 residuals=562
[58/562] K7544 support=12 orbits=13824 residuals=420
[59/562] K7545 support=11 orbits=10368 residuals=497
[60/562] K7546 support=12 orbits=13824 residuals=424
[61/562] K7547 support=13 orbits=9408 residuals=314
[62/562] K7548 support=13 orbits=11520 residuals=490
[63/562] K7549 support=11 orbits=10368 residuals=464
[64/562] K7550 support=11 orbits=10368 residuals=464
[65/562] K7551 support=12 orbits=13824 residuals=512
[66/562] K7552 support=12 orbits=8640 residuals=453
[67/562] K7553 support=10 orbits=3996 residuals=245
[68/562] K7554 support=12 orbits=1518 residuals=62
[69/562] K7555 support=12 orbits=7200 residuals=304
[70/562] K7556 support=11 orbits=5400 residuals=239
[71/562] K7557 support=11 orbits=10368 residuals=464
[72/562] K7558 support=11 orbits=10368 residuals=497
[73/562] K7559 support=13 orbits=9312 residuals=276
[74/562] K7560 support=13 orbits=10368 residuals=346
[75/562] K7561 support=13 orbits=9792 residuals=353
[76/562] K7562 support=12 orbits=13824 residuals=538
[77/562] K7563 support=13 orbits=9312 residuals=267
[78/562] K7564 support=12 orbits=7056 residuals=198
[79/562] K7565 support=13 orbits=18432 residuals=638
[80/562] K7566 support=13 orbits=18432 residuals=508
[81/562] K7567 support=13 orbits=18432 residuals=599
[82/562] K7568 support=12 orbits=13824 residuals=409
[83/562] K7569 support=10 orbits=7776 residuals=461
[84/562] K7570 support=12 orbits=13824 residuals=410
[85/562] K7571 support=10 orbits=7776 residuals=590
[86/562] K7572 support=10 orbits=3996 residuals=245
[87/562] K7573 support=12 orbits=13824 residuals=384
[88/562] K7574 support=12 orbits=8640 residuals=593
[89/562] K7575 support=10 orbits=7776 residuals=461
[90/562] K7576 support=11 orbits=10368 residuals=600
[91/562] K7577 support=13 orbits=18432 residuals=700
[92/562] K7578 support=12 orbits=7776 residuals=295
[93/562] K7579 support=13 orbits=18432 residuals=736
[94/562] K7580 support=11 orbits=10368 residuals=497
[95/562] K7581 support=11 orbits=10368 residuals=469
[96/562] K7582 support=11 orbits=5256 residuals=225
[97/562] K7583 support=11 orbits=10368 residuals=600
[98/562] K7584 support=11 orbits=5616 residuals=325
[99/562] K7585 support=10 orbits=3996 residuals=245
[100/562] K7586 support=11 orbits=5616 residuals=377
[101/562] K7587 support=13 orbits=9312 residuals=403
[102/562] K7588 support=13 orbits=18432 residuals=789
[103/562] K7589 support=12 orbits=13824 residuals=524
[104/562] K7590 support=12 orbits=13824 residuals=689
[105/562] K7591 support=12 orbits=13824 residuals=682
[106/562] K7592 support=11 orbits=10368 residuals=560
[107/562] K7593 support=11 orbits=10368 residuals=464
[108/562] K7594 support=11 orbits=10368 residuals=565
[109/562] K7595 support=13 orbits=18432 residuals=624
[110/562] K7596 support=13 orbits=5328 residuals=166
[111/562] K7597 support=13 orbits=6048 residuals=248
[112/562] K7598 support=12 orbits=4464 residuals=242
[113/562] K7599 support=12 orbits=7200 residuals=224
[114/562] K7600 support=12 orbits=13824 residuals=523
[115/562] K7601 support=12 orbits=13824 residuals=397
[116/562] K7602 support=12 orbits=7488 residuals=317
[117/562] K7603 support=12 orbits=13824 residuals=667
[118/562] K7604 support=12 orbits=7056 residuals=281
[119/562] K7605 support=13 orbits=18432 residuals=769
[120/562] K7606 support=12 orbits=13824 residuals=523
[121/562] K7607 support=12 orbits=13824 residuals=511
[122/562] K7608 support=11 orbits=10368 residuals=469
[123/562] K7609 support=12 orbits=13824 residuals=667
[124/562] K7610 support=13 orbits=6240 residuals=369
[125/562] K7611 support=11 orbits=5256 residuals=343
[126/562] K7612 support=13 orbits=5136 residuals=191
[127/562] K7613 support=13 orbits=9408 residuals=333
[128/562] K7614 support=13 orbits=10368 residuals=569
[129/562] K7615 support=11 orbits=5400 residuals=273
[130/562] K7616 support=12 orbits=8640 residuals=448
[131/562] K7617 support=13 orbits=10368 residuals=354
[132/562] K7618 support=13 orbits=10368 residuals=348
[133/562] K7619 support=13 orbits=10368 residuals=348
[134/562] K7620 support=14 orbits=8640 residuals=420
[135/562] K7621 support=14 orbits=13824 residuals=505
[136/562] K7622 support=12 orbits=13824 residuals=424
[137/562] K7623 support=13 orbits=11520 residuals=490
[138/562] K7624 support=13 orbits=11520 residuals=492
[139/562] K7625 support=13 orbits=11520 residuals=492
[140/562] K7626 support=12 orbits=13824 residuals=435
[141/562] K7627 support=14 orbits=7200 residuals=254
[142/562] K7628 support=14 orbits=12672 residuals=388
[143/562] K7629 support=14 orbits=4896 residuals=194
[144/562] K7630 support=14 orbits=12672 residuals=460
[145/562] K7631 support=14 orbits=24576 residuals=697
[146/562] K7632 support=12 orbits=7200 residuals=394
[147/562] K7633 support=14 orbits=8064 residuals=512
[148/562] K7634 support=14 orbits=15360 residuals=808
[149/562] K7635 support=12 orbits=7776 residuals=246
[150/562] K7636 support=13 orbits=9792 residuals=421
[151/562] K7637 support=11 orbits=10368 residuals=497
[152/562] K7638 support=13 orbits=10368 residuals=346
[153/562] K7639 support=12 orbits=13824 residuals=409
[154/562] K7640 support=13 orbits=18432 residuals=638
[155/562] K7641 support=12 orbits=13824 residuals=372
[156/562] K7642 support=14 orbits=24576 residuals=1039
[157/562] K7643 support=14 orbits=24576 residuals=832
[158/562] K7644 support=14 orbits=13056 residuals=465
[159/562] K7645 support=13 orbits=18432 residuals=688
[160/562] K7646 support=13 orbits=18432 residuals=724
[161/562] K7647 support=14 orbits=24576 residuals=689
[162/562] K7648 support=14 orbits=24576 residuals=1076
[163/562] K7649 support=14 orbits=24576 residuals=1027
[164/562] K7650 support=14 orbits=24576 residuals=1129
[165/562] K7651 support=12 orbits=13824 residuals=587
[166/562] K7652 support=13 orbits=18432 residuals=770
[167/562] K7653 support=12 orbits=13824 residuals=576
[168/562] K7654 support=12 orbits=13824 residuals=576
[169/562] K7655 support=12 orbits=13824 residuals=536
[170/562] K7656 support=11 orbits=10368 residuals=588
[171/562] K7657 support=12 orbits=13824 residuals=576
[172/562] K7658 support=14 orbits=24576 residuals=1005
[173/562] K7659 support=13 orbits=18432 residuals=645
[174/562] K7660 support=13 orbits=18432 residuals=645
[175/562] K7661 support=13 orbits=18432 residuals=660
[176/562] K7662 support=13 orbits=18432 residuals=735
[177/562] K7663 support=13 orbits=18432 residuals=649
[178/562] K7664 support=13 orbits=18432 residuals=638
[179/562] K7665 support=12 orbits=13824 residuals=447
[180/562] K7666 support=12 orbits=13824 residuals=398
[181/562] K7667 support=12 orbits=13824 residuals=538
[182/562] K7668 support=13 orbits=18432 residuals=794
[183/562] K7669 support=13 orbits=18432 residuals=639
[184/562] K7670 support=14 orbits=24576 residuals=939
[185/562] K7671 support=13 orbits=18432 residuals=859
[186/562] K7672 support=13 orbits=18432 residuals=696
[187/562] K7673 support=12 orbits=13824 residuals=535
[188/562] K7674 support=12 orbits=13824 residuals=523
[189/562] K7675 support=14 orbits=24576 residuals=1076
[190/562] K7676 support=14 orbits=13824 residuals=540
[191/562] K7677 support=14 orbits=13824 residuals=521
[192/562] K7678 support=14 orbits=24576 residuals=987
[193/562] K7679 support=13 orbits=11520 residuals=559
[194/562] K7680 support=13 orbits=18432 residuals=861
[195/562] K7681 support=13 orbits=18432 residuals=861
[196/562] K7682 support=14 orbits=24576 residuals=1005
[197/562] K7683 support=13 orbits=18432 residuals=649
[198/562] K7684 support=11 orbits=10368 residuals=469
[199/562] K7685 support=14 orbits=24576 residuals=995
[200/562] K7686 support=13 orbits=18432 residuals=681
[201/562] K7687 support=13 orbits=18432 residuals=681
[202/562] K7688 support=14 orbits=13056 residuals=465
[203/562] K7689 support=14 orbits=24576 residuals=1069
[204/562] K7690 support=12 orbits=13824 residuals=460
[205/562] K7691 support=13 orbits=18432 residuals=639
[206/562] K7692 support=11 orbits=10368 residuals=464
[207/562] K7693 support=12 orbits=8640 residuals=453
[208/562] K7694 support=12 orbits=4624 residuals=174
[209/562] K7695 support=10 orbits=7776 residuals=590
[210/562] K7696 support=13 orbits=18432 residuals=624
[211/562] K7697 support=12 orbits=7776 residuals=295
[212/562] K7698 support=13 orbits=18432 residuals=736
[213/562] K7699 support=12 orbits=8640 residuals=593
[214/562] K7700 support=11 orbits=10368 residuals=600
[215/562] K7701 support=11 orbits=5616 residuals=325
[216/562] K7702 support=13 orbits=18432 residuals=700
[217/562] K7703 support=11 orbits=10368 residuals=600
[218/562] K7704 support=13 orbits=6048 residuals=248
[219/562] K7705 support=12 orbits=13824 residuals=667
[220/562] K7706 support=12 orbits=13824 residuals=667
[221/562] K7707 support=13 orbits=10368 residuals=569
[222/562] K7708 support=12 orbits=8640 residuals=448
[223/562] K7709 support=10 orbits=7776 residuals=461
[224/562] K7710 support=12 orbits=13824 residuals=538
[225/562] K7711 support=13 orbits=18432 residuals=638
[226/562] K7712 support=11 orbits=10368 residuals=497
[227/562] K7713 support=11 orbits=10368 residuals=565
[228/562] K7714 support=11 orbits=10368 residuals=469
[229/562] K7715 support=13 orbits=11520 residuals=476
[230/562] K7716 support=13 orbits=18432 residuals=776
[231/562] K7717 support=12 orbits=7056 residuals=228
[232/562] K7718 support=12 orbits=13824 residuals=536
[233/562] K7719 support=12 orbits=7200 residuals=364
[234/562] K7720 support=11 orbits=2184 residuals=111
[235/562] K7721 support=10 orbits=7776 residuals=461
[236/562] K7722 support=12 orbits=13824 residuals=501
[237/562] K7723 support=12 orbits=13824 residuals=467
[238/562] K7724 support=10 orbits=7776 residuals=544
[239/562] K7725 support=12 orbits=13824 residuals=398
[240/562] K7726 support=12 orbits=13824 residuals=524
[241/562] K7727 support=12 orbits=13824 residuals=411
[242/562] K7728 support=12 orbits=13824 residuals=689
[243/562] K7729 support=12 orbits=13824 residuals=664
[244/562] K7730 support=12 orbits=13824 residuals=512
[245/562] K7731 support=13 orbits=18432 residuals=623
[246/562] K7732 support=12 orbits=8640 residuals=448
[247/562] K7733 support=11 orbits=10368 residuals=588
[248/562] K7734 support=11 orbits=10368 residuals=464
[249/562] K7735 support=10 orbits=7776 residuals=461
[250/562] K7736 support=11 orbits=10368 residuals=469
[251/562] K7737 support=13 orbits=10368 residuals=337
[252/562] K7738 support=12 orbits=13824 residuals=448
[253/562] K7739 support=13 orbits=18432 residuals=708
[254/562] K7740 support=13 orbits=18432 residuals=693
[255/562] K7741 support=13 orbits=11520 residuals=703
[256/562] K7742 support=11 orbits=10368 residuals=560
[257/562] K7743 support=12 orbits=7200 residuals=364
[258/562] K7744 support=12 orbits=13824 residuals=483
[259/562] K7745 support=12 orbits=13824 residuals=682
[260/562] K7746 support=12 orbits=13824 residuals=466
[261/562] K7747 support=12 orbits=13824 residuals=666
[262/562] K7748 support=12 orbits=13824 residuals=606
[263/562] K7749 support=13 orbits=10368 residuals=362
[264/562] K7750 support=13 orbits=18432 residuals=732
[265/562] K7751 support=12 orbits=7776 residuals=285
[266/562] K7752 support=11 orbits=10368 residuals=497
[267/562] K7753 support=12 orbits=13824 residuals=577
[268/562] K7754 support=12 orbits=13824 residuals=664
[269/562] K7755 support=12 orbits=13824 residuals=512
[270/562] K7756 support=12 orbits=13824 residuals=411
[271/562] K7757 support=11 orbits=10368 residuals=565
[272/562] K7758 support=13 orbits=11520 residuals=476
[273/562] K7759 support=11 orbits=10368 residuals=565
[274/562] K7760 support=11 orbits=10368 residuals=497
[275/562] K7761 support=10 orbits=7776 residuals=461
[276/562] K7762 support=10 orbits=7776 residuals=471
[277/562] K7763 support=13 orbits=18432 residuals=776
[278/562] K7764 support=13 orbits=18432 residuals=623
[279/562] K7765 support=12 orbits=13824 residuals=704
[280/562] K7766 support=11 orbits=10368 residuals=665
[281/562] K7767 support=12 orbits=13824 residuals=577
[282/562] K7768 support=12 orbits=7776 residuals=285
[283/562] K7769 support=10 orbits=6912 residuals=497
[284/562] K7770 support=11 orbits=10368 residuals=464
[285/562] K7771 support=9 orbits=5184 residuals=422
[286/562] K7772 support=12 orbits=13824 residuals=577
[287/562] K7773 support=10 orbits=7776 residuals=471
[288/562] K7774 support=12 orbits=8640 residuals=453
[289/562] K7775 support=12 orbits=8640 residuals=593
[290/562] K7776 support=11 orbits=10368 residuals=750
[291/562] K7777 support=10 orbits=7776 residuals=471
[292/562] K7778 support=13 orbits=10368 residuals=337
[293/562] K7779 support=11 orbits=5760 residuals=534
[294/562] K7780 support=13 orbits=18432 residuals=714
[295/562] K7781 support=13 orbits=18432 residuals=638
[296/562] K7782 support=12 orbits=13824 residuals=524
[297/562] K7783 support=13 orbits=18432 residuals=793
[298/562] K7784 support=14 orbits=15360 residuals=869
[299/562] K7785 support=14 orbits=24576 residuals=994
[300/562] K7786 support=14 orbits=24576 residuals=939
[301/562] K7787 support=13 orbits=18432 residuals=654
[302/562] K7788 support=12 orbits=13824 residuals=397
[303/562] K7789 support=14 orbits=24576 residuals=992
[304/562] K7790 support=13 orbits=18432 residuals=775
[305/562] K7791 support=11 orbits=10368 residuals=464
[306/562] K7792 support=14 orbits=12672 residuals=512
[307/562] K7793 support=14 orbits=13824 residuals=718
[308/562] K7794 support=14 orbits=13824 residuals=498
[309/562] K7795 support=14 orbits=24576 residuals=878
[310/562] K7796 support=14 orbits=24576 residuals=833
[311/562] K7797 support=13 orbits=18432 residuals=599
[312/562] K7798 support=14 orbits=24576 residuals=957
[313/562] K7799 support=14 orbits=24576 residuals=961
[314/562] K7800 support=13 orbits=18432 residuals=641
[315/562] K7801 support=13 orbits=10368 residuals=317
[316/562] K7802 support=12 orbits=13824 residuals=387
[317/562] K7803 support=12 orbits=13824 residuals=524
[318/562] K7804 support=11 orbits=10368 residuals=494
[319/562] K7805 support=14 orbits=15360 residuals=904
[320/562] K7806 support=13 orbits=18432 residuals=854
[321/562] K7807 support=13 orbits=18432 residuals=704
[322/562] K7808 support=14 orbits=24576 residuals=990
[323/562] K7809 support=12 orbits=13824 residuals=537
[324/562] K7810 support=13 orbits=11520 residuals=481
[325/562] K7811 support=12 orbits=13824 residuals=683
[326/562] K7812 support=11 orbits=10368 residuals=464
[327/562] K7813 support=12 orbits=13824 residuals=664
[328/562] K7814 support=13 orbits=11520 residuals=616
[329/562] K7815 support=12 orbits=13824 residuals=524
[330/562] K7816 support=11 orbits=10368 residuals=469
[331/562] K7817 support=12 orbits=13824 residuals=682
[332/562] K7818 support=12 orbits=8640 residuals=593
[333/562] K7819 support=12 orbits=13824 residuals=511
[334/562] K7820 support=12 orbits=13824 residuals=511
[335/562] K7821 support=11 orbits=10368 residuals=469
[336/562] K7822 support=11 orbits=10368 residuals=431
[337/562] K7823 support=11 orbits=10368 residuals=464
[338/562] K7824 support=11 orbits=10368 residuals=497
[339/562] K7825 support=13 orbits=10368 residuals=533
[340/562] K7826 support=13 orbits=18432 residuals=790
[341/562] K7827 support=12 orbits=13824 residuals=465
[342/562] K7828 support=12 orbits=13824 residuals=537
[343/562] K7829 support=12 orbits=13824 residuals=596
[344/562] K7830 support=12 orbits=13824 residuals=665
[345/562] K7831 support=12 orbits=13824 residuals=383
[346/562] K7832 support=12 orbits=13824 residuals=447
[347/562] K7833 support=12 orbits=13824 residuals=537
[348/562] K7834 support=12 orbits=13824 residuals=537
[349/562] K7835 support=12 orbits=13824 residuals=395
[350/562] K7836 support=13 orbits=18432 residuals=638
[351/562] K7837 support=13 orbits=10368 residuals=347
[352/562] K7838 support=10 orbits=7776 residuals=461
[353/562] K7839 support=12 orbits=8640 residuals=593
[354/562] K7840 support=12 orbits=13824 residuals=689
[355/562] K7841 support=11 orbits=10368 residuals=565
[356/562] K7842 support=11 orbits=10368 residuals=497
[357/562] K7843 support=14 orbits=13824 residuals=522
[358/562] K7844 support=14 orbits=7488 residuals=331
[359/562] K7845 support=14 orbits=13824 residuals=596
[360/562] K7846 support=13 orbits=10368 residuals=348
[361/562] K7847 support=12 orbits=7776 residuals=268
[362/562] K7848 support=14 orbits=24576 residuals=832
[363/562] K7849 support=14 orbits=24576 residuals=838
[364/562] K7850 support=14 orbits=24576 residuals=921
[365/562] K7851 support=13 orbits=18432 residuals=843
[366/562] K7852 support=13 orbits=18432 residuals=759
[367/562] K7853 support=12 orbits=13824 residuals=464
[368/562] K7854 support=13 orbits=18432 residuals=791
[369/562] K7855 support=12 orbits=7776 residuals=254
[370/562] K7856 support=11 orbits=10368 residuals=466
[371/562] K7857 support=11 orbits=10368 residuals=436
[372/562] K7858 support=11 orbits=10368 residuals=464
[373/562] K7859 support=14 orbits=24576 residuals=1130
[374/562] K7860 support=14 orbits=24576 residuals=770
[375/562] K7861 support=14 orbits=12672 residuals=496
[376/562] K7862 support=14 orbits=4512 residuals=144
[377/562] K7863 support=14 orbits=24576 residuals=1134
[378/562] K7864 support=14 orbits=24576 residuals=1012
[379/562] K7865 support=13 orbits=9792 residuals=339
[380/562] K7866 support=14 orbits=12672 residuals=410
[381/562] K7867 support=14 orbits=24576 residuals=1143
[382/562] K7868 support=14 orbits=24576 residuals=921
[383/562] K7869 support=13 orbits=18432 residuals=691
[384/562] K7870 support=14 orbits=24576 residuals=975
[385/562] K7871 support=14 orbits=24576 residuals=817
[386/562] K7872 support=13 orbits=18432 residuals=664
[387/562] K7873 support=12 orbits=13824 residuals=550
[388/562] K7874 support=13 orbits=18432 residuals=505
[389/562] K7875 support=13 orbits=18432 residuals=526
[390/562] K7876 support=11 orbits=9216 residuals=525
[391/562] K7877 support=13 orbits=18432 residuals=495
[392/562] K7878 support=12 orbits=13824 residuals=539
[393/562] K7879 support=10 orbits=6912 residuals=460
[394/562] K7880 support=11 orbits=10368 residuals=667
[395/562] K7881 support=13 orbits=18432 residuals=714
[396/562] K7882 support=12 orbits=13824 residuals=372
[397/562] K7883 support=13 orbits=18432 residuals=711
[398/562] K7884 support=14 orbits=24576 residuals=979
[399/562] K7885 support=12 orbits=13824 residuals=395
[400/562] K7886 support=13 orbits=11520 residuals=651
[401/562] K7887 support=12 orbits=13824 residuals=429
[402/562] K7888 support=14 orbits=13056 residuals=521
[403/562] K7889 support=12 orbits=7680 residuals=440
[404/562] K7890 support=11 orbits=5616 residuals=274
[405/562] K7891 support=13 orbits=6048 residuals=228
[406/562] K7892 support=13 orbits=10368 residuals=502
[407/562] K7893 support=13 orbits=11520 residuals=632
[408/562] K7894 support=14 orbits=13824 residuals=707
[409/562] K7895 support=13 orbits=10368 residuals=440
[410/562] K7896 support=11 orbits=10368 residuals=560
[411/562] K7897 support=14 orbits=24576 residuals=1354
[412/562] K7898 support=14 orbits=12672 residuals=495
[413/562] K7899 support=13 orbits=10368 residuals=361
[414/562] K7900 support=13 orbits=18432 residuals=731
[415/562] K7901 support=12 orbits=13824 residuals=450
[416/562] K7902 support=11 orbits=10368 residuals=570
[417/562] K7903 support=13 orbits=18432 residuals=807
[418/562] K7904 support=13 orbits=11520 residuals=645
[419/562] K7905 support=13 orbits=18432 residuals=846
[420/562] K7906 support=12 orbits=13824 residuals=665
[421/562] K7907 support=13 orbits=11520 residuals=549
[422/562] K7908 support=13 orbits=18432 residuals=527
[423/562] K7909 support=13 orbits=18432 residuals=509
[424/562] K7910 support=13 orbits=18432 residuals=622
[425/562] K7911 support=12 orbits=13824 residuals=483
[426/562] K7912 support=12 orbits=13824 residuals=535
[427/562] K7913 support=11 orbits=10368 residuals=469
[428/562] K7914 support=12 orbits=13824 residuals=550
[429/562] K7915 support=13 orbits=18432 residuals=589
[430/562] K7916 support=12 orbits=13824 residuals=407
[431/562] K7917 support=13 orbits=18432 residuals=782
[432/562] K7918 support=12 orbits=13824 residuals=523
[433/562] K7919 support=10 orbits=7776 residuals=461
[434/562] K7920 support=13 orbits=18432 residuals=707
[435/562] K7921 support=13 orbits=18432 residuals=519
[436/562] K7922 support=12 orbits=13824 residuals=578
[437/562] K7923 support=13 orbits=18432 residuals=747
[438/562] K7924 support=13 orbits=18432 residuals=526
[439/562] K7925 support=13 orbits=18432 residuals=642
[440/562] K7926 support=13 orbits=18432 residuals=608
[441/562] K7927 support=12 orbits=13824 residuals=447
[442/562] K7928 support=12 orbits=13824 residuals=395
[443/562] K7929 support=12 orbits=13824 residuals=682
[444/562] K7930 support=12 orbits=13824 residuals=395
[445/562] K7931 support=12 orbits=13824 residuals=358
[446/562] K7932 support=12 orbits=13824 residuals=665
[447/562] K7933 support=13 orbits=18432 residuals=529
[448/562] K7934 support=13 orbits=18432 residuals=770
[449/562] K7935 support=13 orbits=18432 residuals=586
[450/562] K7936 support=13 orbits=18432 residuals=770
[451/562] K7937 support=13 orbits=18432 residuals=927
[452/562] K7938 support=13 orbits=18432 residuals=628
[453/562] K7939 support=12 orbits=7776 residuals=269
[454/562] K7940 support=12 orbits=13824 residuals=552
[455/562] K7941 support=10 orbits=7776 residuals=461
[456/562] K7942 support=12 orbits=13824 residuals=577
[457/562] K7943 support=12 orbits=13824 residuals=689
[458/562] K7944 support=11 orbits=10368 residuals=688
[459/562] K7945 support=11 orbits=10368 residuals=469
[460/562] K7946 support=11 orbits=10368 residuals=688
[461/562] K7947 support=11 orbits=10368 residuals=469
[462/562] K7948 support=13 orbits=10368 residuals=358
[463/562] K7949 support=13 orbits=18432 residuals=646
[464/562] K7950 support=13 orbits=11520 residuals=520
[465/562] K7951 support=13 orbits=18432 residuals=807
[466/562] K7952 support=13 orbits=11520 residuals=492
[467/562] K7953 support=13 orbits=18432 residuals=653
[468/562] K7954 support=13 orbits=11520 residuals=571
[469/562] K7955 support=13 orbits=18432 residuals=696
[470/562] K7956 support=13 orbits=18432 residuals=729
[471/562] K7957 support=13 orbits=10368 residuals=440
[472/562] K7958 support=13 orbits=18432 residuals=729
[473/562] K7959 support=11 orbits=10368 residuals=498
[474/562] K7960 support=10 orbits=3744 residuals=263
[475/562] K7961 support=11 orbits=10368 residuals=438
[476/562] K7962 support=10 orbits=6912 residuals=497
[477/562] K7963 support=11 orbits=10368 residuals=433
[478/562] K7964 support=13 orbits=10368 residuals=388
[479/562] K7965 support=13 orbits=18432 residuals=729
[480/562] K7966 support=13 orbits=10368 residuals=388
[481/562] K7967 support=11 orbits=10368 residuals=498
[482/562] K7968 support=11 orbits=10368 residuals=438
[483/562] K7969 support=13 orbits=11520 residuals=571
[484/562] K7970 support=13 orbits=18432 residuals=729
[485/562] K7971 support=13 orbits=18432 residuals=638
[486/562] K7972 support=12 orbits=13824 residuals=398
[487/562] K7973 support=12 orbits=13824 residuals=538
[488/562] K7974 support=12 orbits=13824 residuals=511
[489/562] K7975 support=11 orbits=10368 residuals=464
[490/562] K7976 support=11 orbits=10368 residuals=560
[491/562] K7977 support=11 orbits=10368 residuals=469
[492/562] K7978 support=11 orbits=10368 residuals=665
[493/562] K7979 support=11 orbits=10368 residuals=469
[494/562] K7980 support=11 orbits=10368 residuals=497
[495/562] K7981 support=12 orbits=13824 residuals=524
[496/562] K7982 support=11 orbits=10368 residuals=431
[497/562] K7983 support=12 orbits=13824 residuals=577
[498/562] K7984 support=12 orbits=8640 residuals=453
[499/562] K7985 support=13 orbits=18432 residuals=789
[500/562] K7986 support=12 orbits=13824 residuals=524
[501/562] K7987 support=12 orbits=13824 residuals=689
[502/562] K7988 support=13 orbits=18432 residuals=638
[503/562] K7989 support=13 orbits=18432 residuals=714
[504/562] K7990 support=14 orbits=24576 residuals=1130
[505/562] K7991 support=14 orbits=24576 residuals=1374
[506/562] K7992 support=12 orbits=13824 residuals=549
[507/562] K7993 support=12 orbits=13824 residuals=410
[508/562] K7994 support=12 orbits=13824 residuals=550
[509/562] K7995 support=13 orbits=9504 residuals=425
[510/562] K7996 support=13 orbits=18432 residuals=799
[511/562] K7997 support=12 orbits=13824 residuals=524
[512/562] K7998 support=14 orbits=15360 residuals=797
[513/562] K7999 support=13 orbits=18432 residuals=859
[514/562] K8000 support=13 orbits=18432 residuals=613
[515/562] K8001 support=13 orbits=11520 residuals=643
[516/562] K8002 support=12 orbits=13824 residuals=411
[517/562] K8003 support=12 orbits=13824 residuals=512
[518/562] K8004 support=13 orbits=10368 residuals=337
[519/562] K8005 support=13 orbits=18432 residuals=776
[520/562] K8006 support=12 orbits=13824 residuals=550
[521/562] K8007 support=12 orbits=13824 residuals=411
[522/562] K8008 support=12 orbits=13824 residuals=411
[523/562] K8009 support=13 orbits=11520 residuals=476
[524/562] K8010 support=13 orbits=18432 residuals=623
[525/562] K8011 support=13 orbits=18432 residuals=653
[526/562] K8012 support=13 orbits=11520 residuals=476
[527/562] K8013 support=14 orbits=24576 residuals=1220
[528/562] K8014 support=14 orbits=24576 residuals=1268
[529/562] K8015 support=12 orbits=13824 residuals=550
[530/562] K8016 support=12 orbits=13824 residuals=522
[531/562] K8017 support=12 orbits=13824 residuals=406
[532/562] K8018 support=12 orbits=13824 residuals=551
[533/562] K8019 support=12 orbits=13824 residuals=551
[534/562] K8020 support=12 orbits=13824 residuals=396
[535/562] K8021 support=12 orbits=13824 residuals=511
[536/562] K8022 support=14 orbits=13056 residuals=521
[537/562] K8023 support=14 orbits=6624 residuals=273
[538/562] K8024 support=14 orbits=12672 residuals=431
[539/562] K8025 support=14 orbits=12672 residuals=408
[540/562] K8026 support=14 orbits=4920 residuals=316
[541/562] K8027 support=14 orbits=12672 residuals=599
[542/562] K8028 support=13 orbits=18432 residuals=756
[543/562] K8029 support=13 orbits=18432 residuals=578
[544/562] K8030 support=14 orbits=12672 residuals=715
[545/562] K8031 support=13 orbits=9792 residuals=407
[546/562] K8032 support=13 orbits=18432 residuals=768
[547/562] K8033 support=13 orbits=18432 residuals=643
[548/562] K8034 support=12 orbits=13824 residuals=605
[549/562] K8035 support=12 orbits=13824 residuals=465
[550/562] K8036 support=12 orbits=13824 residuals=666
[551/562] K8037 support=13 orbits=11520 residuals=703
[552/562] K8038 support=13 orbits=18432 residuals=692
[553/562] K8039 support=13 orbits=10368 residuals=374
[554/562] K8040 support=13 orbits=18432 residuals=519
[555/562] K8041 support=13 orbits=18432 residuals=641
[556/562] K8042 support=11 orbits=10368 residuals=471
[557/562] K8043 support=11 orbits=10368 residuals=441
[558/562] K8044 support=11 orbits=10368 residuals=665
[559/562] K8045 support=12 orbits=8640 residuals=450
[560/562] K8046 support=12 orbits=13824 residuals=552
[561/562] K8047 support=12 orbits=4032 residuals=182
[562/562] K8048 support=13 orbits=10368 residuals=309
order=9 kernels=562 physical=8865408 orbits=7344514
residuals=304033 targets=4864528
full_theorem=false
raw_bytes=27495002 compressed_bytes=361464 raw_sha256=2712d3b761b7518ee6481d767410408673da825c9a31ec17d5a17784926da812 artifact_sha256=ececc24e071cc31b0678de01a1ffb0787f804354b00239f221006a9bffaccdc1
