[3373/3934] K10859 support=11 orbits=9216 residuals=438
[3374/3934] K10860 support=11 orbits=9216 residuals=434
[3375/3934] K10861 support=13 orbits=9792 residuals=351
[3376/3934] K10862 support=12 orbits=13824 residuals=525
[3377/3934] K10863 support=13 orbits=10368 residuals=348
[3378/3934] K10864 support=11 orbits=9216 residuals=525
[3379/3934] K10865 support=13 orbits=18432 residuals=637
[3380/3934] K10866 support=13 orbits=11520 residuals=534
[3381/3934] K10867 support=13 orbits=18432 residuals=793
[3382/3934] K10868 support=13 orbits=18432 residuals=644
[3383/3934] K10869 support=11 orbits=5184 residuals=297
[3384/3934] K10870 support=13 orbits=11520 residuals=478
[3385/3934] K10871 support=12 orbits=7056 residuals=351
[3386/3934] K10872 support=13 orbits=10368 residuals=453
[3387/3934] K10873 support=13 orbits=18432 residuals=696
[3388/3934] K10874 support=11 orbits=5760 residuals=534
[3389/3934] K10875 support=11 orbits=9216 residuals=647
[3390/3934] K10876 support=12 orbits=13824 residuals=606
[3391/3934] K10877 support=12 orbits=13824 residuals=683
[3392/3934] K10878 support=12 orbits=13824 residuals=796
[3393/3934] K10879 support=14 orbits=13824 residuals=499
[3394/3934] K10880 support=14 orbits=13824 residuals=435
[3395/3934] K10881 support=13 orbits=10368 residuals=362
[3396/3934] K10882 support=14 orbits=8064 residuals=370
[3397/3934] K10883 support=13 orbits=18432 residuals=583
[3398/3934] K10884 support=13 orbits=18432 residuals=695
[3399/3934] K10885 support=12 orbits=13824 residuals=562
[3400/3934] K10886 support=12 orbits=13824 residuals=683
[3401/3934] K10887 support=13 orbits=18432 residuals=583
[3402/3934] K10888 support=13 orbits=18432 residuals=745
[3403/3934] K10889 support=14 orbits=13056 residuals=556
[3404/3934] K10890 support=13 orbits=10368 residuals=435
[3405/3934] K10891 support=13 orbits=10368 residuals=404
[3406/3934] K10892 support=12 orbits=7776 residuals=295
[3407/3934] K10893 support=14 orbits=24576 residuals=1136
[3408/3934] K10894 support=12 orbits=13824 residuals=567
[3409/3934] K10895 support=13 orbits=18432 residuals=685
[3410/3934] K10896 support=13 orbits=18432 residuals=808
[3411/3934] K10897 support=14 orbits=24576 residuals=850
[3412/3934] K10898 support=14 orbits=24576 residuals=1256
[3413/3934] K10899 support=12 orbits=13824 residuals=704
[3414/3934] K10900 support=12 orbits=13824 residuals=536
[3415/3934] K10901 support=13 orbits=18432 residuals=659
[3416/3934] K10902 support=13 orbits=18432 residuals=785
[3417/3934] K10903 support=13 orbits=18432 residuals=638
[3418/3934] K10904 support=13 orbits=18432 residuals=645
[3419/3934] K10905 support=12 orbits=13824 residuals=632
[3420/3934] K10906 support=13 orbits=18432 residuals=736
[3421/3934] K10907 support=14 orbits=24576 residuals=993
[3422/3934] K10908 support=13 orbits=11520 residuals=616
[3423/3934] K10909 support=13 orbits=11520 residuals=508
[3424/3934] K10910 support=12 orbits=13824 residuals=596
[3425/3934] K10911 support=14 orbits=13056 residuals=522
[3426/3934] K10912 support=13 orbits=18432 residuals=748
[3427/3934] K10913 support=14 orbits=24576 residuals=966
[3428/3934] K10914 support=13 orbits=18432 residuals=818
[3429/3934] K10915 support=13 orbits=18432 residuals=578
[3430/3934] K10916 support=13 orbits=18432 residuals=583
[3431/3934] K10917 support=14 orbits=24576 residuals=850
[3432/3934] K10918 support=14 orbits=24576 residuals=814
[3433/3934] K10919 support=14 orbits=24576 residuals=981
[3434/3934] K10920 support=14 orbits=15360 residuals=1015
[3435/3934] K10921 support=13 orbits=18432 residuals=789
[3436/3934] K10922 support=13 orbits=18432 residuals=669
[3437/3934] K10923 support=13 orbits=18432 residuals=816
[3438/3934] K10924 support=12 orbits=13824 residuals=536
[3439/3934] K10925 support=11 orbits=10368 residuals=469
[3440/3934] K10926 support=11 orbits=10368 residuals=565
[3441/3934] K10927 support=13 orbits=10368 residuals=318
[3442/3934] K10928 support=13 orbits=18432 residuals=808
[3443/3934] K10929 support=13 orbits=18432 residuals=653
[3444/3934] K10930 support=11 orbits=10368 residuals=665
[3445/3934] K10931 support=12 orbits=13824 residuals=387
[3446/3934] K10932 support=12 orbits=13824 residuals=408
[3447/3934] K10933 support=12 orbits=13824 residuals=466
[3448/3934] K10934 support=12 orbits=13824 residuals=575
[3449/3934] K10935 support=13 orbits=18432 residuals=816
[3450/3934] K10936 support=13 orbits=18432 residuals=600
[3451/3934] K10937 support=13 orbits=11520 residuals=664
[3452/3934] K10938 support=13 orbits=11520 residuals=480
[3453/3934] K10939 support=12 orbits=13824 residuals=587
[3454/3934] K10940 support=11 orbits=10368 residuals=600
[3455/3934] K10941 support=12 orbits=13824 residuals=484
[3456/3934] K10942 support=12 orbits=7488 residuals=344
[3457/3934] K10943 support=12 orbits=13824 residuals=704
[3458/3934] K10944 support=13 orbits=18432 residuals=732
[3459/3934] K10945 support=13 orbits=18432 residuals=851
[3460/3934] K10946 support=13 orbits=10368 residuals=533
[3461/3934] K10947 support=13 orbits=10368 residuals=407
[3462/3934] K10948 support=14 orbits=12672 residuals=511
[3463/3934] K10949 support=13 orbits=18432 residuals=498
[3464/3934] K10950 support=11 orbits=5184 residuals=297
[3465/3934] K10951 support=14 orbits=13824 residuals=661
[3466/3934] K10952 support=13 orbits=18432 residuals=572
[3467/3934] K10953 support=13 orbits=18432 residuals=654
[3468/3934] K10954 support=12 orbits=13824 residuals=505
[3469/3934] K10955 support=13 orbits=18432 residuals=876
[3470/3934] K10956 support=12 orbits=13824 residuals=409
[3471/3934] K10957 support=12 orbits=13824 residuals=667
[3472/3934] K10958 support=12 orbits=13824 residuals=550
[3473/3934] K10959 support=12 orbits=13824 residuals=605
[3474/3934] K10960 support=12 orbits=13824 residuals=543
[3475/3934] K10961 support=14 orbits=24576 residuals=1122
[3476/3934] K10962 support=13 orbits=18432 residuals=502
[3477/3934] K10963 support=13 orbits=18432 residuals=708
[3478/3934] K10964 support=14 orbits=15360 residuals=917
[3479/3934] K10965 support=13 orbits=18432 residuals=473
[3480/3934] K10966 support=13 orbits=18432 residuals=603
[3481/3934] K10967 support=13 orbits=18432 residuals=538
[3482/3934] K10968 support=13 orbits=18432 residuals=779
[3483/3934] K10969 support=12 orbits=13824 residuals=395
[3484/3934] K10970 support=12 orbits=7488 residuals=389
[3485/3934] K10971 support=12 orbits=13824 residuals=460
[3486/3934] K10972 support=12 orbits=13824 residuals=372
[3487/3934] K10973 support=12 orbits=13824 residuals=466
[3488/3934] K10974 support=12 orbits=8640 residuals=532
[3489/3934] K10975 support=13 orbits=18432 residuals=702
[3490/3934] K10976 support=13 orbits=18432 residuals=640
[3491/3934] K10977 support=13 orbits=11520 residuals=546
[3492/3934] K10978 support=13 orbits=18432 residuals=747
[3493/3934] K10979 support=13 orbits=18432 residuals=927
[3494/3934] K10980 support=13 orbits=11520 residuals=588
[3495/3934] K10981 support=13 orbits=18432 residuals=817
[3496/3934] K10982 support=12 orbits=13824 residuals=690
[3497/3934] K10983 support=12 orbits=13824 residuals=525
[3498/3934] K10984 support=11 orbits=10368 residuals=562
[3499/3934] K10985 support=13 orbits=10368 residuals=389
[3500/3934] K10986 support=13 orbits=18432 residuals=745
[3501/3934] K10987 support=13 orbits=18432 residuals=862
[3502/3934] K10988 support=13 orbits=11520 residuals=556
[3503/3934] K10989 support=13 orbits=18432 residuals=729
[3504/3934] K10990 support=11 orbits=9216 residuals=465
[3505/3934] K10991 support=11 orbits=9216 residuals=441
[3506/3934] K10992 support=12 orbits=13824 residuals=549
[3507/3934] K10993 support=11 orbits=9216 residuals=563
[3508/3934] K10994 support=12 orbits=13824 residuals=406
[3509/3934] K10995 support=12 orbits=13824 residuals=523
[3510/3934] K10996 support=10 orbits=6912 residuals=460
[3511/3934] K10997 support=11 orbits=10368 residuals=433
[3512/3934] K10998 support=11 orbits=9216 residuals=665
[3513/3934] K10999 support=12 orbits=13824 residuals=373
[3514/3934] K11000 support=11 orbits=9216 residuals=609
[3515/3934] K11001 support=12 orbits=13824 residuals=396
[3516/3934] K11002 support=12 orbits=13824 residuals=422
[3517/3934] K11003 support=12 orbits=13824 residuals=501
[3518/3934] K11004 support=12 orbits=13824 residuals=396
[3519/3934] K11005 support=12 orbits=13824 residuals=448
[3520/3934] K11006 support=11 orbits=10368 residuals=464
[3521/3934] K11007 support=10 orbits=6912 residuals=583
[3522/3934] K11008 support=11 orbits=10368 residuals=498
[3523/3934] K11009 support=11 orbits=10368 residuals=562
[3524/3934] K11010 support=12 orbits=13824 residuals=512
[3525/3934] K11011 support=12 orbits=13824 residuals=396
[3526/3934] K11012 support=12 orbits=13824 residuals=666
[3527/3934] K11013 support=11 orbits=10368 residuals=431
[3528/3934] K11014 support=11 orbits=6048 residuals=285
[3529/3934] K11015 support=13 orbits=18432 residuals=851
[3530/3934] K11016 support=12 orbits=13824 residuals=728
[3531/3934] K11017 support=12 orbits=13824 residuals=751
[3532/3934] K11018 support=14 orbits=15360 residuals=947
[3533/3934] K11019 support=13 orbits=18432 residuals=862
[3534/3934] K11020 support=14 orbits=13824 residuals=832
[3535/3934] K11021 support=13 orbits=18432 residuals=764
[3536/3934] K11022 support=11 orbits=10368 residuals=588
[3537/3934] K11023 support=12 orbits=7200 residuals=225
[3538/3934] K11024 support=13 orbits=6048 residuals=248
[3539/3934] K11025 support=12 orbits=13824 residuals=550
[3540/3934] K11026 support=12 orbits=13824 residuals=683
[3541/3934] K11027 support=13 orbits=10368 residuals=569
[3542/3934] K11028 support=11 orbits=10368 residuals=471
[3543/3934] K11029 support=11 orbits=10368 residuals=600
[3544/3934] K11030 support=12 orbits=12288 residuals=543
[3545/3934] K11031 support=13 orbits=11520 residuals=520
[3546/3934] K11032 support=13 orbits=18432 residuals=583
[3547/3934] K11033 support=13 orbits=18432 residuals=703
[3548/3934] K11034 support=12 orbits=8640 residuals=453
[3549/3934] K11035 support=11 orbits=10368 residuals=441
[3550/3934] K11036 support=10 orbits=7776 residuals=590
[3551/3934] K11037 support=13 orbits=9408 residuals=345
[3552/3934] K11038 support=12 orbits=7056 residuals=280
[3553/3934] K11039 support=12 orbits=7200 residuals=225
[3554/3934] K11040 support=12 orbits=13824 residuals=550
[3555/3934] K11041 support=13 orbits=18432 residuals=684
[3556/3934] K11042 support=13 orbits=18432 residuals=708
[3557/3934] K11043 support=13 orbits=18432 residuals=816
[3558/3934] K11044 support=14 orbits=24576 residuals=1111
[3559/3934] K11045 support=13 orbits=18432 residuals=719
[3560/3934] K11046 support=13 orbits=18432 residuals=696
[3561/3934] K11047 support=13 orbits=18432 residuals=734
[3562/3934] K11048 support=13 orbits=10368 residuals=533
[3563/3934] K11049 support=13 orbits=18432 residuals=837
[3564/3934] K11050 support=14 orbits=13056 residuals=710
[3565/3934] K11051 support=13 orbits=18432 residuals=770
[3566/3934] K11052 support=13 orbits=9312 residuals=269
[3567/3934] K11053 support=13 orbits=18432 residuals=607
[3568/3934] K11054 support=13 orbits=18432 residuals=614
[3569/3934] K11055 support=13 orbits=18432 residuals=712
[3570/3934] K11056 support=13 orbits=11520 residuals=703
[3571/3934] K11057 support=12 orbits=13824 residuals=373
[3572/3934] K11058 support=12 orbits=13824 residuals=482
[3573/3934] K11059 support=13 orbits=18432 residuals=851
[3574/3934] K11060 support=12 orbits=13824 residuals=421
[3575/3934] K11061 support=13 orbits=18432 residuals=918
[3576/3934] K11062 support=12 orbits=13824 residuals=549
[3577/3934] K11063 support=12 orbits=13824 residuals=426
[3578/3934] K11064 support=13 orbits=18432 residuals=609
[3579/3934] K11065 support=12 orbits=12288 residuals=630
[3580/3934] K11066 support=13 orbits=18432 residuals=793
[3581/3934] K11067 support=12 orbits=6912 residuals=255
[3582/3934] K11068 support=12 orbits=12288 residuals=522
[3583/3934] K11069 support=13 orbits=18432 residuals=600
[3584/3934] K11070 support=12 orbits=12288 residuals=508
[3585/3934] K11071 support=13 orbits=18432 residuals=526
[3586/3934] K11072 support=13 orbits=18432 residuals=476
[3587/3934] K11073 support=13 orbits=10368 residuals=313
[3588/3934] K11074 support=13 orbits=10368 residuals=369
[3589/3934] K11075 support=12 orbits=6912 residuals=284
[3590/3934] K11076 support=13 orbits=18432 residuals=516
[3591/3934] K11077 support=13 orbits=18432 residuals=707
[3592/3934] K11078 support=12 orbits=13824 residuals=501
[3593/3934] K11079 support=11 orbits=10368 residuals=565
[3594/3934] K11080 support=11 orbits=10368 residuals=600
[3595/3934] K11081 support=11 orbits=10368 residuals=560
[3596/3934] K11082 support=10 orbits=7776 residuals=499
[3597/3934] K11083 support=12 orbits=8640 residuals=593
[3598/3934] K11084 support=13 orbits=11520 residuals=571
[3599/3934] K11085 support=12 orbits=8640 residuals=478
[3600/3934] K11086 support=13 orbits=11520 residuals=703
[3601/3934] K11087 support=12 orbits=13824 residuals=544
[3602/3934] K11088 support=13 orbits=18432 residuals=816
[3603/3934] K11089 support=14 orbits=24576 residuals=1159
[3604/3934] K11090 support=12 orbits=13824 residuals=523
[3605/3934] K11091 support=13 orbits=18432 residuals=938
[3606/3934] K11092 support=12 orbits=13824 residuals=574
[3607/3934] K11093 support=12 orbits=13824 residuals=751
[3608/3934] K11094 support=13 orbits=18432 residuals=771
[3609/3934] K11095 support=12 orbits=13824 residuals=501
[3610/3934] K11096 support=12 orbits=13824 residuals=536
[3611/3934] K11097 support=12 orbits=13824 residuals=524
[3612/3934] K11098 support=11 orbits=10368 residuals=438
[3613/3934] K11099 support=11 orbits=10368 residuals=438
[3614/3934] K11100 support=11 orbits=10368 residuals=562
[3615/3934] K11101 support=12 orbits=7680 residuals=442
[3616/3934] K11102 support=13 orbits=18432 residuals=574
[3617/3934] K11103 support=11 orbits=9216 residuals=647
[3618/3934] K11104 support=13 orbits=11520 residuals=588
[3619/3934] K11105 support=12 orbits=7776 residuals=423
[3620/3934] K11106 support=12 orbits=13824 residuals=689
[3621/3934] K11107 support=14 orbits=13824 residuals=624
[3622/3934] K11108 support=14 orbits=24576 residuals=1403
[3623/3934] K11109 support=13 orbits=18432 residuals=729
[3624/3934] K11110 support=13 orbits=18432 residuals=844
[3625/3934] K11111 support=14 orbits=24576 residuals=1180
[3626/3934] K11112 support=14 orbits=15360 residuals=901
[3627/3934] K11113 support=13 orbits=18432 residuals=1079
[3628/3934] K11114 support=13 orbits=18432 residuals=772
[3629/3934] K11115 support=14 orbits=24576 residuals=1146
[3630/3934] K11116 support=14 orbits=24576 residuals=1282
[3631/3934] K11117 support=14 orbits=15360 residuals=963
[3632/3934] K11118 support=14 orbits=24576 residuals=1312
[3633/3934] K11119 support=15 orbits=32768 residuals=1537
[3634/3934] K11120 support=15 orbits=32768 residuals=1225
[3635/3934] K11121 support=15 orbits=32768 residuals=1618
[3636/3934] K11122 support=14 orbits=24576 residuals=1180
[3637/3934] K11123 support=15 orbits=32768 residuals=1579
[3638/3934] K11124 support=14 orbits=24576 residuals=1493
[3639/3934] K11125 support=12 orbits=12288 residuals=552
[3640/3934] K11126 support=13 orbits=18432 residuals=540
[3641/3934] K11127 support=12 orbits=12288 residuals=544
[3642/3934] K11128 support=13 orbits=18432 residuals=645
[3643/3934] K11129 support=13 orbits=18432 residuals=537
[3644/3934] K11130 support=13 orbits=18432 residuals=612
[3645/3934] K11131 support=14 orbits=24576 residuals=1210
[3646/3934] K11132 support=12 orbits=12288 residuals=625
[3647/3934] K11133 support=13 orbits=18432 residuals=642
[3648/3934] K11134 support=13 orbits=18432 residuals=613
[3649/3934] K11135 support=14 orbits=24576 residuals=1074
[3650/3934] K11136 support=14 orbits=24576 residuals=1399
[3651/3934] K11137 support=12 orbits=13824 residuals=408
[3652/3934] K11138 support=11 orbits=9216 residuals=665
[3653/3934] K11139 support=12 orbits=13824 residuals=550
[3654/3934] K11140 support=12 orbits=13824 residuals=537
[3655/3934] K11141 support=13 orbits=18432 residuals=772
[3656/3934] K11142 support=13 orbits=18432 residuals=673
[3657/3934] K11143 support=13 orbits=18432 residuals=658
[3658/3934] K11144 support=13 orbits=18432 residuals=719
[3659/3934] K11145 support=12 orbits=13824 residuals=550
[3660/3934] K11146 support=12 orbits=12288 residuals=892
[3661/3934] K11147 support=13 orbits=18432 residuals=794
[3662/3934] K11148 support=13 orbits=18432 residuals=638
[3663/3934] K11149 support=14 orbits=24576 residuals=1024
[3664/3934] K11150 support=14 orbits=24576 residuals=1126
[3665/3934] K11151 support=13 orbits=18432 residuals=695
[3666/3934] K11152 support=14 orbits=24576 residuals=1186
[3667/3934] K11153 support=12 orbits=13824 residuals=524
[3668/3934] K11154 support=13 orbits=10368 residuals=478
[3669/3934] K11155 support=13 orbits=18432 residuals=860
[3670/3934] K11156 support=13 orbits=10368 residuals=603
[3671/3934] K11157 support=15 orbits=6048 residuals=233
[3672/3934] K11158 support=15 orbits=10368 residuals=608
[3673/3934] K11159 support=13 orbits=10240 residuals=545
[3674/3934] K11160 support=14 orbits=24576 residuals=856
[3675/3934] K11161 support=13 orbits=16384 residuals=939
[3676/3934] K11162 support=14 orbits=24576 residuals=1044
[3677/3934] K11163 support=14 orbits=24576 residuals=1105
[3678/3934] K11164 support=15 orbits=32768 residuals=1280
[3679/3934] K11165 support=15 orbits=20480 residuals=1329
[3680/3934] K11166 support=15 orbits=17408 residuals=921
[3681/3934] K11167 support=15 orbits=32768 residuals=1514
[3682/3934] K11168 support=13 orbits=11520 residuals=561
[3683/3934] K11169 support=15 orbits=16512 residuals=536
[3684/3934] K11170 support=15 orbits=32768 residuals=1818
[3685/3934] K11171 support=15 orbits=10880 residuals=686
[3686/3934] K11172 support=14 orbits=24576 residuals=1264
[3687/3934] K11173 support=14 orbits=12672 residuals=676
[3688/3934] K11174 support=15 orbits=32768 residuals=1584
[3689/3934] K11175 support=14 orbits=24576 residuals=1379
[3690/3934] K11176 support=14 orbits=24576 residuals=1550
[3691/3934] K11177 support=14 orbits=24576 residuals=1197
[3692/3934] K11178 support=13 orbits=18432 residuals=721
[3693/3934] K11179 support=13 orbits=18432 residuals=860
[3694/3934] K11180 support=13 orbits=18432 residuals=939
[3695/3934] K11181 support=14 orbits=24576 residuals=989
[3696/3934] K11182 support=13 orbits=9216 residuals=441
[3697/3934] K11183 support=14 orbits=13824 residuals=412
[3698/3934] K11184 support=13 orbits=9216 residuals=423
[3699/3934] K11185 support=14 orbits=13824 residuals=538
[3700/3934] K11186 support=14 orbits=24576 residuals=778
[3701/3934] K11187 support=14 orbits=24576 residuals=812
[3702/3934] K11188 support=15 orbits=16896 residuals=491
[3703/3934] K11189 support=13 orbits=16384 residuals=813
[3704/3934] K11190 support=14 orbits=24576 residuals=999
[3705/3934] K11191 support=14 orbits=24576 residuals=777
[3706/3934] K11192 support=15 orbits=32768 residuals=953
[3707/3934] K11193 support=15 orbits=32768 residuals=1462
[3708/3934] K11194 support=14 orbits=24576 residuals=784
[3709/3934] K11195 support=15 orbits=18432 residuals=728
[3710/3934] K11196 support=14 orbits=15360 residuals=846
[3711/3934] K11197 support=15 orbits=20480 residuals=1134
[3712/3934] K11198 support=14 orbits=8448 residuals=443
[3713/3934] K11199 support=13 orbits=18432 residuals=613
[3714/3934] K11200 support=14 orbits=24576 residuals=1074
[3715/3934] K11201 support=13 orbits=18432 residuals=793
[3716/3934] K11202 support=14 orbits=24576 residuals=1282
[3717/3934] K11203 support=14 orbits=15360 residuals=1052
[3718/3934] K11204 support=13 orbits=18432 residuals=856
[3719/3934] K11205 support=14 orbits=24576 residuals=1399
[3720/3934] K11206 support=14 orbits=15360 residuals=671
[3721/3934] K11207 support=13 orbits=10240 residuals=620
[3722/3934] K11208 support=14 orbits=15360 residuals=773
[3723/3934] K11209 support=12 orbits=7680 residuals=442
[3724/3934] K11210 support=14 orbits=24576 residuals=953
[3725/3934] K11211 support=12 orbits=7200 residuals=283
[3726/3934] K11212 support=13 orbits=18432 residuals=871
[3727/3934] K11213 support=14 orbits=24576 residuals=1196
[3728/3934] K11214 support=13 orbits=18432 residuals=674
[3729/3934] K11215 support=13 orbits=18432 residuals=684
[3730/3934] K11216 support=13 orbits=11520 residuals=534
[3731/3934] K11217 support=13 orbits=18432 residuals=721
[3732/3934] K11218 support=14 orbits=24576 residuals=865
[3733/3934] K11219 support=14 orbits=24576 residuals=835
[3734/3934] K11220 support=13 orbits=18432 residuals=738
[3735/3934] K11221 support=13 orbits=18432 residuals=712
[3736/3934] K11222 support=14 orbits=24576 residuals=922
[3737/3934] K11223 support=14 orbits=24576 residuals=934
[3738/3934] K11224 support=14 orbits=13824 residuals=567
[3739/3934] K11225 support=14 orbits=13824 residuals=661
[3740/3934] K11226 support=14 orbits=13824 residuals=542
[3741/3934] K11227 support=14 orbits=24576 residuals=1290
[3742/3934] K11228 support=13 orbits=18432 residuals=684
[3743/3934] K11229 support=13 orbits=18432 residuals=807
[3744/3934] K11230 support=13 orbits=18432 residuals=852
[3745/3934] K11231 support=13 orbits=18432 residuals=847
[3746/3934] K11232 support=13 orbits=18432 residuals=807
[3747/3934] K11233 support=14 orbits=24576 residuals=1011
[3748/3934] K11234 support=14 orbits=24576 residuals=854
[3749/3934] K11235 support=14 orbits=15360 residuals=751
[3750/3934] K11236 support=14 orbits=24576 residuals=890
[3751/3934] K11237 support=14 orbits=24576 residuals=1229
[3752/3934] K11238 support=14 orbits=24576 residuals=903
[3753/3934] K11239 support=14 orbits=24576 residuals=1197
[3754/3934] K11240 support=14 orbits=24576 residuals=1061
[3755/3934] K11241 support=13 orbits=18432 residuals=931
[3756/3934] K11242 support=14 orbits=24576 residuals=1148
[3757/3934] K11243 support=13 orbits=18432 residuals=688
[3758/3934] K11244 support=12 orbits=13824 residuals=566
[3759/3934] K11245 support=12 orbits=13824 residuals=470
[3760/3934] K11246 support=12 orbits=13824 residuals=553
[3761/3934] K11247 support=11 orbits=10368 residuals=498
[3762/3934] K11248 support=12 orbits=13824 residuals=665
[3763/3934] K11249 support=14 orbits=24576 residuals=1042
[3764/3934] K11250 support=12 orbits=13824 residuals=411
[3765/3934] K11251 support=13 orbits=11520 residuals=550
[3766/3934] K11252 support=13 orbits=18432 residuals=832
[3767/3934] K11253 support=13 orbits=18432 residuals=605
[3768/3934] K11254 support=14 orbits=13824 residuals=586
[3769/3934] K11255 support=14 orbits=24576 residuals=927
[3770/3934] K11256 support=13 orbits=18432 residuals=552
[3771/3934] K11257 support=13 orbits=10368 residuals=446
[3772/3934] K11258 support=13 orbits=10368 residuals=371
[3773/3934] K11259 support=13 orbits=18432 residuals=671
[3774/3934] K11260 support=10 orbits=7776 residuals=499
[3775/3934] K11261 support=11 orbits=10368 residuals=562
[3776/3934] K11262 support=13 orbits=18432 residuals=776
[3777/3934] K11263 support=13 orbits=18432 residuals=759
[3778/3934] K11264 support=13 orbits=11520 residuals=782
[3779/3934] K11265 support=13 orbits=11520 residuals=624
[3780/3934] K11266 support=14 orbits=15360 residuals=807
[3781/3934] K11267 support=13 orbits=18432 residuals=865
[3782/3934] K11268 support=12 orbits=13824 residuals=422
[3783/3934] K11269 support=13 orbits=11520 residuals=514
[3784/3934] K11270 support=11 orbits=6480 residuals=535
[3785/3934] K11271 support=15 orbits=20480 residuals=1353
[3786/3934] K11272 support=13 orbits=18432 residuals=783
[3787/3934] K11273 support=13 orbits=18432 residuals=641
[3788/3934] K11274 support=13 orbits=18432 residuals=930
[3789/3934] K11275 support=12 orbits=13824 residuals=523
[3790/3934] K11276 support=13 orbits=18432 residuals=793
[3791/3934] K11277 support=13 orbits=18432 residuals=711
[3792/3934] K11278 support=13 orbits=18432 residuals=865
[3793/3934] K11279 support=12 orbits=13824 residuals=664
[3794/3934] K11280 support=14 orbits=13824 residuals=503
[3795/3934] K11281 support=14 orbits=24576 residuals=657
[3796/3934] K11282 support=14 orbits=24576 residuals=989
[3797/3934] K11283 support=14 orbits=15360 residuals=1129
[3798/3934] K11284 support=13 orbits=8448 residuals=264
[3799/3934] K11285 support=13 orbits=8448 residuals=395
[3800/3934] K11286 support=12 orbits=6528 residuals=274
[3801/3934] K11287 support=14 orbits=24576 residuals=1133
[3802/3934] K11288 support=14 orbits=13824 residuals=493
[3803/3934] K11289 support=14 orbits=24576 residuals=1002
[3804/3934] K11290 support=14 orbits=24576 residuals=1183
[3805/3934] K11291 support=13 orbits=9504 residuals=298
[3806/3934] K11292 support=14 orbits=13824 residuals=583
[3807/3934] K11293 support=13 orbits=11520 residuals=633
[3808/3934] K11294 support=14 orbits=15360 residuals=960
[3809/3934] K11295 support=13 orbits=11520 residuals=633
[3810/3934] K11296 support=14 orbits=15360 residuals=847
[3811/3934] K11297 support=14 orbits=24576 residuals=1186
[3812/3934] K11298 support=14 orbits=24576 residuals=1209
[3813/3934] K11299 support=14 orbits=24576 residuals=768
[3814/3934] K11300 support=14 orbits=24576 residuals=999
[3815/3934] K11301 support=12 orbits=12288 residuals=416
[3816/3934] K11302 support=14 orbits=24576 residuals=812
[3817/3934] K11303 support=12 orbits=12288 residuals=387
[3818/3934] K11304 support=14 orbits=15360 residuals=1014
[3819/3934] K11305 support=14 orbits=24576 residuals=961
[3820/3934] K11306 support=14 orbits=24576 residuals=753
[3821/3934] K11307 support=14 orbits=24576 residuals=961
[3822/3934] K11308 support=13 orbits=18432 residuals=782
[3823/3934] K11309 support=13 orbits=18432 residuals=619
[3824/3934] K11310 support=13 orbits=18432 residuals=856
[3825/3934] K11311 support=13 orbits=18432 residuals=607
[3826/3934] K11312 support=13 orbits=18432 residuals=686
[3827/3934] K11313 support=12 orbits=13824 residuals=482
[3828/3934] K11314 support=13 orbits=18432 residuals=837
[3829/3934] K11315 support=14 orbits=15360 residuals=907
[3830/3934] K11316 support=14 orbits=24576 residuals=1108
[3831/3934] K11317 support=14 orbits=13824 residuals=778
[3832/3934] K11318 support=14 orbits=13824 residuals=485
[3833/3934] K11319 support=14 orbits=24576 residuals=906
[3834/3934] K11320 support=13 orbits=10368 residuals=432
[3835/3934] K11321 support=14 orbits=24576 residuals=1431
[3836/3934] K11322 support=14 orbits=15360 residuals=742
[3837/3934] K11323 support=13 orbits=7200 residuals=496
[3838/3934] K11324 support=14 orbits=5760 residuals=250
[3839/3934] K11325 support=14 orbits=13824 residuals=455
[3840/3934] K11326 support=13 orbits=10368 residuals=436
[3841/3934] K11327 support=14 orbits=13824 residuals=455
[3842/3934] K11328 support=13 orbits=6048 residuals=335
[3843/3934] K11329 support=12 orbits=13824 residuals=578
[3844/3934] K11330 support=13 orbits=18432 residuals=674
[3845/3934] K11331 support=13 orbits=18432 residuals=688
[3846/3934] K11332 support=14 orbits=24576 residuals=872
[3847/3934] K11333 support=13 orbits=18432 residuals=803
[3848/3934] K11334 support=13 orbits=18432 residuals=660
[3849/3934] K11335 support=13 orbits=18432 residuals=794
[3850/3934] K11336 support=12 orbits=13824 residuals=536
[3851/3934] K11337 support=14 orbits=24576 residuals=1032
[3852/3934] K11338 support=14 orbits=15360 residuals=1024
[3853/3934] K11339 support=14 orbits=13824 residuals=526
[3854/3934] K11340 support=14 orbits=24576 residuals=1045
[3855/3934] K11341 support=11 orbits=10368 residuals=562
[3856/3934] K11342 support=11 orbits=10368 residuals=560
[3857/3934] K11343 support=11 orbits=10368 residuals=464
[3858/3934] K11344 support=12 orbits=8640 residuals=478
[3859/3934] K11345 support=13 orbits=11520 residuals=519
[3860/3934] K11346 support=12 orbits=13824 residuals=501
[3861/3934] K11347 support=13 orbits=9216 residuals=337
[3862/3934] K11348 support=13 orbits=5616 residuals=235
[3863/3934] K11349 support=14 orbits=7200 residuals=248
[3864/3934] K11350 support=13 orbits=8704 residuals=364
[3865/3934] K11351 support=13 orbits=9312 residuals=273
[3866/3934] K11352 support=14 orbits=24576 residuals=723
[3867/3934] K11353 support=12 orbits=4104 residuals=146
[3868/3934] K11354 support=15 orbits=11520 residuals=705
[3869/3934] K11355 support=13 orbits=8448 residuals=385
[3870/3934] K11356 support=14 orbits=12672 residuals=374
[3871/3934] K11357 support=13 orbits=8704 residuals=365
[3872/3934] K11358 support=13 orbits=16384 residuals=767
[3873/3934] K11359 support=15 orbits=16640 residuals=551
[3874/3934] K11360 support=13 orbits=18432 residuals=797
[3875/3934] K11361 support=15 orbits=8640 residuals=222
[3876/3934] K11362 support=14 orbits=24576 residuals=889
[3877/3934] K11363 support=13 orbits=9792 residuals=343
[3878/3934] K11364 support=15 orbits=3036 residuals=82
[3879/3934] K11365 support=15 orbits=8640 residuals=371
[3880/3934] K11366 support=14 orbits=12672 residuals=477
[3881/3934] K11367 support=13 orbits=9408 residuals=355
[3882/3934] K11368 support=12 orbits=13824 residuals=554
[3883/3934] K11369 support=15 orbits=5728 residuals=317
[3884/3934] K11370 support=14 orbits=15360 residuals=789
[3885/3934] K11371 support=14 orbits=15360 residuals=797
[3886/3934] K11372 support=13 orbits=10240 residuals=619
[3887/3934] K11373 support=12 orbits=12288 residuals=520
[3888/3934] K11374 support=14 orbits=24576 residuals=1024
[3889/3934] K11375 support=14 orbits=24576 residuals=767
[3890/3934] K11376 support=15 orbits=6480 residuals=529
[3891/3934] K11377 support=15 orbits=3100 residuals=152
[3892/3934] K11378 support=11 orbits=2952 residuals=153
[3893/3934] K11379 support=13 orbits=3132 residuals=124
[3894/3934] K11380 support=13 orbits=5328 residuals=269
[3895/3934] K11381 support=14 orbits=7008 residuals=279
[3896/3934] K11382 support=13 orbits=8704 residuals=503
[3897/3934] K11383 support=14 orbits=13056 residuals=517
[3898/3934] K11384 support=14 orbits=24576 residuals=1084
[3899/3934] K11385 support=12 orbits=12288 residuals=544
[3900/3934] K11386 support=12 orbits=8640 residuals=478
[3901/3934] K11387 support=13 orbits=10368 residuals=432
[3902/3934] K11388 support=12 orbits=7680 residuals=420
[3903/3934] K11389 support=12 orbits=13824 residuals=551
[3904/3934] K11390 support=13 orbits=18432 residuals=686
[3905/3934] K11391 support=12 orbits=6912 residuals=256
[3906/3934] K11392 support=12 orbits=12288 residuals=522
[3907/3934] K11393 support=12 orbits=13824 residuals=552
[3908/3934] K11394 support=13 orbits=18432 residuals=587
[3909/3934] K11395 support=12 orbits=7776 residuals=268
[3910/3934] K11396 support=13 orbits=9792 residuals=336
[3911/3934] K11397 support=11 orbits=10368 residuals=498
[3912/3934] K11398 support=11 orbits=4800 residuals=345
[3913/3934] K11399 support=11 orbits=9216 residuals=647
[3914/3934] K11400 support=12 orbits=7680 residuals=504
[3915/3934] K11401 support=13 orbits=18432 residuals=729
[3916/3934] K11402 support=13 orbits=11520 residuals=555
[3917/3934] K11403 support=12 orbits=6912 residuals=435
[3918/3934] K11404 support=13 orbits=10368 residuals=388
[3919/3934] K11405 support=13 orbits=18432 residuals=728
[3920/3934] K11406 support=13 orbits=10368 residuals=389
[3921/3934] K11407 support=12 orbits=7776 residuals=269
[3922/3934] K11408 support=14 orbits=13824 residuals=603
[3923/3934] K11409 support=13 orbits=10368 residuals=447
[3924/3934] K11410 support=12 orbits=13824 residuals=682
[3925/3934] K11411 support=14 orbits=13056 residuals=556
[3926/3934] K11412 support=13 orbits=9792 residuals=375
[3927/3934] K11413 support=14 orbits=24576 residuals=1089
[3928/3934] K11414 support=13 orbits=18432 residuals=718
[3929/3934] K11415 support=14 orbits=24576 residuals=949
[3930/3934] K11416 support=14 orbits=13056 residuals=611
[3931/3934] K11417 support=12 orbits=13824 residuals=704
[3932/3934] K11418 support=13 orbits=18432 residuals=918
[3933/3934] K11419 support=14 orbits=24576 residuals=1138
[3934/3934] K11420 support=13 orbits=18432 residuals=745
order=9 kernels=562 physical=10541984 orbits=8787940
residuals=378618 targets=6057888
full_theorem=false
raw_bytes=35520008 compressed_bytes=443976 raw_sha256=6b9a46b712003412da9c53caa14dfdf80e14a95c152e1a1b215c87f420273842 artifact_sha256=ca45002a215f82891a7d96c350a4b1b534174a3dfea8904dac6e4ce8baa5486d
