[2249/2810] K9735 support=12 orbits=13824 residuals=567
[2250/2810] K9736 support=12 orbits=13824 residuals=606
[2251/2810] K9737 support=12 orbits=13824 residuals=544
[2252/2810] K9738 support=12 orbits=13824 residuals=751
[2253/2810] K9739 support=13 orbits=18432 residuals=816
[2254/2810] K9740 support=13 orbits=11520 residuals=664
[2255/2810] K9741 support=13 orbits=11520 residuals=703
[2256/2810] K9742 support=14 orbits=9600 residuals=723
[2257/2810] K9743 support=14 orbits=15360 residuals=917
[2258/2810] K9744 support=13 orbits=4320 residuals=178
[2259/2810] K9745 support=14 orbits=13824 residuals=536
[2260/2810] K9746 support=13 orbits=10368 residuals=478
[2261/2810] K9747 support=14 orbits=13824 residuals=444
[2262/2810] K9748 support=13 orbits=10368 residuals=339
[2263/2810] K9749 support=13 orbits=18432 residuals=609
[2264/2810] K9750 support=12 orbits=13824 residuals=577
[2265/2810] K9751 support=12 orbits=13824 residuals=483
[2266/2810] K9752 support=14 orbits=24576 residuals=1049
[2267/2810] K9753 support=13 orbits=11520 residuals=616
[2268/2810] K9754 support=13 orbits=18432 residuals=845
[2269/2810] K9755 support=13 orbits=18432 residuals=729
[2270/2810] K9756 support=13 orbits=18432 residuals=653
[2271/2810] K9757 support=14 orbits=24576 residuals=819
[2272/2810] K9758 support=14 orbits=24576 residuals=841
[2273/2810] K9759 support=12 orbits=13824 residuals=387
[2274/2810] K9760 support=12 orbits=13824 residuals=606
[2275/2810] K9761 support=13 orbits=18432 residuals=526
[2276/2810] K9762 support=13 orbits=18432 residuals=628
[2277/2810] K9763 support=11 orbits=10368 residuals=565
[2278/2810] K9764 support=14 orbits=24576 residuals=1032
[2279/2810] K9765 support=13 orbits=18432 residuals=893
[2280/2810] K9766 support=14 orbits=24576 residuals=875
[2281/2810] K9767 support=12 orbits=13824 residuals=577
[2282/2810] K9768 support=12 orbits=8640 residuals=593
[2283/2810] K9769 support=12 orbits=8640 residuals=453
[2284/2810] K9770 support=11 orbits=10368 residuals=750
[2285/2810] K9771 support=12 orbits=13824 residuals=632
[2286/2810] K9772 support=12 orbits=13824 residuals=704
[2287/2810] K9773 support=10 orbits=7776 residuals=461
[2288/2810] K9774 support=12 orbits=13824 residuals=751
[2289/2810] K9775 support=13 orbits=18432 residuals=738
[2290/2810] K9776 support=13 orbits=18432 residuals=674
[2291/2810] K9777 support=13 orbits=18432 residuals=660
[2292/2810] K9778 support=13 orbits=11520 residuals=520
[2293/2810] K9779 support=12 orbits=13824 residuals=550
[2294/2810] K9780 support=13 orbits=18432 residuals=594
[2295/2810] K9781 support=13 orbits=18432 residuals=794
[2296/2810] K9782 support=13 orbits=18432 residuals=660
[2297/2810] K9783 support=13 orbits=11520 residuals=534
[2298/2810] K9784 support=13 orbits=6720 residuals=343
[2299/2810] K9785 support=12 orbits=8064 residuals=352
[2300/2810] K9786 support=12 orbits=8064 residuals=353
[2301/2810] K9787 support=11 orbits=6048 residuals=363
[2302/2810] K9788 support=11 orbits=6048 residuals=280
[2303/2810] K9789 support=13 orbits=11520 residuals=643
[2304/2810] K9790 support=14 orbits=8064 residuals=458
[2305/2810] K9791 support=12 orbits=7344 residuals=230
[2306/2810] K9792 support=14 orbits=24576 residuals=1082
[2307/2810] K9793 support=12 orbits=13824 residuals=482
[2308/2810] K9794 support=13 orbits=18432 residuals=794
[2309/2810] K9795 support=13 orbits=18432 residuals=794
[2310/2810] K9796 support=14 orbits=24576 residuals=1012
[2311/2810] K9797 support=13 orbits=18432 residuals=621
[2312/2810] K9798 support=12 orbits=13824 residuals=550
[2313/2810] K9799 support=12 orbits=13824 residuals=575
[2314/2810] K9800 support=14 orbits=24576 residuals=964
[2315/2810] K9801 support=13 orbits=18432 residuals=539
[2316/2810] K9802 support=13 orbits=18432 residuals=621
[2317/2810] K9803 support=13 orbits=18432 residuals=487
[2318/2810] K9804 support=11 orbits=9216 residuals=437
[2319/2810] K9805 support=14 orbits=13824 residuals=554
[2320/2810] K9806 support=13 orbits=18432 residuals=685
[2321/2810] K9807 support=13 orbits=18432 residuals=539
[2322/2810] K9808 support=12 orbits=13824 residuals=466
[2323/2810] K9809 support=11 orbits=9216 residuals=437
[2324/2810] K9810 support=12 orbits=13824 residuals=372
[2325/2810] K9811 support=11 orbits=9216 residuals=539
[2326/2810] K9812 support=12 orbits=13824 residuals=409
[2327/2810] K9813 support=13 orbits=18432 residuals=593
[2328/2810] K9814 support=13 orbits=11520 residuals=643
[2329/2810] K9815 support=12 orbits=12288 residuals=512
[2330/2810] K9816 support=13 orbits=18432 residuals=593
[2331/2810] K9817 support=12 orbits=13824 residuals=550
[2332/2810] K9818 support=11 orbits=5616 residuals=377
[2333/2810] K9819 support=12 orbits=7200 residuals=304
[2334/2810] K9820 support=11 orbits=5400 residuals=239
[2335/2810] K9821 support=13 orbits=9600 residuals=356
[2336/2810] K9822 support=11 orbits=10368 residuals=600
[2337/2810] K9823 support=13 orbits=9312 residuals=400
[2338/2810] K9824 support=13 orbits=18432 residuals=724
[2339/2810] K9825 support=13 orbits=18432 residuals=646
[2340/2810] K9826 support=11 orbits=10368 residuals=665
[2341/2810] K9827 support=12 orbits=13824 residuals=465
[2342/2810] K9828 support=12 orbits=13824 residuals=372
[2343/2810] K9829 support=12 orbits=13824 residuals=537
[2344/2810] K9830 support=12 orbits=13824 residuals=596
[2345/2810] K9831 support=12 orbits=7200 residuals=211
[2346/2810] K9832 support=12 orbits=13824 residuals=682
[2347/2810] K9833 support=11 orbits=10368 residuals=688
[2348/2810] K9834 support=12 orbits=13824 residuals=372
[2349/2810] K9835 support=11 orbits=5616 residuals=377
[2350/2810] K9836 support=11 orbits=10368 residuals=441
[2351/2810] K9837 support=11 orbits=10368 residuals=469
[2352/2810] K9838 support=11 orbits=10368 residuals=688
[2353/2810] K9839 support=13 orbits=9408 residuals=345
[2354/2810] K9840 support=13 orbits=11520 residuals=616
[2355/2810] K9841 support=12 orbits=13824 residuals=552
[2356/2810] K9842 support=14 orbits=24576 residuals=1374
[2357/2810] K9843 support=14 orbits=24576 residuals=867
[2358/2810] K9844 support=12 orbits=13824 residuals=550
[2359/2810] K9845 support=14 orbits=13824 residuals=450
[2360/2810] K9846 support=13 orbits=11520 residuals=643
[2361/2810] K9847 support=14 orbits=7488 residuals=413
[2362/2810] K9848 support=13 orbits=18432 residuals=559
[2363/2810] K9849 support=13 orbits=18432 residuals=698
[2364/2810] K9850 support=12 orbits=13824 residuals=448
[2365/2810] K9851 support=14 orbits=8064 residuals=464
[2366/2810] K9852 support=13 orbits=11520 residuals=596
[2367/2810] K9853 support=12 orbits=13824 residuals=464
[2368/2810] K9854 support=12 orbits=13824 residuals=447
[2369/2810] K9855 support=13 orbits=11520 residuals=703
[2370/2810] K9856 support=13 orbits=10368 residuals=498
[2371/2810] K9857 support=13 orbits=18432 residuals=659
[2372/2810] K9858 support=13 orbits=18432 residuals=725
[2373/2810] K9859 support=11 orbits=10368 residuals=469
[2374/2810] K9860 support=13 orbits=11520 residuals=643
[2375/2810] K9861 support=11 orbits=10368 residuals=665
[2376/2810] K9862 support=13 orbits=10368 residuals=533
[2377/2810] K9863 support=13 orbits=10368 residuals=347
[2378/2810] K9864 support=12 orbits=7776 residuals=269
[2379/2810] K9865 support=13 orbits=18432 residuals=638
[2380/2810] K9866 support=13 orbits=18432 residuals=790
[2381/2810] K9867 support=13 orbits=18432 residuals=1033
[2382/2810] K9868 support=12 orbits=13824 residuals=578
[2383/2810] K9869 support=12 orbits=13824 residuals=552
[2384/2810] K9870 support=12 orbits=13824 residuals=682
[2385/2810] K9871 support=12 orbits=13824 residuals=516
[2386/2810] K9872 support=12 orbits=13824 residuals=447
[2387/2810] K9873 support=12 orbits=13824 residuals=358
[2388/2810] K9874 support=12 orbits=8640 residuals=450
[2389/2810] K9875 support=12 orbits=8640 residuals=593
[2390/2810] K9876 support=11 orbits=5760 residuals=534
[2391/2810] K9877 support=12 orbits=13824 residuals=577
[2392/2810] K9878 support=12 orbits=8640 residuals=453
[2393/2810] K9879 support=12 orbits=7488 residuals=317
[2394/2810] K9880 support=13 orbits=18432 residuals=646
[2395/2810] K9881 support=11 orbits=5616 residuals=377
[2396/2810] K9882 support=12 orbits=13824 residuals=372
[2397/2810] K9883 support=12 orbits=13824 residuals=550
[2398/2810] K9884 support=11 orbits=10368 residuals=560
[2399/2810] K9885 support=11 orbits=10368 residuals=724
[2400/2810] K9886 support=11 orbits=5256 residuals=258
[2401/2810] K9887 support=10 orbits=3996 residuals=245
[2402/2810] K9888 support=12 orbits=4464 residuals=227
[2403/2810] K9889 support=12 orbits=13824 residuals=505
[2404/2810] K9890 support=11 orbits=5256 residuals=374
[2405/2810] K9891 support=9 orbits=2664 residuals=222
[2406/2810] K9892 support=11 orbits=10368 residuals=600
[2407/2810] K9893 support=11 orbits=10368 residuals=750
[2408/2810] K9894 support=10 orbits=7776 residuals=471
[2409/2810] K9895 support=11 orbits=2736 residuals=164
[2410/2810] K9896 support=13 orbits=9600 residuals=356
[2411/2810] K9897 support=12 orbits=7200 residuals=211
[2412/2810] K9898 support=9 orbits=1032 residuals=86
[2413/2810] K9899 support=11 orbits=5328 residuals=287
[2414/2810] K9900 support=12 orbits=13824 residuals=596
[2415/2810] K9901 support=11 orbits=10368 residuals=533
[2416/2810] K9902 support=12 orbits=7056 residuals=292
[2417/2810] K9903 support=12 orbits=7056 residuals=250
[2418/2810] K9904 support=11 orbits=4800 residuals=286
[2419/2810] K9905 support=12 orbits=7056 residuals=443
[2420/2810] K9906 support=11 orbits=5400 residuals=256
[2421/2810] K9907 support=12 orbits=13824 residuals=577
[2422/2810] K9908 support=13 orbits=18432 residuals=600
[2423/2810] K9909 support=13 orbits=18432 residuals=683
[2424/2810] K9910 support=12 orbits=13824 residuals=683
[2425/2810] K9911 support=12 orbits=13824 residuals=667
[2426/2810] K9912 support=14 orbits=24576 residuals=1402
[2427/2810] K9913 support=14 orbits=24576 residuals=1290
[2428/2810] K9914 support=11 orbits=10368 residuals=469
[2429/2810] K9915 support=13 orbits=10368 residuals=440
[2430/2810] K9916 support=13 orbits=10368 residuals=453
[2431/2810] K9917 support=14 orbits=13824 residuals=623
[2432/2810] K9918 support=12 orbits=7776 residuals=285
[2433/2810] K9919 support=12 orbits=13824 residuals=523
[2434/2810] K9920 support=12 orbits=13824 residuals=682
[2435/2810] K9921 support=14 orbits=24576 residuals=1180
[2436/2810] K9922 support=13 orbits=9792 residuals=305
[2437/2810] K9923 support=12 orbits=13824 residuals=577
[2438/2810] K9924 support=12 orbits=13824 residuals=704
[2439/2810] K9925 support=12 orbits=12288 residuals=419
[2440/2810] K9926 support=13 orbits=18432 residuals=498
[2441/2810] K9927 support=10 orbits=6912 residuals=497
[2442/2810] K9928 support=11 orbits=10368 residuals=497
[2443/2810] K9929 support=14 orbits=24576 residuals=965
[2444/2810] K9930 support=14 orbits=24576 residuals=1166
[2445/2810] K9931 support=13 orbits=9504 residuals=269
[2446/2810] K9932 support=13 orbits=18432 residuals=586
[2447/2810] K9933 support=14 orbits=24576 residuals=1126
[2448/2810] K9934 support=14 orbits=24576 residuals=950
[2449/2810] K9935 support=12 orbits=13824 residuals=596
[2450/2810] K9936 support=13 orbits=9504 residuals=245
[2451/2810] K9937 support=13 orbits=9504 residuals=402
[2452/2810] K9938 support=12 orbits=6528 residuals=274
[2453/2810] K9939 support=14 orbits=15360 residuals=1024
[2454/2810] K9940 support=14 orbits=15360 residuals=986
[2455/2810] K9941 support=13 orbits=18432 residuals=530
[2456/2810] K9942 support=13 orbits=18432 residuals=680
[2457/2810] K9943 support=13 orbits=18432 residuals=491
[2458/2810] K9944 support=13 orbits=18432 residuals=625
[2459/2810] K9945 support=13 orbits=18432 residuals=584
[2460/2810] K9946 support=12 orbits=12288 residuals=390
[2461/2810] K9947 support=13 orbits=18432 residuals=627
[2462/2810] K9948 support=13 orbits=18432 residuals=689
[2463/2810] K9949 support=13 orbits=18432 residuals=483
[2464/2810] K9950 support=13 orbits=18432 residuals=806
[2465/2810] K9951 support=13 orbits=18432 residuals=598
[2466/2810] K9952 support=13 orbits=18432 residuals=765
[2467/2810] K9953 support=13 orbits=18432 residuals=922
[2468/2810] K9954 support=10 orbits=6912 residuals=485
[2469/2810] K9955 support=13 orbits=18432 residuals=483
[2470/2810] K9956 support=13 orbits=18432 residuals=794
[2471/2810] K9957 support=13 orbits=18432 residuals=504
[2472/2810] K9958 support=12 orbits=12288 residuals=407
[2473/2810] K9959 support=13 orbits=18432 residuals=504
[2474/2810] K9960 support=12 orbits=7680 residuals=442
[2475/2810] K9961 support=12 orbits=13824 residuals=524
[2476/2810] K9962 support=12 orbits=13824 residuals=523
[2477/2810] K9963 support=12 orbits=13824 residuals=407
[2478/2810] K9964 support=10 orbits=6912 residuals=460
[2479/2810] K9965 support=12 orbits=13824 residuals=525
[2480/2810] K9966 support=12 orbits=13824 residuals=484
[2481/2810] K9967 support=11 orbits=10368 residuals=466
[2482/2810] K9968 support=11 orbits=9216 residuals=465
[2483/2810] K9969 support=13 orbits=18432 residuals=631
[2484/2810] K9970 support=13 orbits=9312 residuals=403
[2485/2810] K9971 support=13 orbits=18432 residuals=642
[2486/2810] K9972 support=13 orbits=18432 residuals=747
[2487/2810] K9973 support=11 orbits=10368 residuals=688
[2488/2810] K9974 support=13 orbits=9312 residuals=391
[2489/2810] K9975 support=12 orbits=13824 residuals=395
[2490/2810] K9976 support=12 orbits=13824 residuals=489
[2491/2810] K9977 support=12 orbits=13824 residuals=689
[2492/2810] K9978 support=12 orbits=13824 residuals=704
[2493/2810] K9979 support=12 orbits=13824 residuals=405
[2494/2810] K9980 support=10 orbits=7776 residuals=461
[2495/2810] K9981 support=11 orbits=10368 residuals=645
[2496/2810] K9982 support=11 orbits=10368 residuals=577
[2497/2810] K9983 support=9 orbits=5832 residuals=460
[2498/2810] K9984 support=13 orbits=18432 residuals=552
[2499/2810] K9985 support=12 orbits=7200 residuals=301
[2500/2810] K9986 support=12 orbits=7056 residuals=500
[2501/2810] K9987 support=13 orbits=18432 residuals=605
[2502/2810] K9988 support=13 orbits=18432 residuals=806
[2503/2810] K9989 support=12 orbits=13824 residuals=837
[2504/2810] K9990 support=12 orbits=2456 residuals=69
[2505/2810] K9991 support=12 orbits=7056 residuals=283
[2506/2810] K9992 support=12 orbits=13824 residuals=367
[2507/2810] K9993 support=11 orbits=5400 residuals=308
[2508/2810] K9994 support=11 orbits=5400 residuals=308
[2509/2810] K9995 support=12 orbits=13824 residuals=460
[2510/2810] K9996 support=12 orbits=13824 residuals=367
[2511/2810] K9997 support=12 orbits=2600 residuals=172
[2512/2810] K9998 support=13 orbits=9312 residuals=278
[2513/2810] K9999 support=13 orbits=18432 residuals=647
[2514/2810] K10000 support=12 orbits=13824 residuals=438
[2515/2810] K10001 support=13 orbits=9312 residuals=270
[2516/2810] K10002 support=13 orbits=9312 residuals=315
[2517/2810] K10003 support=13 orbits=9312 residuals=433
[2518/2810] K10004 support=9 orbits=2970 residuals=238
[2519/2810] K10005 support=13 orbits=18432 residuals=712
[2520/2810] K10006 support=12 orbits=13824 residuals=426
[2521/2810] K10007 support=11 orbits=3312 residuals=281
[2522/2810] K10008 support=12 orbits=13824 residuals=482
[2523/2810] K10009 support=12 orbits=7056 residuals=282
[2524/2810] K10010 support=12 orbits=13824 residuals=501
[2525/2810] K10011 support=10 orbits=7776 residuals=499
[2526/2810] K10012 support=10 orbits=3996 residuals=266
[2527/2810] K10013 support=11 orbits=10368 residuals=665
[2528/2810] K10014 support=14 orbits=13824 residuals=543
[2529/2810] K10015 support=13 orbits=10368 residuals=407
[2530/2810] K10016 support=14 orbits=24576 residuals=1049
[2531/2810] K10017 support=14 orbits=13056 residuals=459
[2532/2810] K10018 support=12 orbits=8640 residuals=453
[2533/2810] K10019 support=14 orbits=24576 residuals=904
[2534/2810] K10020 support=13 orbits=18432 residuals=794
[2535/2810] K10021 support=14 orbits=24576 residuals=741
[2536/2810] K10022 support=10 orbits=6912 residuals=497
[2537/2810] K10023 support=13 orbits=18432 residuals=572
[2538/2810] K10024 support=11 orbits=10368 residuals=565
[2539/2810] K10025 support=14 orbits=15360 residuals=1129
[2540/2810] K10026 support=14 orbits=24576 residuals=1251
[2541/2810] K10027 support=12 orbits=7776 residuals=423
[2542/2810] K10028 support=14 orbits=24576 residuals=1069
[2543/2810] K10029 support=14 orbits=24576 residuals=1458
[2544/2810] K10030 support=13 orbits=6048 residuals=263
[2545/2810] K10031 support=13 orbits=18432 residuals=846
[2546/2810] K10032 support=13 orbits=18432 residuals=568
[2547/2810] K10033 support=13 orbits=18432 residuals=568
[2548/2810] K10034 support=13 orbits=18432 residuals=640
[2549/2810] K10035 support=11 orbits=6480 residuals=530
[2550/2810] K10036 support=13 orbits=18432 residuals=680
[2551/2810] K10037 support=13 orbits=18432 residuals=779
[2552/2810] K10038 support=13 orbits=18432 residuals=538
[2553/2810] K10039 support=13 orbits=7200 residuals=496
[2554/2810] K10040 support=12 orbits=13824 residuals=482
[2555/2810] K10041 support=12 orbits=13824 residuals=751
[2556/2810] K10042 support=11 orbits=10368 residuals=560
[2557/2810] K10043 support=12 orbits=8640 residuals=430
[2558/2810] K10044 support=13 orbits=18432 residuals=651
[2559/2810] K10045 support=13 orbits=18432 residuals=651
[2560/2810] K10046 support=12 orbits=13824 residuals=405
[2561/2810] K10047 support=13 orbits=18432 residuals=642
[2562/2810] K10048 support=13 orbits=18432 residuals=782
[2563/2810] K10049 support=12 orbits=13824 residuals=417
[2564/2810] K10050 support=12 orbits=13824 residuals=405
[2565/2810] K10051 support=13 orbits=18432 residuals=631
[2566/2810] K10052 support=13 orbits=18432 residuals=928
[2567/2810] K10053 support=11 orbits=10368 residuals=665
[2568/2810] K10054 support=13 orbits=11520 residuals=520
[2569/2810] K10055 support=11 orbits=6480 residuals=535
[2570/2810] K10056 support=13 orbits=18432 residuals=807
[2571/2810] K10057 support=13 orbits=18432 residuals=688
[2572/2810] K10058 support=12 orbits=13824 residuals=529
[2573/2810] K10059 support=12 orbits=13824 residuals=542
[2574/2810] K10060 support=12 orbits=4624 residuals=234
[2575/2810] K10061 support=12 orbits=13824 residuals=460
[2576/2810] K10062 support=11 orbits=10368 residuals=645
[2577/2810] K10063 support=11 orbits=10368 residuals=645
[2578/2810] K10064 support=12 orbits=13824 residuals=529
[2579/2810] K10065 support=12 orbits=13824 residuals=438
[2580/2810] K10066 support=12 orbits=13824 residuals=670
[2581/2810] K10067 support=12 orbits=13824 residuals=837
[2582/2810] K10068 support=11 orbits=10368 residuals=464
[2583/2810] K10069 support=12 orbits=6528 residuals=230
[2584/2810] K10070 support=12 orbits=12288 residuals=390
[2585/2810] K10071 support=13 orbits=18432 residuals=625
[2586/2810] K10072 support=11 orbits=9216 residuals=437
[2587/2810] K10073 support=13 orbits=18432 residuals=584
[2588/2810] K10074 support=12 orbits=12288 residuals=543
[2589/2810] K10075 support=13 orbits=18432 residuals=502
[2590/2810] K10076 support=12 orbits=6528 residuals=274
[2591/2810] K10077 support=13 orbits=18432 residuals=603
[2592/2810] K10078 support=12 orbits=7344 residuals=245
[2593/2810] K10079 support=13 orbits=18432 residuals=688
[2594/2810] K10080 support=10 orbits=6912 residuals=460
[2595/2810] K10081 support=10 orbits=6912 residuals=460
[2596/2810] K10082 support=10 orbits=6912 residuals=460
[2597/2810] K10083 support=11 orbits=10368 residuals=560
[2598/2810] K10084 support=11 orbits=5400 residuals=306
[2599/2810] K10085 support=12 orbits=13824 residuals=704
[2600/2810] K10086 support=12 orbits=13824 residuals=682
[2601/2810] K10087 support=11 orbits=10368 residuals=497
[2602/2810] K10088 support=12 orbits=13824 residuals=516
[2603/2810] K10089 support=12 orbits=13824 residuals=596
[2604/2810] K10090 support=11 orbits=6480 residuals=530
[2605/2810] K10091 support=11 orbits=9216 residuals=647
[2606/2810] K10092 support=10 orbits=6912 residuals=460
[2607/2810] K10093 support=10 orbits=6912 residuals=485
[2608/2810] K10094 support=12 orbits=13824 residuals=674
[2609/2810] K10095 support=13 orbits=18432 residuals=846
[2610/2810] K10096 support=12 orbits=12288 residuals=520
[2611/2810] K10097 support=13 orbits=18432 residuals=627
[2612/2810] K10098 support=12 orbits=12288 residuals=778
[2613/2810] K10099 support=13 orbits=18432 residuals=765
[2614/2810] K10100 support=11 orbits=9216 residuals=434
[2615/2810] K10101 support=12 orbits=13824 residuals=407
[2616/2810] K10102 support=11 orbits=9216 residuals=665
[2617/2810] K10103 support=12 orbits=13824 residuals=523
[2618/2810] K10104 support=11 orbits=9216 residuals=522
[2619/2810] K10105 support=12 orbits=13824 residuals=476
[2620/2810] K10106 support=11 orbits=9216 residuals=647
[2621/2810] K10107 support=12 orbits=13824 residuals=556
[2622/2810] K10108 support=12 orbits=13824 residuals=847
[2623/2810] K10109 support=12 orbits=13824 residuals=529
[2624/2810] K10110 support=12 orbits=13824 residuals=516
[2625/2810] K10111 support=11 orbits=10368 residuals=438
[2626/2810] K10112 support=11 orbits=10368 residuals=464
[2627/2810] K10113 support=11 orbits=10368 residuals=533
[2628/2810] K10114 support=11 orbits=10368 residuals=531
[2629/2810] K10115 support=12 orbits=13824 residuals=577
[2630/2810] K10116 support=13 orbits=18432 residuals=806
[2631/2810] K10117 support=12 orbits=13824 residuals=524
[2632/2810] K10118 support=12 orbits=13824 residuals=577
[2633/2810] K10119 support=12 orbits=13824 residuals=847
[2634/2810] K10120 support=13 orbits=18432 residuals=846
[2635/2810] K10121 support=13 orbits=18432 residuals=702
[2636/2810] K10122 support=12 orbits=13824 residuals=574
[2637/2810] K10123 support=12 orbits=13824 residuals=482
[2638/2810] K10124 support=12 orbits=13824 residuals=596
[2639/2810] K10125 support=12 orbits=13824 residuals=525
[2640/2810] K10126 support=13 orbits=18432 residuals=624
[2641/2810] K10127 support=13 orbits=18432 residuals=552
[2642/2810] K10128 support=11 orbits=10368 residuals=533
[2643/2810] K10129 support=13 orbits=18432 residuals=806
[2644/2810] K10130 support=13 orbits=18432 residuals=605
[2645/2810] K10131 support=13 orbits=18432 residuals=614
[2646/2810] K10132 support=13 orbits=18432 residuals=817
[2647/2810] K10133 support=12 orbits=12288 residuals=520
[2648/2810] K10134 support=13 orbits=18432 residuals=491
[2649/2810] K10135 support=13 orbits=18432 residuals=473
[2650/2810] K10136 support=12 orbits=12288 residuals=521
[2651/2810] K10137 support=12 orbits=6912 residuals=255
[2652/2810] K10138 support=13 orbits=5616 residuals=209
[2653/2810] K10139 support=12 orbits=13824 residuals=422
[2654/2810] K10140 support=11 orbits=9216 residuals=643
[2655/2810] K10141 support=11 orbits=9216 residuals=665
[2656/2810] K10142 support=12 orbits=13824 residuals=666
[2657/2810] K10143 support=12 orbits=13824 residuals=683
[2658/2810] K10144 support=13 orbits=11520 residuals=616
[2659/2810] K10145 support=11 orbits=10368 residuals=665
[2660/2810] K10146 support=11 orbits=10368 residuals=469
[2661/2810] K10147 support=12 orbits=13824 residuals=552
[2662/2810] K10148 support=12 orbits=7776 residuals=423
[2663/2810] K10149 support=11 orbits=6480 residuals=535
[2664/2810] K10150 support=13 orbits=11520 residuals=632
[2665/2810] K10151 support=13 orbits=11520 residuals=478
[2666/2810] K10152 support=14 orbits=15360 residuals=782
[2667/2810] K10153 support=13 orbits=7200 residuals=533
[2668/2810] K10154 support=12 orbits=13824 residuals=466
[2669/2810] K10155 support=12 orbits=13824 residuals=751
[2670/2810] K10156 support=13 orbits=11520 residuals=548
[2671/2810] K10157 support=13 orbits=9792 residuals=437
[2672/2810] K10158 support=13 orbits=18432 residuals=846
[2673/2810] K10159 support=13 orbits=11520 residuals=588
[2674/2810] K10160 support=13 orbits=18432 residuals=807
[2675/2810] K10161 support=12 orbits=7200 residuals=229
[2676/2810] K10162 support=12 orbits=7200 residuals=283
[2677/2810] K10163 support=12 orbits=13824 residuals=670
[2678/2810] K10164 support=12 orbits=13824 residuals=529
[2679/2810] K10165 support=12 orbits=13824 residuals=525
[2680/2810] K10166 support=11 orbits=10368 residuals=533
[2681/2810] K10167 support=12 orbits=13824 residuals=529
[2682/2810] K10168 support=14 orbits=15360 residuals=914
[2683/2810] K10169 support=14 orbits=15360 residuals=808
[2684/2810] K10170 support=14 orbits=24576 residuals=1045
[2685/2810] K10171 support=14 orbits=24576 residuals=983
[2686/2810] K10172 support=12 orbits=13824 residuals=529
[2687/2810] K10173 support=11 orbits=9216 residuals=441
[2688/2810] K10174 support=11 orbits=9216 residuals=415
[2689/2810] K10175 support=12 orbits=13824 residuals=449
[2690/2810] K10176 support=14 orbits=13056 residuals=495
[2691/2810] K10177 support=12 orbits=12288 residuals=522
[2692/2810] K10178 support=13 orbits=9792 residuals=407
[2693/2810] K10179 support=12 orbits=7776 residuals=285
[2694/2810] K10180 support=13 orbits=18432 residuals=654
[2695/2810] K10181 support=11 orbits=9216 residuals=665
[2696/2810] K10182 support=12 orbits=13824 residuals=523
[2697/2810] K10183 support=12 orbits=8640 residuals=478
[2698/2810] K10184 support=12 orbits=13824 residuals=525
[2699/2810] K10185 support=13 orbits=11520 residuals=645
[2700/2810] K10186 support=14 orbits=24576 residuals=1463
[2701/2810] K10187 support=14 orbits=24576 residuals=1092
[2702/2810] K10188 support=14 orbits=24576 residuals=1419
[2703/2810] K10189 support=14 orbits=24576 residuals=1210
[2704/2810] K10190 support=14 orbits=15360 residuals=963
[2705/2810] K10191 support=13 orbits=18432 residuals=789
[2706/2810] K10192 support=14 orbits=24576 residuals=1432
[2707/2810] K10193 support=14 orbits=8640 residuals=586
[2708/2810] K10194 support=15 orbits=18432 residuals=609
[2709/2810] K10195 support=13 orbits=10368 residuals=339
[2710/2810] K10196 support=14 orbits=13824 residuals=569
[2711/2810] K10197 support=15 orbits=11520 residuals=561
[2712/2810] K10198 support=14 orbits=13824 residuals=751
[2713/2810] K10199 support=14 orbits=13824 residuals=740
[2714/2810] K10200 support=15 orbits=18432 residuals=526
[2715/2810] K10201 support=15 orbits=9984 residuals=307
[2716/2810] K10202 support=13 orbits=10368 residuals=453
[2717/2810] K10203 support=15 orbits=5256 residuals=285
[2718/2810] K10204 support=15 orbits=5256 residuals=123
[2719/2810] K10205 support=15 orbits=5256 residuals=285
[2720/2810] K10206 support=14 orbits=3996 residuals=139
[2721/2810] K10207 support=15 orbits=18432 residuals=633
[2722/2810] K10208 support=15 orbits=9408 residuals=317
[2723/2810] K10209 support=14 orbits=13824 residuals=548
[2724/2810] K10210 support=15 orbits=18432 residuals=635
[2725/2810] K10211 support=14 orbits=13824 residuals=503
[2726/2810] K10212 support=15 orbits=18432 residuals=494
[2727/2810] K10213 support=13 orbits=10368 residuals=416
[2728/2810] K10214 support=13 orbits=10368 residuals=320
[2729/2810] K10215 support=13 orbits=10368 residuals=349
[2730/2810] K10216 support=14 orbits=8064 residuals=410
[2731/2810] K10217 support=14 orbits=8640 residuals=410
[2732/2810] K10218 support=15 orbits=9600 residuals=307
[2733/2810] K10219 support=14 orbits=8640 residuals=586
[2734/2810] K10220 support=15 orbits=11520 residuals=705
[2735/2810] K10221 support=14 orbits=13824 residuals=517
[2736/2810] K10222 support=15 orbits=6720 residuals=458
[2737/2810] K10223 support=14 orbits=13824 residuals=718
[2738/2810] K10224 support=15 orbits=16640 residuals=539
[2739/2810] K10225 support=14 orbits=12480 residuals=555
[2740/2810] K10226 support=15 orbits=8448 residuals=373
[2741/2810] K10227 support=15 orbits=16512 residuals=537
[2742/2810] K10228 support=14 orbits=6432 residuals=188
[2743/2810] K10229 support=15 orbits=32768 residuals=1338
[2744/2810] K10230 support=14 orbits=24576 residuals=693
[2745/2810] K10231 support=15 orbits=32768 residuals=838
[2746/2810] K10232 support=14 orbits=24576 residuals=799
[2747/2810] K10233 support=15 orbits=32768 residuals=1018
[2748/2810] K10234 support=13 orbits=18432 residuals=646
[2749/2810] K10235 support=15 orbits=18432 residuals=674
[2750/2810] K10236 support=15 orbits=32768 residuals=1194
[2751/2810] K10237 support=15 orbits=9600 residuals=461
[2752/2810] K10238 support=14 orbits=13056 residuals=509
[2753/2810] K10239 support=15 orbits=32768 residuals=1223
[2754/2810] K10240 support=15 orbits=32768 residuals=986
[2755/2810] K10241 support=14 orbits=12672 residuals=709
[2756/2810] K10242 support=12 orbits=6912 residuals=268
[2757/2810] K10243 support=13 orbits=18432 residuals=640
[2758/2810] K10244 support=13 orbits=18432 residuals=658
[2759/2810] K10245 support=14 orbits=24576 residuals=1125
[2760/2810] K10246 support=15 orbits=32768 residuals=1311
[2761/2810] K10247 support=14 orbits=15360 residuals=797
[2762/2810] K10248 support=13 orbits=5760 residuals=300
[2763/2810] K10249 support=15 orbits=20480 residuals=1140
[2764/2810] K10250 support=14 orbits=12672 residuals=583
[2765/2810] K10251 support=15 orbits=32768 residuals=1370
[2766/2810] K10252 support=14 orbits=24576 residuals=957
[2767/2810] K10253 support=15 orbits=20480 residuals=1376
[2768/2810] K10254 support=15 orbits=16640 residuals=740
[2769/2810] K10255 support=14 orbits=24576 residuals=1039
[2770/2810] K10256 support=13 orbits=18432 residuals=600
[2771/2810] K10257 support=14 orbits=15360 residuals=907
[2772/2810] K10258 support=14 orbits=15360 residuals=722
[2773/2810] K10259 support=12 orbits=7680 residuals=445
[2774/2810] K10260 support=13 orbits=18432 residuals=628
[2775/2810] K10261 support=14 orbits=15360 residuals=976
[2776/2810] K10262 support=13 orbits=11520 residuals=534
[2777/2810] K10263 support=13 orbits=11520 residuals=478
[2778/2810] K10264 support=14 orbits=13056 residuals=666
[2779/2810] K10265 support=13 orbits=9792 residuals=492
[2780/2810] K10266 support=14 orbits=24576 residuals=1149
[2781/2810] K10267 support=13 orbits=18432 residuals=807
[2782/2810] K10268 support=15 orbits=16512 residuals=492
[2783/2810] K10269 support=12 orbits=13824 residuals=421
[2784/2810] K10270 support=13 orbits=5328 residuals=260
[2785/2810] K10271 support=14 orbits=13824 residuals=740
[2786/2810] K10272 support=14 orbits=7488 residuals=295
[2787/2810] K10273 support=15 orbits=32768 residuals=1554
[2788/2810] K10274 support=13 orbits=18432 residuals=656
[2789/2810] K10275 support=14 orbits=24576 residuals=1092
[2790/2810] K10276 support=13 orbits=18432 residuals=710
[2791/2810] K10277 support=14 orbits=24576 residuals=1086
[2792/2810] K10278 support=14 orbits=12672 residuals=360
[2793/2810] K10279 support=15 orbits=5472 residuals=224
[2794/2810] K10280 support=15 orbits=3100 residuals=141
[2795/2810] K10281 support=15 orbits=16896 residuals=674
[2796/2810] K10282 support=15 orbits=17408 residuals=593
[2797/2810] K10283 support=15 orbits=9024 residuals=191
[2798/2810] K10284 support=14 orbits=12672 residuals=536
[2799/2810] K10285 support=15 orbits=6480 residuals=529
[2800/2810] K10286 support=15 orbits=5472 residuals=307
[2801/2810] K10287 support=15 orbits=10880 residuals=686
[2802/2810] K10288 support=15 orbits=20480 residuals=886
[2803/2810] K10289 support=13 orbits=6480 residuals=304
[2804/2810] K10290 support=15 orbits=5600 residuals=221
[2805/2810] K10291 support=15 orbits=32768 residuals=1189
[2806/2810] K10292 support=14 orbits=7200 residuals=375
[2807/2810] K10293 support=14 orbits=24576 residuals=772
[2808/2810] K10294 support=15 orbits=32768 residuals=770
[2809/2810] K10295 support=14 orbits=13056 residuals=547
[2810/2810] K10296 support=14 orbits=12480 residuals=415
order=9 kernels=562 physical=9894872 orbits=7741634
residuals=329474 targets=5271584
full_theorem=false
raw_bytes=30581283 compressed_bytes=392828 raw_sha256=8ae1b27ca907a081962626a43d0847f84a33a0f38d3e5cb605c741db029a1528 artifact_sha256=8f172ae6231229769d6f4a6aa299207512d2347fc26a207fa15b708cc8c391db
