[3935/4495] K11421 support=13 orbits=18432 residuals=730
[3936/4495] K11422 support=13 orbits=18432 residuals=748
[3937/4495] K11423 support=12 orbits=13824 residuals=552
[3938/4495] K11424 support=14 orbits=15360 residuals=917
[3939/4495] K11425 support=14 orbits=24576 residuals=1066
[3940/4495] K11426 support=14 orbits=15360 residuals=944
[3941/4495] K11427 support=14 orbits=24576 residuals=1498
[3942/4495] K11428 support=13 orbits=18432 residuals=583
[3943/4495] K11429 support=13 orbits=18432 residuals=708
[3944/4495] K11430 support=12 orbits=13824 residuals=448
[3945/4495] K11431 support=12 orbits=13824 residuals=482
[3946/4495] K11432 support=13 orbits=18432 residuals=578
[3947/4495] K11433 support=13 orbits=18432 residuals=693
[3948/4495] K11434 support=13 orbits=18432 residuals=607
[3949/4495] K11435 support=12 orbits=13824 residuals=552
[3950/4495] K11436 support=13 orbits=18432 residuals=851
[3951/4495] K11437 support=12 orbits=13824 residuals=632
[3952/4495] K11438 support=11 orbits=10368 residuals=438
[3953/4495] K11439 support=11 orbits=10368 residuals=667
[3954/4495] K11440 support=13 orbits=18432 residuals=730
[3955/4495] K11441 support=11 orbits=10368 residuals=433
[3956/4495] K11442 support=13 orbits=11520 residuals=616
[3957/4495] K11443 support=13 orbits=18432 residuals=664
[3958/4495] K11444 support=13 orbits=18432 residuals=876
[3959/4495] K11445 support=11 orbits=10368 residuals=494
[3960/4495] K11446 support=12 orbits=13824 residuals=666
[3961/4495] K11447 support=14 orbits=12672 residuals=588
[3962/4495] K11448 support=14 orbits=13056 residuals=566
[3963/4495] K11449 support=14 orbits=12672 residuals=455
[3964/4495] K11450 support=14 orbits=12672 residuals=651
[3965/4495] K11451 support=12 orbits=7344 residuals=245
[3966/4495] K11452 support=14 orbits=24576 residuals=1297
[3967/4495] K11453 support=14 orbits=24576 residuals=1143
[3968/4495] K11454 support=14 orbits=24576 residuals=1364
[3969/4495] K11455 support=12 orbits=13824 residuals=540
[3970/4495] K11456 support=14 orbits=24576 residuals=940
[3971/4495] K11457 support=12 orbits=12288 residuals=521
[3972/4495] K11458 support=13 orbits=18432 residuals=609
[3973/4495] K11459 support=12 orbits=12288 residuals=630
[3974/4495] K11460 support=13 orbits=18432 residuals=574
[3975/4495] K11461 support=11 orbits=9216 residuals=415
[3976/4495] K11462 support=12 orbits=13824 residuals=373
[3977/4495] K11463 support=11 orbits=9216 residuals=609
[3978/4495] K11464 support=12 orbits=13824 residuals=396
[3979/4495] K11465 support=11 orbits=9216 residuals=437
[3980/4495] K11466 support=12 orbits=13824 residuals=381
[3981/4495] K11467 support=11 orbits=9216 residuals=529
[3982/4495] K11468 support=12 orbits=13824 residuals=367
[3983/4495] K11469 support=13 orbits=10368 residuals=309
[3984/4495] K11470 support=12 orbits=13824 residuals=385
[3985/4495] K11471 support=13 orbits=18432 residuals=586
[3986/4495] K11472 support=13 orbits=18432 residuals=627
[3987/4495] K11473 support=13 orbits=18432 residuals=793
[3988/4495] K11474 support=12 orbits=13824 residuals=512
[3989/4495] K11475 support=12 orbits=13824 residuals=539
[3990/4495] K11476 support=13 orbits=11520 residuals=632
[3991/4495] K11477 support=12 orbits=13824 residuals=836
[3992/4495] K11478 support=14 orbits=24576 residuals=1229
[3993/4495] K11479 support=14 orbits=7488 residuals=440
[3994/4495] K11480 support=13 orbits=18432 residuals=662
[3995/4495] K11481 support=13 orbits=18432 residuals=811
[3996/4495] K11482 support=12 orbits=13824 residuals=463
[3997/4495] K11483 support=12 orbits=13824 residuals=544
[3998/4495] K11484 support=12 orbits=13824 residuals=442
[3999/4495] K11485 support=12 orbits=13824 residuals=540
[4000/4495] K11486 support=11 orbits=5760 residuals=534
[4001/4495] K11487 support=11 orbits=10368 residuals=438
[4002/4495] K11488 support=11 orbits=5616 residuals=325
[4003/4495] K11489 support=14 orbits=24576 residuals=1367
[4004/4495] K11490 support=13 orbits=18432 residuals=816
[4005/4495] K11491 support=13 orbits=18432 residuals=816
[4006/4495] K11492 support=12 orbits=13824 residuals=544
[4007/4495] K11493 support=12 orbits=13824 residuals=596
[4008/4495] K11494 support=12 orbits=13824 residuals=751
[4009/4495] K11495 support=12 orbits=13824 residuals=525
[4010/4495] K11496 support=12 orbits=13824 residuals=553
[4011/4495] K11497 support=12 orbits=13824 residuals=513
[4012/4495] K11498 support=14 orbits=13824 residuals=783
[4013/4495] K11499 support=13 orbits=11520 residuals=569
[4014/4495] K11500 support=12 orbits=13824 residuals=515
[4015/4495] K11501 support=12 orbits=13824 residuals=387
[4016/4495] K11502 support=13 orbits=11520 residuals=481
[4017/4495] K11503 support=11 orbits=5256 residuals=374
[4018/4495] K11504 support=13 orbits=5856 residuals=342
[4019/4495] K11505 support=12 orbits=7056 residuals=299
[4020/4495] K11506 support=12 orbits=8640 residuals=593
[4021/4495] K11507 support=10 orbits=3996 residuals=266
[4022/4495] K11508 support=10 orbits=3600 residuals=247
[4023/4495] K11509 support=14 orbits=9600 residuals=723
[4024/4495] K11510 support=13 orbits=9792 residuals=445
[4025/4495] K11511 support=14 orbits=24576 residuals=1310
[4026/4495] K11512 support=13 orbits=18432 residuals=830
[4027/4495] K11513 support=13 orbits=18432 residuals=843
[4028/4495] K11514 support=11 orbits=9216 residuals=643
[4029/4495] K11515 support=12 orbits=13824 residuals=549
[4030/4495] K11516 support=11 orbits=9216 residuals=563
[4031/4495] K11517 support=12 orbits=13824 residuals=406
[4032/4495] K11518 support=13 orbits=18432 residuals=684
[4033/4495] K11519 support=12 orbits=13824 residuals=482
[4034/4495] K11520 support=11 orbits=10368 residuals=562
[4035/4495] K11521 support=11 orbits=3312 residuals=281
[4036/4495] K11522 support=11 orbits=10368 residuals=464
[4037/4495] K11523 support=12 orbits=13824 residuals=516
[4038/4495] K11524 support=12 orbits=13824 residuals=524
[4039/4495] K11525 support=12 orbits=13824 residuals=360
[4040/4495] K11526 support=13 orbits=18432 residuals=599
[4041/4495] K11527 support=12 orbits=13824 residuals=523
[4042/4495] K11528 support=13 orbits=11520 residuals=782
[4043/4495] K11529 support=12 orbits=13824 residuals=463
[4044/4495] K11530 support=12 orbits=13824 residuals=751
[4045/4495] K11531 support=12 orbits=13824 residuals=501
[4046/4495] K11532 support=12 orbits=13824 residuals=524
[4047/4495] K11533 support=12 orbits=13824 residuals=397
[4048/4495] K11534 support=13 orbits=11520 residuals=571
[4049/4495] K11535 support=14 orbits=24576 residuals=1231
[4050/4495] K11536 support=12 orbits=13824 residuals=605
[4051/4495] K11537 support=14 orbits=15360 residuals=976
[4052/4495] K11538 support=14 orbits=24576 residuals=1074
[4053/4495] K11539 support=14 orbits=24576 residuals=1399
[4054/4495] K11540 support=12 orbits=13824 residuals=687
[4055/4495] K11541 support=12 orbits=13824 residuals=575
[4056/4495] K11542 support=12 orbits=13824 residuals=796
[4057/4495] K11543 support=15 orbits=18432 residuals=618
[4058/4495] K11544 support=14 orbits=8064 residuals=365
[4059/4495] K11545 support=15 orbits=17408 residuals=699
[4060/4495] K11546 support=13 orbits=10368 residuals=415
[4061/4495] K11547 support=15 orbits=32768 residuals=1348
[4062/4495] K11548 support=14 orbits=24576 residuals=1090
[4063/4495] K11549 support=15 orbits=32768 residuals=947
[4064/4495] K11550 support=15 orbits=32768 residuals=1523
[4065/4495] K11551 support=13 orbits=18432 residuals=742
[4066/4495] K11552 support=15 orbits=32768 residuals=1519
[4067/4495] K11553 support=14 orbits=15360 residuals=908
[4068/4495] K11554 support=12 orbits=7680 residuals=534
[4069/4495] K11555 support=12 orbits=7488 residuals=343
[4070/4495] K11556 support=12 orbits=13824 residuals=575
[4071/4495] K11557 support=15 orbits=18432 residuals=733
[4072/4495] K11558 support=13 orbits=18432 residuals=842
[4073/4495] K11559 support=13 orbits=18432 residuals=861
[4074/4495] K11560 support=15 orbits=11520 residuals=871
[4075/4495] K11561 support=14 orbits=13824 residuals=748
[4076/4495] K11562 support=14 orbits=6624 residuals=317
[4077/4495] K11563 support=14 orbits=24576 residuals=1179
[4078/4495] K11564 support=15 orbits=16640 residuals=908
[4079/4495] K11565 support=14 orbits=24576 residuals=1378
[4080/4495] K11566 support=13 orbits=18432 residuals=663
[4081/4495] K11567 support=14 orbits=7200 residuals=375
[4082/4495] K11568 support=14 orbits=4920 residuals=335
[4083/4495] K11569 support=15 orbits=20480 residuals=1431
[4084/4495] K11570 support=13 orbits=11520 residuals=703
[4085/4495] K11571 support=15 orbits=32768 residuals=1553
[4086/4495] K11572 support=13 orbits=18432 residuals=842
[4087/4495] K11573 support=15 orbits=32768 residuals=1314
[4088/4495] K11574 support=12 orbits=6336 residuals=410
[4089/4495] K11575 support=14 orbits=13824 residuals=827
[4090/4495] K11576 support=13 orbits=18432 residuals=938
[4091/4495] K11577 support=14 orbits=12480 residuals=616
[4092/4495] K11578 support=14 orbits=12480 residuals=799
[4093/4495] K11579 support=15 orbits=20480 residuals=1555
[4094/4495] K11580 support=13 orbits=18432 residuals=723
[4095/4495] K11581 support=15 orbits=17408 residuals=660
[4096/4495] K11582 support=11 orbits=10368 residuals=471
[4097/4495] K11583 support=11 orbits=10368 residuals=667
[4098/4495] K11584 support=13 orbits=18432 residuals=707
[4099/4495] K11585 support=13 orbits=6048 residuals=217
[4100/4495] K11586 support=13 orbits=10368 residuals=493
[4101/4495] K11587 support=12 orbits=7776 residuals=273
[4102/4495] K11588 support=13 orbits=18432 residuals=676
[4103/4495] K11589 support=13 orbits=18432 residuals=832
[4104/4495] K11590 support=12 orbits=13824 residuals=553
[4105/4495] K11591 support=12 orbits=13824 residuals=580
[4106/4495] K11592 support=13 orbits=11520 residuals=642
[4107/4495] K11593 support=12 orbits=13824 residuals=837
[4108/4495] K11594 support=11 orbits=5616 residuals=258
[4109/4495] K11595 support=12 orbits=13824 residuals=554
[4110/4495] K11596 support=11 orbits=10368 residuals=560
[4111/4495] K11597 support=12 orbits=8640 residuals=450
[4112/4495] K11598 support=12 orbits=13824 residuals=554
[4113/4495] K11599 support=13 orbits=10368 residuals=473
[4114/4495] K11600 support=12 orbits=13824 residuals=665
[4115/4495] K11601 support=12 orbits=7056 residuals=282
[4116/4495] K11602 support=14 orbits=15360 residuals=924
[4117/4495] K11603 support=15 orbits=16640 residuals=713
[4118/4495] K11604 support=15 orbits=16640 residuals=936
[4119/4495] K11605 support=13 orbits=11520 residuals=501
[4120/4495] K11606 support=14 orbits=24576 residuals=872
[4121/4495] K11607 support=13 orbits=5616 residuals=207
[4122/4495] K11608 support=14 orbits=24576 residuals=1159
[4123/4495] K11609 support=14 orbits=24576 residuals=997
[4124/4495] K11610 support=14 orbits=24576 residuals=1164
[4125/4495] K11611 support=14 orbits=24576 residuals=1134
[4126/4495] K11612 support=13 orbits=18432 residuals=720
[4127/4495] K11613 support=13 orbits=18432 residuals=707
[4128/4495] K11614 support=14 orbits=24576 residuals=857
[4129/4495] K11615 support=11 orbits=10368 residuals=464
[4130/4495] K11616 support=13 orbits=11520 residuals=519
[4131/4495] K11617 support=13 orbits=11520 residuals=557
[4132/4495] K11618 support=13 orbits=18432 residuals=640
[4133/4495] K11619 support=13 orbits=18432 residuals=859
[4134/4495] K11620 support=12 orbits=4104 residuals=228
[4135/4495] K11621 support=13 orbits=4416 residuals=224
[4136/4495] K11622 support=13 orbits=16384 residuals=659
[4137/4495] K11623 support=13 orbits=4896 residuals=157
[4138/4495] K11624 support=14 orbits=12480 residuals=399
[4139/4495] K11625 support=13 orbits=4896 residuals=147
[4140/4495] K11626 support=13 orbits=4992 residuals=246
[4141/4495] K11627 support=14 orbits=12480 residuals=390
[4142/4495] K11628 support=13 orbits=3280 residuals=266
[4143/4495] K11629 support=14 orbits=15360 residuals=789
[4144/4495] K11630 support=13 orbits=4896 residuals=218
[4145/4495] K11631 support=14 orbits=12480 residuals=582
[4146/4495] K11632 support=13 orbits=8448 residuals=449
[4147/4495] K11633 support=12 orbits=12288 residuals=523
[4148/4495] K11634 support=12 orbits=7344 residuals=287
[4149/4495] K11635 support=13 orbits=9504 residuals=318
[4150/4495] K11636 support=13 orbits=3660 residuals=278
[4151/4495] K11637 support=12 orbits=12288 residuals=625
[4152/4495] K11638 support=12 orbits=7056 residuals=222
[4153/4495] K11639 support=13 orbits=18432 residuals=613
[4154/4495] K11640 support=12 orbits=7056 residuals=436
[4155/4495] K11641 support=13 orbits=9504 residuals=379
[4156/4495] K11642 support=14 orbits=8640 residuals=410
[4157/4495] K11643 support=14 orbits=12672 residuals=417
[4158/4495] K11644 support=13 orbits=18432 residuals=663
[4159/4495] K11645 support=14 orbits=9600 residuals=675
[4160/4495] K11646 support=13 orbits=10240 residuals=620
[4161/4495] K11647 support=14 orbits=24576 residuals=791
[4162/4495] K11648 support=12 orbits=6912 residuals=255
[4163/4495] K11649 support=12 orbits=12288 residuals=522
[4164/4495] K11650 support=12 orbits=12288 residuals=521
[4165/4495] K11651 support=12 orbits=7680 residuals=420
[4166/4495] K11652 support=12 orbits=7680 residuals=445
[4167/4495] K11653 support=12 orbits=12288 residuals=540
[4168/4495] K11654 support=13 orbits=6240 residuals=314
[4169/4495] K11655 support=12 orbits=4032 residuals=182
[4170/4495] K11656 support=12 orbits=12288 residuals=589
[4171/4495] K11657 support=12 orbits=7680 residuals=440
[4172/4495] K11658 support=12 orbits=6912 residuals=478
[4173/4495] K11659 support=12 orbits=13824 residuals=483
[4174/4495] K11660 support=13 orbits=18432 residuals=732
[4175/4495] K11661 support=14 orbits=24576 residuals=966
[4176/4495] K11662 support=13 orbits=18432 residuals=818
[4177/4495] K11663 support=12 orbits=13824 residuals=484
[4178/4495] K11664 support=12 orbits=13824 residuals=796
[4179/4495] K11665 support=12 orbits=13824 residuals=466
[4180/4495] K11666 support=14 orbits=13824 residuals=499
[4181/4495] K11667 support=14 orbits=15360 residuals=1015
[4182/4495] K11668 support=11 orbits=10368 residuals=469
[4183/4495] K11669 support=13 orbits=10368 residuals=346
[4184/4495] K11670 support=12 orbits=13824 residuals=580
[4185/4495] K11671 support=11 orbits=10368 residuals=667
[4186/4495] K11672 support=13 orbits=18432 residuals=674
[4187/4495] K11673 support=13 orbits=11520 residuals=642
[4188/4495] K11674 support=14 orbits=15360 residuals=917
[4189/4495] K11675 support=14 orbits=13824 residuals=603
[4190/4495] K11676 support=14 orbits=24576 residuals=1138
[4191/4495] K11677 support=11 orbits=10368 residuals=570
[4192/4495] K11678 support=13 orbits=11520 residuals=549
[4193/4495] K11679 support=12 orbits=13824 residuals=450
[4194/4495] K11680 support=14 orbits=24576 residuals=1172
[4195/4495] K11681 support=13 orbits=18432 residuals=936
[4196/4495] K11682 support=12 orbits=7776 residuals=467
[4197/4495] K11683 support=10 orbits=7776 residuals=590
[4198/4495] K11684 support=12 orbits=8640 residuals=593
[4199/4495] K11685 support=11 orbits=10368 residuals=600
[4200/4495] K11686 support=13 orbits=18432 residuals=838
[4201/4495] K11687 support=11 orbits=10368 residuals=600
[4202/4495] K11688 support=11 orbits=10368 residuals=588
[4203/4495] K11689 support=13 orbits=18432 residuals=837
[4204/4495] K11690 support=13 orbits=18432 residuals=729
[4205/4495] K11691 support=14 orbits=24576 residuals=1122
[4206/4495] K11692 support=13 orbits=11520 residuals=588
[4207/4495] K11693 support=12 orbits=13824 residuals=578
[4208/4495] K11694 support=12 orbits=13824 residuals=664
[4209/4495] K11695 support=13 orbits=11520 residuals=640
[4210/4495] K11696 support=13 orbits=18432 residuals=703
[4211/4495] K11697 support=13 orbits=18432 residuals=688
[4212/4495] K11698 support=11 orbits=10368 residuals=688
[4213/4495] K11699 support=12 orbits=8640 residuals=541
[4214/4495] K11700 support=14 orbits=24576 residuals=1066
[4215/4495] K11701 support=14 orbits=15360 residuals=786
[4216/4495] K11702 support=14 orbits=24576 residuals=963
[4217/4495] K11703 support=13 orbits=18432 residuals=811
[4218/4495] K11704 support=13 orbits=7200 residuals=496
[4219/4495] K11705 support=10 orbits=6912 residuals=460
[4220/4495] K11706 support=10 orbits=6912 residuals=583
[4221/4495] K11707 support=11 orbits=10368 residuals=588
[4222/4495] K11708 support=12 orbits=13824 residuals=704
[4223/4495] K11709 support=13 orbits=18432 residuals=745
[4224/4495] K11710 support=12 orbits=13824 residuals=501
[4225/4495] K11711 support=12 orbits=13824 residuals=552
[4226/4495] K11712 support=13 orbits=18432 residuals=785
[4227/4495] K11713 support=14 orbits=24576 residuals=1310
[4228/4495] K11714 support=12 orbits=13824 residuals=448
[4229/4495] K11715 support=13 orbits=18432 residuals=1033
[4230/4495] K11716 support=12 orbits=13824 residuals=449
[4231/4495] K11717 support=12 orbits=13824 residuals=666
[4232/4495] K11718 support=13 orbits=18432 residuals=838
[4233/4495] K11719 support=12 orbits=13824 residuals=666
[4234/4495] K11720 support=14 orbits=24576 residuals=1172
[4235/4495] K11721 support=12 orbits=13824 residuals=751
[4236/4495] K11722 support=12 orbits=13824 residuals=544
[4237/4495] K11723 support=12 orbits=8640 residuals=430
[4238/4495] K11724 support=14 orbits=24576 residuals=949
[4239/4495] K11725 support=11 orbits=9216 residuals=437
[4240/4495] K11726 support=14 orbits=13824 residuals=527
[4241/4495] K11727 support=12 orbits=7680 residuals=420
[4242/4495] K11728 support=11 orbits=9216 residuals=566
[4243/4495] K11729 support=12 orbits=13824 residuals=456
[4244/4495] K11730 support=12 orbits=7680 residuals=553
[4245/4495] K11731 support=13 orbits=11520 residuals=559
[4246/4495] K11732 support=12 orbits=13824 residuals=667
[4247/4495] K11733 support=14 orbits=15360 residuals=917
[4248/4495] K11734 support=11 orbits=10368 residuals=562
[4249/4495] K11735 support=14 orbits=13824 residuals=783
[4250/4495] K11736 support=14 orbits=15360 residuals=944
[4251/4495] K11737 support=12 orbits=13824 residuals=574
[4252/4495] K11738 support=12 orbits=13824 residuals=687
[4253/4495] K11739 support=13 orbits=18432 residuals=650
[4254/4495] K11740 support=14 orbits=24576 residuals=1067
[4255/4495] K11741 support=14 orbits=13824 residuals=531
[4256/4495] K11742 support=13 orbits=18432 residuals=696
[4257/4495] K11743 support=14 orbits=15360 residuals=898
[4258/4495] K11744 support=11 orbits=9216 residuals=662
[4259/4495] K11745 support=11 orbits=10368 residuals=667
[4260/4495] K11746 support=12 orbits=13824 residuals=687
[4261/4495] K11747 support=12 orbits=13824 residuals=796
[4262/4495] K11748 support=14 orbits=24576 residuals=1031
[4263/4495] K11749 support=12 orbits=12288 residuals=552
[4264/4495] K11750 support=12 orbits=13824 residuals=543
[4265/4495] K11751 support=13 orbits=18432 residuals=700
[4266/4495] K11752 support=13 orbits=10240 residuals=629
[4267/4495] K11753 support=13 orbits=11520 residuals=632
[4268/4495] K11754 support=14 orbits=15360 residuals=898
[4269/4495] K11755 support=13 orbits=18432 residuals=776
[4270/4495] K11756 support=14 orbits=15360 residuals=1005
[4271/4495] K11757 support=13 orbits=18432 residuals=841
[4272/4495] K11758 support=13 orbits=18432 residuals=662
[4273/4495] K11759 support=13 orbits=18432 residuals=852
[4274/4495] K11760 support=14 orbits=24576 residuals=1047
[4275/4495] K11761 support=13 orbits=18432 residuals=781
[4276/4495] K11762 support=13 orbits=18432 residuals=642
[4277/4495] K11763 support=13 orbits=18432 residuals=772
[4278/4495] K11764 support=14 orbits=15360 residuals=1005
[4279/4495] K11765 support=14 orbits=24576 residuals=1032
[4280/4495] K11766 support=14 orbits=24576 residuals=1193
[4281/4495] K11767 support=14 orbits=24576 residuals=1134
[4282/4495] K11768 support=14 orbits=15360 residuals=1024
[4283/4495] K11769 support=10 orbits=7776 residuals=461
[4284/4495] K11770 support=13 orbits=18432 residuals=660
[4285/4495] K11771 support=13 orbits=18432 residuals=794
[4286/4495] K11772 support=13 orbits=18432 residuals=841
[4287/4495] K11773 support=13 orbits=18432 residuals=841
[4288/4495] K11774 support=13 orbits=18432 residuals=720
[4289/4495] K11775 support=13 orbits=18432 residuals=859
[4290/4495] K11776 support=13 orbits=18432 residuals=803
[4291/4495] K11777 support=11 orbits=10368 residuals=564
[4292/4495] K11778 support=12 orbits=8640 residuals=473
[4293/4495] K11779 support=14 orbits=8640 residuals=586
[4294/4495] K11780 support=14 orbits=7200 residuals=310
[4295/4495] K11781 support=14 orbits=12672 residuals=607
[4296/4495] K11782 support=11 orbits=4800 residuals=286
[4297/4495] K11783 support=13 orbits=5376 residuals=269
[4298/4495] K11784 support=12 orbits=6528 residuals=229
[4299/4495] K11785 support=14 orbits=24576 residuals=1142
[4300/4495] K11786 support=13 orbits=18432 residuals=938
[4301/4495] K11787 support=12 orbits=8640 residuals=481
[4302/4495] K11788 support=13 orbits=11520 residuals=517
[4303/4495] K11789 support=14 orbits=9600 residuals=633
[4304/4495] K11790 support=13 orbits=11520 residuals=550
[4305/4495] K11791 support=14 orbits=12672 residuals=482
[4306/4495] K11792 support=12 orbits=13824 residuals=566
[4307/4495] K11793 support=13 orbits=18432 residuals=674
[4308/4495] K11794 support=13 orbits=18432 residuals=710
[4309/4495] K11795 support=14 orbits=24576 residuals=1142
[4310/4495] K11796 support=13 orbits=9504 residuals=367
[4311/4495] K11797 support=14 orbits=12672 residuals=471
[4312/4495] K11798 support=12 orbits=8640 residuals=450
[4313/4495] K11799 support=12 orbits=8640 residuals=484
[4314/4495] K11800 support=11 orbits=10368 residuals=565
[4315/4495] K11801 support=13 orbits=10368 residuals=362
[4316/4495] K11802 support=12 orbits=13824 residuals=606
[4317/4495] K11803 support=11 orbits=10368 residuals=750
[4318/4495] K11804 support=13 orbits=18432 residuals=708
[4319/4495] K11805 support=13 orbits=11520 residuals=703
[4320/4495] K11806 support=12 orbits=13824 residuals=606
[4321/4495] K11807 support=12 orbits=7488 residuals=344
[4322/4495] K11808 support=12 orbits=13824 residuals=567
[4323/4495] K11809 support=12 orbits=13824 residuals=666
[4324/4495] K11810 support=13 orbits=11520 residuals=664
[4325/4495] K11811 support=14 orbits=8064 residuals=370
[4326/4495] K11812 support=14 orbits=13056 residuals=522
[4327/4495] K11813 support=14 orbits=13824 residuals=832
[4328/4495] K11814 support=13 orbits=11520 residuals=703
[4329/4495] K11815 support=11 orbits=10368 residuals=562
[4330/4495] K11816 support=10 orbits=6912 residuals=583
[4331/4495] K11817 support=13 orbits=18432 residuals=862
[4332/4495] K11818 support=11 orbits=10368 residuals=588
[4333/4495] K11819 support=12 orbits=13824 residuals=448
[4334/4495] K11820 support=13 orbits=18432 residuals=693
[4335/4495] K11821 support=14 orbits=24576 residuals=1136
[4336/4495] K11822 support=13 orbits=18432 residuals=862
[4337/4495] K11823 support=13 orbits=10368 residuals=369
[4338/4495] K11824 support=13 orbits=18432 residuals=707
[4339/4495] K11825 support=12 orbits=7680 residuals=553
[4340/4495] K11826 support=13 orbits=11520 residuals=561
[4341/4495] K11827 support=14 orbits=13056 residuals=710
[4342/4495] K11828 support=11 orbits=9216 residuals=566
[4343/4495] K11829 support=12 orbits=13824 residuals=474
[4344/4495] K11830 support=13 orbits=10368 residuals=435
[4345/4495] K11831 support=13 orbits=11520 residuals=556
[4346/4495] K11832 support=11 orbits=5616 residuals=258
[4347/4495] K11833 support=11 orbits=10368 residuals=471
[4348/4495] K11834 support=13 orbits=6240 residuals=301
[4349/4495] K11835 support=13 orbits=6048 residuals=217
[4350/4495] K11836 support=13 orbits=9792 residuals=375
[4351/4495] K11837 support=13 orbits=18432 residuals=676
[4352/4495] K11838 support=12 orbits=7056 residuals=437
[4353/4495] K11839 support=13 orbits=18432 residuals=832
[4354/4495] K11840 support=12 orbits=13824 residuals=554
[4355/4495] K11841 support=11 orbits=5256 residuals=259
[4356/4495] K11842 support=10 orbits=7776 residuals=461
[4357/4495] K11843 support=12 orbits=8640 residuals=450
[4358/4495] K11844 support=12 orbits=7488 residuals=274
[4359/4495] K11845 support=12 orbits=13824 residuals=665
[4360/4495] K11846 support=12 orbits=13824 residuals=553
[4361/4495] K11847 support=13 orbits=9792 residuals=519
[4362/4495] K11848 support=12 orbits=7776 residuals=273
[4363/4495] K11849 support=13 orbits=5328 residuals=197
[4364/4495] K11850 support=12 orbits=8640 residuals=473
[4365/4495] K11851 support=13 orbits=10368 residuals=473
[4366/4495] K11852 support=12 orbits=13824 residuals=554
[4367/4495] K11853 support=13 orbits=9408 residuals=354
[4368/4495] K11854 support=11 orbits=10368 residuals=564
[4369/4495] K11855 support=12 orbits=8640 residuals=448
[4370/4495] K11856 support=12 orbits=7776 residuals=295
[4371/4495] K11857 support=13 orbits=18432 residuals=736
[4372/4495] K11858 support=13 orbits=6048 residuals=248
[4373/4495] K11859 support=12 orbits=13824 residuals=667
[4374/4495] K11860 support=13 orbits=10368 residuals=569
[4375/4495] K11861 support=11 orbits=5400 residuals=306
[4376/4495] K11862 support=11 orbits=10368 residuals=588
[4377/4495] K11863 support=13 orbits=5616 residuals=209
[4378/4495] K11864 support=13 orbits=11520 residuals=559
[4379/4495] K11865 support=13 orbits=9792 residuals=407
[4380/4495] K11866 support=12 orbits=13824 residuals=456
[4381/4495] K11867 support=13 orbits=10368 residuals=436
[4382/4495] K11868 support=13 orbits=18432 residuals=688
[4383/4495] K11869 support=11 orbits=5832 residuals=319
[4384/4495] K11870 support=13 orbits=18432 residuals=728
[4385/4495] K11871 support=13 orbits=18432 residuals=832
[4386/4495] K11872 support=12 orbits=13824 residuals=634
[4387/4495] K11873 support=10 orbits=4212 residuals=265
[4388/4495] K11874 support=13 orbits=18432 residuals=964
[4389/4495] K11875 support=11 orbits=10368 residuals=670
[4390/4495] K11876 support=11 orbits=10368 residuals=670
[4391/4495] K11877 support=12 orbits=4536 residuals=195
[4392/4495] K11878 support=12 orbits=8640 residuals=478
[4393/4495] K11879 support=12 orbits=13824 residuals=665
[4394/4495] K11880 support=12 orbits=7776 residuals=516
[4395/4495] K11881 support=12 orbits=8640 residuals=593
[4396/4495] K11882 support=12 orbits=13824 residuals=515
[4397/4495] K11883 support=13 orbits=11520 residuals=569
[4398/4495] K11884 support=14 orbits=8640 residuals=586
[4399/4495] K11885 support=13 orbits=6240 residuals=371
[4400/4495] K11886 support=13 orbits=11520 residuals=651
[4401/4495] K11887 support=13 orbits=11520 residuals=645
[4402/4495] K11888 support=14 orbits=9600 residuals=675
[4403/4495] K11889 support=15 orbits=6720 residuals=374
[4404/4495] K11890 support=15 orbits=10880 residuals=478
[4405/4495] K11891 support=15 orbits=20480 residuals=1223
[4406/4495] K11892 support=14 orbits=15360 residuals=1033
[4407/4495] K11893 support=12 orbits=4680 residuals=263
[4408/4495] K11894 support=13 orbits=5856 residuals=276
[4409/4495] K11895 support=12 orbits=8640 residuals=481
[4410/4495] K11896 support=14 orbits=9600 residuals=819
[4411/4495] K11897 support=15 orbits=10880 residuals=723
[4412/4495] K11898 support=14 orbits=8640 residuals=517
[4413/4495] K11899 support=14 orbits=5040 residuals=273
[4414/4495] K11900 support=15 orbits=5952 residuals=249
[4415/4495] K11901 support=14 orbits=9600 residuals=635
[4416/4495] K11902 support=15 orbits=11520 residuals=945
[4417/4495] K11903 support=14 orbits=15360 residuals=1033
[4418/4495] K11904 support=14 orbits=8640 residuals=621
[4419/4495] K11905 support=15 orbits=10496 residuals=483
[4420/4495] K11906 support=13 orbits=11520 residuals=530
[4421/4495] K11907 support=14 orbits=9600 residuals=621
[4422/4495] K11908 support=14 orbits=13056 residuals=682
[4423/4495] K11909 support=12 orbits=7056 residuals=277
[4424/4495] K11910 support=12 orbits=13824 residuals=728
[4425/4495] K11911 support=13 orbits=18432 residuals=777
[4426/4495] K11912 support=13 orbits=9408 residuals=555
[4427/4495] K11913 support=14 orbits=7200 residuals=269
[4428/4495] K11914 support=15 orbits=32768 residuals=1314
[4429/4495] K11915 support=14 orbits=15360 residuals=937
[4430/4495] K11916 support=15 orbits=18432 residuals=635
[4431/4495] K11917 support=15 orbits=10496 residuals=801
[4432/4495] K11918 support=14 orbits=12672 residuals=519
[4433/4495] K11919 support=13 orbits=18432 residuals=727
[4434/4495] K11920 support=14 orbits=12672 residuals=702
[4435/4495] K11921 support=14 orbits=13824 residuals=778
[4436/4495] K11922 support=12 orbits=7488 residuals=299
[4437/4495] K11923 support=14 orbits=8064 residuals=350
[4438/4495] K11924 support=14 orbits=13824 residuals=733
[4439/4495] K11925 support=12 orbits=13824 residuals=536
[4440/4495] K11926 support=14 orbits=13824 residuals=526
[4441/4495] K11927 support=14 orbits=24576 residuals=1045
[4442/4495] K11928 support=13 orbits=4896 residuals=228
[4443/4495] K11929 support=13 orbits=9408 residuals=448
[4444/4495] K11930 support=13 orbits=11520 residuals=550
[4445/4495] K11931 support=12 orbits=13824 residuals=566
[4446/4495] K11932 support=13 orbits=10368 residuals=446
[4447/4495] K11933 support=13 orbits=3660 residuals=278
[4448/4495] K11934 support=15 orbits=11520 residuals=881
[4449/4495] K11935 support=13 orbits=6400 residuals=508
[4450/4495] K11936 support=12 orbits=7680 residuals=445
[4451/4495] K11937 support=15 orbits=11520 residuals=760
[4452/4495] K11938 support=13 orbits=5184 residuals=273
[4453/4495] K11939 support=15 orbits=5520 residuals=249
[4454/4495] K11940 support=15 orbits=9408 residuals=629
[4455/4495] K11941 support=12 orbits=6528 residuals=274
[4456/4495] K11942 support=13 orbits=16384 residuals=779
[4457/4495] K11943 support=12 orbits=12288 residuals=522
[4458/4495] K11944 support=11 orbits=4800 residuals=345
[4459/4495] K11945 support=13 orbits=4992 residuals=226
[4460/4495] K11946 support=13 orbits=8704 residuals=456
[4461/4495] K11947 support=12 orbits=12288 residuals=778
[4462/4495] K11948 support=11 orbits=9216 residuals=662
[4463/4495] K11949 support=13 orbits=10240 residuals=619
[4464/4495] K11950 support=12 orbits=12288 residuals=520
[4465/4495] K11951 support=12 orbits=4032 residuals=143
[4466/4495] K11952 support=12 orbits=7200 residuals=397
[4467/4495] K11953 support=13 orbits=10368 residuals=446
[4468/4495] K11954 support=14 orbits=4248 residuals=159
[4469/4495] K11955 support=14 orbits=7200 residuals=336
[4470/4495] K11956 support=14 orbits=8064 residuals=513
[4471/4495] K11957 support=13 orbits=9792 residuals=425
[4472/4495] K11958 support=14 orbits=8640 residuals=546
[4473/4495] K11959 support=14 orbits=12672 residuals=485
[4474/4495] K11960 support=11 orbits=5328 residuals=305
[4475/4495] K11961 support=13 orbits=5952 residuals=293
[4476/4495] K11962 support=12 orbits=7200 residuals=264
[4477/4495] K11963 support=13 orbits=6048 residuals=213
[4478/4495] K11964 support=14 orbits=13056 residuals=531
[4479/4495] K11965 support=13 orbits=18432 residuals=640
[4480/4495] K11966 support=14 orbits=13056 residuals=660
[4481/4495] K11967 support=12 orbits=7776 residuals=247
[4482/4495] K11968 support=12 orbits=6912 residuals=435
[4483/4495] K11969 support=13 orbits=10368 residuals=338
[4484/4495] K11970 support=14 orbits=7200 residuals=306
[4485/4495] K11971 support=12 orbits=4464 residuals=238
[4486/4495] K11972 support=13 orbits=11520 residuals=569
[4487/4495] K11973 support=13 orbits=10368 residuals=469
[4488/4495] K11974 support=12 orbits=13824 residuals=525
[4489/4495] K11975 support=13 orbits=18432 residuals=638
[4490/4495] K11976 support=14 orbits=12672 residuals=583
[4491/4495] K11977 support=11 orbits=5400 residuals=254
[4492/4495] K11978 support=12 orbits=13824 residuals=496
[4493/4495] K11979 support=13 orbits=6048 residuals=219
[4494/4495] K11980 support=13 orbits=10368 residuals=481
[4495/4495] K11981 support=13 orbits=10368 residuals=442
order=9 kernels=561 physical=10142304 orbits=7451320
residuals=347094 targets=5553504
full_theorem=false
raw_bytes=32474080 compressed_bytes=433164 raw_sha256=e94b21dc4cc7e9dd0b88e3ca70f7a455cbc8373f3a0eb06c2f2ab7bbc0728392 artifact_sha256=fe3912a744743d7d1c14ddfee8c0104dd34466d169f63abfc4b2550039c019ef
