ROW q=34679 a=2 weight=2 U=-47
ROW q=34679 a=3 weight=3 U=120
ROW q=34679 a=4 weight=4 U=371/2
ROW q=34679 a=5 weight=2 U=-551/2
ROW q=34679 a=6 weight=5 U=-120
ROW q=34679 a=7 weight=3 U=158
ROW q=34679 a=8 weight=6 U=551/2
ROW q=34679 a=9 weight=6 U=47
ROW q=34679 a=10 weight=4 U=-371/2
ROW q=34679 a=11 weight=1 U=-363/2
ROW q=34679 a=13 weight=1 U=-303/2
ROW q=34679 a=14 weight=5 U=-158
RESULT q=34679 D=-34679 epsilon=-1 kappa=1 total=401 c_mod_7=2 status=NONZERO model=[1, 0, 0, -25054855, -41754384278814] change=[1, 2890, 1, 1445]
ROW q=39439 a=2 weight=2 U=-366
ROW q=39439 a=3 weight=3 U=594
ROW q=39439 a=4 weight=4 U=350
ROW q=39439 a=5 weight=2 U=-594
ROW q=39439 a=6 weight=5 U=-500
ROW q=39439 a=7 weight=3 U=366
ROW q=39439 a=8 weight=6 U=-68
ROW q=39439 a=9 weight=6 U=68
ROW q=39439 a=10 weight=4 U=245
ROW q=39439 a=11 weight=1 U=-350
ROW q=39439 a=13 weight=1 U=-245
ROW q=39439 a=14 weight=5 U=-555
RESULT q=39439 D=-39439 epsilon=-1 kappa=1 total=-2530 c_mod_7=4 status=NONZERO model=[1, 1, 1, -32404890, -61415804377864] change=[1, 3287, 1, 1644]
ROW q=45053 a=2 weight=2 U=41
ROW q=45053 a=3 weight=3 U=-173/2
ROW q=45053 a=4 weight=4 U=-159/2
ROW q=45053 a=5 weight=2 U=-44
ROW q=45053 a=6 weight=5 U=131/2
ROW q=45053 a=7 weight=3 U=-73/2
ROW q=45053 a=8 weight=6 U=159/2
ROW q=45053 a=9 weight=6 U=58
ROW q=45053 a=10 weight=4 U=-58
ROW q=45053 a=11 weight=1 U=44
ROW q=45053 a=13 weight=1 U=-41
ROW q=45053 a=14 weight=5 U=-131/2
RESULT q=45053 D=45053 epsilon=1 kappa=1 total=-97 c_mod_7=1 status=NONZERO model=[1, 1, 0, -42286933, 91553178589650] change=[1, -3754, 1, -1877]
ROW q=66179 a=2 weight=2 U=896
ROW q=66179 a=3 weight=3 U=802
ROW q=66179 a=4 weight=4 U=1341
ROW q=66179 a=5 weight=2 U=-802
ROW q=66179 a=6 weight=5 U=30
ROW q=66179 a=7 weight=3 U=-896
ROW q=66179 a=8 weight=6 U=995
ROW q=66179 a=9 weight=6 U=-995
ROW q=66179 a=10 weight=4 U=-1079
ROW q=66179 a=11 weight=1 U=-1341
ROW q=66179 a=13 weight=1 U=1079
ROW q=66179 a=14 weight=5 U=-252
RESULT q=66179 D=-66179 epsilon=-1 kappa=1 total=-418 c_mod_7=2 status=NONZERO model=[1, 0, 1, -91242918, -290176994181283] change=[1, 5515, 1, 2758]
ROW q=77617 a=2 weight=2 U=17
ROW q=77617 a=3 weight=3 U=9/2
ROW q=77617 a=4 weight=4 U=1137/2
ROW q=77617 a=5 weight=2 U=280
ROW q=77617 a=6 weight=5 U=959/2
ROW q=77617 a=7 weight=3 U=875/2
ROW q=77617 a=8 weight=6 U=-1137/2
ROW q=77617 a=9 weight=6 U=192
ROW q=77617 a=10 weight=4 U=-192
ROW q=77617 a=11 weight=1 U=-280
ROW q=77617 a=13 weight=1 U=-17
ROW q=77617 a=14 weight=5 U=-959/2
RESULT q=77617 D=77617 epsilon=1 kappa=1 total=870 c_mod_7=2 status=NONZERO model=[1, 0, 0, -125508306, 468136941373333] change=[1, -6468, 1, -3234]
ROW q=99709 a=2 weight=2 U=-199/2
ROW q=99709 a=3 weight=3 U=-729/2
ROW q=99709 a=4 weight=4 U=199/2
ROW q=99709 a=5 weight=2 U=35/2
ROW q=99709 a=6 weight=5 U=-107
ROW q=99709 a=7 weight=3 U=729/2
ROW q=99709 a=8 weight=6 U=-61
ROW q=99709 a=9 weight=6 U=165/2
ROW q=99709 a=10 weight=4 U=-35/2
ROW q=99709 a=11 weight=1 U=107
ROW q=99709 a=13 weight=1 U=-349
ROW q=99709 a=14 weight=5 U=349
RESULT q=99709 D=99709 epsilon=1 kappa=1 total=1261 c_mod_7=1 status=NONZERO model=[1, 0, 1, -207122598, 992442695012957] change=[1, -8309, 1, -4154]
ROW q=103811 a=2 weight=2 U=1353/2
ROW q=103811 a=3 weight=3 U=-226
ROW q=103811 a=4 weight=4 U=226
ROW q=103811 a=5 weight=2 U=-837/2
ROW q=103811 a=6 weight=5 U=-1353/2
ROW q=103811 a=7 weight=3 U=253
ROW q=103811 a=8 weight=6 U=-30
ROW q=103811 a=9 weight=6 U=-255/2
ROW q=103811 a=10 weight=4 U=-253
ROW q=103811 a=11 weight=1 U=255/2
ROW q=103811 a=13 weight=1 U=30
ROW q=103811 a=14 weight=5 U=837/2
RESULT q=103811 D=-103811 epsilon=-1 kappa=1 total=-3177/2 c_mod_7=4 status=NONZERO model=[1, 0, 1, -224515078, -1120037325727683] change=[1, 8651, 1, 4326]
ROW q=109789 a=2 weight=2 U=135
ROW q=109789 a=3 weight=3 U=46
ROW q=109789 a=4 weight=4 U=-173/2
ROW q=109789 a=5 weight=2 U=295/2
ROW q=109789 a=6 weight=5 U=-46
ROW q=109789 a=7 weight=3 U=-112
ROW q=109789 a=8 weight=6 U=-295/2
ROW q=109789 a=9 weight=6 U=-135
ROW q=109789 a=10 weight=4 U=173/2
ROW q=109789 a=11 weight=1 U=-589/2
ROW q=109789 a=13 weight=1 U=-123/2
ROW q=109789 a=14 weight=5 U=112
RESULT q=109789 D=109789 epsilon=1 kappa=1 total=-1354 c_mod_7=4 status=NONZERO model=[1, 0, 1, -251117178, 1324887022932017] change=[1, -9149, 1, -4574]
ROW q=114311 a=2 weight=2 U=-589/2
ROW q=114311 a=3 weight=3 U=735/2
ROW q=114311 a=4 weight=4 U=589/2
ROW q=114311 a=5 weight=2 U=-347/2
ROW q=114311 a=6 weight=5 U=715
ROW q=114311 a=7 weight=3 U=-735/2
ROW q=114311 a=8 weight=6 U=230
ROW q=114311 a=9 weight=6 U=-563/2
ROW q=114311 a=10 weight=4 U=347/2
ROW q=114311 a=11 weight=1 U=-715
ROW q=114311 a=13 weight=1 U=44
ROW q=114311 a=14 weight=5 U=-44
RESULT q=114311 D=-114311 epsilon=-1 kappa=1 total=3311 c_mod_7=0 status=ZERO model=[1, 0, 0, -272229265, -1495431221543214] change=[1, 9526, 1, 4763]
PASS: exact base-level-433 computations completed
