cycle=188
pari_version=[2, 15, 4]
curve=[1,0,0,0,1]
base_conductor=433
p=7 ell=29 eta=2 sign=-1 endpoint=[oo,(a*q+29*u)/(29*q)]
columns=q,a,dlog2,dlog2_mod7,U_a,kappa,T_a,T_a_mod7
twist q=1499 D=-1499 conductor=972951433 minimal_model=[1, 0, 1, -46813, -3372156843] minimal_change=[1, 125, 1, 63] kappa=1
1499	1	0	0	-13/2	1	-13/2	4
1499	2	1	1	-9/2	1	-9/2	6
1499	3	5	5	7	1	7	0
1499	4	2	2	-7	1	-7	0
1499	5	22	1	41/2	1	41/2	3
1499	6	6	6	9/2	1	9/2	1
1499	7	12	5	-5	1	-5	2
1499	8	3	3	14	1	14	0
1499	9	10	3	65/2	1	65/2	1
1499	10	23	2	5	1	5	5
1499	11	25	4	-65/2	1	-65/2	6
1499	12	7	0	13/2	1	13/2	3
1499	13	18	4	-14	1	-14	0
1499	14	13	6	-41/2	1	-41/2	4
1499	15	27	6	-41/2	1	-41/2	4
1499	16	4	4	-14	1	-14	0
1499	17	21	0	13/2	1	13/2	3
1499	18	11	4	-65/2	1	-65/2	6
1499	19	9	2	5	1	5	5
1499	20	24	3	65/2	1	65/2	1
1499	21	17	3	14	1	14	0
1499	22	26	5	-5	1	-5	2
1499	23	20	6	9/2	1	9/2	1
1499	24	8	1	41/2	1	41/2	3
1499	25	16	2	-7	1	-7	0
1499	26	19	5	7	1	7	0
1499	27	15	1	-9/2	1	-9/2	6
1499	28	14	0	-13/2	1	-13/2	4
result q=1499 raw_full_sum=-150 c_mod7=4 status=nonzero
twist q=6287 D=-6287 conductor=17114917777 minimal_model=[1, 0, 0, -823466, -248789968907] minimal_change=[1, 524, 1, 262] kappa=1
6287	1	0	0	101	1	101	3
6287	2	1	1	-101	1	-101	4
6287	3	5	5	-7/2	1	-7/2	0
6287	4	2	2	145/2	1	145/2	6
6287	5	22	1	96	1	96	5
6287	6	6	6	263/2	1	263/2	2
6287	7	12	5	142	1	142	2
6287	8	3	3	-142	1	-142	5
6287	9	10	3	7/2	1	7/2	0
6287	10	23	2	-263/2	1	-263/2	5
6287	11	25	4	-259/2	1	-259/2	0
6287	12	7	0	-96	1	-96	2
6287	13	18	4	259/2	1	259/2	0
6287	14	13	6	-145/2	1	-145/2	1
6287	15	27	6	-145/2	1	-145/2	1
6287	16	4	4	259/2	1	259/2	0
6287	17	21	0	-96	1	-96	2
6287	18	11	4	-259/2	1	-259/2	0
6287	19	9	2	-263/2	1	-263/2	5
6287	20	24	3	7/2	1	7/2	0
6287	21	17	3	-142	1	-142	5
6287	22	26	5	142	1	142	2
6287	23	20	6	263/2	1	263/2	2
6287	24	8	1	96	1	96	5
6287	25	16	2	145/2	1	145/2	6
6287	26	19	5	-7/2	1	-7/2	0
6287	27	15	1	-101	1	-101	4
6287	28	14	0	101	1	101	3
result q=6287 raw_full_sum=-1616 c_mod7=1 status=nonzero
