[2026-08-18T00:03:25.967091+00:00] exec: /opt/kortix/pyfloor/bin/python3 -u /workspace/positive-square-energy/experiments/rank7_order9_structural_owners.py chunk --manifest /workspace/positive-square-energy/experiments/rank7_order10_exact_residual_census_manifest.json --chunk-index 3 --output /workspace/positive-square-energy/experiments/rank7_order10_structural_owner_scheduler/results/chunk-03.json --progress
order-nine structural owner audit: FAIL CLOSED: wrong census manifest
[2026-08-18T00:03:26.080707+00:00] exit: 1
chunk=3 failed: scan exited 1
[2026-08-18T00:05:10.995359+00:00] exec: /opt/kortix/pyfloor/bin/python3 -u /workspace/positive-square-energy/experiments/rank7_order9_structural_owners.py chunk --manifest /workspace/positive-square-energy/experiments/rank7_order10_exact_residual_census_manifest.json --chunk-index 3 --output /workspace/positive-square-energy/experiments/rank7_order10_structural_owner_scheduler/results/chunk-03.json --progress
order-nine structural owner audit: FAIL CLOSED: census scope changed
[2026-08-18T00:05:11.177631+00:00] exit: 1
chunk=3 failed: scan exited 1
[2026-08-18T00:08:28.679293+00:00] exec: /opt/kortix/pyfloor/bin/python3 -u /workspace/positive-square-energy/experiments/rank7_order10_structural_owners.py chunk --manifest /workspace/positive-square-energy/experiments/rank7_order10_exact_residual_census_manifest.json --chunk-index 3 --output /workspace/positive-square-energy/experiments/rank7_order10_structural_owner_scheduler/results/chunk-03.json --progress
chunk=rank7_order10_census_2547_3396.json.xz scanned=10000 owned=11
chunk=rank7_order10_census_2547_3396.json.xz scanned=20000 owned=20
chunk=rank7_order10_census_2547_3396.json.xz scanned=30000 owned=29
chunk=rank7_order10_census_2547_3396.json.xz scanned=40000 owned=39
chunk=rank7_order10_census_2547_3396.json.xz scanned=50000 owned=69
chunk=rank7_order10_census_2547_3396.json.xz scanned=60000 owned=103
chunk=rank7_order10_census_2547_3396.json.xz scanned=70000 owned=131
chunk=rank7_order10_census_2547_3396.json.xz scanned=80000 owned=138
chunk=rank7_order10_census_2547_3396.json.xz scanned=90000 owned=152
chunk=rank7_order10_census_2547_3396.json.xz scanned=100000 owned=158
chunk=rank7_order10_census_2547_3396.json.xz scanned=110000 owned=168
chunk=rank7_order10_census_2547_3396.json.xz scanned=120000 owned=187
chunk=rank7_order10_census_2547_3396.json.xz scanned=130000 owned=191
chunk=rank7_order10_census_2547_3396.json.xz scanned=140000 owned=204
chunk=rank7_order10_census_2547_3396.json.xz scanned=150000 owned=208
chunk=rank7_order10_census_2547_3396.json.xz scanned=160000 owned=208
chunk=rank7_order10_census_2547_3396.json.xz scanned=170000 owned=236
chunk=rank7_order10_census_2547_3396.json.xz scanned=180000 owned=241
chunk=rank7_order10_census_2547_3396.json.xz scanned=190000 owned=250
chunk=rank7_order10_census_2547_3396.json.xz scanned=200000 owned=260
chunk=rank7_order10_census_2547_3396.json.xz scanned=210000 owned=268
chunk=rank7_order10_census_2547_3396.json.xz scanned=220000 owned=279
chunk=rank7_order10_census_2547_3396.json.xz scanned=230000 owned=282
chunk=rank7_order10_census_2547_3396.json.xz scanned=240000 owned=291
chunk=rank7_order10_census_2547_3396.json.xz scanned=250000 owned=294
chunk=rank7_order10_census_2547_3396.json.xz scanned=260000 owned=299
chunk=rank7_order10_census_2547_3396.json.xz scanned=270000 owned=307
chunk=rank7_order10_census_2547_3396.json.xz scanned=280000 owned=324
chunk=rank7_order10_census_2547_3396.json.xz scanned=290000 owned=342
chunk=rank7_order10_census_2547_3396.json.xz scanned=300000 owned=347
chunk=rank7_order10_census_2547_3396.json.xz scanned=310000 owned=351
chunk=rank7_order10_census_2547_3396.json.xz scanned=320000 owned=360
chunk=rank7_order10_census_2547_3396.json.xz scanned=330000 owned=366
chunk=rank7_order10_census_2547_3396.json.xz scanned=340000 owned=438
chunk=rank7_order10_census_2547_3396.json.xz scanned=350000 owned=469
chunk=rank7_order10_census_2547_3396.json.xz scanned=360000 owned=495
chunk=rank7_order10_census_2547_3396.json.xz scanned=370000 owned=530
chunk=rank7_order10_census_2547_3396.json.xz scanned=380000 owned=547
chunk=rank7_order10_census_2547_3396.json.xz scanned=390000 owned=557
chunk=rank7_order10_census_2547_3396.json.xz scanned=400000 owned=579
chunk=rank7_order10_census_2547_3396.json.xz scanned=410000 owned=609
chunk=rank7_order10_census_2547_3396.json.xz scanned=420000 owned=637
chunk=rank7_order10_census_2547_3396.json.xz scanned=430000 owned=647
chunk=rank7_order10_census_2547_3396.json.xz scanned=440000 owned=674
chunk=rank7_order10_census_2547_3396.json.xz scanned=450000 owned=709
chunk=rank7_order10_census_2547_3396.json.xz scanned=460000 owned=750
chunk=rank7_order10_census_2547_3396.json.xz scanned=470000 owned=773
chunk=rank7_order10_census_2547_3396.json.xz scanned=480000 owned=788
chunk=rank7_order10_census_2547_3396.json.xz scanned=490000 owned=799
chunk=rank7_order10_census_2547_3396.json.xz scanned=500000 owned=836
chunk=rank7_order10_census_2547_3396.json.xz scanned=510000 owned=863
chunk=rank7_order10_census_2547_3396.json.xz scanned=520000 owned=882
chunk=rank7_order10_census_2547_3396.json.xz scanned=530000 owned=901
chunk=rank7_order10_census_2547_3396.json.xz scanned=540000 owned=915
chunk=rank7_order10_census_2547_3396.json.xz scanned=550000 owned=931
chunk=rank7_order10_census_2547_3396.json.xz scanned=560000 owned=946
chunk=rank7_order10_census_2547_3396.json.xz scanned=570000 owned=959
chunk=rank7_order10_census_2547_3396.json.xz scanned=580000 owned=968
chunk=rank7_order10_census_2547_3396.json.xz scanned=590000 owned=983
chunk=rank7_order10_census_2547_3396.json.xz scanned=600000 owned=987
chunk=rank7_order10_census_2547_3396.json.xz scanned=610000 owned=1035
chunk=rank7_order10_census_2547_3396.json.xz scanned=620000 owned=1037
chunk=rank7_order10_census_2547_3396.json.xz scanned=630000 owned=1045
chunk=rank7_order10_census_2547_3396.json.xz scanned=640000 owned=1053
chunk=rank7_order10_census_2547_3396.json.xz scanned=650000 owned=1060
chunk=rank7_order10_census_2547_3396.json.xz scanned=660000 owned=1076
chunk=rank7_order10_census_2547_3396.json.xz scanned=670000 owned=1094
chunk=rank7_order10_census_2547_3396.json.xz scanned=680000 owned=1099
chunk=rank7_order10_census_2547_3396.json.xz scanned=690000 owned=1111
chunk=rank7_order10_census_2547_3396.json.xz scanned=700000 owned=1119
chunk=rank7_order10_census_2547_3396.json.xz scanned=710000 owned=1129
chunk=rank7_order10_census_2547_3396.json.xz scanned=720000 owned=1145
chunk=rank7_order10_census_2547_3396.json.xz scanned=730000 owned=1155
chunk=rank7_order10_census_2547_3396.json.xz scanned=740000 owned=1168
chunk=rank7_order10_census_2547_3396.json.xz scanned=750000 owned=1178
chunk=rank7_order10_census_2547_3396.json.xz scanned=760000 owned=1190
chunk=rank7_order10_census_2547_3396.json.xz scanned=770000 owned=1196
chunk=rank7_order10_census_2547_3396.json.xz scanned=780000 owned=1199
chunk=rank7_order10_census_2547_3396.json.xz scanned=790000 owned=1215
chunk=rank7_order10_census_2547_3396.json.xz scanned=800000 owned=1222
chunk=rank7_order10_census_2547_3396.json.xz scanned=810000 owned=1226
chunk=rank7_order10_census_2547_3396.json.xz scanned=820000 owned=1226
chunk=rank7_order10_census_2547_3396.json.xz scanned=830000 owned=1233
chunk=rank7_order10_census_2547_3396.json.xz scanned=840000 owned=1238
chunk=rank7_order10_census_2547_3396.json.xz scanned=850000 owned=1249
chunk=rank7_order10_census_2547_3396.json.xz scanned=860000 owned=1258
chunk=rank7_order10_census_2547_3396.json.xz scanned=870000 owned=1269
chunk=rank7_order10_census_2547_3396.json.xz scanned=880000 owned=1282
chunk=rank7_order10_census_2547_3396.json.xz scanned=890000 owned=1296
chunk=rank7_order10_census_2547_3396.json.xz scanned=900000 owned=1307
chunk=rank7_order10_census_2547_3396.json.xz scanned=910000 owned=1313
chunk=rank7_order10_census_2547_3396.json.xz scanned=920000 owned=1327
chunk=rank7_order10_census_2547_3396.json.xz scanned=930000 owned=1335
chunk=rank7_order10_census_2547_3396.json.xz scanned=940000 owned=1340
chunk=rank7_order10_census_2547_3396.json.xz scanned=950000 owned=1353
chunk=rank7_order10_census_2547_3396.json.xz scanned=960000 owned=1364
chunk=rank7_order10_census_2547_3396.json.xz scanned=970000 owned=1369
chunk=rank7_order10_census_2547_3396.json.xz scanned=980000 owned=1374
chunk=rank7_order10_census_2547_3396.json.xz scanned=990000 owned=1385
chunk=rank7_order10_census_2547_3396.json.xz scanned=1000000 owned=1393
chunk=rank7_order10_census_2547_3396.json.xz scanned=1010000 owned=1403
chunk=rank7_order10_census_2547_3396.json.xz scanned=1020000 owned=1427
chunk=rank7_order10_census_2547_3396.json.xz scanned=1030000 owned=1455
chunk=rank7_order10_census_2547_3396.json.xz scanned=1040000 owned=1483
chunk=rank7_order10_census_2547_3396.json.xz scanned=1050000 owned=1498
chunk=rank7_order10_census_2547_3396.json.xz scanned=1060000 owned=1508
chunk=rank7_order10_census_2547_3396.json.xz scanned=1070000 owned=1516
chunk=rank7_order10_census_2547_3396.json.xz scanned=1080000 owned=1518
chunk=rank7_order10_census_2547_3396.json.xz scanned=1090000 owned=1520
chunk=rank7_order10_census_2547_3396.json.xz scanned=1100000 owned=1547
chunk=rank7_order10_census_2547_3396.json.xz scanned=1110000 owned=1599
chunk=rank7_order10_census_2547_3396.json.xz scanned=1120000 owned=1622
chunk=rank7_order10_census_2547_3396.json.xz scanned=1130000 owned=1658
chunk=rank7_order10_census_2547_3396.json.xz scanned=1140000 owned=1675
chunk=rank7_order10_census_2547_3396.json.xz scanned=1150000 owned=1701
chunk=rank7_order10_census_2547_3396.json.xz scanned=1160000 owned=1721
chunk=rank7_order10_census_2547_3396.json.xz scanned=1170000 owned=1736
chunk=rank7_order10_census_2547_3396.json.xz scanned=1180000 owned=1765
chunk=rank7_order10_census_2547_3396.json.xz scanned=1190000 owned=1800
chunk=rank7_order10_census_2547_3396.json.xz scanned=1200000 owned=1816
chunk=rank7_order10_census_2547_3396.json.xz scanned=1210000 owned=1819
chunk=rank7_order10_census_2547_3396.json.xz scanned=1220000 owned=1827
chunk=rank7_order10_census_2547_3396.json.xz scanned=1230000 owned=1845
chunk=rank7_order10_census_2547_3396.json.xz scanned=1240000 owned=1860
chunk=rank7_order10_census_2547_3396.json.xz scanned=1250000 owned=1876
chunk=rank7_order10_census_2547_3396.json.xz scanned=1260000 owned=1889
chunk=rank7_order10_census_2547_3396.json.xz scanned=1270000 owned=1896
chunk=rank7_order10_census_2547_3396.json.xz scanned=1280000 owned=1913
chunk=rank7_order10_census_2547_3396.json.xz scanned=1290000 owned=1925
chunk=rank7_order10_census_2547_3396.json.xz scanned=1300000 owned=1939
chunk=rank7_order10_census_2547_3396.json.xz scanned=1310000 owned=1947
chunk=rank7_order10_census_2547_3396.json.xz scanned=1320000 owned=1963
chunk=rank7_order10_census_2547_3396.json.xz scanned=1330000 owned=1981
chunk=rank7_order10_census_2547_3396.json.xz scanned=1340000 owned=1996
chunk=rank7_order10_census_2547_3396.json.xz scanned=1350000 owned=2007
chunk=rank7_order10_census_2547_3396.json.xz scanned=1360000 owned=2019
chunk=rank7_order10_census_2547_3396.json.xz scanned=1370000 owned=2052
chunk=rank7_order10_census_2547_3396.json.xz scanned=1380000 owned=2064
chunk=rank7_order10_census_2547_3396.json.xz scanned=1390000 owned=2075
chunk=rank7_order10_census_2547_3396.json.xz scanned=1400000 owned=2096
chunk=rank7_order10_census_2547_3396.json.xz scanned=1410000 owned=2117
chunk=rank7_order10_census_2547_3396.json.xz scanned=1420000 owned=2173
chunk=rank7_order10_census_2547_3396.json.xz scanned=1430000 owned=2182
chunk=rank7_order10_census_2547_3396.json.xz scanned=1440000 owned=2195
chunk=rank7_order10_census_2547_3396.json.xz scanned=1450000 owned=2362
chunk=rank7_order10_census_2547_3396.json.xz scanned=1460000 owned=2384
chunk=rank7_order10_census_2547_3396.json.xz scanned=1470000 owned=2404
chunk=rank7_order10_census_2547_3396.json.xz scanned=1480000 owned=2416
chunk=rank7_order10_census_2547_3396.json.xz scanned=1490000 owned=2427
chunk=rank7_order10_census_2547_3396.json.xz scanned=1500000 owned=2438
chunk=rank7_order10_census_2547_3396.json.xz scanned=1510000 owned=2445
chunk=rank7_order10_census_2547_3396.json.xz scanned=1520000 owned=2457
chunk=rank7_order10_census_2547_3396.json.xz scanned=1530000 owned=2475
chunk=rank7_order10_census_2547_3396.json.xz scanned=1540000 owned=2538
chunk=rank7_order10_census_2547_3396.json.xz scanned=1550000 owned=2546
chunk=rank7_order10_census_2547_3396.json.xz scanned=1560000 owned=2562
chunk=rank7_order10_census_2547_3396.json.xz scanned=1570000 owned=2585
chunk=rank7_order10_census_2547_3396.json.xz scanned=1580000 owned=2600
chunk=rank7_order10_census_2547_3396.json.xz scanned=1590000 owned=2610
chunk=rank7_order10_census_2547_3396.json.xz scanned=1600000 owned=2617
chunk=rank7_order10_census_2547_3396.json.xz scanned=1610000 owned=2641
chunk=rank7_order10_census_2547_3396.json.xz scanned=1620000 owned=2663
chunk=rank7_order10_census_2547_3396.json.xz scanned=1630000 owned=2686
chunk=rank7_order10_census_2547_3396.json.xz scanned=1640000 owned=2688
chunk=rank7_order10_census_2547_3396.json.xz scanned=1650000 owned=2701
chunk=rank7_order10_census_2547_3396.json.xz scanned=1660000 owned=2708
chunk=rank7_order10_census_2547_3396.json.xz scanned=1670000 owned=2718
chunk=rank7_order10_census_2547_3396.json.xz scanned=1680000 owned=2725
chunk=rank7_order10_census_2547_3396.json.xz scanned=1690000 owned=2739
chunk=rank7_order10_census_2547_3396.json.xz scanned=1700000 owned=2755
chunk=rank7_order10_census_2547_3396.json.xz scanned=1710000 owned=2760
chunk=rank7_order10_census_2547_3396.json.xz scanned=1720000 owned=2763
chunk=rank7_order10_census_2547_3396.json.xz scanned=1730000 owned=2784
chunk=rank7_order10_census_2547_3396.json.xz scanned=1740000 owned=2802
chunk=rank7_order10_census_2547_3396.json.xz scanned=1750000 owned=2835
chunk=rank7_order10_census_2547_3396.json.xz scanned=1760000 owned=2874
chunk=rank7_order10_census_2547_3396.json.xz scanned=1770000 owned=2889
chunk=rank7_order10_census_2547_3396.json.xz scanned=1780000 owned=2972
chunk=rank7_order10_census_2547_3396.json.xz scanned=1790000 owned=2990
chunk=rank7_order10_census_2547_3396.json.xz scanned=1800000 owned=2996
chunk=rank7_order10_census_2547_3396.json.xz scanned=1810000 owned=3002
chunk=rank7_order10_census_2547_3396.json.xz scanned=1820000 owned=3012
chunk=rank7_order10_census_2547_3396.json.xz scanned=1830000 owned=3026
chunk=rank7_order10_census_2547_3396.json.xz scanned=1840000 owned=3077
chunk=rank7_order10_census_2547_3396.json.xz scanned=1850000 owned=3127
chunk=rank7_order10_census_2547_3396.json.xz scanned=1860000 owned=3181
chunk=rank7_order10_census_2547_3396.json.xz scanned=1870000 owned=3190
chunk=rank7_order10_census_2547_3396.json.xz scanned=1880000 owned=3193
chunk=rank7_order10_census_2547_3396.json.xz scanned=1890000 owned=3203
chunk=rank7_order10_census_2547_3396.json.xz scanned=1900000 owned=3215
chunk=rank7_order10_census_2547_3396.json.xz scanned=1910000 owned=3226
chunk=rank7_order10_census_2547_3396.json.xz scanned=1920000 owned=3233
chunk=rank7_order10_census_2547_3396.json.xz scanned=1930000 owned=3238
chunk=rank7_order10_census_2547_3396.json.xz scanned=1940000 owned=3247
chunk=rank7_order10_census_2547_3396.json.xz scanned=1950000 owned=3264
chunk=rank7_order10_census_2547_3396.json.xz scanned=1960000 owned=3274
chunk=rank7_order10_census_2547_3396.json.xz scanned=1970000 owned=3286
chunk=rank7_order10_census_2547_3396.json.xz scanned=1980000 owned=3305
chunk=rank7_order10_census_2547_3396.json.xz scanned=1990000 owned=3312
chunk=rank7_order10_census_2547_3396.json.xz scanned=2000000 owned=3319
chunk=rank7_order10_census_2547_3396.json.xz scanned=2010000 owned=3337
chunk=rank7_order10_census_2547_3396.json.xz scanned=2020000 owned=3341
chunk=rank7_order10_census_2547_3396.json.xz scanned=2030000 owned=3351
chunk=rank7_order10_census_2547_3396.json.xz scanned=2040000 owned=3358
chunk=rank7_order10_census_2547_3396.json.xz scanned=2050000 owned=3361
chunk=rank7_order10_census_2547_3396.json.xz scanned=2060000 owned=3399
chunk=rank7_order10_census_2547_3396.json.xz scanned=2070000 owned=3422
chunk=rank7_order10_census_2547_3396.json.xz scanned=2080000 owned=3437
chunk=rank7_order10_census_2547_3396.json.xz scanned=2090000 owned=3485
chunk=3 scanned=2099828 remainder=2096309
[2026-08-18T00:39:22.921463+00:00] exit: 0
chunk=3 completed
