[2026-08-17T00:28:27.732292+00:00] exec: /opt/kortix/pyfloor/bin/python3 -u /workspace/positive-square-energy/experiments/rank7_order9_structural_owners.py chunk --manifest /workspace/positive-square-energy/experiments/rank7_order9_exact_residual_census_manifest.json --chunk-index 6 --output /workspace/positive-square-energy/experiments/rank7_order9_structural_owner_scheduler/results/chunk-06.json --progress
chunk=rank7_order9_census_3372_3934.json.xz scanned=10000 owned=7690
chunk=rank7_order9_census_3372_3934.json.xz scanned=20000 owned=16752
chunk=rank7_order9_census_3372_3934.json.xz scanned=30000 owned=25843
chunk=rank7_order9_census_3372_3934.json.xz scanned=40000 owned=35431
chunk=rank7_order9_census_3372_3934.json.xz scanned=50000 owned=43551
chunk=rank7_order9_census_3372_3934.json.xz scanned=60000 owned=52094
chunk=rank7_order9_census_3372_3934.json.xz scanned=70000 owned=60545
chunk=rank7_order9_census_3372_3934.json.xz scanned=80000 owned=69314
chunk=rank7_order9_census_3372_3934.json.xz scanned=90000 owned=75435
chunk=rank7_order9_census_3372_3934.json.xz scanned=100000 owned=83250
chunk=rank7_order9_census_3372_3934.json.xz scanned=110000 owned=91131
chunk=rank7_order9_census_3372_3934.json.xz scanned=120000 owned=100464
chunk=rank7_order9_census_3372_3934.json.xz scanned=130000 owned=109027
chunk=rank7_order9_census_3372_3934.json.xz scanned=140000 owned=116620
[2026-08-17T06:16:28.039603+00:00] exec: /opt/kortix/pyfloor/bin/python3 -u /workspace/positive-square-energy/experiments/rank7_order9_structural_owners.py chunk --manifest /workspace/positive-square-energy/experiments/rank7_order9_exact_residual_census_manifest.json --chunk-index 6 --output /workspace/positive-square-energy/experiments/rank7_order9_structural_owner_scheduler/results/chunk-06.json --progress
chunk=rank7_order9_census_3372_3934.json.xz scanned=10000 owned=7690
chunk=rank7_order9_census_3372_3934.json.xz scanned=20000 owned=16752
chunk=rank7_order9_census_3372_3934.json.xz scanned=30000 owned=25843
chunk=rank7_order9_census_3372_3934.json.xz scanned=40000 owned=35431
chunk=rank7_order9_census_3372_3934.json.xz scanned=50000 owned=43551
chunk=rank7_order9_census_3372_3934.json.xz scanned=60000 owned=52094
chunk=rank7_order9_census_3372_3934.json.xz scanned=70000 owned=60545
chunk=rank7_order9_census_3372_3934.json.xz scanned=80000 owned=69314
chunk=rank7_order9_census_3372_3934.json.xz scanned=90000 owned=75435
chunk=rank7_order9_census_3372_3934.json.xz scanned=100000 owned=83250
chunk=rank7_order9_census_3372_3934.json.xz scanned=110000 owned=91131
chunk=rank7_order9_census_3372_3934.json.xz scanned=120000 owned=100464
chunk=rank7_order9_census_3372_3934.json.xz scanned=130000 owned=109027
chunk=rank7_order9_census_3372_3934.json.xz scanned=140000 owned=116620
chunk=rank7_order9_census_3372_3934.json.xz scanned=150000 owned=124530
chunk=rank7_order9_census_3372_3934.json.xz scanned=160000 owned=134112
chunk=rank7_order9_census_3372_3934.json.xz scanned=170000 owned=143631
chunk=rank7_order9_census_3372_3934.json.xz scanned=180000 owned=152326
chunk=rank7_order9_census_3372_3934.json.xz scanned=190000 owned=161331
chunk=rank7_order9_census_3372_3934.json.xz scanned=200000 owned=171019
chunk=rank7_order9_census_3372_3934.json.xz scanned=210000 owned=180904
chunk=rank7_order9_census_3372_3934.json.xz scanned=220000 owned=190687
chunk=rank7_order9_census_3372_3934.json.xz scanned=230000 owned=200533
chunk=rank7_order9_census_3372_3934.json.xz scanned=240000 owned=209769
chunk=rank7_order9_census_3372_3934.json.xz scanned=250000 owned=219499
chunk=rank7_order9_census_3372_3934.json.xz scanned=260000 owned=229301
chunk=rank7_order9_census_3372_3934.json.xz scanned=270000 owned=238486
chunk=rank7_order9_census_3372_3934.json.xz scanned=280000 owned=247180
chunk=rank7_order9_census_3372_3934.json.xz scanned=290000 owned=255805
chunk=rank7_order9_census_3372_3934.json.xz scanned=300000 owned=265424
chunk=rank7_order9_census_3372_3934.json.xz scanned=310000 owned=274776
chunk=rank7_order9_census_3372_3934.json.xz scanned=320000 owned=284209
chunk=rank7_order9_census_3372_3934.json.xz scanned=330000 owned=293740
chunk=rank7_order9_census_3372_3934.json.xz scanned=340000 owned=302367
chunk=rank7_order9_census_3372_3934.json.xz scanned=350000 owned=312009
chunk=rank7_order9_census_3372_3934.json.xz scanned=360000 owned=320992
chunk=rank7_order9_census_3372_3934.json.xz scanned=370000 owned=328985
chunk=6 scanned=378618 remainder=41548
[2026-08-17T06:46:05.831188+00:00] exit: 0
chunk=6 completed
