[2026-08-17T00:28:27.435421+00:00] exec: /opt/kortix/pyfloor/bin/python3 -u /workspace/positive-square-energy/experiments/rank7_order9_structural_owners.py chunk --manifest /workspace/positive-square-energy/experiments/rank7_order9_exact_residual_census_manifest.json --chunk-index 2 --output /workspace/positive-square-energy/experiments/rank7_order9_structural_owner_scheduler/results/chunk-02.json --progress
chunk=rank7_order9_census_1124_1686.json.xz scanned=10000 owned=8366
chunk=rank7_order9_census_1124_1686.json.xz scanned=20000 owned=16141
chunk=rank7_order9_census_1124_1686.json.xz scanned=30000 owned=23436
chunk=rank7_order9_census_1124_1686.json.xz scanned=40000 owned=31286
chunk=rank7_order9_census_1124_1686.json.xz scanned=50000 owned=40372
chunk=rank7_order9_census_1124_1686.json.xz scanned=60000 owned=49113
chunk=rank7_order9_census_1124_1686.json.xz scanned=70000 owned=57757
chunk=rank7_order9_census_1124_1686.json.xz scanned=80000 owned=67441
chunk=rank7_order9_census_1124_1686.json.xz scanned=90000 owned=75797
chunk=rank7_order9_census_1124_1686.json.xz scanned=100000 owned=83950
chunk=rank7_order9_census_1124_1686.json.xz scanned=110000 owned=91233
chunk=rank7_order9_census_1124_1686.json.xz scanned=120000 owned=99466
chunk=rank7_order9_census_1124_1686.json.xz scanned=130000 owned=105455
chunk=rank7_order9_census_1124_1686.json.xz scanned=140000 owned=114003
[2026-08-17T06:16:28.034088+00:00] exec: /opt/kortix/pyfloor/bin/python3 -u /workspace/positive-square-energy/experiments/rank7_order9_structural_owners.py chunk --manifest /workspace/positive-square-energy/experiments/rank7_order9_exact_residual_census_manifest.json --chunk-index 2 --output /workspace/positive-square-energy/experiments/rank7_order9_structural_owner_scheduler/results/chunk-02.json --progress
chunk=rank7_order9_census_1124_1686.json.xz scanned=10000 owned=8366
chunk=rank7_order9_census_1124_1686.json.xz scanned=20000 owned=16141
chunk=rank7_order9_census_1124_1686.json.xz scanned=30000 owned=23436
chunk=rank7_order9_census_1124_1686.json.xz scanned=40000 owned=31286
chunk=rank7_order9_census_1124_1686.json.xz scanned=50000 owned=40372
chunk=rank7_order9_census_1124_1686.json.xz scanned=60000 owned=49113
chunk=rank7_order9_census_1124_1686.json.xz scanned=70000 owned=57757
chunk=rank7_order9_census_1124_1686.json.xz scanned=80000 owned=67441
chunk=rank7_order9_census_1124_1686.json.xz scanned=90000 owned=75797
chunk=rank7_order9_census_1124_1686.json.xz scanned=100000 owned=83950
chunk=rank7_order9_census_1124_1686.json.xz scanned=110000 owned=91233
chunk=rank7_order9_census_1124_1686.json.xz scanned=120000 owned=99466
chunk=rank7_order9_census_1124_1686.json.xz scanned=130000 owned=105455
chunk=rank7_order9_census_1124_1686.json.xz scanned=140000 owned=114003
chunk=rank7_order9_census_1124_1686.json.xz scanned=150000 owned=122888
chunk=rank7_order9_census_1124_1686.json.xz scanned=160000 owned=131422
chunk=rank7_order9_census_1124_1686.json.xz scanned=170000 owned=139641
chunk=rank7_order9_census_1124_1686.json.xz scanned=180000 owned=147431
chunk=rank7_order9_census_1124_1686.json.xz scanned=190000 owned=153654
chunk=rank7_order9_census_1124_1686.json.xz scanned=200000 owned=162663
chunk=rank7_order9_census_1124_1686.json.xz scanned=210000 owned=170949
chunk=rank7_order9_census_1124_1686.json.xz scanned=220000 owned=178437
chunk=rank7_order9_census_1124_1686.json.xz scanned=230000 owned=186636
chunk=rank7_order9_census_1124_1686.json.xz scanned=240000 owned=195064
chunk=rank7_order9_census_1124_1686.json.xz scanned=250000 owned=204208
chunk=rank7_order9_census_1124_1686.json.xz scanned=260000 owned=213746
chunk=rank7_order9_census_1124_1686.json.xz scanned=270000 owned=223334
chunk=rank7_order9_census_1124_1686.json.xz scanned=280000 owned=232179
chunk=rank7_order9_census_1124_1686.json.xz scanned=290000 owned=241388
chunk=rank7_order9_census_1124_1686.json.xz scanned=300000 owned=249699
chunk=rank7_order9_census_1124_1686.json.xz scanned=310000 owned=259525
chunk=rank7_order9_census_1124_1686.json.xz scanned=320000 owned=269019
chunk=rank7_order9_census_1124_1686.json.xz scanned=330000 owned=278967
chunk=2 scanned=339331 remainder=51059
[2026-08-17T06:44:50.640632+00:00] exit: 0
chunk=2 completed
