[2026-08-17T00:28:27.735513+00:00] exec: /opt/kortix/pyfloor/bin/python3 -u /workspace/positive-square-energy/experiments/rank7_order9_structural_owners.py chunk --manifest /workspace/positive-square-energy/experiments/rank7_order9_exact_residual_census_manifest.json --chunk-index 4 --output /workspace/positive-square-energy/experiments/rank7_order9_structural_owner_scheduler/results/chunk-04.json --progress
chunk=rank7_order9_census_2248_2810.json.xz scanned=10000 owned=8541
chunk=rank7_order9_census_2248_2810.json.xz scanned=20000 owned=17517
chunk=rank7_order9_census_2248_2810.json.xz scanned=30000 owned=25520
chunk=rank7_order9_census_2248_2810.json.xz scanned=40000 owned=34126
chunk=rank7_order9_census_2248_2810.json.xz scanned=50000 owned=42615
chunk=rank7_order9_census_2248_2810.json.xz scanned=60000 owned=49589
chunk=rank7_order9_census_2248_2810.json.xz scanned=70000 owned=58203
chunk=rank7_order9_census_2248_2810.json.xz scanned=80000 owned=66675
chunk=rank7_order9_census_2248_2810.json.xz scanned=90000 owned=72910
chunk=rank7_order9_census_2248_2810.json.xz scanned=100000 owned=80445
chunk=rank7_order9_census_2248_2810.json.xz scanned=110000 owned=88607
chunk=rank7_order9_census_2248_2810.json.xz scanned=120000 owned=97693
chunk=rank7_order9_census_2248_2810.json.xz scanned=130000 owned=106430
[2026-08-17T06:16:28.038035+00:00] exec: /opt/kortix/pyfloor/bin/python3 -u /workspace/positive-square-energy/experiments/rank7_order9_structural_owners.py chunk --manifest /workspace/positive-square-energy/experiments/rank7_order9_exact_residual_census_manifest.json --chunk-index 4 --output /workspace/positive-square-energy/experiments/rank7_order9_structural_owner_scheduler/results/chunk-04.json --progress
chunk=rank7_order9_census_2248_2810.json.xz scanned=10000 owned=8541
chunk=rank7_order9_census_2248_2810.json.xz scanned=20000 owned=17517
chunk=rank7_order9_census_2248_2810.json.xz scanned=30000 owned=25520
chunk=rank7_order9_census_2248_2810.json.xz scanned=40000 owned=34126
chunk=rank7_order9_census_2248_2810.json.xz scanned=50000 owned=42615
chunk=rank7_order9_census_2248_2810.json.xz scanned=60000 owned=49589
chunk=rank7_order9_census_2248_2810.json.xz scanned=70000 owned=58203
chunk=rank7_order9_census_2248_2810.json.xz scanned=80000 owned=66675
chunk=rank7_order9_census_2248_2810.json.xz scanned=90000 owned=72910
chunk=rank7_order9_census_2248_2810.json.xz scanned=100000 owned=80445
chunk=rank7_order9_census_2248_2810.json.xz scanned=110000 owned=88607
chunk=rank7_order9_census_2248_2810.json.xz scanned=120000 owned=97693
chunk=rank7_order9_census_2248_2810.json.xz scanned=130000 owned=106430
chunk=rank7_order9_census_2248_2810.json.xz scanned=140000 owned=113650
chunk=rank7_order9_census_2248_2810.json.xz scanned=150000 owned=121128
chunk=rank7_order9_census_2248_2810.json.xz scanned=160000 owned=129175
chunk=rank7_order9_census_2248_2810.json.xz scanned=170000 owned=138407
chunk=rank7_order9_census_2248_2810.json.xz scanned=180000 owned=146940
chunk=rank7_order9_census_2248_2810.json.xz scanned=190000 owned=153911
chunk=rank7_order9_census_2248_2810.json.xz scanned=200000 owned=161079
chunk=rank7_order9_census_2248_2810.json.xz scanned=210000 owned=167881
chunk=rank7_order9_census_2248_2810.json.xz scanned=220000 owned=175259
chunk=rank7_order9_census_2248_2810.json.xz scanned=230000 owned=183349
chunk=rank7_order9_census_2248_2810.json.xz scanned=240000 owned=191082
chunk=rank7_order9_census_2248_2810.json.xz scanned=250000 owned=199267
chunk=rank7_order9_census_2248_2810.json.xz scanned=260000 owned=208034
chunk=rank7_order9_census_2248_2810.json.xz scanned=270000 owned=217638
chunk=rank7_order9_census_2248_2810.json.xz scanned=280000 owned=227495
chunk=rank7_order9_census_2248_2810.json.xz scanned=290000 owned=237453
chunk=rank7_order9_census_2248_2810.json.xz scanned=300000 owned=247192
chunk=rank7_order9_census_2248_2810.json.xz scanned=310000 owned=256726
chunk=rank7_order9_census_2248_2810.json.xz scanned=320000 owned=266342
chunk=4 scanned=329474 remainder=53754
[2026-08-17T06:43:59.824807+00:00] exit: 0
chunk=4 completed
