[2026-08-17T06:20:01.134681+00:00] shard=022000_023000 adopted_fragments=0
[2026-08-17T06:20:01.134748+00:00] exec: /opt/kortix/pyfloor/bin/python3 -u /workspace/positive-square-energy/experiments/rank7_order8_exact_rational.py --output /workspace/positive-square-energy/experiments/rank7_order8_chunk_022000_023000.r7o8g.xz --fragment-directory /workspace/positive-square-energy/experiments/rank7_order8_chunk_022000_023000.r7o8g.xz.fragments --census-cache positive-square-energy/experiments/rank7_order8_rational_search_cache.r7o8c.xz --start 22000 --count 1000 --checkpoint-rows 500 --progress
[1/1000] numerical=3.908376122 shared_exact=True fallback_exact=0
[2/1000] numerical=3.709446460 shared_exact=True fallback_exact=0
[3/1000] numerical=2.632397634 shared_exact=True fallback_exact=0
[4/1000] numerical=3.583457592 shared_exact=True fallback_exact=0
[5/1000] numerical=4.302529890 shared_exact=True fallback_exact=0
[6/1000] numerical=4.241458165 shared_exact=True fallback_exact=0
[7/1000] numerical=3.509043188 shared_exact=True fallback_exact=0
[8/1000] numerical=3.340335684 shared_exact=True fallback_exact=0
[9/1000] numerical=3.604148796 shared_exact=True fallback_exact=0
[10/1000] numerical=3.293177980 shared_exact=True fallback_exact=0
[11/1000] numerical=2.435107590 shared_exact=True fallback_exact=0
[12/1000] numerical=2.873465990 shared_exact=True fallback_exact=0
[13/1000] numerical=2.800090078 shared_exact=True fallback_exact=0
[14/1000] numerical=3.320790162 shared_exact=True fallback_exact=0
[15/1000] numerical=3.204649438 shared_exact=True fallback_exact=0
[16/1000] numerical=2.274399278 shared_exact=True fallback_exact=0
[17/1000] numerical=3.839064882 shared_exact=True fallback_exact=0
[18/1000] numerical=3.839064875 shared_exact=True fallback_exact=0
[19/1000] numerical=3.879750063 shared_exact=True fallback_exact=0
[20/1000] numerical=3.612938620 shared_exact=True fallback_exact=0
[21/1000] numerical=2.779107949 shared_exact=True fallback_exact=0
[22/1000] numerical=3.376566007 shared_exact=True fallback_exact=0
[23/1000] numerical=3.274531725 shared_exact=True fallback_exact=0
[24/1000] numerical=3.766992814 shared_exact=True fallback_exact=0
[25/1000] numerical=3.691956814 shared_exact=True fallback_exact=0
[26/1000] numerical=2.724136870 shared_exact=True fallback_exact=0
[27/1000] numerical=2.832902737 shared_exact=True fallback_exact=0
[28/1000] numerical=2.628309775 shared_exact=True fallback_exact=0
[29/1000] numerical=3.390164848 shared_exact=True fallback_exact=0
[30/1000] numerical=2.999933853 shared_exact=True fallback_exact=0
[31/1000] numerical=3.438652833 shared_exact=True fallback_exact=0
[32/1000] numerical=2.990306982 shared_exact=True fallback_exact=0
[33/1000] numerical=3.142338225 shared_exact=True fallback_exact=0
[34/1000] numerical=3.009662019 shared_exact=True fallback_exact=0
[35/1000] numerical=2.707114097 shared_exact=True fallback_exact=0
[36/1000] numerical=2.954036215 shared_exact=True fallback_exact=0
[37/1000] numerical=2.954036217 shared_exact=True fallback_exact=0
[38/1000] numerical=3.403547724 shared_exact=True fallback_exact=0
[39/1000] numerical=3.132674438 shared_exact=True fallback_exact=0
[40/1000] numerical=2.946326691 shared_exact=True fallback_exact=0
[41/1000] numerical=3.418510017 shared_exact=True fallback_exact=0
[42/1000] numerical=2.913805926 shared_exact=True fallback_exact=0
[43/1000] numerical=2.816981696 shared_exact=True fallback_exact=0
[44/1000] numerical=1.922063169 shared_exact=True fallback_exact=0
[45/1000] numerical=1.826080898 shared_exact=True fallback_exact=0
[46/1000] numerical=2.920817276 shared_exact=True fallback_exact=0
[47/1000] numerical=2.920950752 shared_exact=True fallback_exact=0
[48/1000] numerical=3.427307774 shared_exact=True fallback_exact=0
[49/1000] numerical=3.005743455 shared_exact=True fallback_exact=0
[50/1000] numerical=3.404508355 shared_exact=True fallback_exact=0
[51/1000] numerical=2.922792058 shared_exact=True fallback_exact=0
[52/1000] numerical=3.130471350 shared_exact=True fallback_exact=0
[53/1000] numerical=2.905757768 shared_exact=True fallback_exact=0
[54/1000] numerical=1.813760148 shared_exact=True fallback_exact=0
[55/1000] numerical=2.053807802 shared_exact=True fallback_exact=0
[56/1000] numerical=3.038804001 shared_exact=True fallback_exact=0
[57/1000] numerical=3.040336550 shared_exact=True fallback_exact=0
[58/1000] numerical=2.417916796 shared_exact=True fallback_exact=0
[59/1000] numerical=3.038804542 shared_exact=True fallback_exact=0
[60/1000] numerical=3.040319980 shared_exact=True fallback_exact=0
[61/1000] numerical=2.418218419 shared_exact=True fallback_exact=0
[62/1000] numerical=3.009403946 shared_exact=True fallback_exact=0
[63/1000] numerical=2.989523754 shared_exact=True fallback_exact=0
[64/1000] numerical=2.708144592 shared_exact=True fallback_exact=0
[65/1000] numerical=2.961526295 shared_exact=True fallback_exact=0
[66/1000] numerical=2.859485630 shared_exact=True fallback_exact=0
[67/1000] numerical=1.958250674 shared_exact=True fallback_exact=0
[68/1000] numerical=3.130647460 shared_exact=True fallback_exact=0
[69/1000] numerical=2.907914515 shared_exact=True fallback_exact=0
[70/1000] numerical=1.820709612 shared_exact=True fallback_exact=0
[71/1000] numerical=2.453163139 shared_exact=True fallback_exact=0
[72/1000] numerical=2.219709869 shared_exact=True fallback_exact=0
[73/1000] numerical=1.098264832 shared_exact=True fallback_exact=0
[74/1000] numerical=1.802222359 shared_exact=True fallback_exact=0
[75/1000] numerical=1.923821169 shared_exact=True fallback_exact=0
[76/1000] numerical=1.128762110 shared_exact=True fallback_exact=0
[77/1000] numerical=3.774682793 shared_exact=True fallback_exact=0
[78/1000] numerical=3.378066016 shared_exact=True fallback_exact=0
[79/1000] numerical=3.273747974 shared_exact=True fallback_exact=0
[80/1000] numerical=2.726361563 shared_exact=True fallback_exact=0
[81/1000] numerical=3.503846321 shared_exact=True fallback_exact=0
[82/1000] numerical=3.336586250 shared_exact=True fallback_exact=0
[83/1000] numerical=3.590754674 shared_exact=True fallback_exact=0
[84/1000] numerical=2.829375230 shared_exact=True fallback_exact=0
[85/1000] numerical=3.632849426 shared_exact=True fallback_exact=0
[86/1000] numerical=4.316392747 shared_exact=True fallback_exact=0
[87/1000] numerical=4.316392747 shared_exact=True fallback_exact=0
[88/1000] numerical=3.724413504 shared_exact=True fallback_exact=0
[89/1000] numerical=3.205006317 shared_exact=True fallback_exact=0
[90/1000] numerical=3.483719477 shared_exact=True fallback_exact=0
[91/1000] numerical=3.712799787 shared_exact=True fallback_exact=0
[92/1000] numerical=3.407470994 shared_exact=True fallback_exact=0
[93/1000] numerical=3.722229275 shared_exact=True fallback_exact=0
[94/1000] numerical=3.290579401 shared_exact=True fallback_exact=0
[95/1000] numerical=4.255863813 shared_exact=True fallback_exact=0
[96/1000] numerical=4.226171154 shared_exact=True fallback_exact=0
[97/1000] numerical=3.355563090 shared_exact=True fallback_exact=0
[98/1000] numerical=3.302114187 shared_exact=True fallback_exact=0
[99/1000] numerical=3.934381491 shared_exact=True fallback_exact=0
[100/1000] numerical=3.934381491 shared_exact=True fallback_exact=0
[101/1000] numerical=3.559432223 shared_exact=True fallback_exact=0
[102/1000] numerical=3.116411810 shared_exact=True fallback_exact=0
[103/1000] numerical=3.107668863 shared_exact=True fallback_exact=0
[104/1000] numerical=2.877429411 shared_exact=True fallback_exact=0
[105/1000] numerical=3.989992744 shared_exact=True fallback_exact=0
[106/1000] numerical=3.971347068 shared_exact=True fallback_exact=0
[107/1000] numerical=3.150934701 shared_exact=True fallback_exact=0
[108/1000] numerical=3.156511862 shared_exact=True fallback_exact=0
[109/1000] numerical=3.604779146 shared_exact=True fallback_exact=0
[110/1000] numerical=3.604761157 shared_exact=True fallback_exact=0
[111/1000] numerical=2.715441735 shared_exact=True fallback_exact=0
[112/1000] numerical=3.733727337 shared_exact=True fallback_exact=0
[113/1000] numerical=3.096914466 shared_exact=True fallback_exact=0
[114/1000] numerical=2.565285026 shared_exact=True fallback_exact=0
[115/1000] numerical=2.836604012 shared_exact=True fallback_exact=0
[116/1000] numerical=3.379448693 shared_exact=True fallback_exact=0
[117/1000] numerical=3.409037735 shared_exact=True fallback_exact=0
[118/1000] numerical=2.643474560 shared_exact=True fallback_exact=0
[119/1000] numerical=2.320302829 shared_exact=True fallback_exact=0
[120/1000] numerical=3.368565475 shared_exact=True fallback_exact=0
[121/1000] numerical=3.309809885 shared_exact=True fallback_exact=0
[122/1000] numerical=3.309809571 shared_exact=True fallback_exact=0
[123/1000] numerical=2.837655764 shared_exact=True fallback_exact=0
[124/1000] numerical=3.577838872 shared_exact=True fallback_exact=0
[125/1000] numerical=3.143257947 shared_exact=True fallback_exact=0
[126/1000] numerical=2.972682531 shared_exact=True fallback_exact=0
[127/1000] numerical=2.477909237 shared_exact=True fallback_exact=0
[128/1000] numerical=3.590556797 shared_exact=True fallback_exact=0
[129/1000] numerical=3.412626442 shared_exact=True fallback_exact=0
[130/1000] numerical=2.416155487 shared_exact=True fallback_exact=0
[131/1000] numerical=2.666550539 shared_exact=True fallback_exact=0
[132/1000] numerical=3.564888515 shared_exact=True fallback_exact=0
[133/1000] numerical=4.307908290 shared_exact=True fallback_exact=0
[134/1000] numerical=3.999321771 shared_exact=True fallback_exact=0
[135/1000] numerical=3.407924326 shared_exact=True fallback_exact=0
[136/1000] numerical=3.373920317 shared_exact=True fallback_exact=0
[137/1000] numerical=3.791121716 shared_exact=True fallback_exact=0
[138/1000] numerical=3.666146804 shared_exact=True fallback_exact=0
[139/1000] numerical=2.745880435 shared_exact=True fallback_exact=0
[140/1000] numerical=2.889814410 shared_exact=True fallback_exact=0
[141/1000] numerical=4.307908280 shared_exact=True fallback_exact=0
[142/1000] numerical=3.999321771 shared_exact=True fallback_exact=0
[143/1000] numerical=3.407924326 shared_exact=True fallback_exact=0
[144/1000] numerical=3.373920138 shared_exact=True fallback_exact=0
[145/1000] numerical=3.791121157 shared_exact=True fallback_exact=0
[146/1000] numerical=3.666146812 shared_exact=True fallback_exact=0
[147/1000] numerical=2.745880435 shared_exact=True fallback_exact=0
[148/1000] numerical=2.889814348 shared_exact=True fallback_exact=0
[149/1000] numerical=2.969496074 shared_exact=True fallback_exact=0
[150/1000] numerical=3.269696230 shared_exact=True fallback_exact=0
[151/1000] numerical=3.491296461 shared_exact=True fallback_exact=0
[152/1000] numerical=3.321247684 shared_exact=True fallback_exact=0
[153/1000] numerical=3.335222885 shared_exact=True fallback_exact=0
[154/1000] numerical=4.257032288 shared_exact=True fallback_exact=0
[155/1000] numerical=4.225577489 shared_exact=True fallback_exact=0
[156/1000] numerical=3.350667665 shared_exact=True fallback_exact=0
[157/1000] numerical=3.958670442 shared_exact=True fallback_exact=0
[158/1000] numerical=3.928418678 shared_exact=True fallback_exact=0
[159/1000] numerical=3.089607928 shared_exact=True fallback_exact=0
[160/1000] numerical=3.285365122 shared_exact=True fallback_exact=0
[161/1000] numerical=3.320186812 shared_exact=True fallback_exact=0
[162/1000] numerical=2.570534931 shared_exact=True fallback_exact=0
[163/1000] numerical=3.500653498 shared_exact=True fallback_exact=0
[164/1000] numerical=3.311078075 shared_exact=True fallback_exact=0
[165/1000] numerical=2.296298587 shared_exact=True fallback_exact=0
[166/1000] numerical=3.061046054 shared_exact=True fallback_exact=0
[167/1000] numerical=3.686796038 shared_exact=True fallback_exact=0
[168/1000] numerical=3.565729632 shared_exact=True fallback_exact=0
[169/1000] numerical=2.948435915 shared_exact=True fallback_exact=0
[170/1000] numerical=2.650839525 shared_exact=True fallback_exact=0
[171/1000] numerical=3.313299823 shared_exact=True fallback_exact=0
[172/1000] numerical=3.031529539 shared_exact=True fallback_exact=0
[173/1000] numerical=2.404122005 shared_exact=True fallback_exact=0
[174/1000] numerical=2.425398251 shared_exact=True fallback_exact=0
[175/1000] numerical=2.749767091 shared_exact=True fallback_exact=0
[176/1000] numerical=2.633665839 shared_exact=True fallback_exact=0
[177/1000] numerical=1.725570045 shared_exact=True fallback_exact=0
[178/1000] numerical=3.676136887 shared_exact=True fallback_exact=0
[179/1000] numerical=3.537676579 shared_exact=True fallback_exact=0
[180/1000] numerical=3.564045958 shared_exact=True fallback_exact=0
[181/1000] numerical=3.358281003 shared_exact=True fallback_exact=0
[182/1000] numerical=3.632843148 shared_exact=True fallback_exact=0
[183/1000] numerical=3.656609383 shared_exact=True fallback_exact=0
[184/1000] numerical=3.489656772 shared_exact=True fallback_exact=0
[185/1000] numerical=3.274008160 shared_exact=True fallback_exact=0
[186/1000] numerical=3.632843149 shared_exact=True fallback_exact=0
[187/1000] numerical=3.656609385 shared_exact=True fallback_exact=0
[188/1000] numerical=3.489692864 shared_exact=True fallback_exact=0
[189/1000] numerical=3.274011970 shared_exact=True fallback_exact=0
[190/1000] numerical=3.676136887 shared_exact=True fallback_exact=0
[191/1000] numerical=3.607813283 shared_exact=True fallback_exact=0
[192/1000] numerical=3.547253364 shared_exact=True fallback_exact=0
[193/1000] numerical=2.690486119 shared_exact=True fallback_exact=0
[194/1000] numerical=3.537676579 shared_exact=True fallback_exact=0
[195/1000] numerical=3.669080635 shared_exact=True fallback_exact=0
[196/1000] numerical=3.586647323 shared_exact=True fallback_exact=0
[197/1000] numerical=2.710423733 shared_exact=True fallback_exact=0
[198/1000] numerical=3.564109256 shared_exact=True fallback_exact=0
[199/1000] numerical=3.358285738 shared_exact=True fallback_exact=0
[200/1000] numerical=2.917994995 shared_exact=True fallback_exact=0
[201/1000] numerical=3.399812216 shared_exact=True fallback_exact=0
[202/1000] numerical=3.182706518 shared_exact=True fallback_exact=0
[203/1000] numerical=2.743682675 shared_exact=True fallback_exact=0
[204/1000] numerical=2.096491691 shared_exact=True fallback_exact=0
[205/1000] numerical=2.633900907 shared_exact=True fallback_exact=0
[206/1000] numerical=1.779055320 shared_exact=True fallback_exact=0
[207/1000] numerical=2.692522819 shared_exact=True fallback_exact=0
[208/1000] numerical=1.812785605 shared_exact=True fallback_exact=0
[209/1000] numerical=2.481150851 shared_exact=True fallback_exact=0
[210/1000] numerical=2.262200556 shared_exact=True fallback_exact=0
[211/1000] numerical=1.826888140 shared_exact=True fallback_exact=0
[212/1000] numerical=2.638468400 shared_exact=True fallback_exact=0
[213/1000] numerical=1.797429169 shared_exact=True fallback_exact=0
[214/1000] numerical=2.823967998 shared_exact=True fallback_exact=0
[215/1000] numerical=1.921625473 shared_exact=True fallback_exact=0
[216/1000] numerical=2.448265187 shared_exact=True fallback_exact=0
[217/1000] numerical=2.216482897 shared_exact=True fallback_exact=0
[218/1000] numerical=1.807402596 shared_exact=True fallback_exact=0
[219/1000] numerical=1.568034827 shared_exact=True fallback_exact=0
[220/1000] numerical=1.800090957 shared_exact=True fallback_exact=0
[221/1000] numerical=1.364349859 shared_exact=True fallback_exact=0
[222/1000] numerical=4.359120056 shared_exact=True fallback_exact=0
[223/1000] numerical=4.359119746 shared_exact=True fallback_exact=0
[224/1000] numerical=3.864987907 shared_exact=True fallback_exact=0
[225/1000] numerical=3.847719655 shared_exact=True fallback_exact=0
[226/1000] numerical=3.747079356 shared_exact=True fallback_exact=0
[227/1000] numerical=3.641447796 shared_exact=True fallback_exact=0
[228/1000] numerical=4.197250144 shared_exact=True fallback_exact=0
[229/1000] numerical=4.080306882 shared_exact=True fallback_exact=0
[230/1000] numerical=4.291437496 shared_exact=True fallback_exact=0
[231/1000] numerical=3.729526758 shared_exact=True fallback_exact=0
[232/1000] numerical=3.399906620 shared_exact=True fallback_exact=0
[233/1000] numerical=3.543117364 shared_exact=True fallback_exact=0
[234/1000] numerical=3.758641654 shared_exact=True fallback_exact=0
[235/1000] numerical=4.197617023 shared_exact=True fallback_exact=0
[236/1000] numerical=4.024810705 shared_exact=True fallback_exact=0
[237/1000] numerical=3.768937541 shared_exact=True fallback_exact=0
[238/1000] numerical=3.892828871 shared_exact=True fallback_exact=0
[239/1000] numerical=4.359120717 shared_exact=True fallback_exact=0
[240/1000] numerical=4.080168167 shared_exact=True fallback_exact=0
[241/1000] numerical=4.279159189 shared_exact=True fallback_exact=0
[242/1000] numerical=3.710646083 shared_exact=True fallback_exact=0
[243/1000] numerical=3.487475697 shared_exact=True fallback_exact=0
[244/1000] numerical=4.024809790 shared_exact=True fallback_exact=0
[245/1000] numerical=3.768979753 shared_exact=True fallback_exact=0
[246/1000] numerical=3.892828872 shared_exact=True fallback_exact=0
[247/1000] numerical=4.359120881 shared_exact=True fallback_exact=0
[248/1000] numerical=4.080169286 shared_exact=True fallback_exact=0
[249/1000] numerical=4.279159180 shared_exact=True fallback_exact=0
[250/1000] numerical=3.710645936 shared_exact=True fallback_exact=0
[251/1000] numerical=3.487475695 shared_exact=True fallback_exact=0
[252/1000] numerical=3.558558692 shared_exact=True fallback_exact=0
[253/1000] numerical=3.864990974 shared_exact=True fallback_exact=0
[254/1000] numerical=3.608118852 shared_exact=True fallback_exact=0
[255/1000] numerical=3.957757010 shared_exact=True fallback_exact=0
[256/1000] numerical=3.449395117 shared_exact=True fallback_exact=0
[257/1000] numerical=3.848494159 shared_exact=True fallback_exact=0
[258/1000] numerical=3.171956635 shared_exact=True fallback_exact=0
[259/1000] numerical=3.678324549 shared_exact=True fallback_exact=0
[260/1000] numerical=3.223860854 shared_exact=True fallback_exact=0
[261/1000] numerical=3.641447784 shared_exact=True fallback_exact=0
[262/1000] numerical=3.402556351 shared_exact=True fallback_exact=0
[263/1000] numerical=3.832623978 shared_exact=True fallback_exact=0
[264/1000] numerical=3.357184840 shared_exact=True fallback_exact=0
[265/1000] numerical=4.080306897 shared_exact=True fallback_exact=0
[266/1000] numerical=4.291437496 shared_exact=True fallback_exact=0
[267/1000] numerical=3.729526757 shared_exact=True fallback_exact=0
[268/1000] numerical=3.355822187 shared_exact=True fallback_exact=0
[269/1000] numerical=3.124176170 shared_exact=True fallback_exact=0
[270/1000] numerical=4.000001041 shared_exact=True fallback_exact=0
[271/1000] numerical=4.197620564 shared_exact=True fallback_exact=0
[272/1000] numerical=3.092849074 shared_exact=True fallback_exact=0
[273/1000] numerical=3.628329933 shared_exact=True fallback_exact=0
[274/1000] numerical=3.067135293 shared_exact=True fallback_exact=0
[275/1000] numerical=2.559772074 shared_exact=True fallback_exact=0
[276/1000] numerical=2.758774099 shared_exact=True fallback_exact=0
[277/1000] numerical=2.950389242 shared_exact=True fallback_exact=0
[278/1000] numerical=3.399906620 shared_exact=True fallback_exact=0
[279/1000] numerical=3.093502201 shared_exact=True fallback_exact=0
[280/1000] numerical=3.289415598 shared_exact=True fallback_exact=0
[281/1000] numerical=2.719154256 shared_exact=True fallback_exact=0
[282/1000] numerical=3.509628228 shared_exact=True fallback_exact=0
[283/1000] numerical=3.509626758 shared_exact=True fallback_exact=0
[284/1000] numerical=3.219623801 shared_exact=True fallback_exact=0
[285/1000] numerical=2.718481618 shared_exact=True fallback_exact=0
[286/1000] numerical=2.718930364 shared_exact=True fallback_exact=0
[287/1000] numerical=3.156676872 shared_exact=True fallback_exact=0
[288/1000] numerical=3.543117364 shared_exact=True fallback_exact=0
[289/1000] numerical=3.148508933 shared_exact=True fallback_exact=0
[290/1000] numerical=3.332713898 shared_exact=True fallback_exact=0
[291/1000] numerical=2.755682632 shared_exact=True fallback_exact=0
[292/1000] numerical=2.203161025 shared_exact=True fallback_exact=0
[293/1000] numerical=2.278009667 shared_exact=True fallback_exact=0
[294/1000] numerical=2.838207506 shared_exact=True fallback_exact=0
[295/1000] numerical=2.765563568 shared_exact=True fallback_exact=0
[296/1000] numerical=2.764900327 shared_exact=True fallback_exact=0
[297/1000] numerical=2.654114292 shared_exact=True fallback_exact=0
[298/1000] numerical=2.194055584 shared_exact=True fallback_exact=0
[299/1000] numerical=2.880744515 shared_exact=True fallback_exact=0
[300/1000] numerical=3.191228210 shared_exact=True fallback_exact=0
[301/1000] numerical=3.351698936 shared_exact=True fallback_exact=0
[302/1000] numerical=3.167888574 shared_exact=True fallback_exact=0
[303/1000] numerical=3.401434720 shared_exact=True fallback_exact=0
[304/1000] numerical=3.518749112 shared_exact=True fallback_exact=0
[305/1000] numerical=3.409274675 shared_exact=True fallback_exact=0
[306/1000] numerical=2.458471746 shared_exact=True fallback_exact=0
[307/1000] numerical=2.605055433 shared_exact=True fallback_exact=0
[308/1000] numerical=3.360706545 shared_exact=True fallback_exact=0
[309/1000] numerical=3.027277380 shared_exact=True fallback_exact=0
[310/1000] numerical=2.937445974 shared_exact=True fallback_exact=0
[311/1000] numerical=3.387386139 shared_exact=True fallback_exact=0
[312/1000] numerical=2.847858328 shared_exact=True fallback_exact=0
[313/1000] numerical=3.059937145 shared_exact=True fallback_exact=0
[314/1000] numerical=3.071821659 shared_exact=True fallback_exact=0
[315/1000] numerical=2.866493947 shared_exact=True fallback_exact=0
[316/1000] numerical=1.815928213 shared_exact=True fallback_exact=0
[317/1000] numerical=1.817731349 shared_exact=True fallback_exact=0
[318/1000] numerical=3.086196750 shared_exact=True fallback_exact=0
[319/1000] numerical=2.792276166 shared_exact=True fallback_exact=0
[320/1000] numerical=3.262598578 shared_exact=True fallback_exact=0
[321/1000] numerical=2.474800965 shared_exact=True fallback_exact=0
[322/1000] numerical=2.977682793 shared_exact=True fallback_exact=0
[323/1000] numerical=3.118986802 shared_exact=True fallback_exact=0
[324/1000] numerical=2.892386049 shared_exact=True fallback_exact=0
[325/1000] numerical=1.809927832 shared_exact=True fallback_exact=0
[326/1000] numerical=2.010895003 shared_exact=True fallback_exact=0
[327/1000] numerical=3.356092585 shared_exact=True fallback_exact=0
[328/1000] numerical=3.067193368 shared_exact=True fallback_exact=0
[329/1000] numerical=3.757619178 shared_exact=True fallback_exact=0
[330/1000] numerical=2.697069325 shared_exact=True fallback_exact=0
[331/1000] numerical=3.786267142 shared_exact=True fallback_exact=0
[332/1000] numerical=3.339132712 shared_exact=True fallback_exact=0
[333/1000] numerical=3.812204209 shared_exact=True fallback_exact=0
[334/1000] numerical=3.317576462 shared_exact=True fallback_exact=0
[335/1000] numerical=3.586637748 shared_exact=True fallback_exact=0
[336/1000] numerical=3.545854555 shared_exact=True fallback_exact=0
[337/1000] numerical=3.381616036 shared_exact=True fallback_exact=0
[338/1000] numerical=2.393453269 shared_exact=True fallback_exact=0
[339/1000] numerical=2.304625332 shared_exact=True fallback_exact=0
[340/1000] numerical=2.738402769 shared_exact=True fallback_exact=0
[341/1000] numerical=2.789548535 shared_exact=True fallback_exact=0
[342/1000] numerical=2.542078135 shared_exact=True fallback_exact=0
[343/1000] numerical=2.371684724 shared_exact=True fallback_exact=0
[344/1000] numerical=2.172447784 shared_exact=True fallback_exact=0
[345/1000] numerical=3.081322547 shared_exact=True fallback_exact=0
[346/1000] numerical=2.941538318 shared_exact=True fallback_exact=0
[347/1000] numerical=3.379263472 shared_exact=True fallback_exact=0
[348/1000] numerical=2.974169662 shared_exact=True fallback_exact=0
[349/1000] numerical=2.890359878 shared_exact=True fallback_exact=0
[350/1000] numerical=2.803485492 shared_exact=True fallback_exact=0
[351/1000] numerical=1.931488994 shared_exact=True fallback_exact=0
[352/1000] numerical=1.793890711 shared_exact=True fallback_exact=0
[353/1000] numerical=3.201671218 shared_exact=True fallback_exact=0
[354/1000] numerical=3.083624661 shared_exact=True fallback_exact=0
[355/1000] numerical=2.679225588 shared_exact=True fallback_exact=0
[356/1000] numerical=3.266610717 shared_exact=True fallback_exact=0
[357/1000] numerical=2.888083391 shared_exact=True fallback_exact=0
[358/1000] numerical=2.844942940 shared_exact=True fallback_exact=0
[359/1000] numerical=2.823194582 shared_exact=True fallback_exact=0
[360/1000] numerical=2.026883731 shared_exact=True fallback_exact=0
[361/1000] numerical=1.967349990 shared_exact=True fallback_exact=0
[362/1000] numerical=2.615889562 shared_exact=True fallback_exact=0
[363/1000] numerical=3.753207552 shared_exact=True fallback_exact=0
[364/1000] numerical=3.505958566 shared_exact=True fallback_exact=0
[365/1000] numerical=3.503664846 shared_exact=True fallback_exact=0
[366/1000] numerical=3.762217977 shared_exact=True fallback_exact=0
[367/1000] numerical=3.562040338 shared_exact=True fallback_exact=0
[368/1000] numerical=3.418317717 shared_exact=True fallback_exact=0
[369/1000] numerical=3.359136293 shared_exact=True fallback_exact=0
[370/1000] numerical=2.512703376 shared_exact=True fallback_exact=0
[371/1000] numerical=2.297866344 shared_exact=True fallback_exact=0
[372/1000] numerical=2.879279015 shared_exact=True fallback_exact=0
[373/1000] numerical=2.630510282 shared_exact=True fallback_exact=0
[374/1000] numerical=2.736493071 shared_exact=True fallback_exact=0
[375/1000] numerical=2.388323027 shared_exact=True fallback_exact=0
[376/1000] numerical=2.410488050 shared_exact=True fallback_exact=0
[377/1000] numerical=2.192781717 shared_exact=True fallback_exact=0
[378/1000] numerical=1.120112122 shared_exact=True fallback_exact=0
[379/1000] numerical=1.137681516 shared_exact=True fallback_exact=0
[380/1000] numerical=3.750239658 shared_exact=True fallback_exact=0
[381/1000] numerical=3.582220724 shared_exact=True fallback_exact=0
[382/1000] numerical=3.554414873 shared_exact=True fallback_exact=0
[383/1000] numerical=3.999596630 shared_exact=True fallback_exact=0
[384/1000] numerical=3.964754480 shared_exact=True fallback_exact=0
[385/1000] numerical=3.929401222 shared_exact=True fallback_exact=0
[386/1000] numerical=3.088653841 shared_exact=True fallback_exact=0
[387/1000] numerical=3.056018308 shared_exact=True fallback_exact=0
[388/1000] numerical=3.804654274 shared_exact=True fallback_exact=0
[389/1000] numerical=3.883924530 shared_exact=True fallback_exact=0
[390/1000] numerical=3.336582313 shared_exact=True fallback_exact=0
[391/1000] numerical=3.548530796 shared_exact=True fallback_exact=0
[392/1000] numerical=3.497736393 shared_exact=True fallback_exact=0
[393/1000] numerical=2.672103135 shared_exact=True fallback_exact=0
[394/1000] numerical=2.821369556 shared_exact=True fallback_exact=0
[395/1000] numerical=3.312461773 shared_exact=True fallback_exact=0
[396/1000] numerical=3.744847106 shared_exact=True fallback_exact=0
[397/1000] numerical=3.540670579 shared_exact=True fallback_exact=0
[398/1000] numerical=2.511981399 shared_exact=True fallback_exact=0
[399/1000] numerical=2.901894311 shared_exact=True fallback_exact=0
[400/1000] numerical=2.706150691 shared_exact=True fallback_exact=0
[401/1000] numerical=3.562143143 shared_exact=True fallback_exact=0
[402/1000] numerical=3.392398286 shared_exact=True fallback_exact=0
[403/1000] numerical=2.415542024 shared_exact=True fallback_exact=0
[404/1000] numerical=3.004092268 shared_exact=True fallback_exact=0
[405/1000] numerical=3.504146386 shared_exact=True fallback_exact=0
[406/1000] numerical=3.310309731 shared_exact=True fallback_exact=0
[407/1000] numerical=2.834559535 shared_exact=True fallback_exact=0
[408/1000] numerical=2.297163076 shared_exact=True fallback_exact=0
[409/1000] numerical=2.618883419 shared_exact=True fallback_exact=0
[410/1000] numerical=2.656511234 shared_exact=True fallback_exact=0
[411/1000] numerical=2.436035376 shared_exact=True fallback_exact=0
[412/1000] numerical=1.375098015 shared_exact=True fallback_exact=0
[413/1000] numerical=3.667567952 shared_exact=True fallback_exact=0
[414/1000] numerical=3.662889429 shared_exact=True fallback_exact=0
[415/1000] numerical=3.138509703 shared_exact=True fallback_exact=0
[416/1000] numerical=3.667574214 shared_exact=True fallback_exact=0
[417/1000] numerical=3.662953002 shared_exact=True fallback_exact=0
[418/1000] numerical=3.138509703 shared_exact=True fallback_exact=0
[419/1000] numerical=3.843463152 shared_exact=True fallback_exact=0
[420/1000] numerical=3.863279956 shared_exact=True fallback_exact=0
[421/1000] numerical=3.543674090 shared_exact=True fallback_exact=0
[422/1000] numerical=3.677540052 shared_exact=True fallback_exact=0
[423/1000] numerical=2.989943040 shared_exact=True fallback_exact=0
[424/1000] numerical=2.643388613 shared_exact=True fallback_exact=0
[425/1000] numerical=1.905689595 shared_exact=True fallback_exact=0
[426/1000] numerical=3.729486491 shared_exact=True fallback_exact=0
[427/1000] numerical=3.402461651 shared_exact=True fallback_exact=0
[428/1000] numerical=3.681202031 shared_exact=True fallback_exact=0
[429/1000] numerical=3.958258403 shared_exact=True fallback_exact=0
[430/1000] numerical=3.845654830 shared_exact=True fallback_exact=0
[431/1000] numerical=2.929146085 shared_exact=True fallback_exact=0
[432/1000] numerical=3.098640771 shared_exact=True fallback_exact=0
[433/1000] numerical=2.167354661 shared_exact=True fallback_exact=0
[434/1000] numerical=3.442562210 shared_exact=True fallback_exact=0
[435/1000] numerical=3.403920173 shared_exact=True fallback_exact=0
[436/1000] numerical=3.301686205 shared_exact=True fallback_exact=0
[437/1000] numerical=2.409324333 shared_exact=True fallback_exact=0
[438/1000] numerical=2.329728749 shared_exact=True fallback_exact=0
[439/1000] numerical=2.847742278 shared_exact=True fallback_exact=0
[440/1000] numerical=2.219888893 shared_exact=True fallback_exact=0
[441/1000] numerical=1.843750242 shared_exact=True fallback_exact=0
[442/1000] numerical=3.148278529 shared_exact=True fallback_exact=0
[443/1000] numerical=2.297989998 shared_exact=True fallback_exact=0
[444/1000] numerical=2.411479767 shared_exact=True fallback_exact=0
[445/1000] numerical=2.596065788 shared_exact=True fallback_exact=0
[446/1000] numerical=4.058594966 shared_exact=True fallback_exact=0
[447/1000] numerical=3.792315442 shared_exact=True fallback_exact=0
[448/1000] numerical=3.395829750 shared_exact=True fallback_exact=0
[449/1000] numerical=4.377548078 shared_exact=True fallback_exact=0
[450/1000] numerical=3.356110440 shared_exact=True fallback_exact=0
[451/1000] numerical=4.095798671 shared_exact=True fallback_exact=0
[452/1000] numerical=4.097828352 shared_exact=True fallback_exact=0
[453/1000] numerical=4.000000005 shared_exact=True fallback_exact=0
[454/1000] numerical=3.118647165 shared_exact=True fallback_exact=0
[455/1000] numerical=3.115771592 shared_exact=True fallback_exact=0
[456/1000] numerical=3.065554289 shared_exact=True fallback_exact=0
[457/1000] numerical=3.792315445 shared_exact=True fallback_exact=0
[458/1000] numerical=3.395829750 shared_exact=True fallback_exact=0
[459/1000] numerical=4.377548078 shared_exact=True fallback_exact=0
[460/1000] numerical=3.356110440 shared_exact=True fallback_exact=0
[461/1000] numerical=4.095798673 shared_exact=True fallback_exact=0
[462/1000] numerical=4.097827376 shared_exact=True fallback_exact=0
[463/1000] numerical=4.000000002 shared_exact=True fallback_exact=0
[464/1000] numerical=3.118647165 shared_exact=True fallback_exact=0
[465/1000] numerical=3.115771591 shared_exact=True fallback_exact=0
[466/1000] numerical=3.065554285 shared_exact=True fallback_exact=0
[467/1000] numerical=3.079877050 shared_exact=True fallback_exact=0
[468/1000] numerical=3.610301456 shared_exact=True fallback_exact=0
[469/1000] numerical=3.350365263 shared_exact=True fallback_exact=0
[470/1000] numerical=3.366806422 shared_exact=True fallback_exact=0
[471/1000] numerical=3.629040144 shared_exact=True fallback_exact=0
[472/1000] numerical=3.590984978 shared_exact=True fallback_exact=0
[473/1000] numerical=3.776912562 shared_exact=True fallback_exact=0
[474/1000] numerical=3.134760266 shared_exact=True fallback_exact=0
[475/1000] numerical=3.091470167 shared_exact=True fallback_exact=0
[476/1000] numerical=2.493531493 shared_exact=True fallback_exact=0
[477/1000] numerical=3.475785376 shared_exact=True fallback_exact=0
[478/1000] numerical=3.122509539 shared_exact=True fallback_exact=0
[479/1000] numerical=3.362921565 shared_exact=True fallback_exact=0
[480/1000] numerical=2.750523071 shared_exact=True fallback_exact=0
[481/1000] numerical=2.447080048 shared_exact=True fallback_exact=0
[482/1000] numerical=3.355442909 shared_exact=True fallback_exact=0
[483/1000] numerical=3.302410265 shared_exact=True fallback_exact=0
[484/1000] numerical=4.137389742 shared_exact=True fallback_exact=0
[485/1000] numerical=4.128860045 shared_exact=True fallback_exact=0
[486/1000] numerical=4.363094088 shared_exact=True fallback_exact=0
[487/1000] numerical=3.713468538 shared_exact=True fallback_exact=0
[488/1000] numerical=3.652168467 shared_exact=True fallback_exact=0
[489/1000] numerical=3.291020935 shared_exact=True fallback_exact=0
[490/1000] numerical=3.520242894 shared_exact=True fallback_exact=0
[491/1000] numerical=3.467666264 shared_exact=True fallback_exact=0
[492/1000] numerical=2.640992510 shared_exact=True fallback_exact=0
[493/1000] numerical=2.796518931 shared_exact=True fallback_exact=0
[494/1000] numerical=3.624307269 shared_exact=True fallback_exact=0
[495/1000] numerical=4.325129702 shared_exact=True fallback_exact=0
[496/1000] numerical=4.238218402 shared_exact=True fallback_exact=0
[497/1000] numerical=3.372252330 shared_exact=True fallback_exact=0
[498/1000] numerical=3.437654239 shared_exact=True fallback_exact=0
[499/1000] numerical=4.148576487 shared_exact=True fallback_exact=0
[500/1000] numerical=4.103117915 shared_exact=True fallback_exact=0
checkpoint=/workspace/positive-square-energy/experiments/rank7_order8_chunk_022000_023000.r7o8g.xz.fragments/fragment-022000-022500.r7o8g.xz rows=500
[501/1000] numerical=3.357429659 shared_exact=True fallback_exact=0
[502/1000] numerical=3.288017683 shared_exact=True fallback_exact=0
[503/1000] numerical=3.511674963 shared_exact=True fallback_exact=0
[504/1000] numerical=3.150682223 shared_exact=True fallback_exact=0
[505/1000] numerical=3.172284284 shared_exact=True fallback_exact=0
[506/1000] numerical=2.420906302 shared_exact=True fallback_exact=0
[507/1000] numerical=2.925728185 shared_exact=True fallback_exact=0
[508/1000] numerical=2.335541334 shared_exact=True fallback_exact=0
[509/1000] numerical=2.214575494 shared_exact=True fallback_exact=0
[510/1000] numerical=2.494049265 shared_exact=True fallback_exact=0
[511/1000] numerical=3.503808149 shared_exact=True fallback_exact=0
[512/1000] numerical=2.728362045 shared_exact=True fallback_exact=0
[513/1000] numerical=3.521325212 shared_exact=True fallback_exact=0
[514/1000] numerical=3.357746685 shared_exact=True fallback_exact=0
[515/1000] numerical=3.358970564 shared_exact=True fallback_exact=0
[516/1000] numerical=2.591574683 shared_exact=True fallback_exact=0
[517/1000] numerical=2.389958449 shared_exact=True fallback_exact=0
[518/1000] numerical=3.602774700 shared_exact=True fallback_exact=0
[519/1000] numerical=3.620469178 shared_exact=True fallback_exact=0
[520/1000] numerical=3.444843657 shared_exact=True fallback_exact=0
[521/1000] numerical=3.224452271 shared_exact=True fallback_exact=0
[522/1000] numerical=3.602776875 shared_exact=True fallback_exact=0
[523/1000] numerical=3.620466361 shared_exact=True fallback_exact=0
[524/1000] numerical=3.444843631 shared_exact=True fallback_exact=0
[525/1000] numerical=3.224450784 shared_exact=True fallback_exact=0
[526/1000] numerical=3.833431101 shared_exact=True fallback_exact=0
[527/1000] numerical=3.679641227 shared_exact=True fallback_exact=0
[528/1000] numerical=3.610070327 shared_exact=True fallback_exact=0
[529/1000] numerical=3.547565956 shared_exact=True fallback_exact=0
[530/1000] numerical=2.700472104 shared_exact=True fallback_exact=0
[531/1000] numerical=2.587819937 shared_exact=True fallback_exact=0
[532/1000] numerical=1.777786034 shared_exact=True fallback_exact=0
[533/1000] numerical=3.541697437 shared_exact=True fallback_exact=0
[534/1000] numerical=3.679644462 shared_exact=True fallback_exact=0
[535/1000] numerical=3.941338197 shared_exact=True fallback_exact=0
[536/1000] numerical=3.845364533 shared_exact=True fallback_exact=0
[537/1000] numerical=2.913105544 shared_exact=True fallback_exact=0
[538/1000] numerical=3.094113292 shared_exact=True fallback_exact=0
[539/1000] numerical=2.184417239 shared_exact=True fallback_exact=0
[540/1000] numerical=3.571639983 shared_exact=True fallback_exact=0
[541/1000] numerical=3.358485914 shared_exact=True fallback_exact=0
[542/1000] numerical=3.783046177 shared_exact=True fallback_exact=0
[543/1000] numerical=3.558881516 shared_exact=True fallback_exact=0
[544/1000] numerical=3.133145241 shared_exact=True fallback_exact=0
[545/1000] numerical=3.623415211 shared_exact=True fallback_exact=0
[546/1000] numerical=3.401431693 shared_exact=True fallback_exact=0
[547/1000] numerical=2.965974644 shared_exact=True fallback_exact=0
[548/1000] numerical=2.304398193 shared_exact=True fallback_exact=0
[549/1000] numerical=2.568384225 shared_exact=True fallback_exact=0
[550/1000] numerical=2.372475659 shared_exact=True fallback_exact=0
[551/1000] numerical=1.895658734 shared_exact=True fallback_exact=0
[552/1000] numerical=2.631706443 shared_exact=True fallback_exact=0
[553/1000] numerical=1.823747965 shared_exact=True fallback_exact=0
[554/1000] numerical=1.731992847 shared_exact=True fallback_exact=0
[555/1000] numerical=3.144209951 shared_exact=True fallback_exact=0
[556/1000] numerical=2.209847282 shared_exact=True fallback_exact=0
[557/1000] numerical=2.411852404 shared_exact=True fallback_exact=0
[558/1000] numerical=2.871283441 shared_exact=True fallback_exact=0
[559/1000] numerical=2.658370394 shared_exact=True fallback_exact=0
[560/1000] numerical=2.213743025 shared_exact=True fallback_exact=0
[561/1000] numerical=1.858456931 shared_exact=True fallback_exact=0
[562/1000] numerical=4.268791024 shared_exact=True fallback_exact=0
[563/1000] numerical=4.116584521 shared_exact=True fallback_exact=0
[564/1000] numerical=3.815842799 shared_exact=True fallback_exact=0
[565/1000] numerical=3.847539424 shared_exact=True fallback_exact=0
[566/1000] numerical=4.466587362 shared_exact=True fallback_exact=0
[567/1000] numerical=4.304642405 shared_exact=True fallback_exact=0
[568/1000] numerical=4.000000163 shared_exact=True fallback_exact=0
[569/1000] numerical=4.198753303 shared_exact=True fallback_exact=0
[570/1000] numerical=3.631172778 shared_exact=True fallback_exact=0
[571/1000] numerical=3.278600573 shared_exact=True fallback_exact=0
[572/1000] numerical=3.244656840 shared_exact=True fallback_exact=0
[573/1000] numerical=4.116586250 shared_exact=True fallback_exact=0
[574/1000] numerical=3.815863181 shared_exact=True fallback_exact=0
[575/1000] numerical=3.847470490 shared_exact=True fallback_exact=0
[576/1000] numerical=4.466588619 shared_exact=True fallback_exact=0
[577/1000] numerical=4.304633875 shared_exact=True fallback_exact=0
[578/1000] numerical=4.000000031 shared_exact=True fallback_exact=0
[579/1000] numerical=4.198751732 shared_exact=True fallback_exact=0
[580/1000] numerical=3.631147633 shared_exact=True fallback_exact=0
[581/1000] numerical=3.278600496 shared_exact=True fallback_exact=0
[582/1000] numerical=3.244656848 shared_exact=True fallback_exact=0
[583/1000] numerical=3.254230941 shared_exact=True fallback_exact=0
[584/1000] numerical=3.951878982 shared_exact=True fallback_exact=0
[585/1000] numerical=3.865016522 shared_exact=True fallback_exact=0
[586/1000] numerical=3.614229967 shared_exact=True fallback_exact=0
[587/1000] numerical=3.986744475 shared_exact=True fallback_exact=0
[588/1000] numerical=3.489397902 shared_exact=True fallback_exact=0
[589/1000] numerical=3.248018223 shared_exact=True fallback_exact=0
[590/1000] numerical=2.745693286 shared_exact=True fallback_exact=0
[591/1000] numerical=3.954249030 shared_exact=True fallback_exact=0
[592/1000] numerical=3.885400884 shared_exact=True fallback_exact=0
[593/1000] numerical=3.203342613 shared_exact=True fallback_exact=0
[594/1000] numerical=3.716372570 shared_exact=True fallback_exact=0
[595/1000] numerical=3.258275310 shared_exact=True fallback_exact=0
[596/1000] numerical=2.642021110 shared_exact=True fallback_exact=0
[597/1000] numerical=3.767577939 shared_exact=True fallback_exact=0
[598/1000] numerical=3.687184917 shared_exact=True fallback_exact=0
[599/1000] numerical=3.885401343 shared_exact=True fallback_exact=0
[600/1000] numerical=3.528837953 shared_exact=True fallback_exact=0
[601/1000] numerical=4.036992568 shared_exact=True fallback_exact=0
[602/1000] numerical=3.583159251 shared_exact=True fallback_exact=0
[603/1000] numerical=3.260060949 shared_exact=True fallback_exact=0
[604/1000] numerical=4.198681010 shared_exact=True fallback_exact=0
[605/1000] numerical=4.112536613 shared_exact=True fallback_exact=0
[606/1000] numerical=4.337320679 shared_exact=True fallback_exact=0
[607/1000] numerical=3.778858627 shared_exact=True fallback_exact=0
[608/1000] numerical=3.561197901 shared_exact=True fallback_exact=0
[609/1000] numerical=3.865919643 shared_exact=True fallback_exact=0
[610/1000] numerical=4.239261454 shared_exact=True fallback_exact=0
[611/1000] numerical=4.485364712 shared_exact=True fallback_exact=0
[612/1000] numerical=3.939125475 shared_exact=True fallback_exact=0
[613/1000] numerical=3.472765759 shared_exact=True fallback_exact=0
[614/1000] numerical=3.201994618 shared_exact=True fallback_exact=0
[615/1000] numerical=4.093650582 shared_exact=True fallback_exact=0
[616/1000] numerical=4.318588380 shared_exact=True fallback_exact=0
[617/1000] numerical=3.174518881 shared_exact=True fallback_exact=0
[618/1000] numerical=3.766269829 shared_exact=True fallback_exact=0
[619/1000] numerical=3.762260848 shared_exact=True fallback_exact=0
[620/1000] numerical=3.128850912 shared_exact=True fallback_exact=0
[621/1000] numerical=3.323213330 shared_exact=True fallback_exact=0
[622/1000] numerical=2.753204240 shared_exact=True fallback_exact=0
[623/1000] numerical=2.971151770 shared_exact=True fallback_exact=0
[624/1000] numerical=2.456155383 shared_exact=True fallback_exact=0
[625/1000] numerical=2.187357434 shared_exact=True fallback_exact=0
[626/1000] numerical=2.679301938 shared_exact=True fallback_exact=0
[627/1000] numerical=3.312359298 shared_exact=True fallback_exact=0
[628/1000] numerical=3.295100490 shared_exact=True fallback_exact=0
[629/1000] numerical=3.762261975 shared_exact=True fallback_exact=0
[630/1000] numerical=3.329333653 shared_exact=True fallback_exact=0
[631/1000] numerical=3.574147514 shared_exact=True fallback_exact=0
[632/1000] numerical=3.027392533 shared_exact=True fallback_exact=0
[633/1000] numerical=2.517862904 shared_exact=True fallback_exact=0
[634/1000] numerical=4.268807054 shared_exact=True fallback_exact=0
[635/1000] numerical=3.268995705 shared_exact=True fallback_exact=0
[636/1000] numerical=3.361436079 shared_exact=True fallback_exact=0
[637/1000] numerical=4.085600692 shared_exact=True fallback_exact=0
[638/1000] numerical=3.555671400 shared_exact=True fallback_exact=0
[639/1000] numerical=3.670060747 shared_exact=True fallback_exact=0
[640/1000] numerical=4.348415801 shared_exact=True fallback_exact=0
[641/1000] numerical=3.379846241 shared_exact=True fallback_exact=0
[642/1000] numerical=3.556864164 shared_exact=True fallback_exact=0
[643/1000] numerical=4.268845239 shared_exact=True fallback_exact=0
[644/1000] numerical=4.269487173 shared_exact=True fallback_exact=0
[645/1000] numerical=3.268995705 shared_exact=True fallback_exact=0
[646/1000] numerical=3.342462856 shared_exact=True fallback_exact=0
[647/1000] numerical=3.554404432 shared_exact=True fallback_exact=0
[648/1000] numerical=3.361469739 shared_exact=True fallback_exact=0
[649/1000] numerical=3.378136183 shared_exact=True fallback_exact=0
[650/1000] numerical=2.503829518 shared_exact=True fallback_exact=0
[651/1000] numerical=2.347234233 shared_exact=True fallback_exact=0
[652/1000] numerical=4.165318780 shared_exact=True fallback_exact=0
[653/1000] numerical=4.085556966 shared_exact=True fallback_exact=0
[654/1000] numerical=4.097081528 shared_exact=True fallback_exact=0
[655/1000] numerical=3.216437655 shared_exact=True fallback_exact=0
[656/1000] numerical=3.227482057 shared_exact=True fallback_exact=0
[657/1000] numerical=2.398582997 shared_exact=True fallback_exact=0
[658/1000] numerical=2.225280499 shared_exact=True fallback_exact=0
[659/1000] numerical=3.635275041 shared_exact=True fallback_exact=0
[660/1000] numerical=3.555671217 shared_exact=True fallback_exact=0
[661/1000] numerical=3.555681853 shared_exact=True fallback_exact=0
[662/1000] numerical=2.593060805 shared_exact=True fallback_exact=0
[663/1000] numerical=2.650552956 shared_exact=True fallback_exact=0
[664/1000] numerical=3.072665362 shared_exact=True fallback_exact=0
[665/1000] numerical=2.260836313 shared_exact=True fallback_exact=0
[666/1000] numerical=2.237851047 shared_exact=True fallback_exact=0
[667/1000] numerical=4.115040735 shared_exact=True fallback_exact=0
[668/1000] numerical=4.641171939 shared_exact=True fallback_exact=0
[669/1000] numerical=4.561553021 shared_exact=True fallback_exact=0
[670/1000] numerical=4.563232835 shared_exact=True fallback_exact=0
[671/1000] numerical=3.637046583 shared_exact=True fallback_exact=0
[672/1000] numerical=3.673624530 shared_exact=True fallback_exact=0
[673/1000] numerical=2.795525533 shared_exact=True fallback_exact=0
[674/1000] numerical=2.641470951 shared_exact=True fallback_exact=0
[675/1000] numerical=4.085885913 shared_exact=True fallback_exact=0
[676/1000] numerical=3.140641602 shared_exact=True fallback_exact=0
[677/1000] numerical=3.187632051 shared_exact=True fallback_exact=0
[678/1000] numerical=3.670060362 shared_exact=True fallback_exact=0
[679/1000] numerical=3.000000000 shared_exact=True fallback_exact=0
[680/1000] numerical=4.165567072 shared_exact=True fallback_exact=0
[681/1000] numerical=4.115037115 shared_exact=True fallback_exact=0
[682/1000] numerical=4.085555236 shared_exact=True fallback_exact=0
[683/1000] numerical=3.118710873 shared_exact=True fallback_exact=0
[684/1000] numerical=3.179764801 shared_exact=True fallback_exact=0
[685/1000] numerical=2.183337866 shared_exact=True fallback_exact=0
[686/1000] numerical=2.120914240 shared_exact=True fallback_exact=0
[687/1000] numerical=3.916789318 shared_exact=True fallback_exact=0
[688/1000] numerical=4.563251979 shared_exact=True fallback_exact=0
[689/1000] numerical=4.641212068 shared_exact=True fallback_exact=0
[690/1000] numerical=4.641156654 shared_exact=True fallback_exact=0
[691/1000] numerical=3.658199508 shared_exact=True fallback_exact=0
[692/1000] numerical=3.847150883 shared_exact=True fallback_exact=0
[693/1000] numerical=2.847156895 shared_exact=True fallback_exact=0
[694/1000] numerical=3.651734196 shared_exact=True fallback_exact=0
[695/1000] numerical=4.562843135 shared_exact=True fallback_exact=0
[696/1000] numerical=4.561552832 shared_exact=True fallback_exact=0
[697/1000] numerical=3.637046583 shared_exact=True fallback_exact=0
[698/1000] numerical=3.562747305 shared_exact=True fallback_exact=0
[699/1000] numerical=3.847150123 shared_exact=True fallback_exact=0
[700/1000] numerical=2.888615993 shared_exact=True fallback_exact=0
[701/1000] numerical=3.673646745 shared_exact=True fallback_exact=0
[702/1000] numerical=3.654191087 shared_exact=True fallback_exact=0
[703/1000] numerical=2.795525533 shared_exact=True fallback_exact=0
[704/1000] numerical=2.660521699 shared_exact=True fallback_exact=0
[705/1000] numerical=3.147492325 shared_exact=True fallback_exact=0
[706/1000] numerical=2.641471082 shared_exact=True fallback_exact=0
[707/1000] numerical=2.562855667 shared_exact=True fallback_exact=0
[708/1000] numerical=1.615578405 shared_exact=True fallback_exact=0
[709/1000] numerical=3.000000000 shared_exact=True fallback_exact=0
[710/1000] numerical=2.067197164 shared_exact=True fallback_exact=0
[711/1000] numerical=2.105755815 shared_exact=True fallback_exact=0
[712/1000] numerical=4.165159251 shared_exact=True fallback_exact=0
[713/1000] numerical=3.172521404 shared_exact=True fallback_exact=0
[714/1000] numerical=3.371152318 shared_exact=True fallback_exact=0
[715/1000] numerical=4.086006512 shared_exact=True fallback_exact=0
[716/1000] numerical=4.085555907 shared_exact=True fallback_exact=0
[717/1000] numerical=3.140641602 shared_exact=True fallback_exact=0
[718/1000] numerical=3.085682415 shared_exact=True fallback_exact=0
[719/1000] numerical=3.371152639 shared_exact=True fallback_exact=0
[720/1000] numerical=3.187661466 shared_exact=True fallback_exact=0
[721/1000] numerical=3.178183858 shared_exact=True fallback_exact=0
[722/1000] numerical=2.194006541 shared_exact=True fallback_exact=0
[723/1000] numerical=2.085692147 shared_exact=True fallback_exact=0
[724/1000] numerical=4.193328663 shared_exact=True fallback_exact=0
[725/1000] numerical=3.216609909 shared_exact=True fallback_exact=0
[726/1000] numerical=3.195897112 shared_exact=True fallback_exact=0
[727/1000] numerical=3.195897112 shared_exact=True fallback_exact=0
[728/1000] numerical=3.379747350 shared_exact=True fallback_exact=0
[729/1000] numerical=4.269047606 shared_exact=True fallback_exact=0
[730/1000] numerical=4.095978988 shared_exact=True fallback_exact=0
[731/1000] numerical=3.559861180 shared_exact=True fallback_exact=0
[732/1000] numerical=3.269217000 shared_exact=True fallback_exact=0
[733/1000] numerical=3.269217000 shared_exact=True fallback_exact=0
[734/1000] numerical=3.321827290 shared_exact=True fallback_exact=0
[735/1000] numerical=4.269047607 shared_exact=True fallback_exact=0
[736/1000] numerical=4.095978986 shared_exact=True fallback_exact=0
[737/1000] numerical=3.559861180 shared_exact=True fallback_exact=0
[738/1000] numerical=3.269217000 shared_exact=True fallback_exact=0
[739/1000] numerical=3.269217000 shared_exact=True fallback_exact=0
[740/1000] numerical=3.321827309 shared_exact=True fallback_exact=0
[741/1000] numerical=4.370354007 shared_exact=True fallback_exact=0
[742/1000] numerical=4.269531394 shared_exact=True fallback_exact=0
[743/1000] numerical=3.607269670 shared_exact=True fallback_exact=0
[744/1000] numerical=3.405722599 shared_exact=True fallback_exact=0
[745/1000] numerical=3.405722563 shared_exact=True fallback_exact=0
[746/1000] numerical=4.370348496 shared_exact=True fallback_exact=0
[747/1000] numerical=4.269512427 shared_exact=True fallback_exact=0
[748/1000] numerical=3.607269643 shared_exact=True fallback_exact=0
[749/1000] numerical=3.699169889 shared_exact=True fallback_exact=0
[750/1000] numerical=4.370342925 shared_exact=True fallback_exact=0
[751/1000] numerical=4.269277719 shared_exact=True fallback_exact=0
[752/1000] numerical=3.607269635 shared_exact=True fallback_exact=0
[753/1000] numerical=3.363299015 shared_exact=True fallback_exact=0
[754/1000] numerical=3.405722541 shared_exact=True fallback_exact=0
[755/1000] numerical=3.374535824 shared_exact=True fallback_exact=0
[756/1000] numerical=3.269378200 shared_exact=True fallback_exact=0
[757/1000] numerical=2.622486580 shared_exact=True fallback_exact=0
[758/1000] numerical=2.374074920 shared_exact=True fallback_exact=0
[759/1000] numerical=3.405722464 shared_exact=True fallback_exact=0
[760/1000] numerical=3.374535824 shared_exact=True fallback_exact=0
[761/1000] numerical=3.269378200 shared_exact=True fallback_exact=0
[762/1000] numerical=2.622486580 shared_exact=True fallback_exact=0
[763/1000] numerical=2.374074920 shared_exact=True fallback_exact=0
[764/1000] numerical=2.473853133 shared_exact=True fallback_exact=0
[765/1000] numerical=2.333388275 shared_exact=True fallback_exact=0
[766/1000] numerical=3.607269698 shared_exact=True fallback_exact=0
[767/1000] numerical=3.607269706 shared_exact=True fallback_exact=0
[768/1000] numerical=3.607269635 shared_exact=True fallback_exact=0
[769/1000] numerical=3.563966492 shared_exact=True fallback_exact=0
[770/1000] numerical=2.802284750 shared_exact=True fallback_exact=0
[771/1000] numerical=2.726433974 shared_exact=True fallback_exact=0
[772/1000] numerical=2.622486582 shared_exact=True fallback_exact=0
[773/1000] numerical=2.565765904 shared_exact=True fallback_exact=0
[774/1000] numerical=2.622486580 shared_exact=True fallback_exact=0
[775/1000] numerical=2.565765904 shared_exact=True fallback_exact=0
[776/1000] numerical=4.564298494 shared_exact=True fallback_exact=0
[777/1000] numerical=4.662190790 shared_exact=True fallback_exact=0
[778/1000] numerical=4.662190787 shared_exact=True fallback_exact=0
[779/1000] numerical=4.312614582 shared_exact=True fallback_exact=0
[780/1000] numerical=4.662677490 shared_exact=True fallback_exact=0
[781/1000] numerical=4.159049903 shared_exact=True fallback_exact=0
[782/1000] numerical=3.755150192 shared_exact=True fallback_exact=0
[783/1000] numerical=3.228459766 shared_exact=True fallback_exact=0
[784/1000] numerical=3.755150194 shared_exact=True fallback_exact=0
[785/1000] numerical=3.228459788 shared_exact=True fallback_exact=0
[786/1000] numerical=2.979908719 shared_exact=True fallback_exact=0
[787/1000] numerical=3.883934390 shared_exact=True fallback_exact=0
[788/1000] numerical=3.360287888 shared_exact=True fallback_exact=0
[789/1000] numerical=2.966282941 shared_exact=True fallback_exact=0
[790/1000] numerical=2.966282940 shared_exact=True fallback_exact=0
[791/1000] numerical=4.662190787 shared_exact=True fallback_exact=0
[792/1000] numerical=4.662190786 shared_exact=True fallback_exact=0
[793/1000] numerical=4.312599116 shared_exact=True fallback_exact=0
[794/1000] numerical=4.662739375 shared_exact=True fallback_exact=0
[795/1000] numerical=4.159034950 shared_exact=True fallback_exact=0
[796/1000] numerical=3.755150192 shared_exact=True fallback_exact=0
[797/1000] numerical=3.228459766 shared_exact=True fallback_exact=0
[798/1000] numerical=3.755150198 shared_exact=True fallback_exact=0
[799/1000] numerical=3.228459788 shared_exact=True fallback_exact=0
[800/1000] numerical=2.979908719 shared_exact=True fallback_exact=0
[801/1000] numerical=3.883927792 shared_exact=True fallback_exact=0
[802/1000] numerical=3.360285236 shared_exact=True fallback_exact=0
[803/1000] numerical=2.966282944 shared_exact=True fallback_exact=0
[804/1000] numerical=2.966282959 shared_exact=True fallback_exact=0
[805/1000] numerical=3.962019260 shared_exact=True fallback_exact=0
[806/1000] numerical=4.564678430 shared_exact=True fallback_exact=0
[807/1000] numerical=4.131911133 shared_exact=True fallback_exact=0
[808/1000] numerical=4.563280391 shared_exact=True fallback_exact=0
[809/1000] numerical=4.085740119 shared_exact=True fallback_exact=0
[810/1000] numerical=3.564098999 shared_exact=True fallback_exact=0
[811/1000] numerical=3.085829603 shared_exact=True fallback_exact=0
[812/1000] numerical=3.564098999 shared_exact=True fallback_exact=0
[813/1000] numerical=3.085829604 shared_exact=True fallback_exact=0
[814/1000] numerical=2.609041349 shared_exact=True fallback_exact=0
[815/1000] numerical=3.564274901 shared_exact=True fallback_exact=0
[816/1000] numerical=3.564274901 shared_exact=True fallback_exact=0
[817/1000] numerical=4.131901049 shared_exact=True fallback_exact=0
[818/1000] numerical=4.563280391 shared_exact=True fallback_exact=0
[819/1000] numerical=4.085740119 shared_exact=True fallback_exact=0
[820/1000] numerical=3.683090619 shared_exact=True fallback_exact=0
[821/1000] numerical=3.150198064 shared_exact=True fallback_exact=0
[822/1000] numerical=4.159706575 shared_exact=True fallback_exact=0
[823/1000] numerical=4.564926574 shared_exact=True fallback_exact=0
[824/1000] numerical=3.145103311 shared_exact=True fallback_exact=0
[825/1000] numerical=4.085889158 shared_exact=True fallback_exact=0
[826/1000] numerical=3.564098999 shared_exact=True fallback_exact=0
[827/1000] numerical=3.085829603 shared_exact=True fallback_exact=0
[828/1000] numerical=3.327202783 shared_exact=True fallback_exact=0
[829/1000] numerical=3.669989812 shared_exact=True fallback_exact=0
[830/1000] numerical=2.341197041 shared_exact=True fallback_exact=0
[831/1000] numerical=3.166056165 shared_exact=True fallback_exact=0
[832/1000] numerical=3.564098999 shared_exact=True fallback_exact=0
[833/1000] numerical=3.085829603 shared_exact=True fallback_exact=0
[834/1000] numerical=3.327194004 shared_exact=True fallback_exact=0
[835/1000] numerical=3.669989816 shared_exact=True fallback_exact=0
[836/1000] numerical=2.341197041 shared_exact=True fallback_exact=0
[837/1000] numerical=3.166056178 shared_exact=True fallback_exact=0
[838/1000] numerical=2.609041349 shared_exact=True fallback_exact=0
[839/1000] numerical=2.606768382 shared_exact=True fallback_exact=0
[840/1000] numerical=2.904790145 shared_exact=True fallback_exact=0
[841/1000] numerical=2.381424490 shared_exact=True fallback_exact=0
[842/1000] numerical=3.631603146 shared_exact=True fallback_exact=0
[843/1000] numerical=3.186597438 shared_exact=True fallback_exact=0
[844/1000] numerical=2.634384261 shared_exact=True fallback_exact=0
[845/1000] numerical=2.634384263 shared_exact=True fallback_exact=0
[846/1000] numerical=3.631603146 shared_exact=True fallback_exact=0
[847/1000] numerical=3.186597425 shared_exact=True fallback_exact=0
[848/1000] numerical=3.145344403 shared_exact=True fallback_exact=0
[849/1000] numerical=3.636216823 shared_exact=True fallback_exact=0
[850/1000] numerical=2.090615102 shared_exact=True fallback_exact=0
[851/1000] numerical=3.187312933 shared_exact=True fallback_exact=0
[852/1000] numerical=2.634384261 shared_exact=True fallback_exact=0
[853/1000] numerical=2.341208506 shared_exact=True fallback_exact=0
[854/1000] numerical=2.757166403 shared_exact=True fallback_exact=0
[855/1000] numerical=2.281240138 shared_exact=True fallback_exact=0
[856/1000] numerical=2.634384261 shared_exact=True fallback_exact=0
[857/1000] numerical=2.341203576 shared_exact=True fallback_exact=0
[858/1000] numerical=2.757166424 shared_exact=True fallback_exact=0
[859/1000] numerical=2.281240152 shared_exact=True fallback_exact=0
[860/1000] numerical=2.004375002 shared_exact=True fallback_exact=0
[861/1000] numerical=4.268806932 shared_exact=True fallback_exact=0
[862/1000] numerical=3.268995705 shared_exact=True fallback_exact=0
[863/1000] numerical=3.361437096 shared_exact=True fallback_exact=0
[864/1000] numerical=3.361436356 shared_exact=True fallback_exact=0
[865/1000] numerical=4.085555008 shared_exact=True fallback_exact=0
[866/1000] numerical=3.555671207 shared_exact=True fallback_exact=0
[867/1000] numerical=3.670060729 shared_exact=True fallback_exact=0
[868/1000] numerical=4.348414279 shared_exact=True fallback_exact=0
[869/1000] numerical=3.379846241 shared_exact=True fallback_exact=0
[870/1000] numerical=3.556774259 shared_exact=True fallback_exact=0
[871/1000] numerical=3.554404904 shared_exact=True fallback_exact=0
[872/1000] numerical=4.348412217 shared_exact=True fallback_exact=0
[873/1000] numerical=3.379846241 shared_exact=True fallback_exact=0
[874/1000] numerical=4.268812425 shared_exact=True fallback_exact=0
[875/1000] numerical=4.269342336 shared_exact=True fallback_exact=0
[876/1000] numerical=3.268995705 shared_exact=True fallback_exact=0
[877/1000] numerical=3.342462856 shared_exact=True fallback_exact=0
[878/1000] numerical=3.554404235 shared_exact=True fallback_exact=0
[879/1000] numerical=3.361449782 shared_exact=True fallback_exact=0
[880/1000] numerical=3.378138868 shared_exact=True fallback_exact=0
[881/1000] numerical=2.503829518 shared_exact=True fallback_exact=0
[882/1000] numerical=3.556748657 shared_exact=True fallback_exact=0
[883/1000] numerical=3.361444002 shared_exact=True fallback_exact=0
[884/1000] numerical=3.378143716 shared_exact=True fallback_exact=0
[885/1000] numerical=2.503829518 shared_exact=True fallback_exact=0
[886/1000] numerical=2.347234229 shared_exact=True fallback_exact=0
[887/1000] numerical=4.165287586 shared_exact=True fallback_exact=0
[888/1000] numerical=4.165239729 shared_exact=True fallback_exact=0
[889/1000] numerical=4.085556478 shared_exact=True fallback_exact=0
[890/1000] numerical=4.097081524 shared_exact=True fallback_exact=0
[891/1000] numerical=3.216437655 shared_exact=True fallback_exact=0
[892/1000] numerical=3.227482057 shared_exact=True fallback_exact=0
[893/1000] numerical=2.398582997 shared_exact=True fallback_exact=0
[894/1000] numerical=3.227482057 shared_exact=True fallback_exact=0
[895/1000] numerical=2.398582997 shared_exact=True fallback_exact=0
[896/1000] numerical=2.225280499 shared_exact=True fallback_exact=0
[897/1000] numerical=3.635275108 shared_exact=True fallback_exact=0
[898/1000] numerical=3.635274977 shared_exact=True fallback_exact=0
[899/1000] numerical=3.555671350 shared_exact=True fallback_exact=0
[900/1000] numerical=3.555672701 shared_exact=True fallback_exact=0
[901/1000] numerical=2.593060805 shared_exact=True fallback_exact=0
[902/1000] numerical=2.650492181 shared_exact=True fallback_exact=0
[903/1000] numerical=2.650530247 shared_exact=True fallback_exact=0
[904/1000] numerical=3.072665362 shared_exact=True fallback_exact=0
[905/1000] numerical=2.260836313 shared_exact=True fallback_exact=0
[906/1000] numerical=2.237851047 shared_exact=True fallback_exact=0
[907/1000] numerical=2.237851047 shared_exact=True fallback_exact=0
[908/1000] numerical=4.115035258 shared_exact=True fallback_exact=0
[909/1000] numerical=4.641231828 shared_exact=True fallback_exact=0
[910/1000] numerical=4.641179736 shared_exact=True fallback_exact=0
[911/1000] numerical=4.561552819 shared_exact=True fallback_exact=0
[912/1000] numerical=4.563255871 shared_exact=True fallback_exact=0
[913/1000] numerical=3.637046583 shared_exact=True fallback_exact=0
[914/1000] numerical=3.673630439 shared_exact=True fallback_exact=0
[915/1000] numerical=2.795525533 shared_exact=True fallback_exact=0
[916/1000] numerical=3.673640176 shared_exact=True fallback_exact=0
[917/1000] numerical=2.795525533 shared_exact=True fallback_exact=0
[918/1000] numerical=2.641470895 shared_exact=True fallback_exact=0
[919/1000] numerical=4.085707572 shared_exact=True fallback_exact=0
[920/1000] numerical=3.140641602 shared_exact=True fallback_exact=0
[921/1000] numerical=3.187612896 shared_exact=True fallback_exact=0
[922/1000] numerical=3.187618133 shared_exact=True fallback_exact=0
[923/1000] numerical=3.670060124 shared_exact=True fallback_exact=0
[924/1000] numerical=3.000000000 shared_exact=True fallback_exact=0
[925/1000] numerical=4.165458628 shared_exact=True fallback_exact=0
[926/1000] numerical=4.165406216 shared_exact=True fallback_exact=0
[927/1000] numerical=4.115035263 shared_exact=True fallback_exact=0
[928/1000] numerical=4.085584797 shared_exact=True fallback_exact=0
[929/1000] numerical=3.118710873 shared_exact=True fallback_exact=0
[930/1000] numerical=3.179736619 shared_exact=True fallback_exact=0
[931/1000] numerical=2.183337866 shared_exact=True fallback_exact=0
[932/1000] numerical=3.179697341 shared_exact=True fallback_exact=0
[933/1000] numerical=2.183337866 shared_exact=True fallback_exact=0
[934/1000] numerical=2.120914081 shared_exact=True fallback_exact=0
[935/1000] numerical=4.562961320 shared_exact=True fallback_exact=0
[936/1000] numerical=4.641348759 shared_exact=True fallback_exact=0
[937/1000] numerical=4.641158768 shared_exact=True fallback_exact=0
[938/1000] numerical=3.658199508 shared_exact=True fallback_exact=0
[939/1000] numerical=3.847152657 shared_exact=True fallback_exact=0
[940/1000] numerical=2.847156895 shared_exact=True fallback_exact=0
[941/1000] numerical=3.847172137 shared_exact=True fallback_exact=0
[942/1000] numerical=2.888615993 shared_exact=True fallback_exact=0
[943/1000] numerical=3.147492537 shared_exact=True fallback_exact=0
[944/1000] numerical=3.916753447 shared_exact=True fallback_exact=0
[945/1000] numerical=3.916735374 shared_exact=True fallback_exact=0
[946/1000] numerical=4.641180001 shared_exact=True fallback_exact=0
[947/1000] numerical=4.641157228 shared_exact=True fallback_exact=0
[948/1000] numerical=3.658199508 shared_exact=True fallback_exact=0
[949/1000] numerical=3.651734196 shared_exact=True fallback_exact=0
[950/1000] numerical=4.563279416 shared_exact=True fallback_exact=0
[951/1000] numerical=4.561552877 shared_exact=True fallback_exact=0
[952/1000] numerical=3.637046583 shared_exact=True fallback_exact=0
[953/1000] numerical=3.562747305 shared_exact=True fallback_exact=0
[954/1000] numerical=3.847150113 shared_exact=True fallback_exact=0
[955/1000] numerical=2.888615993 shared_exact=True fallback_exact=0
[956/1000] numerical=3.673660440 shared_exact=True fallback_exact=0
[957/1000] numerical=3.654183788 shared_exact=True fallback_exact=0
[958/1000] numerical=2.795525533 shared_exact=True fallback_exact=0
[959/1000] numerical=2.660521699 shared_exact=True fallback_exact=0
[960/1000] numerical=3.847150143 shared_exact=True fallback_exact=0
[961/1000] numerical=2.847156895 shared_exact=True fallback_exact=0
[962/1000] numerical=3.673664184 shared_exact=True fallback_exact=0
[963/1000] numerical=3.654184537 shared_exact=True fallback_exact=0
[964/1000] numerical=2.795525533 shared_exact=True fallback_exact=0
[965/1000] numerical=2.660521699 shared_exact=True fallback_exact=0
[966/1000] numerical=3.147492159 shared_exact=True fallback_exact=0
[967/1000] numerical=2.641470936 shared_exact=True fallback_exact=0
[968/1000] numerical=2.562873897 shared_exact=True fallback_exact=0
[969/1000] numerical=1.615578405 shared_exact=True fallback_exact=0
[970/1000] numerical=3.000000000 shared_exact=True fallback_exact=0
[971/1000] numerical=2.067197164 shared_exact=True fallback_exact=0
[972/1000] numerical=2.105755815 shared_exact=True fallback_exact=0
[973/1000] numerical=2.105755815 shared_exact=True fallback_exact=0
[974/1000] numerical=4.165158803 shared_exact=True fallback_exact=0
[975/1000] numerical=3.172521404 shared_exact=True fallback_exact=0
[976/1000] numerical=3.371152346 shared_exact=True fallback_exact=0
[977/1000] numerical=3.371152328 shared_exact=True fallback_exact=0
[978/1000] numerical=4.165158813 shared_exact=True fallback_exact=0
[979/1000] numerical=3.172521404 shared_exact=True fallback_exact=0
[980/1000] numerical=4.085887916 shared_exact=True fallback_exact=0
[981/1000] numerical=4.085555006 shared_exact=True fallback_exact=0
[982/1000] numerical=3.140641602 shared_exact=True fallback_exact=0
[983/1000] numerical=3.085682415 shared_exact=True fallback_exact=0
[984/1000] numerical=3.371152641 shared_exact=True fallback_exact=0
[985/1000] numerical=3.187668062 shared_exact=True fallback_exact=0
[986/1000] numerical=3.178183909 shared_exact=True fallback_exact=0
[987/1000] numerical=2.194006541 shared_exact=True fallback_exact=0
[988/1000] numerical=3.371152331 shared_exact=True fallback_exact=0
[989/1000] numerical=3.187684033 shared_exact=True fallback_exact=0
[990/1000] numerical=3.178183863 shared_exact=True fallback_exact=0
[991/1000] numerical=2.194006541 shared_exact=True fallback_exact=0
[992/1000] numerical=2.085692087 shared_exact=True fallback_exact=0
[993/1000] numerical=3.594673211 shared_exact=True fallback_exact=0
[994/1000] numerical=3.546291806 shared_exact=True fallback_exact=0
[995/1000] numerical=3.288325454 shared_exact=True fallback_exact=0
[996/1000] numerical=3.138651692 shared_exact=True fallback_exact=0
[997/1000] numerical=4.258844076 shared_exact=True fallback_exact=0
[998/1000] numerical=3.859360419 shared_exact=True fallback_exact=0
[999/1000] numerical=3.566669175 shared_exact=True fallback_exact=0
[1000/1000] numerical=3.380588766 shared_exact=True fallback_exact=0
checkpoint=/workspace/positive-square-energy/experiments/rank7_order8_chunk_022000_023000.r7o8g.xz.fragments/fragment-022500-023000.r7o8g.xz rows=500
attempts=1000 shared_exact=1000 templates=0 fallback_exact=0 structural=0 atoms=0 balanced=0 unresolved_targets=0
fragments=2 checkpoint_rows=500
raw_bytes=473721 xz_bytes=293944 elapsed_seconds=733.289370
sha256=11d9d2e476809c093189f1d318d277e111ec75adbf04cbc907a345d0463273f1
full_theorem=false
[2026-08-17T06:33:15.028522+00:00] exit: 0
[2026-08-17T06:33:15.028646+00:00] exec: /opt/kortix/pyfloor/bin/python3 -u /workspace/positive-square-energy/experiments/rank7_order8_exact_rational.py --verify-pack /workspace/positive-square-energy/experiments/rank7_order8_chunk_022000_023000.r7o8g.xz --census-cache positive-square-energy/experiments/rank7_order8_rational_search_cache.r7o8c.xz
attempts=1000 shared_exact=1000 templates=0 fallback_exact=0 structural=0 atoms=0 balanced=0 exact_audit=true census_seconds=72.605408
full_theorem=false
[2026-08-17T06:36:41.723394+00:00] exit: 0
[2026-08-17T06:36:41.724584+00:00] shard=022000_023000 exact_audit=true sha256=11d9d2e476809c093189f1d318d277e111ec75adbf04cbc907a345d0463273f1
