[2026-08-15T00:31:13.155363+00:00] shard=014000_015000 adopted_fragments=0
[2026-08-15T00:31:13.155430+00:00] exec: /opt/kortix/pyfloor/bin/python3 -u /workspace/positive-square-energy/experiments/rank7_order8_exact_rational.py --output /workspace/positive-square-energy/experiments/rank7_order8_chunk_014000_015000.r7o8g.xz --fragment-directory /workspace/positive-square-energy/experiments/rank7_order8_chunk_014000_015000.r7o8g.xz.fragments --census-cache positive-square-energy/experiments/rank7_order8_rational_search_cache.r7o8c.xz --start 14000 --count 1000 --checkpoint-rows 500 --progress
[1/1000] numerical=4.101810008 shared_exact=True fallback_exact=0
[2/1000] numerical=4.101811481 shared_exact=True fallback_exact=0
[3/1000] numerical=4.102415024 shared_exact=True fallback_exact=0
[4/1000] numerical=3.201312378 shared_exact=True fallback_exact=0
[5/1000] numerical=3.201312378 shared_exact=True fallback_exact=0
[6/1000] numerical=3.286370595 shared_exact=True fallback_exact=0
[7/1000] numerical=4.429718298 shared_exact=True fallback_exact=0
[8/1000] numerical=4.908412568 shared_exact=True fallback_exact=0
[9/1000] numerical=4.908412569 shared_exact=True fallback_exact=0
[10/1000] numerical=3.958299489 shared_exact=True fallback_exact=0
[11/1000] numerical=3.686707684 shared_exact=True fallback_exact=0
[12/1000] numerical=4.681696865 shared_exact=True fallback_exact=0
[13/1000] numerical=4.681695459 shared_exact=True fallback_exact=0
[14/1000] numerical=3.685801929 shared_exact=True fallback_exact=0
[15/1000] numerical=4.681695630 shared_exact=True fallback_exact=0
[16/1000] numerical=3.685801987 shared_exact=True fallback_exact=0
[17/1000] numerical=3.731162140 shared_exact=True fallback_exact=0
[18/1000] numerical=2.919082709 shared_exact=True fallback_exact=0
[19/1000] numerical=4.256909541 shared_exact=True fallback_exact=0
[20/1000] numerical=3.561552817 shared_exact=True fallback_exact=0
[21/1000] numerical=3.561552933 shared_exact=True fallback_exact=0
[22/1000] numerical=2.610685001 shared_exact=True fallback_exact=0
[23/1000] numerical=4.000054894 shared_exact=True fallback_exact=0
[24/1000] numerical=5.000300112 shared_exact=True fallback_exact=0
[25/1000] numerical=4.037957520 shared_exact=True fallback_exact=0
[26/1000] numerical=4.053447202 shared_exact=True fallback_exact=0
[27/1000] numerical=5.000106416 shared_exact=True fallback_exact=0
[28/1000] numerical=4.037957520 shared_exact=True fallback_exact=0
[29/1000] numerical=5.000196305 shared_exact=True fallback_exact=0
[30/1000] numerical=5.000000167 shared_exact=True fallback_exact=0
[31/1000] numerical=4.037957520 shared_exact=True fallback_exact=0
[32/1000] numerical=4.000000000 shared_exact=True fallback_exact=0
[33/1000] numerical=4.037957520 shared_exact=True fallback_exact=0
[34/1000] numerical=4.037957520 shared_exact=True fallback_exact=0
[35/1000] numerical=4.000000000 shared_exact=True fallback_exact=0
[36/1000] numerical=3.040735453 shared_exact=True fallback_exact=0
[37/1000] numerical=4.037957520 shared_exact=True fallback_exact=0
[38/1000] numerical=4.037957621 shared_exact=True fallback_exact=0
[39/1000] numerical=4.000061063 shared_exact=True fallback_exact=0
[40/1000] numerical=3.040735453 shared_exact=True fallback_exact=0
[41/1000] numerical=3.040735453 shared_exact=True fallback_exact=0
[42/1000] numerical=4.000049589 shared_exact=True fallback_exact=0
[43/1000] numerical=4.000030627 shared_exact=True fallback_exact=0
[44/1000] numerical=5.000223546 shared_exact=True fallback_exact=0
[45/1000] numerical=5.000074201 shared_exact=True fallback_exact=0
[46/1000] numerical=4.037957520 shared_exact=True fallback_exact=0
[47/1000] numerical=4.000028428 shared_exact=True fallback_exact=0
[48/1000] numerical=5.000241675 shared_exact=True fallback_exact=0
[49/1000] numerical=4.000044328 shared_exact=True fallback_exact=0
[50/1000] numerical=4.052581333 shared_exact=True fallback_exact=0
[51/1000] numerical=3.056212860 shared_exact=True fallback_exact=0
[52/1000] numerical=3.194407862 shared_exact=True fallback_exact=0
[53/1000] numerical=4.087066202 shared_exact=True fallback_exact=0
[54/1000] numerical=4.085735348 shared_exact=True fallback_exact=0
[55/1000] numerical=3.087192196 shared_exact=True fallback_exact=0
[56/1000] numerical=4.087959291 shared_exact=True fallback_exact=0
[57/1000] numerical=3.087192390 shared_exact=True fallback_exact=0
[58/1000] numerical=3.194728589 shared_exact=True fallback_exact=0
[59/1000] numerical=2.408286521 shared_exact=True fallback_exact=0
[60/1000] numerical=4.052581333 shared_exact=True fallback_exact=0
[61/1000] numerical=4.000040153 shared_exact=True fallback_exact=0
[62/1000] numerical=4.000168658 shared_exact=True fallback_exact=0
[63/1000] numerical=4.000000001 shared_exact=True fallback_exact=0
[64/1000] numerical=3.000000000 shared_exact=True fallback_exact=0
[65/1000] numerical=3.000000000 shared_exact=True fallback_exact=0
[66/1000] numerical=3.058028486 shared_exact=True fallback_exact=0
[67/1000] numerical=4.000069764 shared_exact=True fallback_exact=0
[68/1000] numerical=4.000061921 shared_exact=True fallback_exact=0
[69/1000] numerical=4.000000000 shared_exact=True fallback_exact=0
[70/1000] numerical=3.000000000 shared_exact=True fallback_exact=0
[71/1000] numerical=3.000000000 shared_exact=True fallback_exact=0
[72/1000] numerical=3.058028528 shared_exact=True fallback_exact=0
[73/1000] numerical=4.085736553 shared_exact=True fallback_exact=0
[74/1000] numerical=4.085735185 shared_exact=True fallback_exact=0
[75/1000] numerical=3.113888923 shared_exact=True fallback_exact=0
[76/1000] numerical=4.085736286 shared_exact=True fallback_exact=0
[77/1000] numerical=4.085735142 shared_exact=True fallback_exact=0
[78/1000] numerical=3.113888923 shared_exact=True fallback_exact=0
[79/1000] numerical=3.092996023 shared_exact=True fallback_exact=0
[80/1000] numerical=3.113888923 shared_exact=True fallback_exact=0
[81/1000] numerical=3.113888923 shared_exact=True fallback_exact=0
[82/1000] numerical=3.092996023 shared_exact=True fallback_exact=0
[83/1000] numerical=2.200526867 shared_exact=True fallback_exact=0
[84/1000] numerical=3.304312375 shared_exact=True fallback_exact=0
[85/1000] numerical=3.304312480 shared_exact=True fallback_exact=0
[86/1000] numerical=3.304312449 shared_exact=True fallback_exact=0
[87/1000] numerical=2.326957287 shared_exact=True fallback_exact=0
[88/1000] numerical=2.326957287 shared_exact=True fallback_exact=0
[89/1000] numerical=3.058028596 shared_exact=True fallback_exact=0
[90/1000] numerical=3.306346590 shared_exact=True fallback_exact=0
[91/1000] numerical=3.304312400 shared_exact=True fallback_exact=0
[92/1000] numerical=2.306600823 shared_exact=True fallback_exact=0
[93/1000] numerical=2.618874645 shared_exact=True fallback_exact=0
[94/1000] numerical=4.269047615 shared_exact=True fallback_exact=0
[95/1000] numerical=3.269417816 shared_exact=True fallback_exact=0
[96/1000] numerical=3.269417816 shared_exact=True fallback_exact=0
[97/1000] numerical=3.321827292 shared_exact=True fallback_exact=0
[98/1000] numerical=4.269047681 shared_exact=True fallback_exact=0
[99/1000] numerical=3.269417816 shared_exact=True fallback_exact=0
[100/1000] numerical=3.269417816 shared_exact=True fallback_exact=0
[101/1000] numerical=3.321827514 shared_exact=True fallback_exact=0
[102/1000] numerical=4.377069551 shared_exact=True fallback_exact=0
[103/1000] numerical=3.474087293 shared_exact=True fallback_exact=0
[104/1000] numerical=4.377069505 shared_exact=True fallback_exact=0
[105/1000] numerical=4.370342932 shared_exact=True fallback_exact=0
[106/1000] numerical=3.474091384 shared_exact=True fallback_exact=0
[107/1000] numerical=3.377979606 shared_exact=True fallback_exact=0
[108/1000] numerical=3.474087536 shared_exact=True fallback_exact=0
[109/1000] numerical=3.474096465 shared_exact=True fallback_exact=0
[110/1000] numerical=3.377979607 shared_exact=True fallback_exact=0
[111/1000] numerical=2.401079528 shared_exact=True fallback_exact=0
[112/1000] numerical=3.624192125 shared_exact=True fallback_exact=0
[113/1000] numerical=3.624194670 shared_exact=True fallback_exact=0
[114/1000] numerical=3.607269637 shared_exact=True fallback_exact=0
[115/1000] numerical=2.626477617 shared_exact=True fallback_exact=0
[116/1000] numerical=2.626477899 shared_exact=True fallback_exact=0
[117/1000] numerical=3.559861184 shared_exact=True fallback_exact=0
[118/1000] numerical=3.559861182 shared_exact=True fallback_exact=0
[119/1000] numerical=3.607270728 shared_exact=True fallback_exact=0
[120/1000] numerical=3.607285014 shared_exact=True fallback_exact=0
[121/1000] numerical=3.607269635 shared_exact=True fallback_exact=0
[122/1000] numerical=2.608223717 shared_exact=True fallback_exact=0
[123/1000] numerical=2.608223717 shared_exact=True fallback_exact=0
[124/1000] numerical=2.802284751 shared_exact=True fallback_exact=0
[125/1000] numerical=3.677808298 shared_exact=True fallback_exact=0
[126/1000] numerical=4.296012011 shared_exact=True fallback_exact=0
[127/1000] numerical=4.296022456 shared_exact=True fallback_exact=0
[128/1000] numerical=4.150038907 shared_exact=True fallback_exact=0
[129/1000] numerical=4.150073300 shared_exact=True fallback_exact=0
[130/1000] numerical=4.131900039 shared_exact=True fallback_exact=0
[131/1000] numerical=3.152512177 shared_exact=True fallback_exact=0
[132/1000] numerical=3.152508844 shared_exact=True fallback_exact=0
[133/1000] numerical=2.147488905 shared_exact=True fallback_exact=0
[134/1000] numerical=3.093150567 shared_exact=True fallback_exact=0
[135/1000] numerical=2.101787002 shared_exact=True fallback_exact=0
[136/1000] numerical=2.101787002 shared_exact=True fallback_exact=0
[137/1000] numerical=3.093150854 shared_exact=True fallback_exact=0
[138/1000] numerical=2.141622515 shared_exact=True fallback_exact=0
[139/1000] numerical=2.141622515 shared_exact=True fallback_exact=0
[140/1000] numerical=2.000000120 shared_exact=True fallback_exact=0
[141/1000] numerical=3.709162772 shared_exact=True fallback_exact=0
[142/1000] numerical=4.260372869 shared_exact=True fallback_exact=0
[143/1000] numerical=3.464530986 shared_exact=True fallback_exact=0
[144/1000] numerical=3.464445839 shared_exact=True fallback_exact=0
[145/1000] numerical=3.457868660 shared_exact=True fallback_exact=0
[146/1000] numerical=4.146989631 shared_exact=True fallback_exact=0
[147/1000] numerical=4.146983645 shared_exact=True fallback_exact=0
[148/1000] numerical=4.269277883 shared_exact=True fallback_exact=0
[149/1000] numerical=4.269285178 shared_exact=True fallback_exact=0
[150/1000] numerical=4.348431819 shared_exact=True fallback_exact=0
[151/1000] numerical=3.554404439 shared_exact=True fallback_exact=0
[152/1000] numerical=3.554404304 shared_exact=True fallback_exact=0
[153/1000] numerical=2.854745667 shared_exact=True fallback_exact=0
[154/1000] numerical=3.635406733 shared_exact=True fallback_exact=0
[155/1000] numerical=2.841269991 shared_exact=True fallback_exact=0
[156/1000] numerical=2.841269364 shared_exact=True fallback_exact=0
[157/1000] numerical=3.271550696 shared_exact=True fallback_exact=0
[158/1000] numerical=3.401110809 shared_exact=True fallback_exact=0
[159/1000] numerical=2.579567904 shared_exact=True fallback_exact=0
[160/1000] numerical=2.579567904 shared_exact=True fallback_exact=0
[161/1000] numerical=2.752335132 shared_exact=True fallback_exact=0
[162/1000] numerical=3.165207402 shared_exact=True fallback_exact=0
[163/1000] numerical=4.564248467 shared_exact=True fallback_exact=0
[164/1000] numerical=4.662191329 shared_exact=True fallback_exact=0
[165/1000] numerical=4.662192231 shared_exact=True fallback_exact=0
[166/1000] numerical=4.665760800 shared_exact=True fallback_exact=0
[167/1000] numerical=3.783514877 shared_exact=True fallback_exact=0
[168/1000] numerical=3.783514877 shared_exact=True fallback_exact=0
[169/1000] numerical=3.027487608 shared_exact=True fallback_exact=0
[170/1000] numerical=3.889246593 shared_exact=True fallback_exact=0
[171/1000] numerical=3.014535896 shared_exact=True fallback_exact=0
[172/1000] numerical=3.014535896 shared_exact=True fallback_exact=0
[173/1000] numerical=4.662190813 shared_exact=True fallback_exact=0
[174/1000] numerical=4.662191345 shared_exact=True fallback_exact=0
[175/1000] numerical=4.665764598 shared_exact=True fallback_exact=0
[176/1000] numerical=3.783514877 shared_exact=True fallback_exact=0
[177/1000] numerical=3.783514877 shared_exact=True fallback_exact=0
[178/1000] numerical=3.027487608 shared_exact=True fallback_exact=0
[179/1000] numerical=3.889250235 shared_exact=True fallback_exact=0
[180/1000] numerical=3.014535896 shared_exact=True fallback_exact=0
[181/1000] numerical=3.014535897 shared_exact=True fallback_exact=0
[182/1000] numerical=3.968669329 shared_exact=True fallback_exact=0
[183/1000] numerical=3.564721053 shared_exact=True fallback_exact=0
[184/1000] numerical=4.564450427 shared_exact=True fallback_exact=0
[185/1000] numerical=4.563280403 shared_exact=True fallback_exact=0
[186/1000] numerical=3.564467220 shared_exact=True fallback_exact=0
[187/1000] numerical=3.564721044 shared_exact=True fallback_exact=0
[188/1000] numerical=4.563283154 shared_exact=True fallback_exact=0
[189/1000] numerical=4.565125674 shared_exact=True fallback_exact=0
[190/1000] numerical=3.564469832 shared_exact=True fallback_exact=0
[191/1000] numerical=3.673991138 shared_exact=True fallback_exact=0
[192/1000] numerical=3.564467249 shared_exact=True fallback_exact=0
[193/1000] numerical=2.606510018 shared_exact=True fallback_exact=0
[194/1000] numerical=3.564471238 shared_exact=True fallback_exact=0
[195/1000] numerical=3.673991138 shared_exact=True fallback_exact=0
[196/1000] numerical=2.606510100 shared_exact=True fallback_exact=0
[197/1000] numerical=2.911014359 shared_exact=True fallback_exact=0
[198/1000] numerical=3.631603148 shared_exact=True fallback_exact=0
[199/1000] numerical=2.631899742 shared_exact=True fallback_exact=0
[200/1000] numerical=3.631668540 shared_exact=True fallback_exact=0
[201/1000] numerical=3.632143766 shared_exact=True fallback_exact=0
[202/1000] numerical=2.631907826 shared_exact=True fallback_exact=0
[203/1000] numerical=2.729503775 shared_exact=True fallback_exact=0
[204/1000] numerical=2.631899778 shared_exact=True fallback_exact=0
[205/1000] numerical=2.631939109 shared_exact=True fallback_exact=0
[206/1000] numerical=2.729503775 shared_exact=True fallback_exact=0
[207/1000] numerical=1.957505093 shared_exact=True fallback_exact=0
[208/1000] numerical=4.159047880 shared_exact=True fallback_exact=0
[209/1000] numerical=3.243351601 shared_exact=True fallback_exact=0
[210/1000] numerical=3.243351601 shared_exact=True fallback_exact=0
[211/1000] numerical=3.360357326 shared_exact=True fallback_exact=0
[212/1000] numerical=4.159028061 shared_exact=True fallback_exact=0
[213/1000] numerical=3.243351601 shared_exact=True fallback_exact=0
[214/1000] numerical=3.243351601 shared_exact=True fallback_exact=0
[215/1000] numerical=3.360355483 shared_exact=True fallback_exact=0
[216/1000] numerical=4.085740122 shared_exact=True fallback_exact=0
[217/1000] numerical=3.085859021 shared_exact=True fallback_exact=0
[218/1000] numerical=4.085740131 shared_exact=True fallback_exact=0
[219/1000] numerical=4.085744084 shared_exact=True fallback_exact=0
[220/1000] numerical=3.085859022 shared_exact=True fallback_exact=0
[221/1000] numerical=3.164710078 shared_exact=True fallback_exact=0
[222/1000] numerical=3.085859021 shared_exact=True fallback_exact=0
[223/1000] numerical=3.085859023 shared_exact=True fallback_exact=0
[224/1000] numerical=3.164710078 shared_exact=True fallback_exact=0
[225/1000] numerical=2.378411348 shared_exact=True fallback_exact=0
[226/1000] numerical=3.186597425 shared_exact=True fallback_exact=0
[227/1000] numerical=3.186599391 shared_exact=True fallback_exact=0
[228/1000] numerical=3.186597474 shared_exact=True fallback_exact=0
[229/1000] numerical=2.259184075 shared_exact=True fallback_exact=0
[230/1000] numerical=2.259184075 shared_exact=True fallback_exact=0
[231/1000] numerical=1.894202687 shared_exact=True fallback_exact=0
[232/1000] numerical=1.823006116 shared_exact=True fallback_exact=0
[233/1000] numerical=1.862742309 shared_exact=True fallback_exact=0
[234/1000] numerical=1.915436474 shared_exact=True fallback_exact=0
[235/1000] numerical=1.148976740 shared_exact=True fallback_exact=0
[236/1000] numerical=1.922117382 shared_exact=True fallback_exact=0
[237/1000] numerical=3.004055908 shared_exact=True fallback_exact=0
[238/1000] numerical=2.778130544 shared_exact=True fallback_exact=0
[239/1000] numerical=2.805414873 shared_exact=True fallback_exact=0
[240/1000] numerical=2.824807362 shared_exact=True fallback_exact=0
[241/1000] numerical=2.642803036 shared_exact=True fallback_exact=0
[242/1000] numerical=1.643080820 shared_exact=True fallback_exact=0
[243/1000] numerical=2.594173166 shared_exact=True fallback_exact=0
[244/1000] numerical=2.240765484 shared_exact=True fallback_exact=0
[245/1000] numerical=2.306741494 shared_exact=True fallback_exact=0
[246/1000] numerical=2.666283572 shared_exact=True fallback_exact=0
[247/1000] numerical=2.356456151 shared_exact=True fallback_exact=0
[248/1000] numerical=2.131018146 shared_exact=True fallback_exact=0
[249/1000] numerical=1.919447902 shared_exact=True fallback_exact=0
[250/1000] numerical=0.873820254 shared_exact=True fallback_exact=0
[251/1000] numerical=2.660495364 shared_exact=True fallback_exact=0
[252/1000] numerical=2.435313289 shared_exact=True fallback_exact=0
[253/1000] numerical=2.643805440 shared_exact=True fallback_exact=0
[254/1000] numerical=2.204356796 shared_exact=True fallback_exact=0
[255/1000] numerical=2.396050205 shared_exact=True fallback_exact=0
[256/1000] numerical=2.151867196 shared_exact=True fallback_exact=0
[257/1000] numerical=1.045263427 shared_exact=True fallback_exact=0
[258/1000] numerical=2.601482676 shared_exact=True fallback_exact=0
[259/1000] numerical=2.243320708 shared_exact=True fallback_exact=0
[260/1000] numerical=2.952471450 shared_exact=True fallback_exact=0
[261/1000] numerical=1.850375101 shared_exact=True fallback_exact=0
[262/1000] numerical=3.194108450 shared_exact=True fallback_exact=0
[263/1000] numerical=2.752122696 shared_exact=True fallback_exact=0
[264/1000] numerical=3.091530732 shared_exact=True fallback_exact=0
[265/1000] numerical=2.887953853 shared_exact=True fallback_exact=0
[266/1000] numerical=2.614970021 shared_exact=True fallback_exact=0
[267/1000] numerical=2.431399116 shared_exact=True fallback_exact=0
[268/1000] numerical=1.441624153 shared_exact=True fallback_exact=0
[269/1000] numerical=1.805461516 shared_exact=True fallback_exact=0
[270/1000] numerical=1.857491629 shared_exact=True fallback_exact=0
[271/1000] numerical=1.773743649 shared_exact=True fallback_exact=0
[272/1000] numerical=1.391738582 shared_exact=True fallback_exact=0
[273/1000] numerical=1.141520501 shared_exact=True fallback_exact=0
[274/1000] numerical=2.319020026 shared_exact=True fallback_exact=0
[275/1000] numerical=2.288745700 shared_exact=True fallback_exact=0
[276/1000] numerical=2.683991654 shared_exact=True fallback_exact=0
[277/1000] numerical=2.038245368 shared_exact=True fallback_exact=0
[278/1000] numerical=1.874690597 shared_exact=True fallback_exact=0
[279/1000] numerical=0.913275696 shared_exact=True fallback_exact=0
[280/1000] numerical=2.641196359 shared_exact=True fallback_exact=0
[281/1000] numerical=2.492750815 shared_exact=True fallback_exact=0
[282/1000] numerical=2.143049966 shared_exact=True fallback_exact=0
[283/1000] numerical=2.619040216 shared_exact=True fallback_exact=0
[284/1000] numerical=2.141741751 shared_exact=True fallback_exact=0
[285/1000] numerical=2.042210575 shared_exact=True fallback_exact=0
[286/1000] numerical=1.174214570 shared_exact=True fallback_exact=0
[287/1000] numerical=1.763228261 shared_exact=True fallback_exact=0
[288/1000] numerical=3.191008641 shared_exact=True fallback_exact=0
[289/1000] numerical=2.765959108 shared_exact=True fallback_exact=0
[290/1000] numerical=2.873785438 shared_exact=True fallback_exact=0
[291/1000] numerical=3.116970050 shared_exact=True fallback_exact=0
[292/1000] numerical=2.567544537 shared_exact=True fallback_exact=0
[293/1000] numerical=2.413813841 shared_exact=True fallback_exact=0
[294/1000] numerical=1.465111606 shared_exact=True fallback_exact=0
[295/1000] numerical=1.906378989 shared_exact=True fallback_exact=0
[296/1000] numerical=1.827809703 shared_exact=True fallback_exact=0
[297/1000] numerical=1.946861434 shared_exact=True fallback_exact=0
[298/1000] numerical=1.409262781 shared_exact=True fallback_exact=0
[299/1000] numerical=1.150252973 shared_exact=True fallback_exact=0
[300/1000] numerical=3.364306484 shared_exact=True fallback_exact=0
[301/1000] numerical=2.727025812 shared_exact=True fallback_exact=0
[302/1000] numerical=3.136097964 shared_exact=True fallback_exact=0
[303/1000] numerical=2.935277601 shared_exact=True fallback_exact=0
[304/1000] numerical=3.435079860 shared_exact=True fallback_exact=0
[305/1000] numerical=2.705976437 shared_exact=True fallback_exact=0
[306/1000] numerical=2.890125630 shared_exact=True fallback_exact=0
[307/1000] numerical=3.392904054 shared_exact=True fallback_exact=0
[308/1000] numerical=3.462543809 shared_exact=True fallback_exact=0
[309/1000] numerical=3.406609703 shared_exact=True fallback_exact=0
[310/1000] numerical=3.345033223 shared_exact=True fallback_exact=0
[311/1000] numerical=3.212945228 shared_exact=True fallback_exact=0
[312/1000] numerical=2.287653178 shared_exact=True fallback_exact=0
[313/1000] numerical=3.231876337 shared_exact=True fallback_exact=0
[314/1000] numerical=3.117041841 shared_exact=True fallback_exact=0
[315/1000] numerical=3.288028772 shared_exact=True fallback_exact=0
[316/1000] numerical=2.567586011 shared_exact=True fallback_exact=0
[317/1000] numerical=2.797442281 shared_exact=True fallback_exact=0
[318/1000] numerical=2.914101501 shared_exact=True fallback_exact=0
[319/1000] numerical=2.806627836 shared_exact=True fallback_exact=0
[320/1000] numerical=1.927497483 shared_exact=True fallback_exact=0
[321/1000] numerical=2.483836129 shared_exact=True fallback_exact=0
[322/1000] numerical=3.081900026 shared_exact=True fallback_exact=0
[323/1000] numerical=2.865934361 shared_exact=True fallback_exact=0
[324/1000] numerical=1.826351713 shared_exact=True fallback_exact=0
[325/1000] numerical=2.654142061 shared_exact=True fallback_exact=0
[326/1000] numerical=2.428636746 shared_exact=True fallback_exact=0
[327/1000] numerical=2.021081667 shared_exact=True fallback_exact=0
[328/1000] numerical=1.368429123 shared_exact=True fallback_exact=0
[329/1000] numerical=1.146092353 shared_exact=True fallback_exact=0
[330/1000] numerical=2.762788977 shared_exact=True fallback_exact=0
[331/1000] numerical=2.762788977 shared_exact=True fallback_exact=0
[332/1000] numerical=2.472121344 shared_exact=True fallback_exact=0
[333/1000] numerical=2.227843176 shared_exact=True fallback_exact=0
[334/1000] numerical=2.676305758 shared_exact=True fallback_exact=0
[335/1000] numerical=3.375007989 shared_exact=True fallback_exact=0
[336/1000] numerical=3.190521826 shared_exact=True fallback_exact=0
[337/1000] numerical=2.980224414 shared_exact=True fallback_exact=0
[338/1000] numerical=3.358815508 shared_exact=True fallback_exact=0
[339/1000] numerical=2.886979002 shared_exact=True fallback_exact=0
[340/1000] numerical=2.760652710 shared_exact=True fallback_exact=0
[341/1000] numerical=1.848355051 shared_exact=True fallback_exact=0
[342/1000] numerical=2.676305757 shared_exact=True fallback_exact=0
[343/1000] numerical=3.375007989 shared_exact=True fallback_exact=0
[344/1000] numerical=2.980224414 shared_exact=True fallback_exact=0
[345/1000] numerical=3.190523032 shared_exact=True fallback_exact=0
[346/1000] numerical=3.358815508 shared_exact=True fallback_exact=0
[347/1000] numerical=2.886979003 shared_exact=True fallback_exact=0
[348/1000] numerical=2.760652712 shared_exact=True fallback_exact=0
[349/1000] numerical=1.848355051 shared_exact=True fallback_exact=0
[350/1000] numerical=2.820214722 shared_exact=True fallback_exact=0
[351/1000] numerical=2.820214722 shared_exact=True fallback_exact=0
[352/1000] numerical=2.817606343 shared_exact=True fallback_exact=0
[353/1000] numerical=2.479990039 shared_exact=True fallback_exact=0
[354/1000] numerical=2.225085612 shared_exact=True fallback_exact=0
[355/1000] numerical=1.078959487 shared_exact=True fallback_exact=0
[356/1000] numerical=2.896599001 shared_exact=True fallback_exact=0
[357/1000] numerical=2.896599003 shared_exact=True fallback_exact=0
[358/1000] numerical=3.210051470 shared_exact=True fallback_exact=0
[359/1000] numerical=2.968328920 shared_exact=True fallback_exact=0
[360/1000] numerical=3.423882239 shared_exact=True fallback_exact=0
[361/1000] numerical=2.767852709 shared_exact=True fallback_exact=0
[362/1000] numerical=3.136769499 shared_exact=True fallback_exact=0
[363/1000] numerical=2.894581600 shared_exact=True fallback_exact=0
[364/1000] numerical=3.593235042 shared_exact=True fallback_exact=0
[365/1000] numerical=2.934733838 shared_exact=True fallback_exact=0
[366/1000] numerical=3.205791780 shared_exact=True fallback_exact=0
[367/1000] numerical=3.060225959 shared_exact=True fallback_exact=0
[368/1000] numerical=2.123648327 shared_exact=True fallback_exact=0
[369/1000] numerical=3.423882239 shared_exact=True fallback_exact=0
[370/1000] numerical=2.767852709 shared_exact=True fallback_exact=0
[371/1000] numerical=3.136769268 shared_exact=True fallback_exact=0
[372/1000] numerical=2.894581600 shared_exact=True fallback_exact=0
[373/1000] numerical=2.934733839 shared_exact=True fallback_exact=0
[374/1000] numerical=3.205795131 shared_exact=True fallback_exact=0
[375/1000] numerical=3.060225938 shared_exact=True fallback_exact=0
[376/1000] numerical=2.123648327 shared_exact=True fallback_exact=0
[377/1000] numerical=2.238234885 shared_exact=True fallback_exact=0
[378/1000] numerical=3.158679328 shared_exact=True fallback_exact=0
[379/1000] numerical=2.903895420 shared_exact=True fallback_exact=0
[380/1000] numerical=1.757942676 shared_exact=True fallback_exact=0
[381/1000] numerical=2.490558214 shared_exact=True fallback_exact=0
[382/1000] numerical=2.867905837 shared_exact=True fallback_exact=0
[383/1000] numerical=2.613079058 shared_exact=True fallback_exact=0
[384/1000] numerical=2.261127940 shared_exact=True fallback_exact=0
[385/1000] numerical=1.467022763 shared_exact=True fallback_exact=0
[386/1000] numerical=2.019070103 shared_exact=True fallback_exact=0
[387/1000] numerical=2.019070118 shared_exact=True fallback_exact=0
[388/1000] numerical=1.146092353 shared_exact=True fallback_exact=0
[389/1000] numerical=2.428152976 shared_exact=True fallback_exact=0
[390/1000] numerical=2.428152975 shared_exact=True fallback_exact=0
[391/1000] numerical=2.163551529 shared_exact=True fallback_exact=0
[392/1000] numerical=2.301907509 shared_exact=True fallback_exact=0
[393/1000] numerical=2.047415130 shared_exact=True fallback_exact=0
[394/1000] numerical=0.901220819 shared_exact=True fallback_exact=0
[395/1000] numerical=1.961502755 shared_exact=True fallback_exact=0
[396/1000] numerical=1.770251182 shared_exact=True fallback_exact=0
[397/1000] numerical=1.772920929 shared_exact=True fallback_exact=0
[398/1000] numerical=1.978022102 shared_exact=True fallback_exact=0
[399/1000] numerical=1.137449181 shared_exact=True fallback_exact=0
[400/1000] numerical=2.909712136 shared_exact=True fallback_exact=0
[401/1000] numerical=2.596992217 shared_exact=True fallback_exact=0
[402/1000] numerical=2.356221920 shared_exact=True fallback_exact=0
[403/1000] numerical=1.781684860 shared_exact=True fallback_exact=0
[404/1000] numerical=3.095222780 shared_exact=True fallback_exact=0
[405/1000] numerical=3.183827970 shared_exact=True fallback_exact=0
[406/1000] numerical=2.838178432 shared_exact=True fallback_exact=0
[407/1000] numerical=2.845561001 shared_exact=True fallback_exact=0
[408/1000] numerical=2.738223682 shared_exact=True fallback_exact=0
[409/1000] numerical=2.504720657 shared_exact=True fallback_exact=0
[410/1000] numerical=1.404727379 shared_exact=True fallback_exact=0
[411/1000] numerical=1.961502753 shared_exact=True fallback_exact=0
[412/1000] numerical=2.596992217 shared_exact=True fallback_exact=0
[413/1000] numerical=2.356217855 shared_exact=True fallback_exact=0
[414/1000] numerical=2.860646848 shared_exact=True fallback_exact=0
[415/1000] numerical=2.860645396 shared_exact=True fallback_exact=0
[416/1000] numerical=2.976251638 shared_exact=True fallback_exact=0
[417/1000] numerical=2.696971011 shared_exact=True fallback_exact=0
[418/1000] numerical=2.608771102 shared_exact=True fallback_exact=0
[419/1000] numerical=1.748540670 shared_exact=True fallback_exact=0
[420/1000] numerical=2.669591662 shared_exact=True fallback_exact=0
[421/1000] numerical=2.269108364 shared_exact=True fallback_exact=0
[422/1000] numerical=2.384119526 shared_exact=True fallback_exact=0
[423/1000] numerical=2.138237381 shared_exact=True fallback_exact=0
[424/1000] numerical=1.926452984 shared_exact=True fallback_exact=0
[425/1000] numerical=0.868915149 shared_exact=True fallback_exact=0
[426/1000] numerical=2.673716263 shared_exact=True fallback_exact=0
[427/1000] numerical=2.721830109 shared_exact=True fallback_exact=0
[428/1000] numerical=2.122481826 shared_exact=True fallback_exact=0
[429/1000] numerical=2.438248927 shared_exact=True fallback_exact=0
[430/1000] numerical=2.173554969 shared_exact=True fallback_exact=0
[431/1000] numerical=2.045214380 shared_exact=True fallback_exact=0
[432/1000] numerical=1.131330870 shared_exact=True fallback_exact=0
[433/1000] numerical=1.770251182 shared_exact=True fallback_exact=0
[434/1000] numerical=1.772920929 shared_exact=True fallback_exact=0
[435/1000] numerical=1.978528202 shared_exact=True fallback_exact=0
[436/1000] numerical=1.137449181 shared_exact=True fallback_exact=0
[437/1000] numerical=1.781684863 shared_exact=True fallback_exact=0
[438/1000] numerical=3.183827866 shared_exact=True fallback_exact=0
[439/1000] numerical=2.838178432 shared_exact=True fallback_exact=0
[440/1000] numerical=3.095000159 shared_exact=True fallback_exact=0
[441/1000] numerical=2.845499227 shared_exact=True fallback_exact=0
[442/1000] numerical=2.738171039 shared_exact=True fallback_exact=0
[443/1000] numerical=2.505024939 shared_exact=True fallback_exact=0
[444/1000] numerical=1.404727379 shared_exact=True fallback_exact=0
[445/1000] numerical=2.269108364 shared_exact=True fallback_exact=0
[446/1000] numerical=2.669591662 shared_exact=True fallback_exact=0
[447/1000] numerical=2.384120438 shared_exact=True fallback_exact=0
[448/1000] numerical=2.138237381 shared_exact=True fallback_exact=0
[449/1000] numerical=1.926452984 shared_exact=True fallback_exact=0
[450/1000] numerical=0.868915149 shared_exact=True fallback_exact=0
[451/1000] numerical=2.721830118 shared_exact=True fallback_exact=0
[452/1000] numerical=2.122481826 shared_exact=True fallback_exact=0
[453/1000] numerical=2.673731855 shared_exact=True fallback_exact=0
[454/1000] numerical=2.438248927 shared_exact=True fallback_exact=0
[455/1000] numerical=2.173554970 shared_exact=True fallback_exact=0
[456/1000] numerical=2.045214385 shared_exact=True fallback_exact=0
[457/1000] numerical=1.131330870 shared_exact=True fallback_exact=0
[458/1000] numerical=1.822424249 shared_exact=True fallback_exact=0
[459/1000] numerical=1.822424249 shared_exact=True fallback_exact=0
[460/1000] numerical=2.029619381 shared_exact=True fallback_exact=0
[461/1000] numerical=1.388016713 shared_exact=True fallback_exact=0
[462/1000] numerical=1.139679419 shared_exact=True fallback_exact=0
[463/1000] numerical=3.321178257 shared_exact=True fallback_exact=0
[464/1000] numerical=3.321178257 shared_exact=True fallback_exact=0
[465/1000] numerical=3.389901228 shared_exact=True fallback_exact=0
[466/1000] numerical=3.288231990 shared_exact=True fallback_exact=0
[467/1000] numerical=3.064674798 shared_exact=True fallback_exact=0
[468/1000] numerical=3.407092620 shared_exact=True fallback_exact=0
[469/1000] numerical=2.928143800 shared_exact=True fallback_exact=0
[470/1000] numerical=2.747376173 shared_exact=True fallback_exact=0
[471/1000] numerical=3.055556163 shared_exact=True fallback_exact=0
[472/1000] numerical=3.440094390 shared_exact=True fallback_exact=0
[473/1000] numerical=2.844900188 shared_exact=True fallback_exact=0
[474/1000] numerical=2.828052305 shared_exact=True fallback_exact=0
[475/1000] numerical=2.038417169 shared_exact=True fallback_exact=0
[476/1000] numerical=3.064674809 shared_exact=True fallback_exact=0
[477/1000] numerical=3.407092620 shared_exact=True fallback_exact=0
[478/1000] numerical=2.928143800 shared_exact=True fallback_exact=0
[479/1000] numerical=2.747376173 shared_exact=True fallback_exact=0
[480/1000] numerical=3.440094390 shared_exact=True fallback_exact=0
[481/1000] numerical=2.844900185 shared_exact=True fallback_exact=0
[482/1000] numerical=2.828052305 shared_exact=True fallback_exact=0
[483/1000] numerical=2.038417169 shared_exact=True fallback_exact=0
[484/1000] numerical=3.337476022 shared_exact=True fallback_exact=0
[485/1000] numerical=3.376750701 shared_exact=True fallback_exact=0
[486/1000] numerical=3.221739973 shared_exact=True fallback_exact=0
[487/1000] numerical=2.267100891 shared_exact=True fallback_exact=0
[488/1000] numerical=2.537613785 shared_exact=True fallback_exact=0
[489/1000] numerical=2.373302979 shared_exact=True fallback_exact=0
[490/1000] numerical=1.840417574 shared_exact=True fallback_exact=0
[491/1000] numerical=1.405926325 shared_exact=True fallback_exact=0
[492/1000] numerical=2.798215506 shared_exact=True fallback_exact=0
[493/1000] numerical=2.910989108 shared_exact=True fallback_exact=0
[494/1000] numerical=2.152498975 shared_exact=True fallback_exact=0
[495/1000] numerical=2.798215506 shared_exact=True fallback_exact=0
[496/1000] numerical=2.910989404 shared_exact=True fallback_exact=0
[497/1000] numerical=2.152498975 shared_exact=True fallback_exact=0
[498/1000] numerical=3.442207709 shared_exact=True fallback_exact=0
[499/1000] numerical=3.205708296 shared_exact=True fallback_exact=0
[500/1000] numerical=2.928628885 shared_exact=True fallback_exact=0
checkpoint=/workspace/positive-square-energy/experiments/rank7_order8_chunk_014000_015000.r7o8g.xz.fragments/fragment-014000-014500.r7o8g.xz rows=500
[501/1000] numerical=3.140818802 shared_exact=True fallback_exact=0
[502/1000] numerical=3.501833346 shared_exact=True fallback_exact=0
[503/1000] numerical=2.955672052 shared_exact=True fallback_exact=0
[504/1000] numerical=2.905655574 shared_exact=True fallback_exact=0
[505/1000] numerical=2.084713412 shared_exact=True fallback_exact=0
[506/1000] numerical=3.438107153 shared_exact=True fallback_exact=0
[507/1000] numerical=3.017800309 shared_exact=True fallback_exact=0
[508/1000] numerical=3.008822042 shared_exact=True fallback_exact=0
[509/1000] numerical=2.758450518 shared_exact=True fallback_exact=0
[510/1000] numerical=2.988769736 shared_exact=True fallback_exact=0
[511/1000] numerical=3.298447692 shared_exact=True fallback_exact=0
[512/1000] numerical=3.133350364 shared_exact=True fallback_exact=0
[513/1000] numerical=2.172506076 shared_exact=True fallback_exact=0
[514/1000] numerical=2.559279397 shared_exact=True fallback_exact=0
[515/1000] numerical=2.387491000 shared_exact=True fallback_exact=0
[516/1000] numerical=1.411712720 shared_exact=True fallback_exact=0
[517/1000] numerical=2.164435655 shared_exact=True fallback_exact=0
[518/1000] numerical=2.474752732 shared_exact=True fallback_exact=0
[519/1000] numerical=1.734720967 shared_exact=True fallback_exact=0
[520/1000] numerical=3.633194116 shared_exact=True fallback_exact=0
[521/1000] numerical=3.930133880 shared_exact=True fallback_exact=0
[522/1000] numerical=3.331015724 shared_exact=True fallback_exact=0
[523/1000] numerical=4.226746920 shared_exact=True fallback_exact=0
[524/1000] numerical=3.318909516 shared_exact=True fallback_exact=0
[525/1000] numerical=3.685436033 shared_exact=True fallback_exact=0
[526/1000] numerical=3.564350767 shared_exact=True fallback_exact=0
[527/1000] numerical=2.659927547 shared_exact=True fallback_exact=0
[528/1000] numerical=2.619424084 shared_exact=True fallback_exact=0
[529/1000] numerical=3.930133880 shared_exact=True fallback_exact=0
[530/1000] numerical=3.331015724 shared_exact=True fallback_exact=0
[531/1000] numerical=4.226746923 shared_exact=True fallback_exact=0
[532/1000] numerical=3.318909487 shared_exact=True fallback_exact=0
[533/1000] numerical=3.685436042 shared_exact=True fallback_exact=0
[534/1000] numerical=3.564349795 shared_exact=True fallback_exact=0
[535/1000] numerical=2.659927547 shared_exact=True fallback_exact=0
[536/1000] numerical=2.619424494 shared_exact=True fallback_exact=0
[537/1000] numerical=2.631686160 shared_exact=True fallback_exact=0
[538/1000] numerical=3.781120145 shared_exact=True fallback_exact=0
[539/1000] numerical=3.377587014 shared_exact=True fallback_exact=0
[540/1000] numerical=2.726471964 shared_exact=True fallback_exact=0
[541/1000] numerical=3.270209382 shared_exact=True fallback_exact=0
[542/1000] numerical=3.601422807 shared_exact=True fallback_exact=0
[543/1000] numerical=3.490342483 shared_exact=True fallback_exact=0
[544/1000] numerical=3.030599011 shared_exact=True fallback_exact=0
[545/1000] numerical=3.084656729 shared_exact=True fallback_exact=0
[546/1000] numerical=3.425739897 shared_exact=True fallback_exact=0
[547/1000] numerical=2.881579992 shared_exact=True fallback_exact=0
[548/1000] numerical=3.980984946 shared_exact=True fallback_exact=0
[549/1000] numerical=3.996958563 shared_exact=True fallback_exact=0
[550/1000] numerical=3.229517324 shared_exact=True fallback_exact=0
[551/1000] numerical=2.500275129 shared_exact=True fallback_exact=0
[552/1000] numerical=3.722482813 shared_exact=True fallback_exact=0
[553/1000] numerical=2.877819323 shared_exact=True fallback_exact=0
[554/1000] numerical=3.295266531 shared_exact=True fallback_exact=0
[555/1000] numerical=3.359285871 shared_exact=True fallback_exact=0
[556/1000] numerical=2.650525784 shared_exact=True fallback_exact=0
[557/1000] numerical=3.488505219 shared_exact=True fallback_exact=0
[558/1000] numerical=2.696669087 shared_exact=True fallback_exact=0
[559/1000] numerical=3.378238598 shared_exact=True fallback_exact=0
[560/1000] numerical=3.728149495 shared_exact=True fallback_exact=0
[561/1000] numerical=3.392872511 shared_exact=True fallback_exact=0
[562/1000] numerical=4.273863525 shared_exact=True fallback_exact=0
[563/1000] numerical=4.297256070 shared_exact=True fallback_exact=0
[564/1000] numerical=3.522449524 shared_exact=True fallback_exact=0
[565/1000] numerical=2.390557129 shared_exact=True fallback_exact=0
[566/1000] numerical=3.640324735 shared_exact=True fallback_exact=0
[567/1000] numerical=3.503931116 shared_exact=True fallback_exact=0
[568/1000] numerical=2.587248561 shared_exact=True fallback_exact=0
[569/1000] numerical=3.091532799 shared_exact=True fallback_exact=0
[570/1000] numerical=3.760770101 shared_exact=True fallback_exact=0
[571/1000] numerical=3.686997326 shared_exact=True fallback_exact=0
[572/1000] numerical=2.994155076 shared_exact=True fallback_exact=0
[573/1000] numerical=2.847168011 shared_exact=True fallback_exact=0
[574/1000] numerical=3.219322121 shared_exact=True fallback_exact=0
[575/1000] numerical=2.554613152 shared_exact=True fallback_exact=0
[576/1000] numerical=3.517513224 shared_exact=True fallback_exact=0
[577/1000] numerical=2.822250433 shared_exact=True fallback_exact=0
[578/1000] numerical=2.994166432 shared_exact=True fallback_exact=0
[579/1000] numerical=2.960337652 shared_exact=True fallback_exact=0
[580/1000] numerical=2.165188233 shared_exact=True fallback_exact=0
[581/1000] numerical=2.804741834 shared_exact=True fallback_exact=0
[582/1000] numerical=2.855807523 shared_exact=True fallback_exact=0
[583/1000] numerical=2.438623321 shared_exact=True fallback_exact=0
[584/1000] numerical=2.191446133 shared_exact=True fallback_exact=0
[585/1000] numerical=2.804741829 shared_exact=True fallback_exact=0
[586/1000] numerical=2.855813751 shared_exact=True fallback_exact=0
[587/1000] numerical=2.438623322 shared_exact=True fallback_exact=0
[588/1000] numerical=2.191445975 shared_exact=True fallback_exact=0
[589/1000] numerical=3.408472020 shared_exact=True fallback_exact=0
[590/1000] numerical=3.213820886 shared_exact=True fallback_exact=0
[591/1000] numerical=2.824186393 shared_exact=True fallback_exact=0
[592/1000] numerical=3.534139858 shared_exact=True fallback_exact=0
[593/1000] numerical=2.938602968 shared_exact=True fallback_exact=0
[594/1000] numerical=3.022924473 shared_exact=True fallback_exact=0
[595/1000] numerical=2.899212953 shared_exact=True fallback_exact=0
[596/1000] numerical=1.993819286 shared_exact=True fallback_exact=0
[597/1000] numerical=3.449174236 shared_exact=True fallback_exact=0
[598/1000] numerical=2.998887341 shared_exact=True fallback_exact=0
[599/1000] numerical=3.025530355 shared_exact=True fallback_exact=0
[600/1000] numerical=2.967713067 shared_exact=True fallback_exact=0
[601/1000] numerical=3.298496385 shared_exact=True fallback_exact=0
[602/1000] numerical=3.140348180 shared_exact=True fallback_exact=0
[603/1000] numerical=2.161326721 shared_exact=True fallback_exact=0
[604/1000] numerical=3.121956996 shared_exact=True fallback_exact=0
[605/1000] numerical=2.869566547 shared_exact=True fallback_exact=0
[606/1000] numerical=2.256762334 shared_exact=True fallback_exact=0
[607/1000] numerical=2.684694769 shared_exact=True fallback_exact=0
[608/1000] numerical=2.454982930 shared_exact=True fallback_exact=0
[609/1000] numerical=2.051742551 shared_exact=True fallback_exact=0
[610/1000] numerical=1.371384516 shared_exact=True fallback_exact=0
[611/1000] numerical=2.135589144 shared_exact=True fallback_exact=0
[612/1000] numerical=2.498867637 shared_exact=True fallback_exact=0
[613/1000] numerical=2.022365646 shared_exact=True fallback_exact=0
[614/1000] numerical=1.802928179 shared_exact=True fallback_exact=0
[615/1000] numerical=3.753485876 shared_exact=True fallback_exact=0
[616/1000] numerical=4.103275832 shared_exact=True fallback_exact=0
[617/1000] numerical=3.510772172 shared_exact=True fallback_exact=0
[618/1000] numerical=3.520477301 shared_exact=True fallback_exact=0
[619/1000] numerical=4.339207623 shared_exact=True fallback_exact=0
[620/1000] numerical=3.569794926 shared_exact=True fallback_exact=0
[621/1000] numerical=3.678420500 shared_exact=True fallback_exact=0
[622/1000] numerical=3.057203283 shared_exact=True fallback_exact=0
[623/1000] numerical=2.719712127 shared_exact=True fallback_exact=0
[624/1000] numerical=4.103275832 shared_exact=True fallback_exact=0
[625/1000] numerical=3.510772106 shared_exact=True fallback_exact=0
[626/1000] numerical=3.520475862 shared_exact=True fallback_exact=0
[627/1000] numerical=4.339207685 shared_exact=True fallback_exact=0
[628/1000] numerical=3.569794931 shared_exact=True fallback_exact=0
[629/1000] numerical=3.678419294 shared_exact=True fallback_exact=0
[630/1000] numerical=3.057203020 shared_exact=True fallback_exact=0
[631/1000] numerical=2.719712127 shared_exact=True fallback_exact=0
[632/1000] numerical=2.728642524 shared_exact=True fallback_exact=0
[633/1000] numerical=3.866841096 shared_exact=True fallback_exact=0
[634/1000] numerical=3.536573401 shared_exact=True fallback_exact=0
[635/1000] numerical=3.131575007 shared_exact=True fallback_exact=0
[636/1000] numerical=3.248703686 shared_exact=True fallback_exact=0
[637/1000] numerical=3.264394336 shared_exact=True fallback_exact=0
[638/1000] numerical=3.425412027 shared_exact=True fallback_exact=0
[639/1000] numerical=3.958824366 shared_exact=True fallback_exact=0
[640/1000] numerical=4.139665372 shared_exact=True fallback_exact=0
[641/1000] numerical=3.558736676 shared_exact=True fallback_exact=0
[642/1000] numerical=3.287438615 shared_exact=True fallback_exact=0
[643/1000] numerical=3.442927034 shared_exact=True fallback_exact=0
[644/1000] numerical=3.769915856 shared_exact=True fallback_exact=0
[645/1000] numerical=2.703121013 shared_exact=True fallback_exact=0
[646/1000] numerical=3.442959163 shared_exact=True fallback_exact=0
[647/1000] numerical=3.605587327 shared_exact=True fallback_exact=0
[648/1000] numerical=3.285648146 shared_exact=True fallback_exact=0
[649/1000] numerical=3.517073788 shared_exact=True fallback_exact=0
[650/1000] numerical=2.969879149 shared_exact=True fallback_exact=0
[651/1000] numerical=3.338410233 shared_exact=True fallback_exact=0
[652/1000] numerical=3.454279584 shared_exact=True fallback_exact=0
[653/1000] numerical=3.555979492 shared_exact=True fallback_exact=0
[654/1000] numerical=2.967188120 shared_exact=True fallback_exact=0
[655/1000] numerical=3.612391131 shared_exact=True fallback_exact=0
[656/1000] numerical=3.501385352 shared_exact=True fallback_exact=0
[657/1000] numerical=3.754499333 shared_exact=True fallback_exact=0
[658/1000] numerical=3.219531572 shared_exact=True fallback_exact=0
[659/1000] numerical=3.678712245 shared_exact=True fallback_exact=0
[660/1000] numerical=4.262302679 shared_exact=True fallback_exact=0
[661/1000] numerical=4.374796010 shared_exact=True fallback_exact=0
[662/1000] numerical=3.755602916 shared_exact=True fallback_exact=0
[663/1000] numerical=2.970709731 shared_exact=True fallback_exact=0
[664/1000] numerical=2.879749282 shared_exact=True fallback_exact=0
[665/1000] numerical=3.689714406 shared_exact=True fallback_exact=0
[666/1000] numerical=3.808536782 shared_exact=True fallback_exact=0
[667/1000] numerical=2.828405317 shared_exact=True fallback_exact=0
[668/1000] numerical=3.194588477 shared_exact=True fallback_exact=0
[669/1000] numerical=3.313945634 shared_exact=True fallback_exact=0
[670/1000] numerical=2.681467421 shared_exact=True fallback_exact=0
[671/1000] numerical=3.092712157 shared_exact=True fallback_exact=0
[672/1000] numerical=3.538886501 shared_exact=True fallback_exact=0
[673/1000] numerical=2.949616387 shared_exact=True fallback_exact=0
[674/1000] numerical=3.075969001 shared_exact=True fallback_exact=0
[675/1000] numerical=2.467227357 shared_exact=True fallback_exact=0
[676/1000] numerical=2.845355306 shared_exact=True fallback_exact=0
[677/1000] numerical=2.894273103 shared_exact=True fallback_exact=0
[678/1000] numerical=2.165156605 shared_exact=True fallback_exact=0
[679/1000] numerical=2.845353328 shared_exact=True fallback_exact=0
[680/1000] numerical=2.894015636 shared_exact=True fallback_exact=0
[681/1000] numerical=2.165156597 shared_exact=True fallback_exact=0
[682/1000] numerical=3.460007790 shared_exact=True fallback_exact=0
[683/1000] numerical=3.042128921 shared_exact=True fallback_exact=0
[684/1000] numerical=3.371025784 shared_exact=True fallback_exact=0
[685/1000] numerical=3.224559391 shared_exact=True fallback_exact=0
[686/1000] numerical=3.223382554 shared_exact=True fallback_exact=0
[687/1000] numerical=2.951184436 shared_exact=True fallback_exact=0
[688/1000] numerical=2.749362156 shared_exact=True fallback_exact=0
[689/1000] numerical=3.246066511 shared_exact=True fallback_exact=0
[690/1000] numerical=3.496010882 shared_exact=True fallback_exact=0
[691/1000] numerical=3.166378169 shared_exact=True fallback_exact=0
[692/1000] numerical=3.128548285 shared_exact=True fallback_exact=0
[693/1000] numerical=2.278238859 shared_exact=True fallback_exact=0
[694/1000] numerical=2.811745668 shared_exact=True fallback_exact=0
[695/1000] numerical=3.166424371 shared_exact=True fallback_exact=0
[696/1000] numerical=2.958959325 shared_exact=True fallback_exact=0
[697/1000] numerical=1.910861364 shared_exact=True fallback_exact=0
[698/1000] numerical=2.612679483 shared_exact=True fallback_exact=0
[699/1000] numerical=2.416555089 shared_exact=True fallback_exact=0
[700/1000] numerical=1.382354716 shared_exact=True fallback_exact=0
[701/1000] numerical=2.492590912 shared_exact=True fallback_exact=0
[702/1000] numerical=2.175662284 shared_exact=True fallback_exact=0
[703/1000] numerical=1.762083145 shared_exact=True fallback_exact=0
[704/1000] numerical=3.643246291 shared_exact=True fallback_exact=0
[705/1000] numerical=4.235516646 shared_exact=True fallback_exact=0
[706/1000] numerical=3.938261485 shared_exact=True fallback_exact=0
[707/1000] numerical=3.329581195 shared_exact=True fallback_exact=0
[708/1000] numerical=3.324147179 shared_exact=True fallback_exact=0
[709/1000] numerical=3.693360812 shared_exact=True fallback_exact=0
[710/1000] numerical=3.565822749 shared_exact=True fallback_exact=0
[711/1000] numerical=2.650398262 shared_exact=True fallback_exact=0
[712/1000] numerical=2.609367641 shared_exact=True fallback_exact=0
[713/1000] numerical=4.235516646 shared_exact=True fallback_exact=0
[714/1000] numerical=3.938261485 shared_exact=True fallback_exact=0
[715/1000] numerical=3.329581195 shared_exact=True fallback_exact=0
[716/1000] numerical=3.324147179 shared_exact=True fallback_exact=0
[717/1000] numerical=3.693360637 shared_exact=True fallback_exact=0
[718/1000] numerical=3.565822749 shared_exact=True fallback_exact=0
[719/1000] numerical=2.650398262 shared_exact=True fallback_exact=0
[720/1000] numerical=2.609367641 shared_exact=True fallback_exact=0
[721/1000] numerical=2.619247764 shared_exact=True fallback_exact=0
[722/1000] numerical=3.724125028 shared_exact=True fallback_exact=0
[723/1000] numerical=3.384222652 shared_exact=True fallback_exact=0
[724/1000] numerical=3.254569958 shared_exact=True fallback_exact=0
[725/1000] numerical=2.734063933 shared_exact=True fallback_exact=0
[726/1000] numerical=3.547099240 shared_exact=True fallback_exact=0
[727/1000] numerical=3.353175809 shared_exact=True fallback_exact=0
[728/1000] numerical=3.483914442 shared_exact=True fallback_exact=0
[729/1000] numerical=2.615185847 shared_exact=True fallback_exact=0
[730/1000] numerical=3.498193572 shared_exact=True fallback_exact=0
[731/1000] numerical=3.749930076 shared_exact=True fallback_exact=0
[732/1000] numerical=3.431376717 shared_exact=True fallback_exact=0
[733/1000] numerical=3.763264472 shared_exact=True fallback_exact=0
[734/1000] numerical=3.363223834 shared_exact=True fallback_exact=0
[735/1000] numerical=4.321029237 shared_exact=True fallback_exact=0
[736/1000] numerical=4.256971670 shared_exact=True fallback_exact=0
[737/1000] numerical=3.357244703 shared_exact=True fallback_exact=0
[738/1000] numerical=3.014813143 shared_exact=True fallback_exact=0
[739/1000] numerical=3.121778856 shared_exact=True fallback_exact=0
[740/1000] numerical=2.794188948 shared_exact=True fallback_exact=0
[741/1000] numerical=4.020263501 shared_exact=True fallback_exact=0
[742/1000] numerical=3.962292785 shared_exact=True fallback_exact=0
[743/1000] numerical=3.101999092 shared_exact=True fallback_exact=0
[744/1000] numerical=2.686079872 shared_exact=True fallback_exact=0
[745/1000] numerical=2.848087137 shared_exact=True fallback_exact=0
[746/1000] numerical=3.549445109 shared_exact=True fallback_exact=0
[747/1000] numerical=3.512663835 shared_exact=True fallback_exact=0
[748/1000] numerical=2.705904507 shared_exact=True fallback_exact=0
[749/1000] numerical=2.169555487 shared_exact=True fallback_exact=0
[750/1000] numerical=3.549508592 shared_exact=True fallback_exact=0
[751/1000] numerical=3.341055292 shared_exact=True fallback_exact=0
[752/1000] numerical=2.303952898 shared_exact=True fallback_exact=0
[753/1000] numerical=3.333461785 shared_exact=True fallback_exact=0
[754/1000] numerical=3.872732566 shared_exact=True fallback_exact=0
[755/1000] numerical=3.703854563 shared_exact=True fallback_exact=0
[756/1000] numerical=3.181249852 shared_exact=True fallback_exact=0
[757/1000] numerical=2.734600055 shared_exact=True fallback_exact=0
[758/1000] numerical=3.420594539 shared_exact=True fallback_exact=0
[759/1000] numerical=3.134817734 shared_exact=True fallback_exact=0
[760/1000] numerical=2.825502016 shared_exact=True fallback_exact=0
[761/1000] numerical=2.521449969 shared_exact=True fallback_exact=0
[762/1000] numerical=3.181753094 shared_exact=True fallback_exact=0
[763/1000] numerical=2.985725520 shared_exact=True fallback_exact=0
[764/1000] numerical=1.974456641 shared_exact=True fallback_exact=0
[765/1000] numerical=2.845353082 shared_exact=True fallback_exact=0
[766/1000] numerical=2.893860020 shared_exact=True fallback_exact=0
[767/1000] numerical=2.165156597 shared_exact=True fallback_exact=0
[768/1000] numerical=2.845352892 shared_exact=True fallback_exact=0
[769/1000] numerical=2.893861201 shared_exact=True fallback_exact=0
[770/1000] numerical=2.165156597 shared_exact=True fallback_exact=0
[771/1000] numerical=3.460007790 shared_exact=True fallback_exact=0
[772/1000] numerical=3.042125586 shared_exact=True fallback_exact=0
[773/1000] numerical=3.246073316 shared_exact=True fallback_exact=0
[774/1000] numerical=3.223368268 shared_exact=True fallback_exact=0
[775/1000] numerical=3.496010882 shared_exact=True fallback_exact=0
[776/1000] numerical=3.166376404 shared_exact=True fallback_exact=0
[777/1000] numerical=3.128124736 shared_exact=True fallback_exact=0
[778/1000] numerical=2.278238940 shared_exact=True fallback_exact=0
[779/1000] numerical=3.371025784 shared_exact=True fallback_exact=0
[780/1000] numerical=3.224559108 shared_exact=True fallback_exact=0
[781/1000] numerical=2.951184436 shared_exact=True fallback_exact=0
[782/1000] numerical=2.749362156 shared_exact=True fallback_exact=0
[783/1000] numerical=2.811747206 shared_exact=True fallback_exact=0
[784/1000] numerical=3.166400093 shared_exact=True fallback_exact=0
[785/1000] numerical=2.958956702 shared_exact=True fallback_exact=0
[786/1000] numerical=1.910861364 shared_exact=True fallback_exact=0
[787/1000] numerical=2.612679480 shared_exact=True fallback_exact=0
[788/1000] numerical=2.416554007 shared_exact=True fallback_exact=0
[789/1000] numerical=1.382354716 shared_exact=True fallback_exact=0
[790/1000] numerical=2.492588267 shared_exact=True fallback_exact=0
[791/1000] numerical=2.175662287 shared_exact=True fallback_exact=0
[792/1000] numerical=1.762083140 shared_exact=True fallback_exact=0
[793/1000] numerical=3.643245793 shared_exact=True fallback_exact=0
[794/1000] numerical=3.938261485 shared_exact=True fallback_exact=0
[795/1000] numerical=3.329581195 shared_exact=True fallback_exact=0
[796/1000] numerical=4.235516661 shared_exact=True fallback_exact=0
[797/1000] numerical=3.324147261 shared_exact=True fallback_exact=0
[798/1000] numerical=3.693388067 shared_exact=True fallback_exact=0
[799/1000] numerical=3.565824038 shared_exact=True fallback_exact=0
[800/1000] numerical=2.650398262 shared_exact=True fallback_exact=0
[801/1000] numerical=2.609369699 shared_exact=True fallback_exact=0
[802/1000] numerical=3.938261486 shared_exact=True fallback_exact=0
[803/1000] numerical=3.329581195 shared_exact=True fallback_exact=0
[804/1000] numerical=4.235516677 shared_exact=True fallback_exact=0
[805/1000] numerical=3.324147214 shared_exact=True fallback_exact=0
[806/1000] numerical=3.693365055 shared_exact=True fallback_exact=0
[807/1000] numerical=3.565824279 shared_exact=True fallback_exact=0
[808/1000] numerical=2.650398262 shared_exact=True fallback_exact=0
[809/1000] numerical=2.609369194 shared_exact=True fallback_exact=0
[810/1000] numerical=2.619249679 shared_exact=True fallback_exact=0
[811/1000] numerical=3.724125030 shared_exact=True fallback_exact=0
[812/1000] numerical=3.384222788 shared_exact=True fallback_exact=0
[813/1000] numerical=2.734063933 shared_exact=True fallback_exact=0
[814/1000] numerical=3.254669440 shared_exact=True fallback_exact=0
[815/1000] numerical=3.547105431 shared_exact=True fallback_exact=0
[816/1000] numerical=3.353135800 shared_exact=True fallback_exact=0
[817/1000] numerical=3.014813143 shared_exact=True fallback_exact=0
[818/1000] numerical=3.121778856 shared_exact=True fallback_exact=0
[819/1000] numerical=3.431378758 shared_exact=True fallback_exact=0
[820/1000] numerical=2.794188948 shared_exact=True fallback_exact=0
[821/1000] numerical=4.020263501 shared_exact=True fallback_exact=0
[822/1000] numerical=3.962292785 shared_exact=True fallback_exact=0
[823/1000] numerical=3.101999092 shared_exact=True fallback_exact=0
[824/1000] numerical=2.686079872 shared_exact=True fallback_exact=0
[825/1000] numerical=3.763264472 shared_exact=True fallback_exact=0
[826/1000] numerical=2.848087137 shared_exact=True fallback_exact=0
[827/1000] numerical=3.549455992 shared_exact=True fallback_exact=0
[828/1000] numerical=3.512663835 shared_exact=True fallback_exact=0
[829/1000] numerical=2.705904507 shared_exact=True fallback_exact=0
[830/1000] numerical=3.484019172 shared_exact=True fallback_exact=0
[831/1000] numerical=2.615185847 shared_exact=True fallback_exact=0
[832/1000] numerical=3.498193544 shared_exact=True fallback_exact=0
[833/1000] numerical=3.750185809 shared_exact=True fallback_exact=0
[834/1000] numerical=3.363224506 shared_exact=True fallback_exact=0
[835/1000] numerical=4.321029302 shared_exact=True fallback_exact=0
[836/1000] numerical=4.256971671 shared_exact=True fallback_exact=0
[837/1000] numerical=3.357244703 shared_exact=True fallback_exact=0
[838/1000] numerical=2.169555487 shared_exact=True fallback_exact=0
[839/1000] numerical=3.549517703 shared_exact=True fallback_exact=0
[840/1000] numerical=3.341038412 shared_exact=True fallback_exact=0
[841/1000] numerical=2.303952898 shared_exact=True fallback_exact=0
[842/1000] numerical=3.333419542 shared_exact=True fallback_exact=0
[843/1000] numerical=3.872897286 shared_exact=True fallback_exact=0
[844/1000] numerical=3.703854527 shared_exact=True fallback_exact=0
[845/1000] numerical=3.181285732 shared_exact=True fallback_exact=0
[846/1000] numerical=2.734600055 shared_exact=True fallback_exact=0
[847/1000] numerical=3.134817735 shared_exact=True fallback_exact=0
[848/1000] numerical=2.825501875 shared_exact=True fallback_exact=0
[849/1000] numerical=3.420594771 shared_exact=True fallback_exact=0
[850/1000] numerical=2.521023936 shared_exact=True fallback_exact=0
[851/1000] numerical=3.181800127 shared_exact=True fallback_exact=0
[852/1000] numerical=2.985707729 shared_exact=True fallback_exact=0
[853/1000] numerical=1.974456641 shared_exact=True fallback_exact=0
[854/1000] numerical=3.186384449 shared_exact=True fallback_exact=0
[855/1000] numerical=3.186382096 shared_exact=True fallback_exact=0
[856/1000] numerical=4.296029300 shared_exact=True fallback_exact=0
[857/1000] numerical=4.304236109 shared_exact=True fallback_exact=0
[858/1000] numerical=4.370342925 shared_exact=True fallback_exact=0
[859/1000] numerical=4.304670338 shared_exact=True fallback_exact=0
[860/1000] numerical=4.296135401 shared_exact=True fallback_exact=0
[861/1000] numerical=4.131900008 shared_exact=True fallback_exact=0
[862/1000] numerical=3.093150596 shared_exact=True fallback_exact=0
[863/1000] numerical=3.093156168 shared_exact=True fallback_exact=0
[864/1000] numerical=2.000000000 shared_exact=True fallback_exact=0
[865/1000] numerical=3.695954907 shared_exact=True fallback_exact=0
[866/1000] numerical=4.441230739 shared_exact=True fallback_exact=0
[867/1000] numerical=4.329782192 shared_exact=True fallback_exact=0
[868/1000] numerical=3.586551701 shared_exact=True fallback_exact=0
[869/1000] numerical=4.301302881 shared_exact=True fallback_exact=0
[870/1000] numerical=4.112724602 shared_exact=True fallback_exact=0
[871/1000] numerical=4.510475097 shared_exact=True fallback_exact=0
[872/1000] numerical=4.351612001 shared_exact=True fallback_exact=0
[873/1000] numerical=3.300611550 shared_exact=True fallback_exact=0
[874/1000] numerical=4.329788278 shared_exact=True fallback_exact=0
[875/1000] numerical=4.269052642 shared_exact=True fallback_exact=0
[876/1000] numerical=3.481265445 shared_exact=True fallback_exact=0
[877/1000] numerical=4.483088426 shared_exact=True fallback_exact=0
[878/1000] numerical=4.112724735 shared_exact=True fallback_exact=0
[879/1000] numerical=4.296009899 shared_exact=True fallback_exact=0
[880/1000] numerical=3.569670757 shared_exact=True fallback_exact=0
[881/1000] numerical=4.269058452 shared_exact=True fallback_exact=0
[882/1000] numerical=4.300831539 shared_exact=True fallback_exact=0
[883/1000] numerical=4.451095057 shared_exact=True fallback_exact=0
[884/1000] numerical=3.660381995 shared_exact=True fallback_exact=0
[885/1000] numerical=4.441096551 shared_exact=True fallback_exact=0
[886/1000] numerical=4.296010187 shared_exact=True fallback_exact=0
[887/1000] numerical=3.286838305 shared_exact=True fallback_exact=0
[888/1000] numerical=3.694961054 shared_exact=True fallback_exact=0
[889/1000] numerical=4.351485754 shared_exact=True fallback_exact=0
[890/1000] numerical=4.196270042 shared_exact=True fallback_exact=0
[891/1000] numerical=3.599981720 shared_exact=True fallback_exact=0
[892/1000] numerical=3.128334821 shared_exact=True fallback_exact=0
[893/1000] numerical=3.481284149 shared_exact=True fallback_exact=0
[894/1000] numerical=3.601548506 shared_exact=True fallback_exact=0
[895/1000] numerical=2.590949003 shared_exact=True fallback_exact=0
[896/1000] numerical=3.586686874 shared_exact=True fallback_exact=0
[897/1000] numerical=3.286838305 shared_exact=True fallback_exact=0
[898/1000] numerical=2.588217248 shared_exact=True fallback_exact=0
[899/1000] numerical=3.661602202 shared_exact=True fallback_exact=0
[900/1000] numerical=2.898225496 shared_exact=True fallback_exact=0
[901/1000] numerical=3.569670758 shared_exact=True fallback_exact=0
[902/1000] numerical=2.588217248 shared_exact=True fallback_exact=0
[903/1000] numerical=3.300884781 shared_exact=True fallback_exact=0
[904/1000] numerical=3.128373059 shared_exact=True fallback_exact=0
[905/1000] numerical=2.591031616 shared_exact=True fallback_exact=0
[906/1000] numerical=2.100565795 shared_exact=True fallback_exact=0
[907/1000] numerical=3.179302610 shared_exact=True fallback_exact=0
[908/1000] numerical=2.115403359 shared_exact=True fallback_exact=0
[909/1000] numerical=2.115403359 shared_exact=True fallback_exact=0
[910/1000] numerical=3.383968280 shared_exact=True fallback_exact=0
[911/1000] numerical=3.527286060 shared_exact=True fallback_exact=0
[912/1000] numerical=2.453200602 shared_exact=True fallback_exact=0
[913/1000] numerical=3.383968281 shared_exact=True fallback_exact=0
[914/1000] numerical=3.304433937 shared_exact=True fallback_exact=0
[915/1000] numerical=2.570177467 shared_exact=True fallback_exact=0
[916/1000] numerical=3.658480763 shared_exact=True fallback_exact=0
[917/1000] numerical=2.876453241 shared_exact=True fallback_exact=0
[918/1000] numerical=3.304459348 shared_exact=True fallback_exact=0
[919/1000] numerical=2.288311484 shared_exact=True fallback_exact=0
[920/1000] numerical=3.527286078 shared_exact=True fallback_exact=0
[921/1000] numerical=3.367353059 shared_exact=True fallback_exact=0
[922/1000] numerical=2.777794535 shared_exact=True fallback_exact=0
[923/1000] numerical=2.318250189 shared_exact=True fallback_exact=0
[924/1000] numerical=2.777801309 shared_exact=True fallback_exact=0
[925/1000] numerical=2.288311484 shared_exact=True fallback_exact=0
[926/1000] numerical=2.876483691 shared_exact=True fallback_exact=0
[927/1000] numerical=2.570177467 shared_exact=True fallback_exact=0
[928/1000] numerical=2.453200626 shared_exact=True fallback_exact=0
[929/1000] numerical=2.318250195 shared_exact=True fallback_exact=0
[930/1000] numerical=1.348383749 shared_exact=True fallback_exact=0
[931/1000] numerical=3.179303020 shared_exact=True fallback_exact=0
[932/1000] numerical=2.115403359 shared_exact=True fallback_exact=0
[933/1000] numerical=2.115407842 shared_exact=True fallback_exact=0
[934/1000] numerical=3.383968449 shared_exact=True fallback_exact=0
[935/1000] numerical=3.527289418 shared_exact=True fallback_exact=0
[936/1000] numerical=2.453200602 shared_exact=True fallback_exact=0
[937/1000] numerical=3.383968764 shared_exact=True fallback_exact=0
[938/1000] numerical=3.304433764 shared_exact=True fallback_exact=0
[939/1000] numerical=2.570177467 shared_exact=True fallback_exact=0
[940/1000] numerical=3.658480803 shared_exact=True fallback_exact=0
[941/1000] numerical=2.876452788 shared_exact=True fallback_exact=0
[942/1000] numerical=3.304444738 shared_exact=True fallback_exact=0
[943/1000] numerical=2.288311484 shared_exact=True fallback_exact=0
[944/1000] numerical=3.527288014 shared_exact=True fallback_exact=0
[945/1000] numerical=3.367396387 shared_exact=True fallback_exact=0
[946/1000] numerical=2.777794535 shared_exact=True fallback_exact=0
[947/1000] numerical=2.318250189 shared_exact=True fallback_exact=0
[948/1000] numerical=2.777795016 shared_exact=True fallback_exact=0
[949/1000] numerical=2.288311484 shared_exact=True fallback_exact=0
[950/1000] numerical=2.876631918 shared_exact=True fallback_exact=0
[951/1000] numerical=2.570177468 shared_exact=True fallback_exact=0
[952/1000] numerical=2.453201709 shared_exact=True fallback_exact=0
[953/1000] numerical=2.318255609 shared_exact=True fallback_exact=0
[954/1000] numerical=1.348383749 shared_exact=True fallback_exact=0
[955/1000] numerical=2.131900008 shared_exact=True fallback_exact=0
[956/1000] numerical=2.787491470 shared_exact=True fallback_exact=0
[957/1000] numerical=2.331256217 shared_exact=True fallback_exact=0
[958/1000] numerical=2.958713753 shared_exact=True fallback_exact=0
[959/1000] numerical=2.331256217 shared_exact=True fallback_exact=0
[960/1000] numerical=2.787495481 shared_exact=True fallback_exact=0
[961/1000] numerical=2.627662891 shared_exact=True fallback_exact=0
[962/1000] numerical=1.623242550 shared_exact=True fallback_exact=0
[963/1000] numerical=1.623242550 shared_exact=True fallback_exact=0
[964/1000] numerical=3.338648868 shared_exact=True fallback_exact=0
[965/1000] numerical=3.652298861 shared_exact=True fallback_exact=0
[966/1000] numerical=3.652421615 shared_exact=True fallback_exact=0
[967/1000] numerical=3.194325611 shared_exact=True fallback_exact=0
[968/1000] numerical=3.652246476 shared_exact=True fallback_exact=0
[969/1000] numerical=3.652387712 shared_exact=True fallback_exact=0
[970/1000] numerical=3.194328055 shared_exact=True fallback_exact=0
[971/1000] numerical=3.941338195 shared_exact=True fallback_exact=0
[972/1000] numerical=3.610087015 shared_exact=True fallback_exact=0
[973/1000] numerical=3.623404423 shared_exact=True fallback_exact=0
[974/1000] numerical=3.791162135 shared_exact=True fallback_exact=0
[975/1000] numerical=3.610198947 shared_exact=True fallback_exact=0
[976/1000] numerical=3.754409174 shared_exact=True fallback_exact=0
[977/1000] numerical=2.968820893 shared_exact=True fallback_exact=0
[978/1000] numerical=3.791162129 shared_exact=True fallback_exact=0
[979/1000] numerical=3.726909996 shared_exact=True fallback_exact=0
[980/1000] numerical=3.941338377 shared_exact=True fallback_exact=0
[981/1000] numerical=3.754409174 shared_exact=True fallback_exact=0
[982/1000] numerical=2.669330801 shared_exact=True fallback_exact=0
[983/1000] numerical=3.623402652 shared_exact=True fallback_exact=0
[984/1000] numerical=3.467708479 shared_exact=True fallback_exact=0
[985/1000] numerical=2.399421120 shared_exact=True fallback_exact=0
[986/1000] numerical=2.669330801 shared_exact=True fallback_exact=0
[987/1000] numerical=1.899761323 shared_exact=True fallback_exact=0
[988/1000] numerical=2.969096052 shared_exact=True fallback_exact=0
[989/1000] numerical=1.899761323 shared_exact=True fallback_exact=0
[990/1000] numerical=2.399421710 shared_exact=True fallback_exact=0
[991/1000] numerical=2.979605576 shared_exact=True fallback_exact=0
[992/1000] numerical=2.188262261 shared_exact=True fallback_exact=0
[993/1000] numerical=2.979605658 shared_exact=True fallback_exact=0
[994/1000] numerical=1.894378249 shared_exact=True fallback_exact=0
[995/1000] numerical=2.808164711 shared_exact=True fallback_exact=0
[996/1000] numerical=1.894378249 shared_exact=True fallback_exact=0
[997/1000] numerical=2.188263142 shared_exact=True fallback_exact=0
[998/1000] numerical=4.000000001 shared_exact=True fallback_exact=0
[999/1000] numerical=4.183447828 shared_exact=True fallback_exact=0
[1000/1000] numerical=3.978999717 shared_exact=True fallback_exact=0
checkpoint=/workspace/positive-square-energy/experiments/rank7_order8_chunk_014000_015000.r7o8g.xz.fragments/fragment-014500-015000.r7o8g.xz rows=500
attempts=1000 shared_exact=1000 templates=0 fallback_exact=0 structural=0 atoms=0 balanced=0 unresolved_targets=0
fragments=2 checkpoint_rows=500
raw_bytes=457156 xz_bytes=282704 elapsed_seconds=259.485089
sha256=7ef49463417ed18d0cc8a2d33c08f97cdeae2669decd0d4d6a094fc5f7e56828
full_theorem=false
[2026-08-15T00:35:44.339329+00:00] exit: 0
[2026-08-15T00:35:44.339516+00:00] exec: /opt/kortix/pyfloor/bin/python3 -u /workspace/positive-square-energy/experiments/rank7_order8_exact_rational.py --verify-pack /workspace/positive-square-energy/experiments/rank7_order8_chunk_014000_015000.r7o8g.xz --census-cache positive-square-energy/experiments/rank7_order8_rational_search_cache.r7o8c.xz
attempts=1000 shared_exact=1000 templates=0 fallback_exact=0 structural=0 atoms=0 balanced=0 exact_audit=true census_seconds=17.890552
full_theorem=false
[2026-08-15T00:36:24.575559+00:00] exit: 0
[2026-08-15T00:36:24.577445+00:00] shard=014000_015000 exact_audit=true sha256=7ef49463417ed18d0cc8a2d33c08f97cdeae2669decd0d4d6a094fc5f7e56828
