[2026-08-15T00:31:13.175432+00:00] shard=015000_016000 adopted_fragments=0
[2026-08-15T00:31:13.175499+00:00] exec: /opt/kortix/pyfloor/bin/python3 -u /workspace/positive-square-energy/experiments/rank7_order8_exact_rational.py --output /workspace/positive-square-energy/experiments/rank7_order8_chunk_015000_016000.r7o8g.xz --fragment-directory /workspace/positive-square-energy/experiments/rank7_order8_chunk_015000_016000.r7o8g.xz.fragments --census-cache positive-square-energy/experiments/rank7_order8_rational_search_cache.r7o8c.xz --start 15000 --count 1000 --checkpoint-rows 500 --progress
[1/1000] numerical=3.572071735 shared_exact=True fallback_exact=0
[2/1000] numerical=4.435533942 shared_exact=True fallback_exact=0
[3/1000] numerical=3.572119784 shared_exact=True fallback_exact=0
[4/1000] numerical=4.183518946 shared_exact=True fallback_exact=0
[5/1000] numerical=4.080116739 shared_exact=True fallback_exact=0
[6/1000] numerical=3.180691258 shared_exact=True fallback_exact=0
[7/1000] numerical=3.180691482 shared_exact=True fallback_exact=0
[8/1000] numerical=3.287244693 shared_exact=True fallback_exact=0
[9/1000] numerical=4.183447931 shared_exact=True fallback_exact=0
[10/1000] numerical=3.979001614 shared_exact=True fallback_exact=0
[11/1000] numerical=3.572069571 shared_exact=True fallback_exact=0
[12/1000] numerical=4.435533941 shared_exact=True fallback_exact=0
[13/1000] numerical=3.572080113 shared_exact=True fallback_exact=0
[14/1000] numerical=4.183663507 shared_exact=True fallback_exact=0
[15/1000] numerical=4.080117391 shared_exact=True fallback_exact=0
[16/1000] numerical=3.180691258 shared_exact=True fallback_exact=0
[17/1000] numerical=3.180691404 shared_exact=True fallback_exact=0
[18/1000] numerical=3.287231664 shared_exact=True fallback_exact=0
[19/1000] numerical=3.357657366 shared_exact=True fallback_exact=0
[20/1000] numerical=3.421550877 shared_exact=True fallback_exact=0
[21/1000] numerical=3.614226389 shared_exact=True fallback_exact=0
[22/1000] numerical=3.527887755 shared_exact=True fallback_exact=0
[23/1000] numerical=3.422188441 shared_exact=True fallback_exact=0
[24/1000] numerical=4.113019812 shared_exact=True fallback_exact=0
[25/1000] numerical=3.203091100 shared_exact=True fallback_exact=0
[26/1000] numerical=4.239556972 shared_exact=True fallback_exact=0
[27/1000] numerical=4.093567535 shared_exact=True fallback_exact=0
[28/1000] numerical=3.128838661 shared_exact=True fallback_exact=0
[29/1000] numerical=3.553520494 shared_exact=True fallback_exact=0
[30/1000] numerical=3.422182544 shared_exact=True fallback_exact=0
[31/1000] numerical=3.357065412 shared_exact=True fallback_exact=0
[32/1000] numerical=3.614226374 shared_exact=True fallback_exact=0
[33/1000] numerical=3.817057844 shared_exact=True fallback_exact=0
[34/1000] numerical=3.140264142 shared_exact=True fallback_exact=0
[35/1000] numerical=3.203115460 shared_exact=True fallback_exact=0
[36/1000] numerical=3.403692978 shared_exact=True fallback_exact=0
[37/1000] numerical=2.745197520 shared_exact=True fallback_exact=0
[38/1000] numerical=3.357065026 shared_exact=True fallback_exact=0
[39/1000] numerical=4.112887384 shared_exact=True fallback_exact=0
[40/1000] numerical=4.350409638 shared_exact=True fallback_exact=0
[41/1000] numerical=3.645771188 shared_exact=True fallback_exact=0
[42/1000] numerical=3.527932141 shared_exact=True fallback_exact=0
[43/1000] numerical=3.403692981 shared_exact=True fallback_exact=0
[44/1000] numerical=2.473344619 shared_exact=True fallback_exact=0
[45/1000] numerical=3.421415357 shared_exact=True fallback_exact=0
[46/1000] numerical=4.093616620 shared_exact=True fallback_exact=0
[47/1000] numerical=4.000000001 shared_exact=True fallback_exact=0
[48/1000] numerical=3.328706225 shared_exact=True fallback_exact=0
[49/1000] numerical=3.112426348 shared_exact=True fallback_exact=0
[50/1000] numerical=3.328727929 shared_exact=True fallback_exact=0
[51/1000] numerical=3.140264142 shared_exact=True fallback_exact=0
[52/1000] numerical=2.501961221 shared_exact=True fallback_exact=0
[53/1000] numerical=2.473344619 shared_exact=True fallback_exact=0
[54/1000] numerical=3.645771188 shared_exact=True fallback_exact=0
[55/1000] numerical=2.745197520 shared_exact=True fallback_exact=0
[56/1000] numerical=3.128844886 shared_exact=True fallback_exact=0
[57/1000] numerical=3.112426348 shared_exact=True fallback_exact=0
[58/1000] numerical=2.306332486 shared_exact=True fallback_exact=0
[59/1000] numerical=3.174518881 shared_exact=True fallback_exact=0
[60/1000] numerical=2.768907991 shared_exact=True fallback_exact=0
[61/1000] numerical=2.087615903 shared_exact=True fallback_exact=0
[62/1000] numerical=2.364082394 shared_exact=True fallback_exact=0
[63/1000] numerical=3.433856041 shared_exact=True fallback_exact=0
[64/1000] numerical=2.364082394 shared_exact=True fallback_exact=0
[65/1000] numerical=3.174524238 shared_exact=True fallback_exact=0
[66/1000] numerical=3.093419136 shared_exact=True fallback_exact=0
[67/1000] numerical=2.220257822 shared_exact=True fallback_exact=0
[68/1000] numerical=2.087615902 shared_exact=True fallback_exact=0
[69/1000] numerical=2.220257822 shared_exact=True fallback_exact=0
[70/1000] numerical=3.311204165 shared_exact=True fallback_exact=0
[71/1000] numerical=3.586292770 shared_exact=True fallback_exact=0
[72/1000] numerical=3.547823308 shared_exact=True fallback_exact=0
[73/1000] numerical=3.405087515 shared_exact=True fallback_exact=0
[74/1000] numerical=3.199158785 shared_exact=True fallback_exact=0
[75/1000] numerical=3.586292770 shared_exact=True fallback_exact=0
[76/1000] numerical=3.547823308 shared_exact=True fallback_exact=0
[77/1000] numerical=3.405087515 shared_exact=True fallback_exact=0
[78/1000] numerical=3.199158784 shared_exact=True fallback_exact=0
[79/1000] numerical=3.613284296 shared_exact=True fallback_exact=0
[80/1000] numerical=3.764738198 shared_exact=True fallback_exact=0
[81/1000] numerical=3.714295063 shared_exact=True fallback_exact=0
[82/1000] numerical=3.570287281 shared_exact=True fallback_exact=0
[83/1000] numerical=3.613284296 shared_exact=True fallback_exact=0
[84/1000] numerical=3.717783100 shared_exact=True fallback_exact=0
[85/1000] numerical=3.681939288 shared_exact=True fallback_exact=0
[86/1000] numerical=2.876702713 shared_exact=True fallback_exact=0
[87/1000] numerical=3.764738196 shared_exact=True fallback_exact=0
[88/1000] numerical=3.645011582 shared_exact=True fallback_exact=0
[89/1000] numerical=3.630016131 shared_exact=True fallback_exact=0
[90/1000] numerical=2.842483477 shared_exact=True fallback_exact=0
[91/1000] numerical=3.714295115 shared_exact=True fallback_exact=0
[92/1000] numerical=3.570287318 shared_exact=True fallback_exact=0
[93/1000] numerical=3.002087863 shared_exact=True fallback_exact=0
[94/1000] numerical=3.565794405 shared_exact=True fallback_exact=0
[95/1000] numerical=3.411461507 shared_exact=True fallback_exact=0
[96/1000] numerical=2.861076921 shared_exact=True fallback_exact=0
[97/1000] numerical=2.461876519 shared_exact=True fallback_exact=0
[98/1000] numerical=2.900433352 shared_exact=True fallback_exact=0
[99/1000] numerical=2.071981907 shared_exact=True fallback_exact=0
[100/1000] numerical=2.639333082 shared_exact=True fallback_exact=0
[101/1000] numerical=1.866878983 shared_exact=True fallback_exact=0
[102/1000] numerical=2.556264197 shared_exact=True fallback_exact=0
[103/1000] numerical=2.385467447 shared_exact=True fallback_exact=0
[104/1000] numerical=1.866121713 shared_exact=True fallback_exact=0
[105/1000] numerical=2.931922956 shared_exact=True fallback_exact=0
[106/1000] numerical=2.174252488 shared_exact=True fallback_exact=0
[107/1000] numerical=2.868076598 shared_exact=True fallback_exact=0
[108/1000] numerical=2.129604541 shared_exact=True fallback_exact=0
[109/1000] numerical=2.861076921 shared_exact=True fallback_exact=0
[110/1000] numerical=2.744286485 shared_exact=True fallback_exact=0
[111/1000] numerical=2.125831202 shared_exact=True fallback_exact=0
[112/1000] numerical=2.163616474 shared_exact=True fallback_exact=0
[113/1000] numerical=1.868759899 shared_exact=True fallback_exact=0
[114/1000] numerical=1.866121713 shared_exact=True fallback_exact=0
[115/1000] numerical=4.199430685 shared_exact=True fallback_exact=0
[116/1000] numerical=4.349622581 shared_exact=True fallback_exact=0
[117/1000] numerical=4.040662042 shared_exact=True fallback_exact=0
[118/1000] numerical=3.931058251 shared_exact=True fallback_exact=0
[119/1000] numerical=3.789287431 shared_exact=True fallback_exact=0
[120/1000] numerical=4.349622559 shared_exact=True fallback_exact=0
[121/1000] numerical=4.080281973 shared_exact=True fallback_exact=0
[122/1000] numerical=4.253451482 shared_exact=True fallback_exact=0
[123/1000] numerical=3.671778661 shared_exact=True fallback_exact=0
[124/1000] numerical=3.325573896 shared_exact=True fallback_exact=0
[125/1000] numerical=3.440379825 shared_exact=True fallback_exact=0
[126/1000] numerical=4.349622556 shared_exact=True fallback_exact=0
[127/1000] numerical=4.040662022 shared_exact=True fallback_exact=0
[128/1000] numerical=3.931058250 shared_exact=True fallback_exact=0
[129/1000] numerical=3.789287431 shared_exact=True fallback_exact=0
[130/1000] numerical=4.349622544 shared_exact=True fallback_exact=0
[131/1000] numerical=4.080281964 shared_exact=True fallback_exact=0
[132/1000] numerical=4.253451483 shared_exact=True fallback_exact=0
[133/1000] numerical=3.671778661 shared_exact=True fallback_exact=0
[134/1000] numerical=3.325573896 shared_exact=True fallback_exact=0
[135/1000] numerical=3.440379854 shared_exact=True fallback_exact=0
[136/1000] numerical=3.500738194 shared_exact=True fallback_exact=0
[137/1000] numerical=3.865010285 shared_exact=True fallback_exact=0
[138/1000] numerical=3.748983683 shared_exact=True fallback_exact=0
[139/1000] numerical=3.644977741 shared_exact=True fallback_exact=0
[140/1000] numerical=3.848990142 shared_exact=True fallback_exact=0
[141/1000] numerical=4.200622067 shared_exact=True fallback_exact=0
[142/1000] numerical=4.079870668 shared_exact=True fallback_exact=0
[143/1000] numerical=4.293284444 shared_exact=True fallback_exact=0
[144/1000] numerical=3.735985413 shared_exact=True fallback_exact=0
[145/1000] numerical=3.509759918 shared_exact=True fallback_exact=0
[146/1000] numerical=3.585117898 shared_exact=True fallback_exact=0
[147/1000] numerical=3.865010286 shared_exact=True fallback_exact=0
[148/1000] numerical=3.622483515 shared_exact=True fallback_exact=0
[149/1000] numerical=3.957072988 shared_exact=True fallback_exact=0
[150/1000] numerical=3.450125604 shared_exact=True fallback_exact=0
[151/1000] numerical=3.644977741 shared_exact=True fallback_exact=0
[152/1000] numerical=3.428888617 shared_exact=True fallback_exact=0
[153/1000] numerical=3.832451179 shared_exact=True fallback_exact=0
[154/1000] numerical=3.355803019 shared_exact=True fallback_exact=0
[155/1000] numerical=3.848991462 shared_exact=True fallback_exact=0
[156/1000] numerical=3.219447917 shared_exact=True fallback_exact=0
[157/1000] numerical=3.681413322 shared_exact=True fallback_exact=0
[158/1000] numerical=3.223493506 shared_exact=True fallback_exact=0
[159/1000] numerical=4.079864998 shared_exact=True fallback_exact=0
[160/1000] numerical=4.293284445 shared_exact=True fallback_exact=0
[161/1000] numerical=3.735985413 shared_exact=True fallback_exact=0
[162/1000] numerical=3.358457478 shared_exact=True fallback_exact=0
[163/1000] numerical=3.125698021 shared_exact=True fallback_exact=0
[164/1000] numerical=4.000000198 shared_exact=True fallback_exact=0
[165/1000] numerical=4.200940655 shared_exact=True fallback_exact=0
[166/1000] numerical=3.093676017 shared_exact=True fallback_exact=0
[167/1000] numerical=3.636657831 shared_exact=True fallback_exact=0
[168/1000] numerical=3.187555583 shared_exact=True fallback_exact=0
[169/1000] numerical=2.688563707 shared_exact=True fallback_exact=0
[170/1000] numerical=3.136547748 shared_exact=True fallback_exact=0
[171/1000] numerical=2.636743589 shared_exact=True fallback_exact=0
[172/1000] numerical=3.509759906 shared_exact=True fallback_exact=0
[173/1000] numerical=3.093027309 shared_exact=True fallback_exact=0
[174/1000] numerical=3.278201096 shared_exact=True fallback_exact=0
[175/1000] numerical=2.704597797 shared_exact=True fallback_exact=0
[176/1000] numerical=3.417460186 shared_exact=True fallback_exact=0
[177/1000] numerical=3.046298561 shared_exact=True fallback_exact=0
[178/1000] numerical=2.566971085 shared_exact=True fallback_exact=0
[179/1000] numerical=2.903266656 shared_exact=True fallback_exact=0
[180/1000] numerical=2.739796713 shared_exact=True fallback_exact=0
[181/1000] numerical=3.417460186 shared_exact=True fallback_exact=0
[182/1000] numerical=3.093676527 shared_exact=True fallback_exact=0
[183/1000] numerical=3.329603397 shared_exact=True fallback_exact=0
[184/1000] numerical=2.785127304 shared_exact=True fallback_exact=0
[185/1000] numerical=2.271679143 shared_exact=True fallback_exact=0
[186/1000] numerical=2.412762961 shared_exact=True fallback_exact=0
[187/1000] numerical=3.401571059 shared_exact=True fallback_exact=0
[188/1000] numerical=3.496743295 shared_exact=True fallback_exact=0
[189/1000] numerical=3.456910947 shared_exact=True fallback_exact=0
[190/1000] numerical=3.197093228 shared_exact=True fallback_exact=0
[191/1000] numerical=3.552719974 shared_exact=True fallback_exact=0
[192/1000] numerical=3.685655912 shared_exact=True fallback_exact=0
[193/1000] numerical=3.730531463 shared_exact=True fallback_exact=0
[194/1000] numerical=3.600088561 shared_exact=True fallback_exact=0
[195/1000] numerical=3.769753925 shared_exact=True fallback_exact=0
[196/1000] numerical=3.509857279 shared_exact=True fallback_exact=0
[197/1000] numerical=3.865484404 shared_exact=True fallback_exact=0
[198/1000] numerical=3.671826947 shared_exact=True fallback_exact=0
[199/1000] numerical=2.597686302 shared_exact=True fallback_exact=0
[200/1000] numerical=2.846324995 shared_exact=True fallback_exact=0
[201/1000] numerical=2.893253769 shared_exact=True fallback_exact=0
[202/1000] numerical=3.566549818 shared_exact=True fallback_exact=0
[203/1000] numerical=3.639024689 shared_exact=True fallback_exact=0
[204/1000] numerical=3.822821430 shared_exact=True fallback_exact=0
[205/1000] numerical=3.687762840 shared_exact=True fallback_exact=0
[206/1000] numerical=3.562131843 shared_exact=True fallback_exact=0
[207/1000] numerical=3.730852304 shared_exact=True fallback_exact=0
[208/1000] numerical=3.698512334 shared_exact=True fallback_exact=0
[209/1000] numerical=3.593757098 shared_exact=True fallback_exact=0
[210/1000] numerical=2.688837454 shared_exact=True fallback_exact=0
[211/1000] numerical=2.756234401 shared_exact=True fallback_exact=0
[212/1000] numerical=2.805911350 shared_exact=True fallback_exact=0
[213/1000] numerical=2.196035598 shared_exact=True fallback_exact=0
[214/1000] numerical=3.434758343 shared_exact=True fallback_exact=0
[215/1000] numerical=3.415744492 shared_exact=True fallback_exact=0
[216/1000] numerical=3.589497652 shared_exact=True fallback_exact=0
[217/1000] numerical=3.558890446 shared_exact=True fallback_exact=0
[218/1000] numerical=3.364775875 shared_exact=True fallback_exact=0
[219/1000] numerical=3.211413271 shared_exact=True fallback_exact=0
[220/1000] numerical=2.191129504 shared_exact=True fallback_exact=0
[221/1000] numerical=2.114580293 shared_exact=True fallback_exact=0
[222/1000] numerical=3.563063757 shared_exact=True fallback_exact=0
[223/1000] numerical=3.538032912 shared_exact=True fallback_exact=0
[224/1000] numerical=3.869276823 shared_exact=True fallback_exact=0
[225/1000] numerical=3.640275030 shared_exact=True fallback_exact=0
[226/1000] numerical=3.779676618 shared_exact=True fallback_exact=0
[227/1000] numerical=3.710205372 shared_exact=True fallback_exact=0
[228/1000] numerical=2.765145907 shared_exact=True fallback_exact=0
[229/1000] numerical=3.066426553 shared_exact=True fallback_exact=0
[230/1000] numerical=3.249651681 shared_exact=True fallback_exact=0
[231/1000] numerical=3.568076134 shared_exact=True fallback_exact=0
[232/1000] numerical=3.551234842 shared_exact=True fallback_exact=0
[233/1000] numerical=3.805080985 shared_exact=True fallback_exact=0
[234/1000] numerical=3.192581821 shared_exact=True fallback_exact=0
[235/1000] numerical=3.358963441 shared_exact=True fallback_exact=0
[236/1000] numerical=2.676565300 shared_exact=True fallback_exact=0
[237/1000] numerical=3.362751835 shared_exact=True fallback_exact=0
[238/1000] numerical=3.594932733 shared_exact=True fallback_exact=0
[239/1000] numerical=3.763657844 shared_exact=True fallback_exact=0
[240/1000] numerical=3.094120570 shared_exact=True fallback_exact=0
[241/1000] numerical=3.685186596 shared_exact=True fallback_exact=0
[242/1000] numerical=3.593141681 shared_exact=True fallback_exact=0
[243/1000] numerical=2.703640774 shared_exact=True fallback_exact=0
[244/1000] numerical=2.853924369 shared_exact=True fallback_exact=0
[245/1000] numerical=3.555730883 shared_exact=True fallback_exact=0
[246/1000] numerical=3.479106936 shared_exact=True fallback_exact=0
[247/1000] numerical=2.772251482 shared_exact=True fallback_exact=0
[248/1000] numerical=2.541244761 shared_exact=True fallback_exact=0
[249/1000] numerical=2.301256293 shared_exact=True fallback_exact=0
[250/1000] numerical=2.864503532 shared_exact=True fallback_exact=0
[251/1000] numerical=2.753359881 shared_exact=True fallback_exact=0
[252/1000] numerical=2.463061260 shared_exact=True fallback_exact=0
[253/1000] numerical=2.355980582 shared_exact=True fallback_exact=0
[254/1000] numerical=1.448912404 shared_exact=True fallback_exact=0
[255/1000] numerical=2.193354454 shared_exact=True fallback_exact=0
[256/1000] numerical=3.070429786 shared_exact=True fallback_exact=0
[257/1000] numerical=2.480444756 shared_exact=True fallback_exact=0
[258/1000] numerical=3.089707600 shared_exact=True fallback_exact=0
[259/1000] numerical=2.811651363 shared_exact=True fallback_exact=0
[260/1000] numerical=2.882071428 shared_exact=True fallback_exact=0
[261/1000] numerical=2.838968411 shared_exact=True fallback_exact=0
[262/1000] numerical=1.955758061 shared_exact=True fallback_exact=0
[263/1000] numerical=1.716704663 shared_exact=True fallback_exact=0
[264/1000] numerical=2.838207505 shared_exact=True fallback_exact=0
[265/1000] numerical=2.765563576 shared_exact=True fallback_exact=0
[266/1000] numerical=2.764742311 shared_exact=True fallback_exact=0
[267/1000] numerical=2.653985284 shared_exact=True fallback_exact=0
[268/1000] numerical=2.194055584 shared_exact=True fallback_exact=0
[269/1000] numerical=2.880652614 shared_exact=True fallback_exact=0
[270/1000] numerical=3.401459768 shared_exact=True fallback_exact=0
[271/1000] numerical=3.191207930 shared_exact=True fallback_exact=0
[272/1000] numerical=3.351698936 shared_exact=True fallback_exact=0
[273/1000] numerical=3.167836053 shared_exact=True fallback_exact=0
[274/1000] numerical=3.518748677 shared_exact=True fallback_exact=0
[275/1000] numerical=3.409274635 shared_exact=True fallback_exact=0
[276/1000] numerical=2.458471746 shared_exact=True fallback_exact=0
[277/1000] numerical=2.605055433 shared_exact=True fallback_exact=0
[278/1000] numerical=3.360706545 shared_exact=True fallback_exact=0
[279/1000] numerical=3.027270822 shared_exact=True fallback_exact=0
[280/1000] numerical=3.059864760 shared_exact=True fallback_exact=0
[281/1000] numerical=2.937445974 shared_exact=True fallback_exact=0
[282/1000] numerical=3.387386139 shared_exact=True fallback_exact=0
[283/1000] numerical=2.847858198 shared_exact=True fallback_exact=0
[284/1000] numerical=3.071814405 shared_exact=True fallback_exact=0
[285/1000] numerical=2.866347982 shared_exact=True fallback_exact=0
[286/1000] numerical=1.815928213 shared_exact=True fallback_exact=0
[287/1000] numerical=1.817731348 shared_exact=True fallback_exact=0
[288/1000] numerical=2.977868719 shared_exact=True fallback_exact=0
[289/1000] numerical=3.086196749 shared_exact=True fallback_exact=0
[290/1000] numerical=2.792276166 shared_exact=True fallback_exact=0
[291/1000] numerical=3.262598614 shared_exact=True fallback_exact=0
[292/1000] numerical=2.474800965 shared_exact=True fallback_exact=0
[293/1000] numerical=3.118601096 shared_exact=True fallback_exact=0
[294/1000] numerical=2.892202849 shared_exact=True fallback_exact=0
[295/1000] numerical=1.809927832 shared_exact=True fallback_exact=0
[296/1000] numerical=2.010895043 shared_exact=True fallback_exact=0
[297/1000] numerical=3.356092585 shared_exact=True fallback_exact=0
[298/1000] numerical=3.067193368 shared_exact=True fallback_exact=0
[299/1000] numerical=3.757619177 shared_exact=True fallback_exact=0
[300/1000] numerical=2.696819941 shared_exact=True fallback_exact=0
[301/1000] numerical=3.586644672 shared_exact=True fallback_exact=0
[302/1000] numerical=3.786267142 shared_exact=True fallback_exact=0
[303/1000] numerical=3.339132712 shared_exact=True fallback_exact=0
[304/1000] numerical=3.812204178 shared_exact=True fallback_exact=0
[305/1000] numerical=3.317576463 shared_exact=True fallback_exact=0
[306/1000] numerical=3.545854494 shared_exact=True fallback_exact=0
[307/1000] numerical=3.381300054 shared_exact=True fallback_exact=0
[308/1000] numerical=2.393453269 shared_exact=True fallback_exact=0
[309/1000] numerical=2.304625285 shared_exact=True fallback_exact=0
[310/1000] numerical=2.738402769 shared_exact=True fallback_exact=0
[311/1000] numerical=2.789548426 shared_exact=True fallback_exact=0
[312/1000] numerical=2.542078135 shared_exact=True fallback_exact=0
[313/1000] numerical=2.371684724 shared_exact=True fallback_exact=0
[314/1000] numerical=2.172447784 shared_exact=True fallback_exact=0
[315/1000] numerical=2.974169662 shared_exact=True fallback_exact=0
[316/1000] numerical=3.081134377 shared_exact=True fallback_exact=0
[317/1000] numerical=2.941538318 shared_exact=True fallback_exact=0
[318/1000] numerical=3.379263471 shared_exact=True fallback_exact=0
[319/1000] numerical=2.890359878 shared_exact=True fallback_exact=0
[320/1000] numerical=2.803485492 shared_exact=True fallback_exact=0
[321/1000] numerical=1.931488967 shared_exact=True fallback_exact=0
[322/1000] numerical=1.793890711 shared_exact=True fallback_exact=0
[323/1000] numerical=2.888083391 shared_exact=True fallback_exact=0
[324/1000] numerical=3.201671218 shared_exact=True fallback_exact=0
[325/1000] numerical=3.083607533 shared_exact=True fallback_exact=0
[326/1000] numerical=2.679225588 shared_exact=True fallback_exact=0
[327/1000] numerical=3.266610639 shared_exact=True fallback_exact=0
[328/1000] numerical=2.844942940 shared_exact=True fallback_exact=0
[329/1000] numerical=2.823194582 shared_exact=True fallback_exact=0
[330/1000] numerical=2.026883731 shared_exact=True fallback_exact=0
[331/1000] numerical=1.967349990 shared_exact=True fallback_exact=0
[332/1000] numerical=2.615889562 shared_exact=True fallback_exact=0
[333/1000] numerical=3.561935808 shared_exact=True fallback_exact=0
[334/1000] numerical=3.753207552 shared_exact=True fallback_exact=0
[335/1000] numerical=3.505937605 shared_exact=True fallback_exact=0
[336/1000] numerical=3.503661055 shared_exact=True fallback_exact=0
[337/1000] numerical=3.762217905 shared_exact=True fallback_exact=0
[338/1000] numerical=3.418317720 shared_exact=True fallback_exact=0
[339/1000] numerical=3.359076914 shared_exact=True fallback_exact=0
[340/1000] numerical=2.512699114 shared_exact=True fallback_exact=0
[341/1000] numerical=2.297866323 shared_exact=True fallback_exact=0
[342/1000] numerical=2.388323027 shared_exact=True fallback_exact=0
[343/1000] numerical=2.879279015 shared_exact=True fallback_exact=0
[344/1000] numerical=2.630510282 shared_exact=True fallback_exact=0
[345/1000] numerical=2.736429825 shared_exact=True fallback_exact=0
[346/1000] numerical=2.410488050 shared_exact=True fallback_exact=0
[347/1000] numerical=2.192781717 shared_exact=True fallback_exact=0
[348/1000] numerical=1.120112122 shared_exact=True fallback_exact=0
[349/1000] numerical=1.137681516 shared_exact=True fallback_exact=0
[350/1000] numerical=3.999596630 shared_exact=True fallback_exact=0
[351/1000] numerical=3.804654286 shared_exact=True fallback_exact=0
[352/1000] numerical=3.336582313 shared_exact=True fallback_exact=0
[353/1000] numerical=3.312460668 shared_exact=True fallback_exact=0
[354/1000] numerical=3.562121150 shared_exact=True fallback_exact=0
[355/1000] numerical=3.392398289 shared_exact=True fallback_exact=0
[356/1000] numerical=2.415542024 shared_exact=True fallback_exact=0
[357/1000] numerical=2.618883418 shared_exact=True fallback_exact=0
[358/1000] numerical=2.706150691 shared_exact=True fallback_exact=0
[359/1000] numerical=3.750229323 shared_exact=True fallback_exact=0
[360/1000] numerical=3.582170047 shared_exact=True fallback_exact=0
[361/1000] numerical=3.554414873 shared_exact=True fallback_exact=0
[362/1000] numerical=3.964754496 shared_exact=True fallback_exact=0
[363/1000] numerical=3.929401222 shared_exact=True fallback_exact=0
[364/1000] numerical=3.088653841 shared_exact=True fallback_exact=0
[365/1000] numerical=3.883924530 shared_exact=True fallback_exact=0
[366/1000] numerical=3.548531534 shared_exact=True fallback_exact=0
[367/1000] numerical=3.497736393 shared_exact=True fallback_exact=0
[368/1000] numerical=2.672103135 shared_exact=True fallback_exact=0
[369/1000] numerical=3.744670314 shared_exact=True fallback_exact=0
[370/1000] numerical=3.540715022 shared_exact=True fallback_exact=0
[371/1000] numerical=2.511981399 shared_exact=True fallback_exact=0
[372/1000] numerical=3.004078657 shared_exact=True fallback_exact=0
[373/1000] numerical=3.504142696 shared_exact=True fallback_exact=0
[374/1000] numerical=3.310309736 shared_exact=True fallback_exact=0
[375/1000] numerical=2.834550776 shared_exact=True fallback_exact=0
[376/1000] numerical=2.297163076 shared_exact=True fallback_exact=0
[377/1000] numerical=3.056018308 shared_exact=True fallback_exact=0
[378/1000] numerical=2.821369556 shared_exact=True fallback_exact=0
[379/1000] numerical=2.901855094 shared_exact=True fallback_exact=0
[380/1000] numerical=2.656510238 shared_exact=True fallback_exact=0
[381/1000] numerical=2.436035120 shared_exact=True fallback_exact=0
[382/1000] numerical=1.375098015 shared_exact=True fallback_exact=0
[383/1000] numerical=3.667507573 shared_exact=True fallback_exact=0
[384/1000] numerical=3.662789492 shared_exact=True fallback_exact=0
[385/1000] numerical=3.138509703 shared_exact=True fallback_exact=0
[386/1000] numerical=3.667506033 shared_exact=True fallback_exact=0
[387/1000] numerical=3.662804803 shared_exact=True fallback_exact=0
[388/1000] numerical=3.138509703 shared_exact=True fallback_exact=0
[389/1000] numerical=3.863283250 shared_exact=True fallback_exact=0
[390/1000] numerical=3.681202020 shared_exact=True fallback_exact=0
[391/1000] numerical=3.442562210 shared_exact=True fallback_exact=0
[392/1000] numerical=3.843463152 shared_exact=True fallback_exact=0
[393/1000] numerical=3.543674085 shared_exact=True fallback_exact=0
[394/1000] numerical=3.677485712 shared_exact=True fallback_exact=0
[395/1000] numerical=2.989942578 shared_exact=True fallback_exact=0
[396/1000] numerical=3.729481041 shared_exact=True fallback_exact=0
[397/1000] numerical=3.402461651 shared_exact=True fallback_exact=0
[398/1000] numerical=3.958258391 shared_exact=True fallback_exact=0
[399/1000] numerical=3.845654832 shared_exact=True fallback_exact=0
[400/1000] numerical=2.929064984 shared_exact=True fallback_exact=0
[401/1000] numerical=3.403920173 shared_exact=True fallback_exact=0
[402/1000] numerical=3.301686205 shared_exact=True fallback_exact=0
[403/1000] numerical=2.409324333 shared_exact=True fallback_exact=0
[404/1000] numerical=2.643388613 shared_exact=True fallback_exact=0
[405/1000] numerical=1.905689595 shared_exact=True fallback_exact=0
[406/1000] numerical=3.098640771 shared_exact=True fallback_exact=0
[407/1000] numerical=2.167354661 shared_exact=True fallback_exact=0
[408/1000] numerical=2.329728749 shared_exact=True fallback_exact=0
[409/1000] numerical=2.847735904 shared_exact=True fallback_exact=0
[410/1000] numerical=2.219718802 shared_exact=True fallback_exact=0
[411/1000] numerical=3.148278529 shared_exact=True fallback_exact=0
[412/1000] numerical=2.297987940 shared_exact=True fallback_exact=0
[413/1000] numerical=2.596065788 shared_exact=True fallback_exact=0
[414/1000] numerical=1.843750242 shared_exact=True fallback_exact=0
[415/1000] numerical=2.411479767 shared_exact=True fallback_exact=0
[416/1000] numerical=4.058594967 shared_exact=True fallback_exact=0
[417/1000] numerical=4.095798705 shared_exact=True fallback_exact=0
[418/1000] numerical=3.792315441 shared_exact=True fallback_exact=0
[419/1000] numerical=3.395829750 shared_exact=True fallback_exact=0
[420/1000] numerical=4.377548078 shared_exact=True fallback_exact=0
[421/1000] numerical=3.356110440 shared_exact=True fallback_exact=0
[422/1000] numerical=4.097825238 shared_exact=True fallback_exact=0
[423/1000] numerical=4.000000027 shared_exact=True fallback_exact=0
[424/1000] numerical=3.118647165 shared_exact=True fallback_exact=0
[425/1000] numerical=3.115771592 shared_exact=True fallback_exact=0
[426/1000] numerical=3.065554309 shared_exact=True fallback_exact=0
[427/1000] numerical=4.095798711 shared_exact=True fallback_exact=0
[428/1000] numerical=3.792315441 shared_exact=True fallback_exact=0
[429/1000] numerical=3.395829750 shared_exact=True fallback_exact=0
[430/1000] numerical=4.377548078 shared_exact=True fallback_exact=0
[431/1000] numerical=3.356110440 shared_exact=True fallback_exact=0
[432/1000] numerical=4.097825225 shared_exact=True fallback_exact=0
[433/1000] numerical=4.000000011 shared_exact=True fallback_exact=0
[434/1000] numerical=3.118647165 shared_exact=True fallback_exact=0
[435/1000] numerical=3.115771591 shared_exact=True fallback_exact=0
[436/1000] numerical=3.065554342 shared_exact=True fallback_exact=0
[437/1000] numerical=3.079877140 shared_exact=True fallback_exact=0
[438/1000] numerical=3.629040143 shared_exact=True fallback_exact=0
[439/1000] numerical=3.475785376 shared_exact=True fallback_exact=0
[440/1000] numerical=3.355442909 shared_exact=True fallback_exact=0
[441/1000] numerical=4.137270101 shared_exact=True fallback_exact=0
[442/1000] numerical=3.291020935 shared_exact=True fallback_exact=0
[443/1000] numerical=4.325131639 shared_exact=True fallback_exact=0
[444/1000] numerical=4.238218471 shared_exact=True fallback_exact=0
[445/1000] numerical=3.372252330 shared_exact=True fallback_exact=0
[446/1000] numerical=3.511692831 shared_exact=True fallback_exact=0
[447/1000] numerical=3.624307266 shared_exact=True fallback_exact=0
[448/1000] numerical=3.610301456 shared_exact=True fallback_exact=0
[449/1000] numerical=3.350365266 shared_exact=True fallback_exact=0
[450/1000] numerical=3.366806422 shared_exact=True fallback_exact=0
[451/1000] numerical=3.590985315 shared_exact=True fallback_exact=0
[452/1000] numerical=3.776912561 shared_exact=True fallback_exact=0
[453/1000] numerical=3.134760123 shared_exact=True fallback_exact=0
[454/1000] numerical=3.122509542 shared_exact=True fallback_exact=0
[455/1000] numerical=3.362921565 shared_exact=True fallback_exact=0
[456/1000] numerical=2.750523071 shared_exact=True fallback_exact=0
[457/1000] numerical=3.302410265 shared_exact=True fallback_exact=0
[458/1000] numerical=4.128904079 shared_exact=True fallback_exact=0
[459/1000] numerical=4.363094088 shared_exact=True fallback_exact=0
[460/1000] numerical=3.713468538 shared_exact=True fallback_exact=0
[461/1000] numerical=3.520242894 shared_exact=True fallback_exact=0
[462/1000] numerical=3.467666264 shared_exact=True fallback_exact=0
[463/1000] numerical=2.640992510 shared_exact=True fallback_exact=0
[464/1000] numerical=3.437605632 shared_exact=True fallback_exact=0
[465/1000] numerical=4.148550471 shared_exact=True fallback_exact=0
[466/1000] numerical=4.103117915 shared_exact=True fallback_exact=0
[467/1000] numerical=3.357405607 shared_exact=True fallback_exact=0
[468/1000] numerical=3.288017683 shared_exact=True fallback_exact=0
[469/1000] numerical=3.091470178 shared_exact=True fallback_exact=0
[470/1000] numerical=2.493533496 shared_exact=True fallback_exact=0
[471/1000] numerical=2.447080048 shared_exact=True fallback_exact=0
[472/1000] numerical=3.652168467 shared_exact=True fallback_exact=0
[473/1000] numerical=2.796518931 shared_exact=True fallback_exact=0
[474/1000] numerical=3.150679242 shared_exact=True fallback_exact=0
[475/1000] numerical=3.172284284 shared_exact=True fallback_exact=0
[476/1000] numerical=2.420906302 shared_exact=True fallback_exact=0
[477/1000] numerical=3.521325057 shared_exact=True fallback_exact=0
[478/1000] numerical=2.925728185 shared_exact=True fallback_exact=0
[479/1000] numerical=2.335541322 shared_exact=True fallback_exact=0
[480/1000] numerical=2.494049265 shared_exact=True fallback_exact=0
[481/1000] numerical=3.503808149 shared_exact=True fallback_exact=0
[482/1000] numerical=2.728362045 shared_exact=True fallback_exact=0
[483/1000] numerical=3.357444765 shared_exact=True fallback_exact=0
[484/1000] numerical=3.358970564 shared_exact=True fallback_exact=0
[485/1000] numerical=2.591574683 shared_exact=True fallback_exact=0
[486/1000] numerical=2.214575494 shared_exact=True fallback_exact=0
[487/1000] numerical=2.389958449 shared_exact=True fallback_exact=0
[488/1000] numerical=3.045557266 shared_exact=True fallback_exact=0
[489/1000] numerical=2.760189497 shared_exact=True fallback_exact=0
[490/1000] numerical=3.175660904 shared_exact=True fallback_exact=0
[491/1000] numerical=3.115185170 shared_exact=True fallback_exact=0
[492/1000] numerical=2.903223434 shared_exact=True fallback_exact=0
[493/1000] numerical=3.143907598 shared_exact=True fallback_exact=0
[494/1000] numerical=3.262841632 shared_exact=True fallback_exact=0
[495/1000] numerical=2.641576104 shared_exact=True fallback_exact=0
[496/1000] numerical=2.718223855 shared_exact=True fallback_exact=0
[497/1000] numerical=2.707766096 shared_exact=True fallback_exact=0
[498/1000] numerical=2.120464352 shared_exact=True fallback_exact=0
[499/1000] numerical=2.945044278 shared_exact=True fallback_exact=0
[500/1000] numerical=3.400065963 shared_exact=True fallback_exact=0
checkpoint=/workspace/positive-square-energy/experiments/rank7_order8_chunk_015000_016000.r7o8g.xz.fragments/fragment-015000-015500.r7o8g.xz rows=500
[501/1000] numerical=3.603347406 shared_exact=True fallback_exact=0
[502/1000] numerical=3.773740640 shared_exact=True fallback_exact=0
[503/1000] numerical=3.676668545 shared_exact=True fallback_exact=0
[504/1000] numerical=3.638868437 shared_exact=True fallback_exact=0
[505/1000] numerical=3.536838196 shared_exact=True fallback_exact=0
[506/1000] numerical=2.626761000 shared_exact=True fallback_exact=0
[507/1000] numerical=2.828154496 shared_exact=True fallback_exact=0
[508/1000] numerical=3.379605948 shared_exact=True fallback_exact=0
[509/1000] numerical=3.129337263 shared_exact=True fallback_exact=0
[510/1000] numerical=3.164626639 shared_exact=True fallback_exact=0
[511/1000] numerical=2.919985772 shared_exact=True fallback_exact=0
[512/1000] numerical=3.104029764 shared_exact=True fallback_exact=0
[513/1000] numerical=3.225963935 shared_exact=True fallback_exact=0
[514/1000] numerical=2.936095687 shared_exact=True fallback_exact=0
[515/1000] numerical=3.254298066 shared_exact=True fallback_exact=0
[516/1000] numerical=3.062594128 shared_exact=True fallback_exact=0
[517/1000] numerical=1.976982426 shared_exact=True fallback_exact=0
[518/1000] numerical=2.281999813 shared_exact=True fallback_exact=0
[519/1000] numerical=2.910212122 shared_exact=True fallback_exact=0
[520/1000] numerical=2.710776528 shared_exact=True fallback_exact=0
[521/1000] numerical=2.329065350 shared_exact=True fallback_exact=0
[522/1000] numerical=3.593042061 shared_exact=True fallback_exact=0
[523/1000] numerical=3.725793256 shared_exact=True fallback_exact=0
[524/1000] numerical=3.182820325 shared_exact=True fallback_exact=0
[525/1000] numerical=3.587136609 shared_exact=True fallback_exact=0
[526/1000] numerical=3.817672960 shared_exact=True fallback_exact=0
[527/1000] numerical=3.382130269 shared_exact=True fallback_exact=0
[528/1000] numerical=3.789425885 shared_exact=True fallback_exact=0
[529/1000] numerical=3.774920280 shared_exact=True fallback_exact=0
[530/1000] numerical=2.893285073 shared_exact=True fallback_exact=0
[531/1000] numerical=3.720550208 shared_exact=True fallback_exact=0
[532/1000] numerical=3.598910853 shared_exact=True fallback_exact=0
[533/1000] numerical=2.590933766 shared_exact=True fallback_exact=0
[534/1000] numerical=3.462718982 shared_exact=True fallback_exact=0
[535/1000] numerical=3.263654201 shared_exact=True fallback_exact=0
[536/1000] numerical=2.171773198 shared_exact=True fallback_exact=0
[537/1000] numerical=3.046578708 shared_exact=True fallback_exact=0
[538/1000] numerical=2.547759415 shared_exact=True fallback_exact=0
[539/1000] numerical=2.400294950 shared_exact=True fallback_exact=0
[540/1000] numerical=3.692094193 shared_exact=True fallback_exact=0
[541/1000] numerical=3.578006972 shared_exact=True fallback_exact=0
[542/1000] numerical=3.098144864 shared_exact=True fallback_exact=0
[543/1000] numerical=3.719012369 shared_exact=True fallback_exact=0
[544/1000] numerical=3.734430239 shared_exact=True fallback_exact=0
[545/1000] numerical=3.290845952 shared_exact=True fallback_exact=0
[546/1000] numerical=2.984882433 shared_exact=True fallback_exact=0
[547/1000] numerical=2.785488873 shared_exact=True fallback_exact=0
[548/1000] numerical=3.631064738 shared_exact=True fallback_exact=0
[549/1000] numerical=3.582378034 shared_exact=True fallback_exact=0
[550/1000] numerical=2.688071777 shared_exact=True fallback_exact=0
[551/1000] numerical=2.539775031 shared_exact=True fallback_exact=0
[552/1000] numerical=3.868236563 shared_exact=True fallback_exact=0
[553/1000] numerical=4.025658513 shared_exact=True fallback_exact=0
[554/1000] numerical=3.693172580 shared_exact=True fallback_exact=0
[555/1000] numerical=3.554511686 shared_exact=True fallback_exact=0
[556/1000] numerical=3.548685068 shared_exact=True fallback_exact=0
[557/1000] numerical=3.987289488 shared_exact=True fallback_exact=0
[558/1000] numerical=3.936520629 shared_exact=True fallback_exact=0
[559/1000] numerical=3.092318865 shared_exact=True fallback_exact=0
[560/1000] numerical=3.158258419 shared_exact=True fallback_exact=0
[561/1000] numerical=3.838599586 shared_exact=True fallback_exact=0
[562/1000] numerical=3.931790346 shared_exact=True fallback_exact=0
[563/1000] numerical=3.658310214 shared_exact=True fallback_exact=0
[564/1000] numerical=3.409230628 shared_exact=True fallback_exact=0
[565/1000] numerical=3.312145089 shared_exact=True fallback_exact=0
[566/1000] numerical=3.796127153 shared_exact=True fallback_exact=0
[567/1000] numerical=3.683277054 shared_exact=True fallback_exact=0
[568/1000] numerical=2.705084009 shared_exact=True fallback_exact=0
[569/1000] numerical=2.634473547 shared_exact=True fallback_exact=0
[570/1000] numerical=3.615617221 shared_exact=True fallback_exact=0
[571/1000] numerical=3.371066902 shared_exact=True fallback_exact=0
[572/1000] numerical=3.503306648 shared_exact=True fallback_exact=0
[573/1000] numerical=3.144760337 shared_exact=True fallback_exact=0
[574/1000] numerical=3.166829164 shared_exact=True fallback_exact=0
[575/1000] numerical=2.793769621 shared_exact=True fallback_exact=0
[576/1000] numerical=3.722243296 shared_exact=True fallback_exact=0
[577/1000] numerical=3.578398144 shared_exact=True fallback_exact=0
[578/1000] numerical=2.552757609 shared_exact=True fallback_exact=0
[579/1000] numerical=2.872936162 shared_exact=True fallback_exact=0
[580/1000] numerical=3.168335279 shared_exact=True fallback_exact=0
[581/1000] numerical=4.043105360 shared_exact=True fallback_exact=0
[582/1000] numerical=4.097216323 shared_exact=True fallback_exact=0
[583/1000] numerical=3.638085882 shared_exact=True fallback_exact=0
[584/1000] numerical=3.500481938 shared_exact=True fallback_exact=0
[585/1000] numerical=3.176156592 shared_exact=True fallback_exact=0
[586/1000] numerical=4.282924601 shared_exact=True fallback_exact=0
[587/1000] numerical=4.206851144 shared_exact=True fallback_exact=0
[588/1000] numerical=3.297466185 shared_exact=True fallback_exact=0
[589/1000] numerical=3.428604193 shared_exact=True fallback_exact=0
[590/1000] numerical=3.566335585 shared_exact=True fallback_exact=0
[591/1000] numerical=3.659977498 shared_exact=True fallback_exact=0
[592/1000] numerical=3.210361075 shared_exact=True fallback_exact=0
[593/1000] numerical=3.118188262 shared_exact=True fallback_exact=0
[594/1000] numerical=2.769801063 shared_exact=True fallback_exact=0
[595/1000] numerical=3.871150148 shared_exact=True fallback_exact=0
[596/1000] numerical=3.769285030 shared_exact=True fallback_exact=0
[597/1000] numerical=2.804542181 shared_exact=True fallback_exact=0
[598/1000] numerical=3.037481220 shared_exact=True fallback_exact=0
[599/1000] numerical=3.131893293 shared_exact=True fallback_exact=0
[600/1000] numerical=3.203364453 shared_exact=True fallback_exact=0
[601/1000] numerical=2.615601248 shared_exact=True fallback_exact=0
[602/1000] numerical=2.469602574 shared_exact=True fallback_exact=0
[603/1000] numerical=2.115326157 shared_exact=True fallback_exact=0
[604/1000] numerical=3.306572327 shared_exact=True fallback_exact=0
[605/1000] numerical=3.176730335 shared_exact=True fallback_exact=0
[606/1000] numerical=2.239507589 shared_exact=True fallback_exact=0
[607/1000] numerical=2.394178594 shared_exact=True fallback_exact=0
[608/1000] numerical=3.645222995 shared_exact=True fallback_exact=0
[609/1000] numerical=3.782632093 shared_exact=True fallback_exact=0
[610/1000] numerical=3.503830299 shared_exact=True fallback_exact=0
[611/1000] numerical=3.613079926 shared_exact=True fallback_exact=0
[612/1000] numerical=3.240239428 shared_exact=True fallback_exact=0
[613/1000] numerical=4.002279362 shared_exact=True fallback_exact=0
[614/1000] numerical=3.852075979 shared_exact=True fallback_exact=0
[615/1000] numerical=2.813967637 shared_exact=True fallback_exact=0
[616/1000] numerical=3.142812383 shared_exact=True fallback_exact=0
[617/1000] numerical=3.503340322 shared_exact=True fallback_exact=0
[618/1000] numerical=4.351479206 shared_exact=True fallback_exact=0
[619/1000] numerical=3.996240961 shared_exact=True fallback_exact=0
[620/1000] numerical=3.843926585 shared_exact=True fallback_exact=0
[621/1000] numerical=3.814391177 shared_exact=True fallback_exact=0
[622/1000] numerical=4.308333492 shared_exact=True fallback_exact=0
[623/1000] numerical=4.251023364 shared_exact=True fallback_exact=0
[624/1000] numerical=3.394900259 shared_exact=True fallback_exact=0
[625/1000] numerical=3.866552024 shared_exact=True fallback_exact=0
[626/1000] numerical=3.759785907 shared_exact=True fallback_exact=0
[627/1000] numerical=3.642448567 shared_exact=True fallback_exact=0
[628/1000] numerical=3.877956843 shared_exact=True fallback_exact=0
[629/1000] numerical=4.260444321 shared_exact=True fallback_exact=0
[630/1000] numerical=4.293366683 shared_exact=True fallback_exact=0
[631/1000] numerical=3.518526154 shared_exact=True fallback_exact=0
[632/1000] numerical=3.948686454 shared_exact=True fallback_exact=0
[633/1000] numerical=3.969077891 shared_exact=True fallback_exact=0
[634/1000] numerical=3.188222643 shared_exact=True fallback_exact=0
[635/1000] numerical=3.807313250 shared_exact=True fallback_exact=0
[636/1000] numerical=3.878334125 shared_exact=True fallback_exact=0
[637/1000] numerical=3.144711605 shared_exact=True fallback_exact=0
[638/1000] numerical=3.846154069 shared_exact=True fallback_exact=0
[639/1000] numerical=3.686641694 shared_exact=True fallback_exact=0
[640/1000] numerical=2.702274744 shared_exact=True fallback_exact=0
[641/1000] numerical=3.692875654 shared_exact=True fallback_exact=0
[642/1000] numerical=4.326225275 shared_exact=True fallback_exact=0
[643/1000] numerical=4.203418448 shared_exact=True fallback_exact=0
[644/1000] numerical=3.584872472 shared_exact=True fallback_exact=0
[645/1000] numerical=3.277855633 shared_exact=True fallback_exact=0
[646/1000] numerical=3.440790570 shared_exact=True fallback_exact=0
[647/1000] numerical=3.420176538 shared_exact=True fallback_exact=0
[648/1000] numerical=3.130175711 shared_exact=True fallback_exact=0
[649/1000] numerical=3.104756207 shared_exact=True fallback_exact=0
[650/1000] numerical=2.730195646 shared_exact=True fallback_exact=0
[651/1000] numerical=3.530757180 shared_exact=True fallback_exact=0
[652/1000] numerical=3.351538387 shared_exact=True fallback_exact=0
[653/1000] numerical=2.341374271 shared_exact=True fallback_exact=0
[654/1000] numerical=3.288703908 shared_exact=True fallback_exact=0
[655/1000] numerical=3.594674242 shared_exact=True fallback_exact=0
[656/1000] numerical=3.546292807 shared_exact=True fallback_exact=0
[657/1000] numerical=3.139018610 shared_exact=True fallback_exact=0
[658/1000] numerical=3.637504707 shared_exact=True fallback_exact=0
[659/1000] numerical=3.683734467 shared_exact=True fallback_exact=0
[660/1000] numerical=3.292374124 shared_exact=True fallback_exact=0
[661/1000] numerical=3.708570756 shared_exact=True fallback_exact=0
[662/1000] numerical=3.626200913 shared_exact=True fallback_exact=0
[663/1000] numerical=3.405381005 shared_exact=True fallback_exact=0
[664/1000] numerical=3.750245052 shared_exact=True fallback_exact=0
[665/1000] numerical=3.752104137 shared_exact=True fallback_exact=0
[666/1000] numerical=3.659680686 shared_exact=True fallback_exact=0
[667/1000] numerical=3.591225045 shared_exact=True fallback_exact=0
[668/1000] numerical=3.678487776 shared_exact=True fallback_exact=0
[669/1000] numerical=2.947148258 shared_exact=True fallback_exact=0
[670/1000] numerical=3.894540547 shared_exact=True fallback_exact=0
[671/1000] numerical=3.848793488 shared_exact=True fallback_exact=0
[672/1000] numerical=2.980228097 shared_exact=True fallback_exact=0
[673/1000] numerical=3.584636009 shared_exact=True fallback_exact=0
[674/1000] numerical=3.463824785 shared_exact=True fallback_exact=0
[675/1000] numerical=2.537288818 shared_exact=True fallback_exact=0
[676/1000] numerical=2.831789672 shared_exact=True fallback_exact=0
[677/1000] numerical=2.169764014 shared_exact=True fallback_exact=0
[678/1000] numerical=3.164690299 shared_exact=True fallback_exact=0
[679/1000] numerical=2.348196568 shared_exact=True fallback_exact=0
[680/1000] numerical=2.704169784 shared_exact=True fallback_exact=0
[681/1000] numerical=2.894171122 shared_exact=True fallback_exact=0
[682/1000] numerical=2.157426391 shared_exact=True fallback_exact=0
[683/1000] numerical=3.094051556 shared_exact=True fallback_exact=0
[684/1000] numerical=2.150139456 shared_exact=True fallback_exact=0
[685/1000] numerical=2.776212790 shared_exact=True fallback_exact=0
[686/1000] numerical=1.995567363 shared_exact=True fallback_exact=0
[687/1000] numerical=2.415479801 shared_exact=True fallback_exact=0
[688/1000] numerical=4.000011366 shared_exact=True fallback_exact=0
[689/1000] numerical=4.253996839 shared_exact=True fallback_exact=0
[690/1000] numerical=4.258815305 shared_exact=True fallback_exact=0
[691/1000] numerical=3.859360253 shared_exact=True fallback_exact=0
[692/1000] numerical=3.566774505 shared_exact=True fallback_exact=0
[693/1000] numerical=3.380596018 shared_exact=True fallback_exact=0
[694/1000] numerical=4.171650066 shared_exact=True fallback_exact=0
[695/1000] numerical=4.116576764 shared_exact=True fallback_exact=0
[696/1000] numerical=3.232415066 shared_exact=True fallback_exact=0
[697/1000] numerical=3.094609395 shared_exact=True fallback_exact=0
[698/1000] numerical=3.352260629 shared_exact=True fallback_exact=0
[699/1000] numerical=3.646960257 shared_exact=True fallback_exact=0
[700/1000] numerical=4.086991123 shared_exact=True fallback_exact=0
[701/1000] numerical=4.176808324 shared_exact=True fallback_exact=0
[702/1000] numerical=3.753461157 shared_exact=True fallback_exact=0
[703/1000] numerical=3.628794843 shared_exact=True fallback_exact=0
[704/1000] numerical=3.446623564 shared_exact=True fallback_exact=0
[705/1000] numerical=4.263626448 shared_exact=True fallback_exact=0
[706/1000] numerical=4.270624485 shared_exact=True fallback_exact=0
[707/1000] numerical=3.480571858 shared_exact=True fallback_exact=0
[708/1000] numerical=3.578484127 shared_exact=True fallback_exact=0
[709/1000] numerical=3.087178656 shared_exact=True fallback_exact=0
[710/1000] numerical=4.090416886 shared_exact=True fallback_exact=0
[711/1000] numerical=3.628100212 shared_exact=True fallback_exact=0
[712/1000] numerical=3.418181182 shared_exact=True fallback_exact=0
[713/1000] numerical=3.171875682 shared_exact=True fallback_exact=0
[714/1000] numerical=4.088831354 shared_exact=True fallback_exact=0
[715/1000] numerical=4.000000796 shared_exact=True fallback_exact=0
[716/1000] numerical=3.105483638 shared_exact=True fallback_exact=0
[717/1000] numerical=3.668705572 shared_exact=True fallback_exact=0
[718/1000] numerical=3.301398850 shared_exact=True fallback_exact=0
[719/1000] numerical=3.235365979 shared_exact=True fallback_exact=0
[720/1000] numerical=3.393380332 shared_exact=True fallback_exact=0
[721/1000] numerical=4.000050844 shared_exact=True fallback_exact=0
[722/1000] numerical=4.122552464 shared_exact=True fallback_exact=0
[723/1000] numerical=3.413800656 shared_exact=True fallback_exact=0
[724/1000] numerical=3.545667743 shared_exact=True fallback_exact=0
[725/1000] numerical=3.634200475 shared_exact=True fallback_exact=0
[726/1000] numerical=2.905011878 shared_exact=True fallback_exact=0
[727/1000] numerical=3.141292221 shared_exact=True fallback_exact=0
[728/1000] numerical=3.431778174 shared_exact=True fallback_exact=0
[729/1000] numerical=2.830519669 shared_exact=True fallback_exact=0
[730/1000] numerical=3.424142506 shared_exact=True fallback_exact=0
[731/1000] numerical=3.304580330 shared_exact=True fallback_exact=0
[732/1000] numerical=2.380909114 shared_exact=True fallback_exact=0
[733/1000] numerical=3.365023057 shared_exact=True fallback_exact=0
[734/1000] numerical=4.127309479 shared_exact=True fallback_exact=0
[735/1000] numerical=4.115386790 shared_exact=True fallback_exact=0
[736/1000] numerical=3.304409168 shared_exact=True fallback_exact=0
[737/1000] numerical=3.317675602 shared_exact=True fallback_exact=0
[738/1000] numerical=3.070452087 shared_exact=True fallback_exact=0
[739/1000] numerical=3.325752517 shared_exact=True fallback_exact=0
[740/1000] numerical=2.817358967 shared_exact=True fallback_exact=0
[741/1000] numerical=2.157655311 shared_exact=True fallback_exact=0
[742/1000] numerical=2.580276850 shared_exact=True fallback_exact=0
[743/1000] numerical=2.593257054 shared_exact=True fallback_exact=0
[744/1000] numerical=3.337606138 shared_exact=True fallback_exact=0
[745/1000] numerical=3.392645289 shared_exact=True fallback_exact=0
[746/1000] numerical=2.652632961 shared_exact=True fallback_exact=0
[747/1000] numerical=3.544737838 shared_exact=True fallback_exact=0
[748/1000] numerical=3.102788348 shared_exact=True fallback_exact=0
[749/1000] numerical=3.268431594 shared_exact=True fallback_exact=0
[750/1000] numerical=2.687367277 shared_exact=True fallback_exact=0
[751/1000] numerical=1.977182431 shared_exact=True fallback_exact=0
[752/1000] numerical=2.365981921 shared_exact=True fallback_exact=0
[753/1000] numerical=2.322498456 shared_exact=True fallback_exact=0
[754/1000] numerical=3.175338170 shared_exact=True fallback_exact=0
[755/1000] numerical=3.140822762 shared_exact=True fallback_exact=0
[756/1000] numerical=2.318937962 shared_exact=True fallback_exact=0
[757/1000] numerical=1.926335425 shared_exact=True fallback_exact=0
[758/1000] numerical=2.357129952 shared_exact=True fallback_exact=0
[759/1000] numerical=3.699175706 shared_exact=True fallback_exact=0
[760/1000] numerical=3.677816732 shared_exact=True fallback_exact=0
[761/1000] numerical=3.095316390 shared_exact=True fallback_exact=0
[762/1000] numerical=4.563284090 shared_exact=True fallback_exact=0
[763/1000] numerical=4.662203366 shared_exact=True fallback_exact=0
[764/1000] numerical=4.370412581 shared_exact=True fallback_exact=0
[765/1000] numerical=3.607313983 shared_exact=True fallback_exact=0
[766/1000] numerical=4.291940993 shared_exact=True fallback_exact=0
[767/1000] numerical=4.131926921 shared_exact=True fallback_exact=0
[768/1000] numerical=4.684776385 shared_exact=True fallback_exact=0
[769/1000] numerical=4.567380123 shared_exact=True fallback_exact=0
[770/1000] numerical=3.631603584 shared_exact=True fallback_exact=0
[771/1000] numerical=3.395342828 shared_exact=True fallback_exact=0
[772/1000] numerical=3.646113374 shared_exact=True fallback_exact=0
[773/1000] numerical=2.667062189 shared_exact=True fallback_exact=0
[774/1000] numerical=3.396078700 shared_exact=True fallback_exact=0
[775/1000] numerical=3.646366980 shared_exact=True fallback_exact=0
[776/1000] numerical=2.667062189 shared_exact=True fallback_exact=0
[777/1000] numerical=2.822037496 shared_exact=True fallback_exact=0
[778/1000] numerical=3.662916264 shared_exact=True fallback_exact=0
[779/1000] numerical=3.662100554 shared_exact=True fallback_exact=0
[780/1000] numerical=4.662228317 shared_exact=True fallback_exact=0
[781/1000] numerical=4.370347384 shared_exact=True fallback_exact=0
[782/1000] numerical=3.607275598 shared_exact=True fallback_exact=0
[783/1000] numerical=4.291910817 shared_exact=True fallback_exact=0
[784/1000] numerical=4.131959552 shared_exact=True fallback_exact=0
[785/1000] numerical=4.680715776 shared_exact=True fallback_exact=0
[786/1000] numerical=4.566934764 shared_exact=True fallback_exact=0
[787/1000] numerical=3.631604314 shared_exact=True fallback_exact=0
[788/1000] numerical=4.269047625 shared_exact=True fallback_exact=0
[789/1000] numerical=3.321827288 shared_exact=True fallback_exact=0
[790/1000] numerical=4.220017883 shared_exact=True fallback_exact=0
[791/1000] numerical=4.140153857 shared_exact=True fallback_exact=0
[792/1000] numerical=3.382356678 shared_exact=True fallback_exact=0
[793/1000] numerical=4.296130927 shared_exact=True fallback_exact=0
[794/1000] numerical=4.566214503 shared_exact=True fallback_exact=0
[795/1000] numerical=4.709409452 shared_exact=True fallback_exact=0
[796/1000] numerical=3.926908972 shared_exact=True fallback_exact=0
[797/1000] numerical=4.270539312 shared_exact=True fallback_exact=0
[798/1000] numerical=4.406868796 shared_exact=True fallback_exact=0
[799/1000] numerical=3.321827288 shared_exact=True fallback_exact=0
[800/1000] numerical=3.663460302 shared_exact=True fallback_exact=0
[801/1000] numerical=4.096037325 shared_exact=True fallback_exact=0
[802/1000] numerical=4.269279567 shared_exact=True fallback_exact=0
[803/1000] numerical=3.563966492 shared_exact=True fallback_exact=0
[804/1000] numerical=4.336191052 shared_exact=True fallback_exact=0
[805/1000] numerical=4.166574275 shared_exact=True fallback_exact=0
[806/1000] numerical=3.097962506 shared_exact=True fallback_exact=0
[807/1000] numerical=3.961933686 shared_exact=True fallback_exact=0
[808/1000] numerical=4.662224947 shared_exact=True fallback_exact=0
[809/1000] numerical=4.563280392 shared_exact=True fallback_exact=0
[810/1000] numerical=3.883919084 shared_exact=True fallback_exact=0
[811/1000] numerical=3.631603133 shared_exact=True fallback_exact=0
[812/1000] numerical=3.395336194 shared_exact=True fallback_exact=0
[813/1000] numerical=3.646085890 shared_exact=True fallback_exact=0
[814/1000] numerical=2.667062189 shared_exact=True fallback_exact=0
[815/1000] numerical=3.269732302 shared_exact=True fallback_exact=0
[816/1000] numerical=3.345491929 shared_exact=True fallback_exact=0
[817/1000] numerical=3.846322740 shared_exact=True fallback_exact=0
[818/1000] numerical=3.083345121 shared_exact=True fallback_exact=0
[819/1000] numerical=3.348779467 shared_exact=True fallback_exact=0
[820/1000] numerical=3.545834452 shared_exact=True fallback_exact=0
[821/1000] numerical=2.815614403 shared_exact=True fallback_exact=0
[822/1000] numerical=3.293222142 shared_exact=True fallback_exact=0
[823/1000] numerical=2.567574903 shared_exact=True fallback_exact=0
[824/1000] numerical=3.272827690 shared_exact=True fallback_exact=0
[825/1000] numerical=2.201345623 shared_exact=True fallback_exact=0
[826/1000] numerical=3.680903870 shared_exact=True fallback_exact=0
[827/1000] numerical=3.565832461 shared_exact=True fallback_exact=0
[828/1000] numerical=2.925876271 shared_exact=True fallback_exact=0
[829/1000] numerical=2.635118622 shared_exact=True fallback_exact=0
[830/1000] numerical=3.395926902 shared_exact=True fallback_exact=0
[831/1000] numerical=3.646546216 shared_exact=True fallback_exact=0
[832/1000] numerical=2.667062189 shared_exact=True fallback_exact=0
[833/1000] numerical=3.269732274 shared_exact=True fallback_exact=0
[834/1000] numerical=3.345494498 shared_exact=True fallback_exact=0
[835/1000] numerical=3.846323083 shared_exact=True fallback_exact=0
[836/1000] numerical=3.083345122 shared_exact=True fallback_exact=0
[837/1000] numerical=3.349712725 shared_exact=True fallback_exact=0
[838/1000] numerical=3.545835064 shared_exact=True fallback_exact=0
[839/1000] numerical=2.815614403 shared_exact=True fallback_exact=0
[840/1000] numerical=3.293225072 shared_exact=True fallback_exact=0
[841/1000] numerical=2.567574903 shared_exact=True fallback_exact=0
[842/1000] numerical=3.272831013 shared_exact=True fallback_exact=0
[843/1000] numerical=2.201345623 shared_exact=True fallback_exact=0
[844/1000] numerical=3.682745141 shared_exact=True fallback_exact=0
[845/1000] numerical=3.565832485 shared_exact=True fallback_exact=0
[846/1000] numerical=2.926906649 shared_exact=True fallback_exact=0
[847/1000] numerical=2.635118622 shared_exact=True fallback_exact=0
[848/1000] numerical=2.821550957 shared_exact=True fallback_exact=0
[849/1000] numerical=3.051104620 shared_exact=True fallback_exact=0
[850/1000] numerical=2.756357255 shared_exact=True fallback_exact=0
[851/1000] numerical=2.281372757 shared_exact=True fallback_exact=0
[852/1000] numerical=2.435447113 shared_exact=True fallback_exact=0
[853/1000] numerical=2.677589572 shared_exact=True fallback_exact=0
[854/1000] numerical=2.606705978 shared_exact=True fallback_exact=0
[855/1000] numerical=1.728415811 shared_exact=True fallback_exact=0
[856/1000] numerical=3.607271096 shared_exact=True fallback_exact=0
[857/1000] numerical=4.086014774 shared_exact=True fallback_exact=0
[858/1000] numerical=3.186597425 shared_exact=True fallback_exact=0
[859/1000] numerical=3.137296183 shared_exact=True fallback_exact=0
[860/1000] numerical=3.137327080 shared_exact=True fallback_exact=0
[861/1000] numerical=3.607269692 shared_exact=True fallback_exact=0
[862/1000] numerical=4.085862821 shared_exact=True fallback_exact=0
[863/1000] numerical=3.186597425 shared_exact=True fallback_exact=0
[864/1000] numerical=3.559861180 shared_exact=True fallback_exact=0
[865/1000] numerical=3.217163121 shared_exact=True fallback_exact=0
[866/1000] numerical=4.183542607 shared_exact=True fallback_exact=0
[867/1000] numerical=3.424897501 shared_exact=True fallback_exact=0
[868/1000] numerical=3.559869931 shared_exact=True fallback_exact=0
[869/1000] numerical=3.608881883 shared_exact=True fallback_exact=0
[870/1000] numerical=2.822791149 shared_exact=True fallback_exact=0
[871/1000] numerical=3.363299015 shared_exact=True fallback_exact=0
[872/1000] numerical=2.726433974 shared_exact=True fallback_exact=0
[873/1000] numerical=3.111482066 shared_exact=True fallback_exact=0
[874/1000] numerical=2.073713056 shared_exact=True fallback_exact=0
[875/1000] numerical=4.159017713 shared_exact=True fallback_exact=0
[876/1000] numerical=4.085740119 shared_exact=True fallback_exact=0
[877/1000] numerical=3.360283563 shared_exact=True fallback_exact=0
[878/1000] numerical=3.186597425 shared_exact=True fallback_exact=0
[879/1000] numerical=3.137296164 shared_exact=True fallback_exact=0
[880/1000] numerical=3.326356025 shared_exact=True fallback_exact=0
[881/1000] numerical=2.696392969 shared_exact=True fallback_exact=0
[882/1000] numerical=2.363408834 shared_exact=True fallback_exact=0
[883/1000] numerical=2.244096779 shared_exact=True fallback_exact=0
[884/1000] numerical=3.164056756 shared_exact=True fallback_exact=0
[885/1000] numerical=3.085998358 shared_exact=True fallback_exact=0
[886/1000] numerical=2.200020883 shared_exact=True fallback_exact=0
[887/1000] numerical=3.137302317 shared_exact=True fallback_exact=0
[888/1000] numerical=3.326397393 shared_exact=True fallback_exact=0
[889/1000] numerical=2.696394717 shared_exact=True fallback_exact=0
[890/1000] numerical=2.363408834 shared_exact=True fallback_exact=0
[891/1000] numerical=2.244098746 shared_exact=True fallback_exact=0
[892/1000] numerical=3.164148083 shared_exact=True fallback_exact=0
[893/1000] numerical=3.085998358 shared_exact=True fallback_exact=0
[894/1000] numerical=2.200020883 shared_exact=True fallback_exact=0
[895/1000] numerical=2.158917634 shared_exact=True fallback_exact=0
[896/1000] numerical=2.410259936 shared_exact=True fallback_exact=0
[897/1000] numerical=2.406276803 shared_exact=True fallback_exact=0
[898/1000] numerical=1.994612311 shared_exact=True fallback_exact=0
[899/1000] numerical=2.165565742 shared_exact=True fallback_exact=0
[900/1000] numerical=2.609449722 shared_exact=True fallback_exact=0
[901/1000] numerical=2.261951635 shared_exact=True fallback_exact=0
[902/1000] numerical=1.855976063 shared_exact=True fallback_exact=0
[903/1000] numerical=2.319376389 shared_exact=True fallback_exact=0
[904/1000] numerical=2.536765361 shared_exact=True fallback_exact=0
[905/1000] numerical=1.877073962 shared_exact=True fallback_exact=0
[906/1000] numerical=2.282744938 shared_exact=True fallback_exact=0
[907/1000] numerical=1.806587520 shared_exact=True fallback_exact=0
[908/1000] numerical=1.133274519 shared_exact=True fallback_exact=0
[909/1000] numerical=3.362244960 shared_exact=True fallback_exact=0
[910/1000] numerical=2.901813689 shared_exact=True fallback_exact=0
[911/1000] numerical=2.940174423 shared_exact=True fallback_exact=0
[912/1000] numerical=2.730512271 shared_exact=True fallback_exact=0
[913/1000] numerical=2.368905520 shared_exact=True fallback_exact=0
[914/1000] numerical=3.178321194 shared_exact=True fallback_exact=0
[915/1000] numerical=2.042912551 shared_exact=True fallback_exact=0
[916/1000] numerical=2.902193978 shared_exact=True fallback_exact=0
[917/1000] numerical=3.231268166 shared_exact=True fallback_exact=0
[918/1000] numerical=3.037247586 shared_exact=True fallback_exact=0
[919/1000] numerical=2.879108337 shared_exact=True fallback_exact=0
[920/1000] numerical=2.735332059 shared_exact=True fallback_exact=0
[921/1000] numerical=1.788141369 shared_exact=True fallback_exact=0
[922/1000] numerical=2.724117477 shared_exact=True fallback_exact=0
[923/1000] numerical=2.886621843 shared_exact=True fallback_exact=0
[924/1000] numerical=3.099075679 shared_exact=True fallback_exact=0
[925/1000] numerical=3.191613832 shared_exact=True fallback_exact=0
[926/1000] numerical=2.493338277 shared_exact=True fallback_exact=0
[927/1000] numerical=3.659124217 shared_exact=True fallback_exact=0
[928/1000] numerical=3.223180504 shared_exact=True fallback_exact=0
[929/1000] numerical=3.191015356 shared_exact=True fallback_exact=0
[930/1000] numerical=3.385059534 shared_exact=True fallback_exact=0
[931/1000] numerical=3.177244061 shared_exact=True fallback_exact=0
[932/1000] numerical=2.128651621 shared_exact=True fallback_exact=0
[933/1000] numerical=2.890592081 shared_exact=True fallback_exact=0
[934/1000] numerical=2.716637377 shared_exact=True fallback_exact=0
[935/1000] numerical=2.240018463 shared_exact=True fallback_exact=0
[936/1000] numerical=3.277583598 shared_exact=True fallback_exact=0
[937/1000] numerical=2.986966707 shared_exact=True fallback_exact=0
[938/1000] numerical=2.823272166 shared_exact=True fallback_exact=0
[939/1000] numerical=2.805711126 shared_exact=True fallback_exact=0
[940/1000] numerical=3.262724299 shared_exact=True fallback_exact=0
[941/1000] numerical=2.625301197 shared_exact=True fallback_exact=0
[942/1000] numerical=3.563937753 shared_exact=True fallback_exact=0
[943/1000] numerical=3.274859375 shared_exact=True fallback_exact=0
[944/1000] numerical=3.068588790 shared_exact=True fallback_exact=0
[945/1000] numerical=2.997793743 shared_exact=True fallback_exact=0
[946/1000] numerical=2.664228637 shared_exact=True fallback_exact=0
[947/1000] numerical=2.373073814 shared_exact=True fallback_exact=0
[948/1000] numerical=3.435877398 shared_exact=True fallback_exact=0
[949/1000] numerical=3.224648098 shared_exact=True fallback_exact=0
[950/1000] numerical=3.178009151 shared_exact=True fallback_exact=0
[951/1000] numerical=2.347992751 shared_exact=True fallback_exact=0
[952/1000] numerical=3.288354465 shared_exact=True fallback_exact=0
[953/1000] numerical=3.117967142 shared_exact=True fallback_exact=0
[954/1000] numerical=3.562944726 shared_exact=True fallback_exact=0
[955/1000] numerical=3.389218263 shared_exact=True fallback_exact=0
[956/1000] numerical=2.344386749 shared_exact=True fallback_exact=0
[957/1000] numerical=2.896601604 shared_exact=True fallback_exact=0
[958/1000] numerical=2.724386645 shared_exact=True fallback_exact=0
[959/1000] numerical=1.733435997 shared_exact=True fallback_exact=0
[960/1000] numerical=3.370614992 shared_exact=True fallback_exact=0
[961/1000] numerical=2.898041916 shared_exact=True fallback_exact=0
[962/1000] numerical=2.943659587 shared_exact=True fallback_exact=0
[963/1000] numerical=3.372349068 shared_exact=True fallback_exact=0
[964/1000] numerical=2.454174171 shared_exact=True fallback_exact=0
[965/1000] numerical=2.997733452 shared_exact=True fallback_exact=0
[966/1000] numerical=3.190197653 shared_exact=True fallback_exact=0
[967/1000] numerical=3.377888639 shared_exact=True fallback_exact=0
[968/1000] numerical=2.644124947 shared_exact=True fallback_exact=0
[969/1000] numerical=3.714900828 shared_exact=True fallback_exact=0
[970/1000] numerical=3.594984927 shared_exact=True fallback_exact=0
[971/1000] numerical=2.667582786 shared_exact=True fallback_exact=0
[972/1000] numerical=2.834340596 shared_exact=True fallback_exact=0
[973/1000] numerical=2.522315092 shared_exact=True fallback_exact=0
[974/1000] numerical=3.493006009 shared_exact=True fallback_exact=0
[975/1000] numerical=2.271812514 shared_exact=True fallback_exact=0
[976/1000] numerical=3.199115876 shared_exact=True fallback_exact=0
[977/1000] numerical=3.106711034 shared_exact=True fallback_exact=0
[978/1000] numerical=2.230653133 shared_exact=True fallback_exact=0
[979/1000] numerical=3.132046204 shared_exact=True fallback_exact=0
[980/1000] numerical=3.396339366 shared_exact=True fallback_exact=0
[981/1000] numerical=3.648372280 shared_exact=True fallback_exact=0
[982/1000] numerical=3.685184717 shared_exact=True fallback_exact=0
[983/1000] numerical=3.145105279 shared_exact=True fallback_exact=0
[984/1000] numerical=3.189841729 shared_exact=True fallback_exact=0
[985/1000] numerical=3.202613209 shared_exact=True fallback_exact=0
[986/1000] numerical=3.673694518 shared_exact=True fallback_exact=0
[987/1000] numerical=2.721199695 shared_exact=True fallback_exact=0
[988/1000] numerical=3.989040324 shared_exact=True fallback_exact=0
[989/1000] numerical=3.865782973 shared_exact=True fallback_exact=0
[990/1000] numerical=2.933948974 shared_exact=True fallback_exact=0
[991/1000] numerical=3.490595553 shared_exact=True fallback_exact=0
[992/1000] numerical=3.274635421 shared_exact=True fallback_exact=0
[993/1000] numerical=3.416232971 shared_exact=True fallback_exact=0
[994/1000] numerical=3.645834668 shared_exact=True fallback_exact=0
[995/1000] numerical=3.463617112 shared_exact=True fallback_exact=0
[996/1000] numerical=3.296920703 shared_exact=True fallback_exact=0
[997/1000] numerical=3.479063676 shared_exact=True fallback_exact=0
[998/1000] numerical=3.627849032 shared_exact=True fallback_exact=0
[999/1000] numerical=3.180856762 shared_exact=True fallback_exact=0
[1000/1000] numerical=4.028417962 shared_exact=True fallback_exact=0
checkpoint=/workspace/positive-square-energy/experiments/rank7_order8_chunk_015000_016000.r7o8g.xz.fragments/fragment-015500-016000.r7o8g.xz rows=500
attempts=1000 shared_exact=1000 templates=0 fallback_exact=0 structural=0 atoms=0 balanced=0 unresolved_targets=0
fragments=2 checkpoint_rows=500
raw_bytes=461887 xz_bytes=299076 elapsed_seconds=252.372650
sha256=5ffa9b2cd1b9338e76896a2bf3ed2aa28f194e4ebfa44ec7841da17a55573dba
full_theorem=false
[2026-08-15T00:35:37.049273+00:00] exit: 0
[2026-08-15T00:35:37.049453+00:00] exec: /opt/kortix/pyfloor/bin/python3 -u /workspace/positive-square-energy/experiments/rank7_order8_exact_rational.py --verify-pack /workspace/positive-square-energy/experiments/rank7_order8_chunk_015000_016000.r7o8g.xz --census-cache positive-square-energy/experiments/rank7_order8_rational_search_cache.r7o8c.xz
attempts=1000 shared_exact=1000 templates=0 fallback_exact=0 structural=0 atoms=0 balanced=0 exact_audit=true census_seconds=17.905956
full_theorem=false
[2026-08-15T00:36:20.176164+00:00] exit: 0
[2026-08-15T00:36:20.239273+00:00] shard=015000_016000 exact_audit=true sha256=5ffa9b2cd1b9338e76896a2bf3ed2aa28f194e4ebfa44ec7841da17a55573dba
