[2026-08-14T18:01:54.473725+00:00] shard=009000_010000 adopted_fragments=0
[2026-08-14T18:01:54.473793+00:00] exec: /opt/kortix/pyfloor/bin/python3 -u /workspace/positive-square-energy/experiments/rank7_order8_exact_rational.py --output /workspace/positive-square-energy/experiments/rank7_order8_chunk_009000_010000.r7o8g.xz --fragment-directory /workspace/positive-square-energy/experiments/rank7_order8_chunk_009000_010000.r7o8g.xz.fragments --census-cache positive-square-energy/experiments/rank7_order8_rational_search_cache.r7o8c.xz --start 9000 --count 1000 --checkpoint-rows 500 --progress
[1/1000] numerical=2.738781528 shared_exact=True fallback_exact=0
[2/1000] numerical=2.453243342 shared_exact=True fallback_exact=0
[3/1000] numerical=3.165240294 shared_exact=True fallback_exact=0
[4/1000] numerical=4.111550045 shared_exact=True fallback_exact=0
[5/1000] numerical=4.269240048 shared_exact=True fallback_exact=0
[6/1000] numerical=4.111548159 shared_exact=True fallback_exact=0
[7/1000] numerical=4.085625249 shared_exact=True fallback_exact=0
[8/1000] numerical=3.114721140 shared_exact=True fallback_exact=0
[9/1000] numerical=3.000000000 shared_exact=True fallback_exact=0
[10/1000] numerical=2.085399452 shared_exact=True fallback_exact=0
[11/1000] numerical=3.114721171 shared_exact=True fallback_exact=0
[12/1000] numerical=2.186137231 shared_exact=True fallback_exact=0
[13/1000] numerical=2.085399452 shared_exact=True fallback_exact=0
[14/1000] numerical=3.222874241 shared_exact=True fallback_exact=0
[15/1000] numerical=4.298339269 shared_exact=True fallback_exact=0
[16/1000] numerical=4.085650157 shared_exact=True fallback_exact=0
[17/1000] numerical=4.128368781 shared_exact=True fallback_exact=0
[18/1000] numerical=3.323524268 shared_exact=True fallback_exact=0
[19/1000] numerical=3.103623340 shared_exact=True fallback_exact=0
[20/1000] numerical=2.357548548 shared_exact=True fallback_exact=0
[21/1000] numerical=3.804005995 shared_exact=True fallback_exact=0
[22/1000] numerical=4.298555350 shared_exact=True fallback_exact=0
[23/1000] numerical=4.393481224 shared_exact=True fallback_exact=0
[24/1000] numerical=3.537275942 shared_exact=True fallback_exact=0
[25/1000] numerical=3.222874241 shared_exact=True fallback_exact=0
[26/1000] numerical=4.128371071 shared_exact=True fallback_exact=0
[27/1000] numerical=4.206335901 shared_exact=True fallback_exact=0
[28/1000] numerical=3.204461316 shared_exact=True fallback_exact=0
[29/1000] numerical=3.351942705 shared_exact=True fallback_exact=0
[30/1000] numerical=3.685524624 shared_exact=True fallback_exact=0
[31/1000] numerical=2.842294998 shared_exact=True fallback_exact=0
[32/1000] numerical=3.103623340 shared_exact=True fallback_exact=0
[33/1000] numerical=3.117920453 shared_exact=True fallback_exact=0
[34/1000] numerical=2.237709139 shared_exact=True fallback_exact=0
[35/1000] numerical=2.309966073 shared_exact=True fallback_exact=0
[36/1000] numerical=3.204461316 shared_exact=True fallback_exact=0
[37/1000] numerical=2.450771598 shared_exact=True fallback_exact=0
[38/1000] numerical=2.237709139 shared_exact=True fallback_exact=0
[39/1000] numerical=3.537650457 shared_exact=True fallback_exact=0
[40/1000] numerical=2.758692040 shared_exact=True fallback_exact=0
[41/1000] numerical=3.323524269 shared_exact=True fallback_exact=0
[42/1000] numerical=3.351953230 shared_exact=True fallback_exact=0
[43/1000] numerical=2.450771598 shared_exact=True fallback_exact=0
[44/1000] numerical=2.548280527 shared_exact=True fallback_exact=0
[45/1000] numerical=2.842338009 shared_exact=True fallback_exact=0
[46/1000] numerical=2.357548548 shared_exact=True fallback_exact=0
[47/1000] numerical=2.309966073 shared_exact=True fallback_exact=0
[48/1000] numerical=1.441627746 shared_exact=True fallback_exact=0
[49/1000] numerical=3.150451682 shared_exact=True fallback_exact=0
[50/1000] numerical=2.116080256 shared_exact=True fallback_exact=0
[51/1000] numerical=2.071299629 shared_exact=True fallback_exact=0
[52/1000] numerical=2.116080261 shared_exact=True fallback_exact=0
[53/1000] numerical=3.320651678 shared_exact=True fallback_exact=0
[54/1000] numerical=2.598225065 shared_exact=True fallback_exact=0
[55/1000] numerical=2.306258451 shared_exact=True fallback_exact=0
[56/1000] numerical=3.670069338 shared_exact=True fallback_exact=0
[57/1000] numerical=2.901225309 shared_exact=True fallback_exact=0
[58/1000] numerical=3.320661077 shared_exact=True fallback_exact=0
[59/1000] numerical=3.486617939 shared_exact=True fallback_exact=0
[60/1000] numerical=2.339832536 shared_exact=True fallback_exact=0
[61/1000] numerical=2.709233883 shared_exact=True fallback_exact=0
[62/1000] numerical=2.955518283 shared_exact=True fallback_exact=0
[63/1000] numerical=2.306258451 shared_exact=True fallback_exact=0
[64/1000] numerical=2.400376253 shared_exact=True fallback_exact=0
[65/1000] numerical=1.658289316 shared_exact=True fallback_exact=0
[66/1000] numerical=2.339832536 shared_exact=True fallback_exact=0
[67/1000] numerical=2.901250701 shared_exact=True fallback_exact=0
[68/1000] numerical=2.598225223 shared_exact=True fallback_exact=0
[69/1000] numerical=2.709357672 shared_exact=True fallback_exact=0
[70/1000] numerical=1.961128427 shared_exact=True fallback_exact=0
[71/1000] numerical=1.658289316 shared_exact=True fallback_exact=0
[72/1000] numerical=4.268806895 shared_exact=True fallback_exact=0
[73/1000] numerical=3.323943953 shared_exact=True fallback_exact=0
[74/1000] numerical=4.085555016 shared_exact=True fallback_exact=0
[75/1000] numerical=3.555671206 shared_exact=True fallback_exact=0
[76/1000] numerical=3.269089175 shared_exact=True fallback_exact=0
[77/1000] numerical=3.323943975 shared_exact=True fallback_exact=0
[78/1000] numerical=4.268806894 shared_exact=True fallback_exact=0
[79/1000] numerical=3.323943968 shared_exact=True fallback_exact=0
[80/1000] numerical=4.085555005 shared_exact=True fallback_exact=0
[81/1000] numerical=3.555671206 shared_exact=True fallback_exact=0
[82/1000] numerical=3.269089071 shared_exact=True fallback_exact=0
[83/1000] numerical=3.323943991 shared_exact=True fallback_exact=0
[84/1000] numerical=4.348411524 shared_exact=True fallback_exact=0
[85/1000] numerical=3.556696597 shared_exact=True fallback_exact=0
[86/1000] numerical=4.165368803 shared_exact=True fallback_exact=0
[87/1000] numerical=3.635274952 shared_exact=True fallback_exact=0
[88/1000] numerical=3.749663822 shared_exact=True fallback_exact=0
[89/1000] numerical=4.269413588 shared_exact=True fallback_exact=0
[90/1000] numerical=4.348410646 shared_exact=True fallback_exact=0
[91/1000] numerical=3.345736905 shared_exact=True fallback_exact=0
[92/1000] numerical=3.554404190 shared_exact=True fallback_exact=0
[93/1000] numerical=4.098951271 shared_exact=True fallback_exact=0
[94/1000] numerical=4.165159136 shared_exact=True fallback_exact=0
[95/1000] numerical=3.371152302 shared_exact=True fallback_exact=0
[96/1000] numerical=3.555675233 shared_exact=True fallback_exact=0
[97/1000] numerical=3.635274952 shared_exact=True fallback_exact=0
[98/1000] numerical=2.841268503 shared_exact=True fallback_exact=0
[99/1000] numerical=3.091576513 shared_exact=True fallback_exact=0
[100/1000] numerical=2.286844843 shared_exact=True fallback_exact=0
[101/1000] numerical=3.379846333 shared_exact=True fallback_exact=0
[102/1000] numerical=3.352389766 shared_exact=True fallback_exact=0
[103/1000] numerical=3.362737415 shared_exact=True fallback_exact=0
[104/1000] numerical=2.554661775 shared_exact=True fallback_exact=0
[105/1000] numerical=3.212803759 shared_exact=True fallback_exact=0
[106/1000] numerical=2.377375621 shared_exact=True fallback_exact=0
[107/1000] numerical=2.636260932 shared_exact=True fallback_exact=0
[108/1000] numerical=2.228649723 shared_exact=True fallback_exact=0
[109/1000] numerical=3.554404190 shared_exact=True fallback_exact=0
[110/1000] numerical=3.346382832 shared_exact=True fallback_exact=0
[111/1000] numerical=3.554404433 shared_exact=True fallback_exact=0
[112/1000] numerical=2.854745667 shared_exact=True fallback_exact=0
[113/1000] numerical=3.371447584 shared_exact=True fallback_exact=0
[114/1000] numerical=2.671493780 shared_exact=True fallback_exact=0
[115/1000] numerical=2.841268503 shared_exact=True fallback_exact=0
[116/1000] numerical=2.322582017 shared_exact=True fallback_exact=0
[117/1000] numerical=2.593326411 shared_exact=True fallback_exact=0
[118/1000] numerical=2.460176477 shared_exact=True fallback_exact=0
[119/1000] numerical=4.611764459 shared_exact=True fallback_exact=0
[120/1000] numerical=4.561553074 shared_exact=True fallback_exact=0
[121/1000] numerical=4.133633348 shared_exact=True fallback_exact=0
[122/1000] numerical=4.611745719 shared_exact=True fallback_exact=0
[123/1000] numerical=4.563845310 shared_exact=True fallback_exact=0
[124/1000] numerical=3.680644642 shared_exact=True fallback_exact=0
[125/1000] numerical=4.085636009 shared_exact=True fallback_exact=0
[126/1000] numerical=3.180483167 shared_exact=True fallback_exact=0
[127/1000] numerical=3.682601372 shared_exact=True fallback_exact=0
[128/1000] numerical=2.904697490 shared_exact=True fallback_exact=0
[129/1000] numerical=3.174152517 shared_exact=True fallback_exact=0
[130/1000] numerical=3.632917460 shared_exact=True fallback_exact=0
[131/1000] numerical=2.692283070 shared_exact=True fallback_exact=0
[132/1000] numerical=3.145952539 shared_exact=True fallback_exact=0
[133/1000] numerical=2.797123169 shared_exact=True fallback_exact=0
[134/1000] numerical=4.561553024 shared_exact=True fallback_exact=0
[135/1000] numerical=4.133633339 shared_exact=True fallback_exact=0
[136/1000] numerical=4.611759679 shared_exact=True fallback_exact=0
[137/1000] numerical=4.563804791 shared_exact=True fallback_exact=0
[138/1000] numerical=3.680644642 shared_exact=True fallback_exact=0
[139/1000] numerical=4.085621916 shared_exact=True fallback_exact=0
[140/1000] numerical=3.180483167 shared_exact=True fallback_exact=0
[141/1000] numerical=3.682601384 shared_exact=True fallback_exact=0
[142/1000] numerical=2.904697490 shared_exact=True fallback_exact=0
[143/1000] numerical=3.174152504 shared_exact=True fallback_exact=0
[144/1000] numerical=3.632883551 shared_exact=True fallback_exact=0
[145/1000] numerical=2.692283070 shared_exact=True fallback_exact=0
[146/1000] numerical=3.145937984 shared_exact=True fallback_exact=0
[147/1000] numerical=2.797123157 shared_exact=True fallback_exact=0
[148/1000] numerical=3.647173607 shared_exact=True fallback_exact=0
[149/1000] numerical=3.662449283 shared_exact=True fallback_exact=0
[150/1000] numerical=4.166081886 shared_exact=True fallback_exact=0
[151/1000] numerical=4.563609149 shared_exact=True fallback_exact=0
[152/1000] numerical=4.641158176 shared_exact=True fallback_exact=0
[153/1000] numerical=3.847150110 shared_exact=True fallback_exact=0
[154/1000] numerical=4.165158752 shared_exact=True fallback_exact=0
[155/1000] numerical=3.371152302 shared_exact=True fallback_exact=0
[156/1000] numerical=3.749670746 shared_exact=True fallback_exact=0
[157/1000] numerical=3.122751553 shared_exact=True fallback_exact=0
[158/1000] numerical=4.085582150 shared_exact=True fallback_exact=0
[159/1000] numerical=4.177134235 shared_exact=True fallback_exact=0
[160/1000] numerical=3.439784851 shared_exact=True fallback_exact=0
[161/1000] numerical=3.626490606 shared_exact=True fallback_exact=0
[162/1000] numerical=4.561553304 shared_exact=True fallback_exact=0
[163/1000] numerical=4.641158967 shared_exact=True fallback_exact=0
[164/1000] numerical=3.616689868 shared_exact=True fallback_exact=0
[165/1000] numerical=3.854148341 shared_exact=True fallback_exact=0
[166/1000] numerical=3.121681697 shared_exact=True fallback_exact=0
[167/1000] numerical=2.411248956 shared_exact=True fallback_exact=0
[168/1000] numerical=4.085555089 shared_exact=True fallback_exact=0
[169/1000] numerical=4.165158752 shared_exact=True fallback_exact=0
[170/1000] numerical=3.140692060 shared_exact=True fallback_exact=0
[171/1000] numerical=3.371917603 shared_exact=True fallback_exact=0
[172/1000] numerical=3.658206438 shared_exact=True fallback_exact=0
[173/1000] numerical=2.847156905 shared_exact=True fallback_exact=0
[174/1000] numerical=3.172521430 shared_exact=True fallback_exact=0
[175/1000] numerical=3.327132852 shared_exact=True fallback_exact=0
[176/1000] numerical=2.666731123 shared_exact=True fallback_exact=0
[177/1000] numerical=3.563200122 shared_exact=True fallback_exact=0
[178/1000] numerical=3.700668854 shared_exact=True fallback_exact=0
[179/1000] numerical=2.625664590 shared_exact=True fallback_exact=0
[180/1000] numerical=3.001111391 shared_exact=True fallback_exact=0
[181/1000] numerical=2.316790356 shared_exact=True fallback_exact=0
[182/1000] numerical=3.085725918 shared_exact=True fallback_exact=0
[183/1000] numerical=3.201993677 shared_exact=True fallback_exact=0
[184/1000] numerical=2.487567803 shared_exact=True fallback_exact=0
[185/1000] numerical=3.847172040 shared_exact=True fallback_exact=0
[186/1000] numerical=3.147491598 shared_exact=True fallback_exact=0
[187/1000] numerical=3.371152304 shared_exact=True fallback_exact=0
[188/1000] numerical=3.371894721 shared_exact=True fallback_exact=0
[189/1000] numerical=2.699875213 shared_exact=True fallback_exact=0
[190/1000] numerical=3.616696231 shared_exact=True fallback_exact=0
[191/1000] numerical=3.847150121 shared_exact=True fallback_exact=0
[192/1000] numerical=2.563056416 shared_exact=True fallback_exact=0
[193/1000] numerical=3.147517757 shared_exact=True fallback_exact=0
[194/1000] numerical=2.300412592 shared_exact=True fallback_exact=0
[195/1000] numerical=3.140696375 shared_exact=True fallback_exact=0
[196/1000] numerical=3.371152302 shared_exact=True fallback_exact=0
[197/1000] numerical=2.671493780 shared_exact=True fallback_exact=0
[198/1000] numerical=2.888617623 shared_exact=True fallback_exact=0
[199/1000] numerical=2.476655782 shared_exact=True fallback_exact=0
[200/1000] numerical=2.626117336 shared_exact=True fallback_exact=0
[201/1000] numerical=2.873168392 shared_exact=True fallback_exact=0
[202/1000] numerical=2.238505888 shared_exact=True fallback_exact=0
[203/1000] numerical=2.382918573 shared_exact=True fallback_exact=0
[204/1000] numerical=4.268806924 shared_exact=True fallback_exact=0
[205/1000] numerical=4.085555364 shared_exact=True fallback_exact=0
[206/1000] numerical=3.555671206 shared_exact=True fallback_exact=0
[207/1000] numerical=3.323945088 shared_exact=True fallback_exact=0
[208/1000] numerical=3.269088753 shared_exact=True fallback_exact=0
[209/1000] numerical=3.323943950 shared_exact=True fallback_exact=0
[210/1000] numerical=4.268806981 shared_exact=True fallback_exact=0
[211/1000] numerical=4.085556198 shared_exact=True fallback_exact=0
[212/1000] numerical=3.555671206 shared_exact=True fallback_exact=0
[213/1000] numerical=3.323944004 shared_exact=True fallback_exact=0
[214/1000] numerical=3.269088753 shared_exact=True fallback_exact=0
[215/1000] numerical=3.323943971 shared_exact=True fallback_exact=0
[216/1000] numerical=4.348519204 shared_exact=True fallback_exact=0
[217/1000] numerical=4.165799286 shared_exact=True fallback_exact=0
[218/1000] numerical=3.635275073 shared_exact=True fallback_exact=0
[219/1000] numerical=3.558544018 shared_exact=True fallback_exact=0
[220/1000] numerical=4.270847993 shared_exact=True fallback_exact=0
[221/1000] numerical=4.098980496 shared_exact=True fallback_exact=0
[222/1000] numerical=3.555675097 shared_exact=True fallback_exact=0
[223/1000] numerical=3.749663822 shared_exact=True fallback_exact=0
[224/1000] numerical=4.348421613 shared_exact=True fallback_exact=0
[225/1000] numerical=4.165199719 shared_exact=True fallback_exact=0
[226/1000] numerical=3.635274952 shared_exact=True fallback_exact=0
[227/1000] numerical=3.091576513 shared_exact=True fallback_exact=0
[228/1000] numerical=3.345788262 shared_exact=True fallback_exact=0
[229/1000] numerical=3.554405091 shared_exact=True fallback_exact=0
[230/1000] numerical=3.371152493 shared_exact=True fallback_exact=0
[231/1000] numerical=2.841268503 shared_exact=True fallback_exact=0
[232/1000] numerical=2.286844843 shared_exact=True fallback_exact=0
[233/1000] numerical=3.379881506 shared_exact=True fallback_exact=0
[234/1000] numerical=3.352424877 shared_exact=True fallback_exact=0
[235/1000] numerical=3.362747001 shared_exact=True fallback_exact=0
[236/1000] numerical=3.212814233 shared_exact=True fallback_exact=0
[237/1000] numerical=2.636260932 shared_exact=True fallback_exact=0
[238/1000] numerical=2.228649723 shared_exact=True fallback_exact=0
[239/1000] numerical=2.554661871 shared_exact=True fallback_exact=0
[240/1000] numerical=2.377383552 shared_exact=True fallback_exact=0
[241/1000] numerical=3.554410183 shared_exact=True fallback_exact=0
[242/1000] numerical=3.346010306 shared_exact=True fallback_exact=0
[243/1000] numerical=3.554461734 shared_exact=True fallback_exact=0
[244/1000] numerical=3.371935241 shared_exact=True fallback_exact=0
[245/1000] numerical=2.841268529 shared_exact=True fallback_exact=0
[246/1000] numerical=2.322582017 shared_exact=True fallback_exact=0
[247/1000] numerical=2.854746022 shared_exact=True fallback_exact=0
[248/1000] numerical=2.671495883 shared_exact=True fallback_exact=0
[249/1000] numerical=2.593371146 shared_exact=True fallback_exact=0
[250/1000] numerical=2.460177350 shared_exact=True fallback_exact=0
[251/1000] numerical=4.612243996 shared_exact=True fallback_exact=0
[252/1000] numerical=4.561560872 shared_exact=True fallback_exact=0
[253/1000] numerical=4.611739877 shared_exact=True fallback_exact=0
[254/1000] numerical=4.134152231 shared_exact=True fallback_exact=0
[255/1000] numerical=4.565668136 shared_exact=True fallback_exact=0
[256/1000] numerical=4.086173559 shared_exact=True fallback_exact=0
[257/1000] numerical=3.680649966 shared_exact=True fallback_exact=0
[258/1000] numerical=3.180521624 shared_exact=True fallback_exact=0
[259/1000] numerical=3.682613121 shared_exact=True fallback_exact=0
[260/1000] numerical=3.174152808 shared_exact=True fallback_exact=0
[261/1000] numerical=2.904697517 shared_exact=True fallback_exact=0
[262/1000] numerical=3.632941555 shared_exact=True fallback_exact=0
[263/1000] numerical=3.146588136 shared_exact=True fallback_exact=0
[264/1000] numerical=2.692283070 shared_exact=True fallback_exact=0
[265/1000] numerical=2.797125170 shared_exact=True fallback_exact=0
[266/1000] numerical=4.561552906 shared_exact=True fallback_exact=0
[267/1000] numerical=4.611739291 shared_exact=True fallback_exact=0
[268/1000] numerical=4.133973329 shared_exact=True fallback_exact=0
[269/1000] numerical=4.564984979 shared_exact=True fallback_exact=0
[270/1000] numerical=4.086125561 shared_exact=True fallback_exact=0
[271/1000] numerical=3.680649165 shared_exact=True fallback_exact=0
[272/1000] numerical=3.180510530 shared_exact=True fallback_exact=0
[273/1000] numerical=3.682621498 shared_exact=True fallback_exact=0
[274/1000] numerical=3.174152692 shared_exact=True fallback_exact=0
[275/1000] numerical=2.904697500 shared_exact=True fallback_exact=0
[276/1000] numerical=3.633109278 shared_exact=True fallback_exact=0
[277/1000] numerical=3.146985697 shared_exact=True fallback_exact=0
[278/1000] numerical=2.692283070 shared_exact=True fallback_exact=0
[279/1000] numerical=2.797132781 shared_exact=True fallback_exact=0
[280/1000] numerical=3.647262983 shared_exact=True fallback_exact=0
[281/1000] numerical=3.662457600 shared_exact=True fallback_exact=0
[282/1000] numerical=4.564681749 shared_exact=True fallback_exact=0
[283/1000] numerical=4.168761138 shared_exact=True fallback_exact=0
[284/1000] numerical=4.641193138 shared_exact=True fallback_exact=0
[285/1000] numerical=4.165161520 shared_exact=True fallback_exact=0
[286/1000] numerical=3.847165456 shared_exact=True fallback_exact=0
[287/1000] numerical=3.371152306 shared_exact=True fallback_exact=0
[288/1000] numerical=3.626490843 shared_exact=True fallback_exact=0
[289/1000] numerical=4.086383464 shared_exact=True fallback_exact=0
[290/1000] numerical=4.561553020 shared_exact=True fallback_exact=0
[291/1000] numerical=4.085555005 shared_exact=True fallback_exact=0
[292/1000] numerical=3.750235365 shared_exact=True fallback_exact=0
[293/1000] numerical=3.122751553 shared_exact=True fallback_exact=0
[294/1000] numerical=4.182297079 shared_exact=True fallback_exact=0
[295/1000] numerical=4.641323024 shared_exact=True fallback_exact=0
[296/1000] numerical=3.121681697 shared_exact=True fallback_exact=0
[297/1000] numerical=4.165163972 shared_exact=True fallback_exact=0
[298/1000] numerical=3.616689922 shared_exact=True fallback_exact=0
[299/1000] numerical=3.140692062 shared_exact=True fallback_exact=0
[300/1000] numerical=3.440350865 shared_exact=True fallback_exact=0
[301/1000] numerical=3.855149865 shared_exact=True fallback_exact=0
[302/1000] numerical=2.411248956 shared_exact=True fallback_exact=0
[303/1000] numerical=3.372890243 shared_exact=True fallback_exact=0
[304/1000] numerical=3.658273107 shared_exact=True fallback_exact=0
[305/1000] numerical=3.172522807 shared_exact=True fallback_exact=0
[306/1000] numerical=2.847162899 shared_exact=True fallback_exact=0
[307/1000] numerical=3.562937193 shared_exact=True fallback_exact=0
[308/1000] numerical=3.085702900 shared_exact=True fallback_exact=0
[309/1000] numerical=3.327750956 shared_exact=True fallback_exact=0
[310/1000] numerical=3.700674103 shared_exact=True fallback_exact=0
[311/1000] numerical=2.316790356 shared_exact=True fallback_exact=0
[312/1000] numerical=3.201993688 shared_exact=True fallback_exact=0
[313/1000] numerical=2.625664590 shared_exact=True fallback_exact=0
[314/1000] numerical=2.666742908 shared_exact=True fallback_exact=0
[315/1000] numerical=3.001111497 shared_exact=True fallback_exact=0
[316/1000] numerical=2.487567803 shared_exact=True fallback_exact=0
[317/1000] numerical=3.847565357 shared_exact=True fallback_exact=0
[318/1000] numerical=3.371166650 shared_exact=True fallback_exact=0
[319/1000] numerical=3.147491643 shared_exact=True fallback_exact=0
[320/1000] numerical=3.616690159 shared_exact=True fallback_exact=0
[321/1000] numerical=3.140692061 shared_exact=True fallback_exact=0
[322/1000] numerical=3.376667647 shared_exact=True fallback_exact=0
[323/1000] numerical=3.847155518 shared_exact=True fallback_exact=0
[324/1000] numerical=2.300412592 shared_exact=True fallback_exact=0
[325/1000] numerical=3.371152884 shared_exact=True fallback_exact=0
[326/1000] numerical=2.563056415 shared_exact=True fallback_exact=0
[327/1000] numerical=2.702172631 shared_exact=True fallback_exact=0
[328/1000] numerical=3.148013912 shared_exact=True fallback_exact=0
[329/1000] numerical=2.671493835 shared_exact=True fallback_exact=0
[330/1000] numerical=2.888666948 shared_exact=True fallback_exact=0
[331/1000] numerical=2.625664590 shared_exact=True fallback_exact=0
[332/1000] numerical=2.477935866 shared_exact=True fallback_exact=0
[333/1000] numerical=2.873169243 shared_exact=True fallback_exact=0
[334/1000] numerical=2.382918573 shared_exact=True fallback_exact=0
[335/1000] numerical=2.238505929 shared_exact=True fallback_exact=0
[336/1000] numerical=4.268806893 shared_exact=True fallback_exact=0
[337/1000] numerical=3.269088753 shared_exact=True fallback_exact=0
[338/1000] numerical=4.085555118 shared_exact=True fallback_exact=0
[339/1000] numerical=3.555671206 shared_exact=True fallback_exact=0
[340/1000] numerical=3.323944714 shared_exact=True fallback_exact=0
[341/1000] numerical=3.323943959 shared_exact=True fallback_exact=0
[342/1000] numerical=4.268806898 shared_exact=True fallback_exact=0
[343/1000] numerical=3.269088753 shared_exact=True fallback_exact=0
[344/1000] numerical=4.085555110 shared_exact=True fallback_exact=0
[345/1000] numerical=3.555671206 shared_exact=True fallback_exact=0
[346/1000] numerical=3.323945868 shared_exact=True fallback_exact=0
[347/1000] numerical=3.323943973 shared_exact=True fallback_exact=0
[348/1000] numerical=4.269452201 shared_exact=True fallback_exact=0
[349/1000] numerical=3.352383419 shared_exact=True fallback_exact=0
[350/1000] numerical=4.098950018 shared_exact=True fallback_exact=0
[351/1000] numerical=3.555671330 shared_exact=True fallback_exact=0
[352/1000] numerical=3.749663824 shared_exact=True fallback_exact=0
[353/1000] numerical=4.348412453 shared_exact=True fallback_exact=0
[354/1000] numerical=4.348410717 shared_exact=True fallback_exact=0
[355/1000] numerical=3.379846241 shared_exact=True fallback_exact=0
[356/1000] numerical=3.362737405 shared_exact=True fallback_exact=0
[357/1000] numerical=4.165235117 shared_exact=True fallback_exact=0
[358/1000] numerical=4.165158786 shared_exact=True fallback_exact=0
[359/1000] numerical=3.212803662 shared_exact=True fallback_exact=0
[360/1000] numerical=3.635277036 shared_exact=True fallback_exact=0
[361/1000] numerical=3.635274955 shared_exact=True fallback_exact=0
[362/1000] numerical=2.636260932 shared_exact=True fallback_exact=0
[363/1000] numerical=3.091576513 shared_exact=True fallback_exact=0
[364/1000] numerical=2.228649723 shared_exact=True fallback_exact=0
[365/1000] numerical=3.345739284 shared_exact=True fallback_exact=0
[366/1000] numerical=3.556806557 shared_exact=True fallback_exact=0
[367/1000] numerical=3.554404192 shared_exact=True fallback_exact=0
[368/1000] numerical=2.554661775 shared_exact=True fallback_exact=0
[369/1000] numerical=3.371152302 shared_exact=True fallback_exact=0
[370/1000] numerical=2.377375621 shared_exact=True fallback_exact=0
[371/1000] numerical=2.841268506 shared_exact=True fallback_exact=0
[372/1000] numerical=2.286844843 shared_exact=True fallback_exact=0
[373/1000] numerical=3.345738405 shared_exact=True fallback_exact=0
[374/1000] numerical=3.554404194 shared_exact=True fallback_exact=0
[375/1000] numerical=3.554405320 shared_exact=True fallback_exact=0
[376/1000] numerical=2.593326409 shared_exact=True fallback_exact=0
[377/1000] numerical=3.371212243 shared_exact=True fallback_exact=0
[378/1000] numerical=2.460176453 shared_exact=True fallback_exact=0
[379/1000] numerical=2.841268503 shared_exact=True fallback_exact=0
[380/1000] numerical=2.322582017 shared_exact=True fallback_exact=0
[381/1000] numerical=2.854745668 shared_exact=True fallback_exact=0
[382/1000] numerical=2.671493780 shared_exact=True fallback_exact=0
[383/1000] numerical=4.611739884 shared_exact=True fallback_exact=0
[384/1000] numerical=4.611739628 shared_exact=True fallback_exact=0
[385/1000] numerical=4.133633336 shared_exact=True fallback_exact=0
[386/1000] numerical=4.561561851 shared_exact=True fallback_exact=0
[387/1000] numerical=4.563603191 shared_exact=True fallback_exact=0
[388/1000] numerical=3.682601205 shared_exact=True fallback_exact=0
[389/1000] numerical=4.085606118 shared_exact=True fallback_exact=0
[390/1000] numerical=3.174152493 shared_exact=True fallback_exact=0
[391/1000] numerical=3.680644656 shared_exact=True fallback_exact=0
[392/1000] numerical=2.904697490 shared_exact=True fallback_exact=0
[393/1000] numerical=3.180483185 shared_exact=True fallback_exact=0
[394/1000] numerical=3.632756576 shared_exact=True fallback_exact=0
[395/1000] numerical=2.797122246 shared_exact=True fallback_exact=0
[396/1000] numerical=3.145787681 shared_exact=True fallback_exact=0
[397/1000] numerical=2.692283070 shared_exact=True fallback_exact=0
[398/1000] numerical=4.611740999 shared_exact=True fallback_exact=0
[399/1000] numerical=4.133633336 shared_exact=True fallback_exact=0
[400/1000] numerical=4.561571225 shared_exact=True fallback_exact=0
[401/1000] numerical=4.563696430 shared_exact=True fallback_exact=0
[402/1000] numerical=3.682601205 shared_exact=True fallback_exact=0
[403/1000] numerical=4.085626725 shared_exact=True fallback_exact=0
[404/1000] numerical=3.174152493 shared_exact=True fallback_exact=0
[405/1000] numerical=3.680644647 shared_exact=True fallback_exact=0
[406/1000] numerical=2.904697490 shared_exact=True fallback_exact=0
[407/1000] numerical=3.180483185 shared_exact=True fallback_exact=0
[408/1000] numerical=3.632752550 shared_exact=True fallback_exact=0
[409/1000] numerical=2.797122246 shared_exact=True fallback_exact=0
[410/1000] numerical=3.145804462 shared_exact=True fallback_exact=0
[411/1000] numerical=2.692283070 shared_exact=True fallback_exact=0
[412/1000] numerical=3.647056951 shared_exact=True fallback_exact=0
[413/1000] numerical=3.626503869 shared_exact=True fallback_exact=0
[414/1000] numerical=4.085556309 shared_exact=True fallback_exact=0
[415/1000] numerical=4.563535892 shared_exact=True fallback_exact=0
[416/1000] numerical=4.561553454 shared_exact=True fallback_exact=0
[417/1000] numerical=3.562937187 shared_exact=True fallback_exact=0
[418/1000] numerical=4.085555008 shared_exact=True fallback_exact=0
[419/1000] numerical=3.085702900 shared_exact=True fallback_exact=0
[420/1000] numerical=3.749664738 shared_exact=True fallback_exact=0
[421/1000] numerical=3.122751553 shared_exact=True fallback_exact=0
[422/1000] numerical=4.165383799 shared_exact=True fallback_exact=0
[423/1000] numerical=4.177130636 shared_exact=True fallback_exact=0
[424/1000] numerical=3.327132852 shared_exact=True fallback_exact=0
[425/1000] numerical=3.662444041 shared_exact=True fallback_exact=0
[426/1000] numerical=4.641167523 shared_exact=True fallback_exact=0
[427/1000] numerical=4.641158386 shared_exact=True fallback_exact=0
[428/1000] numerical=3.658199509 shared_exact=True fallback_exact=0
[429/1000] numerical=3.700668839 shared_exact=True fallback_exact=0
[430/1000] numerical=3.121681697 shared_exact=True fallback_exact=0
[431/1000] numerical=2.316790356 shared_exact=True fallback_exact=0
[432/1000] numerical=4.165164830 shared_exact=True fallback_exact=0
[433/1000] numerical=4.165158757 shared_exact=True fallback_exact=0
[434/1000] numerical=3.172521404 shared_exact=True fallback_exact=0
[435/1000] numerical=3.201993677 shared_exact=True fallback_exact=0
[436/1000] numerical=3.616690160 shared_exact=True fallback_exact=0
[437/1000] numerical=2.625664590 shared_exact=True fallback_exact=0
[438/1000] numerical=3.140692100 shared_exact=True fallback_exact=0
[439/1000] numerical=3.439784851 shared_exact=True fallback_exact=0
[440/1000] numerical=2.666731123 shared_exact=True fallback_exact=0
[441/1000] numerical=3.847164043 shared_exact=True fallback_exact=0
[442/1000] numerical=3.854187857 shared_exact=True fallback_exact=0
[443/1000] numerical=2.847157086 shared_exact=True fallback_exact=0
[444/1000] numerical=3.001111391 shared_exact=True fallback_exact=0
[445/1000] numerical=2.411248956 shared_exact=True fallback_exact=0
[446/1000] numerical=3.371152427 shared_exact=True fallback_exact=0
[447/1000] numerical=3.372059665 shared_exact=True fallback_exact=0
[448/1000] numerical=2.487567803 shared_exact=True fallback_exact=0
[449/1000] numerical=3.616692664 shared_exact=True fallback_exact=0
[450/1000] numerical=2.625664590 shared_exact=True fallback_exact=0
[451/1000] numerical=3.140692082 shared_exact=True fallback_exact=0
[452/1000] numerical=3.371725292 shared_exact=True fallback_exact=0
[453/1000] numerical=2.476655782 shared_exact=True fallback_exact=0
[454/1000] numerical=3.847199959 shared_exact=True fallback_exact=0
[455/1000] numerical=3.847150139 shared_exact=True fallback_exact=0
[456/1000] numerical=2.888615993 shared_exact=True fallback_exact=0
[457/1000] numerical=2.873168375 shared_exact=True fallback_exact=0
[458/1000] numerical=2.300412592 shared_exact=True fallback_exact=0
[459/1000] numerical=3.371154868 shared_exact=True fallback_exact=0
[460/1000] numerical=3.371152316 shared_exact=True fallback_exact=0
[461/1000] numerical=2.382918573 shared_exact=True fallback_exact=0
[462/1000] numerical=2.563091048 shared_exact=True fallback_exact=0
[463/1000] numerical=2.699875202 shared_exact=True fallback_exact=0
[464/1000] numerical=3.147502500 shared_exact=True fallback_exact=0
[465/1000] numerical=3.147563005 shared_exact=True fallback_exact=0
[466/1000] numerical=2.238505888 shared_exact=True fallback_exact=0
[467/1000] numerical=2.671493937 shared_exact=True fallback_exact=0
[468/1000] numerical=3.628648198 shared_exact=True fallback_exact=0
[469/1000] numerical=3.621325683 shared_exact=True fallback_exact=0
[470/1000] numerical=3.291519565 shared_exact=True fallback_exact=0
[471/1000] numerical=3.164371005 shared_exact=True fallback_exact=0
[472/1000] numerical=3.628648335 shared_exact=True fallback_exact=0
[473/1000] numerical=3.903804632 shared_exact=True fallback_exact=0
[474/1000] numerical=3.597493248 shared_exact=True fallback_exact=0
[475/1000] numerical=3.848059747 shared_exact=True fallback_exact=0
[476/1000] numerical=3.714527118 shared_exact=True fallback_exact=0
[477/1000] numerical=3.848066359 shared_exact=True fallback_exact=0
[478/1000] numerical=3.937592376 shared_exact=True fallback_exact=0
[479/1000] numerical=3.121302314 shared_exact=True fallback_exact=0
[480/1000] numerical=3.230384392 shared_exact=True fallback_exact=0
[481/1000] numerical=2.430939858 shared_exact=True fallback_exact=0
[482/1000] numerical=3.121302779 shared_exact=True fallback_exact=0
[483/1000] numerical=2.266323797 shared_exact=True fallback_exact=0
[484/1000] numerical=2.430939858 shared_exact=True fallback_exact=0
[485/1000] numerical=3.546123531 shared_exact=True fallback_exact=0
[486/1000] numerical=3.746435706 shared_exact=True fallback_exact=0
[487/1000] numerical=3.790330385 shared_exact=True fallback_exact=0
[488/1000] numerical=3.629379750 shared_exact=True fallback_exact=0
[489/1000] numerical=2.608973205 shared_exact=True fallback_exact=0
[490/1000] numerical=2.635476446 shared_exact=True fallback_exact=0
[491/1000] numerical=1.702122863 shared_exact=True fallback_exact=0
[492/1000] numerical=2.866913046 shared_exact=True fallback_exact=0
[493/1000] numerical=1.817660523 shared_exact=True fallback_exact=0
[494/1000] numerical=1.816460599 shared_exact=True fallback_exact=0
[495/1000] numerical=3.314022865 shared_exact=True fallback_exact=0
[496/1000] numerical=3.413649624 shared_exact=True fallback_exact=0
[497/1000] numerical=3.733525122 shared_exact=True fallback_exact=0
[498/1000] numerical=3.542722885 shared_exact=True fallback_exact=0
[499/1000] numerical=2.463410868 shared_exact=True fallback_exact=0
[500/1000] numerical=2.733308153 shared_exact=True fallback_exact=0
checkpoint=/workspace/positive-square-energy/experiments/rank7_order8_chunk_009000_010000.r7o8g.xz.fragments/fragment-009000-009500.r7o8g.xz rows=500
[501/1000] numerical=2.865579699 shared_exact=True fallback_exact=0
[502/1000] numerical=4.342552308 shared_exact=True fallback_exact=0
[503/1000] numerical=3.903804632 shared_exact=True fallback_exact=0
[504/1000] numerical=3.597493248 shared_exact=True fallback_exact=0
[505/1000] numerical=3.406107152 shared_exact=True fallback_exact=0
[506/1000] numerical=4.000000000 shared_exact=True fallback_exact=0
[507/1000] numerical=4.250730464 shared_exact=True fallback_exact=0
[508/1000] numerical=4.218713509 shared_exact=True fallback_exact=0
[509/1000] numerical=4.119007988 shared_exact=True fallback_exact=0
[510/1000] numerical=3.170562796 shared_exact=True fallback_exact=0
[511/1000] numerical=3.092326190 shared_exact=True fallback_exact=0
[512/1000] numerical=3.351978059 shared_exact=True fallback_exact=0
[513/1000] numerical=3.621306972 shared_exact=True fallback_exact=0
[514/1000] numerical=3.291519580 shared_exact=True fallback_exact=0
[515/1000] numerical=3.164370720 shared_exact=True fallback_exact=0
[516/1000] numerical=3.406063205 shared_exact=True fallback_exact=0
[517/1000] numerical=4.218713507 shared_exact=True fallback_exact=0
[518/1000] numerical=4.250730455 shared_exact=True fallback_exact=0
[519/1000] numerical=4.000000095 shared_exact=True fallback_exact=0
[520/1000] numerical=4.119011791 shared_exact=True fallback_exact=0
[521/1000] numerical=3.351978033 shared_exact=True fallback_exact=0
[522/1000] numerical=3.092326190 shared_exact=True fallback_exact=0
[523/1000] numerical=3.170563016 shared_exact=True fallback_exact=0
[524/1000] numerical=3.790330124 shared_exact=True fallback_exact=0
[525/1000] numerical=3.746435705 shared_exact=True fallback_exact=0
[526/1000] numerical=3.546123583 shared_exact=True fallback_exact=0
[527/1000] numerical=3.629388789 shared_exact=True fallback_exact=0
[528/1000] numerical=2.866913046 shared_exact=True fallback_exact=0
[529/1000] numerical=2.635476446 shared_exact=True fallback_exact=0
[530/1000] numerical=1.816460599 shared_exact=True fallback_exact=0
[531/1000] numerical=2.608973233 shared_exact=True fallback_exact=0
[532/1000] numerical=1.817660523 shared_exact=True fallback_exact=0
[533/1000] numerical=1.702122863 shared_exact=True fallback_exact=0
[534/1000] numerical=3.733524800 shared_exact=True fallback_exact=0
[535/1000] numerical=3.413513725 shared_exact=True fallback_exact=0
[536/1000] numerical=3.314131250 shared_exact=True fallback_exact=0
[537/1000] numerical=3.542722035 shared_exact=True fallback_exact=0
[538/1000] numerical=2.865577692 shared_exact=True fallback_exact=0
[539/1000] numerical=2.733307908 shared_exact=True fallback_exact=0
[540/1000] numerical=2.463410868 shared_exact=True fallback_exact=0
[541/1000] numerical=3.377560253 shared_exact=True fallback_exact=0
[542/1000] numerical=3.268545487 shared_exact=True fallback_exact=0
[543/1000] numerical=3.377556708 shared_exact=True fallback_exact=0
[544/1000] numerical=3.193142893 shared_exact=True fallback_exact=0
[545/1000] numerical=2.115102313 shared_exact=True fallback_exact=0
[546/1000] numerical=2.171110010 shared_exact=True fallback_exact=0
[547/1000] numerical=2.115102314 shared_exact=True fallback_exact=0
[548/1000] numerical=4.088606314 shared_exact=True fallback_exact=0
[549/1000] numerical=4.409996717 shared_exact=True fallback_exact=0
[550/1000] numerical=4.270282642 shared_exact=True fallback_exact=0
[551/1000] numerical=3.261883239 shared_exact=True fallback_exact=0
[552/1000] numerical=3.545190324 shared_exact=True fallback_exact=0
[553/1000] numerical=3.532750747 shared_exact=True fallback_exact=0
[554/1000] numerical=3.631658063 shared_exact=True fallback_exact=0
[555/1000] numerical=3.086837881 shared_exact=True fallback_exact=0
[556/1000] numerical=4.088649967 shared_exact=True fallback_exact=0
[557/1000] numerical=4.000000000 shared_exact=True fallback_exact=0
[558/1000] numerical=3.105188926 shared_exact=True fallback_exact=0
[559/1000] numerical=3.631658063 shared_exact=True fallback_exact=0
[560/1000] numerical=4.270290940 shared_exact=True fallback_exact=0
[561/1000] numerical=4.115024049 shared_exact=True fallback_exact=0
[562/1000] numerical=3.532750630 shared_exact=True fallback_exact=0
[563/1000] numerical=3.134122495 shared_exact=True fallback_exact=0
[564/1000] numerical=3.070231155 shared_exact=True fallback_exact=0
[565/1000] numerical=3.545190317 shared_exact=True fallback_exact=0
[566/1000] numerical=3.378126866 shared_exact=True fallback_exact=0
[567/1000] numerical=2.339643705 shared_exact=True fallback_exact=0
[568/1000] numerical=3.105188926 shared_exact=True fallback_exact=0
[569/1000] numerical=3.261892503 shared_exact=True fallback_exact=0
[570/1000] numerical=3.134122710 shared_exact=True fallback_exact=0
[571/1000] numerical=2.199905601 shared_exact=True fallback_exact=0
[572/1000] numerical=2.339646532 shared_exact=True fallback_exact=0
[573/1000] numerical=4.268806893 shared_exact=True fallback_exact=0
[574/1000] numerical=3.323943949 shared_exact=True fallback_exact=0
[575/1000] numerical=3.269088753 shared_exact=True fallback_exact=0
[576/1000] numerical=3.555671206 shared_exact=True fallback_exact=0
[577/1000] numerical=4.085555009 shared_exact=True fallback_exact=0
[578/1000] numerical=3.323944004 shared_exact=True fallback_exact=0
[579/1000] numerical=4.268806893 shared_exact=True fallback_exact=0
[580/1000] numerical=3.323943948 shared_exact=True fallback_exact=0
[581/1000] numerical=3.269088753 shared_exact=True fallback_exact=0
[582/1000] numerical=3.555671206 shared_exact=True fallback_exact=0
[583/1000] numerical=4.085555007 shared_exact=True fallback_exact=0
[584/1000] numerical=3.323943993 shared_exact=True fallback_exact=0
[585/1000] numerical=4.348410644 shared_exact=True fallback_exact=0
[586/1000] numerical=3.556694999 shared_exact=True fallback_exact=0
[587/1000] numerical=4.269184341 shared_exact=True fallback_exact=0
[588/1000] numerical=4.348410639 shared_exact=True fallback_exact=0
[589/1000] numerical=3.345737090 shared_exact=True fallback_exact=0
[590/1000] numerical=3.554404190 shared_exact=True fallback_exact=0
[591/1000] numerical=3.379846241 shared_exact=True fallback_exact=0
[592/1000] numerical=3.352383419 shared_exact=True fallback_exact=0
[593/1000] numerical=3.362737405 shared_exact=True fallback_exact=0
[594/1000] numerical=2.554661775 shared_exact=True fallback_exact=0
[595/1000] numerical=3.635274952 shared_exact=True fallback_exact=0
[596/1000] numerical=3.555671420 shared_exact=True fallback_exact=0
[597/1000] numerical=3.635274952 shared_exact=True fallback_exact=0
[598/1000] numerical=2.841268503 shared_exact=True fallback_exact=0
[599/1000] numerical=2.636260932 shared_exact=True fallback_exact=0
[600/1000] numerical=3.749663822 shared_exact=True fallback_exact=0
[601/1000] numerical=4.165314788 shared_exact=True fallback_exact=0
[602/1000] numerical=4.098952317 shared_exact=True fallback_exact=0
[603/1000] numerical=4.165158757 shared_exact=True fallback_exact=0
[604/1000] numerical=3.371152302 shared_exact=True fallback_exact=0
[605/1000] numerical=3.212803662 shared_exact=True fallback_exact=0
[606/1000] numerical=2.377375621 shared_exact=True fallback_exact=0
[607/1000] numerical=3.091576518 shared_exact=True fallback_exact=0
[608/1000] numerical=2.286844843 shared_exact=True fallback_exact=0
[609/1000] numerical=2.228649723 shared_exact=True fallback_exact=0
[610/1000] numerical=3.554404190 shared_exact=True fallback_exact=0
[611/1000] numerical=3.345747041 shared_exact=True fallback_exact=0
[612/1000] numerical=3.554404274 shared_exact=True fallback_exact=0
[613/1000] numerical=2.854745667 shared_exact=True fallback_exact=0
[614/1000] numerical=2.593326409 shared_exact=True fallback_exact=0
[615/1000] numerical=2.841268503 shared_exact=True fallback_exact=0
[616/1000] numerical=3.371295107 shared_exact=True fallback_exact=0
[617/1000] numerical=2.671493780 shared_exact=True fallback_exact=0
[618/1000] numerical=2.460176453 shared_exact=True fallback_exact=0
[619/1000] numerical=2.322582017 shared_exact=True fallback_exact=0
[620/1000] numerical=4.611741721 shared_exact=True fallback_exact=0
[621/1000] numerical=4.133633338 shared_exact=True fallback_exact=0
[622/1000] numerical=4.561552814 shared_exact=True fallback_exact=0
[623/1000] numerical=4.611739273 shared_exact=True fallback_exact=0
[624/1000] numerical=4.563384125 shared_exact=True fallback_exact=0
[625/1000] numerical=3.680644643 shared_exact=True fallback_exact=0
[626/1000] numerical=3.682601205 shared_exact=True fallback_exact=0
[627/1000] numerical=2.904697490 shared_exact=True fallback_exact=0
[628/1000] numerical=4.085560525 shared_exact=True fallback_exact=0
[629/1000] numerical=3.180483167 shared_exact=True fallback_exact=0
[630/1000] numerical=3.174152493 shared_exact=True fallback_exact=0
[631/1000] numerical=3.632754265 shared_exact=True fallback_exact=0
[632/1000] numerical=2.692283070 shared_exact=True fallback_exact=0
[633/1000] numerical=2.797122246 shared_exact=True fallback_exact=0
[634/1000] numerical=3.145780231 shared_exact=True fallback_exact=0
[635/1000] numerical=4.133633338 shared_exact=True fallback_exact=0
[636/1000] numerical=4.561552817 shared_exact=True fallback_exact=0
[637/1000] numerical=4.611740521 shared_exact=True fallback_exact=0
[638/1000] numerical=4.563389540 shared_exact=True fallback_exact=0
[639/1000] numerical=3.680644642 shared_exact=True fallback_exact=0
[640/1000] numerical=3.682601205 shared_exact=True fallback_exact=0
[641/1000] numerical=2.904697490 shared_exact=True fallback_exact=0
[642/1000] numerical=4.085561558 shared_exact=True fallback_exact=0
[643/1000] numerical=3.180483167 shared_exact=True fallback_exact=0
[644/1000] numerical=3.174152493 shared_exact=True fallback_exact=0
[645/1000] numerical=3.632750748 shared_exact=True fallback_exact=0
[646/1000] numerical=2.692283070 shared_exact=True fallback_exact=0
[647/1000] numerical=2.797122246 shared_exact=True fallback_exact=0
[648/1000] numerical=3.145753728 shared_exact=True fallback_exact=0
[649/1000] numerical=3.647054000 shared_exact=True fallback_exact=0
[650/1000] numerical=3.749665953 shared_exact=True fallback_exact=0
[651/1000] numerical=4.165563208 shared_exact=True fallback_exact=0
[652/1000] numerical=4.085561043 shared_exact=True fallback_exact=0
[653/1000] numerical=4.177131883 shared_exact=True fallback_exact=0
[654/1000] numerical=3.439784851 shared_exact=True fallback_exact=0
[655/1000] numerical=3.327132852 shared_exact=True fallback_exact=0
[656/1000] numerical=2.666731123 shared_exact=True fallback_exact=0
[657/1000] numerical=3.121681697 shared_exact=True fallback_exact=0
[658/1000] numerical=2.411248956 shared_exact=True fallback_exact=0
[659/1000] numerical=2.316790356 shared_exact=True fallback_exact=0
[660/1000] numerical=3.122751553 shared_exact=True fallback_exact=0
[661/1000] numerical=3.662444041 shared_exact=True fallback_exact=0
[662/1000] numerical=4.562844442 shared_exact=True fallback_exact=0
[663/1000] numerical=4.641156566 shared_exact=True fallback_exact=0
[664/1000] numerical=3.847150110 shared_exact=True fallback_exact=0
[665/1000] numerical=3.626490606 shared_exact=True fallback_exact=0
[666/1000] numerical=4.561571866 shared_exact=True fallback_exact=0
[667/1000] numerical=4.641156561 shared_exact=True fallback_exact=0
[668/1000] numerical=3.616689869 shared_exact=True fallback_exact=0
[669/1000] numerical=3.854148086 shared_exact=True fallback_exact=0
[670/1000] numerical=3.658199508 shared_exact=True fallback_exact=0
[671/1000] numerical=2.847156895 shared_exact=True fallback_exact=0
[672/1000] numerical=3.562937396 shared_exact=True fallback_exact=0
[673/1000] numerical=3.700668839 shared_exact=True fallback_exact=0
[674/1000] numerical=2.625664590 shared_exact=True fallback_exact=0
[675/1000] numerical=3.001111391 shared_exact=True fallback_exact=0
[676/1000] numerical=4.165158752 shared_exact=True fallback_exact=0
[677/1000] numerical=3.371152302 shared_exact=True fallback_exact=0
[678/1000] numerical=4.085555016 shared_exact=True fallback_exact=0
[679/1000] numerical=4.165158752 shared_exact=True fallback_exact=0
[680/1000] numerical=3.140692060 shared_exact=True fallback_exact=0
[681/1000] numerical=3.371944409 shared_exact=True fallback_exact=0
[682/1000] numerical=3.172521404 shared_exact=True fallback_exact=0
[683/1000] numerical=3.085702900 shared_exact=True fallback_exact=0
[684/1000] numerical=3.201993677 shared_exact=True fallback_exact=0
[685/1000] numerical=2.487567803 shared_exact=True fallback_exact=0
[686/1000] numerical=3.371916706 shared_exact=True fallback_exact=0
[687/1000] numerical=2.699875235 shared_exact=True fallback_exact=0
[688/1000] numerical=2.476655782 shared_exact=True fallback_exact=0
[689/1000] numerical=2.300412592 shared_exact=True fallback_exact=0
[690/1000] numerical=3.847153554 shared_exact=True fallback_exact=0
[691/1000] numerical=3.147491588 shared_exact=True fallback_exact=0
[692/1000] numerical=3.616714516 shared_exact=True fallback_exact=0
[693/1000] numerical=3.847150110 shared_exact=True fallback_exact=0
[694/1000] numerical=2.563056415 shared_exact=True fallback_exact=0
[695/1000] numerical=3.147515306 shared_exact=True fallback_exact=0
[696/1000] numerical=2.888615993 shared_exact=True fallback_exact=0
[697/1000] numerical=2.625665589 shared_exact=True fallback_exact=0
[698/1000] numerical=2.873168375 shared_exact=True fallback_exact=0
[699/1000] numerical=2.238505888 shared_exact=True fallback_exact=0
[700/1000] numerical=3.371152313 shared_exact=True fallback_exact=0
[701/1000] numerical=3.140698953 shared_exact=True fallback_exact=0
[702/1000] numerical=3.371152302 shared_exact=True fallback_exact=0
[703/1000] numerical=2.671493781 shared_exact=True fallback_exact=0
[704/1000] numerical=2.382918573 shared_exact=True fallback_exact=0
[705/1000] numerical=3.560023926 shared_exact=True fallback_exact=0
[706/1000] numerical=3.141501489 shared_exact=True fallback_exact=0
[707/1000] numerical=3.921529844 shared_exact=True fallback_exact=0
[708/1000] numerical=3.754631006 shared_exact=True fallback_exact=0
[709/1000] numerical=3.442506543 shared_exact=True fallback_exact=0
[710/1000] numerical=3.331431076 shared_exact=True fallback_exact=0
[711/1000] numerical=3.585992376 shared_exact=True fallback_exact=0
[712/1000] numerical=3.768053781 shared_exact=True fallback_exact=0
[713/1000] numerical=3.847949044 shared_exact=True fallback_exact=0
[714/1000] numerical=3.656749697 shared_exact=True fallback_exact=0
[715/1000] numerical=2.592909611 shared_exact=True fallback_exact=0
[716/1000] numerical=2.723469494 shared_exact=True fallback_exact=0
[717/1000] numerical=2.901068507 shared_exact=True fallback_exact=0
[718/1000] numerical=3.862017757 shared_exact=True fallback_exact=0
[719/1000] numerical=3.805180345 shared_exact=True fallback_exact=0
[720/1000] numerical=3.386039481 shared_exact=True fallback_exact=0
[721/1000] numerical=3.292450522 shared_exact=True fallback_exact=0
[722/1000] numerical=3.412401435 shared_exact=True fallback_exact=0
[723/1000] numerical=2.707029232 shared_exact=True fallback_exact=0
[724/1000] numerical=2.634398873 shared_exact=True fallback_exact=0
[725/1000] numerical=3.473495075 shared_exact=True fallback_exact=0
[726/1000] numerical=3.652018234 shared_exact=True fallback_exact=0
[727/1000] numerical=3.926648982 shared_exact=True fallback_exact=0
[728/1000] numerical=3.589865688 shared_exact=True fallback_exact=0
[729/1000] numerical=3.778415226 shared_exact=True fallback_exact=0
[730/1000] numerical=3.114339079 shared_exact=True fallback_exact=0
[731/1000] numerical=2.816608965 shared_exact=True fallback_exact=0
[732/1000] numerical=3.088390815 shared_exact=True fallback_exact=0
[733/1000] numerical=2.177828058 shared_exact=True fallback_exact=0
[734/1000] numerical=3.302725203 shared_exact=True fallback_exact=0
[735/1000] numerical=3.139926463 shared_exact=True fallback_exact=0
[736/1000] numerical=2.141615899 shared_exact=True fallback_exact=0
[737/1000] numerical=2.800491189 shared_exact=True fallback_exact=0
[738/1000] numerical=3.541720363 shared_exact=True fallback_exact=0
[739/1000] numerical=3.460864170 shared_exact=True fallback_exact=0
[740/1000] numerical=2.584648656 shared_exact=True fallback_exact=0
[741/1000] numerical=3.356529202 shared_exact=True fallback_exact=0
[742/1000] numerical=2.703569607 shared_exact=True fallback_exact=0
[743/1000] numerical=2.452829602 shared_exact=True fallback_exact=0
[744/1000] numerical=1.512167201 shared_exact=True fallback_exact=0
[745/1000] numerical=2.168389370 shared_exact=True fallback_exact=0
[746/1000] numerical=2.783733168 shared_exact=True fallback_exact=0
[747/1000] numerical=2.719764933 shared_exact=True fallback_exact=0
[748/1000] numerical=1.866186766 shared_exact=True fallback_exact=0
[749/1000] numerical=4.180735631 shared_exact=True fallback_exact=0
[750/1000] numerical=3.209200019 shared_exact=True fallback_exact=0
[751/1000] numerical=3.209200878 shared_exact=True fallback_exact=0
[752/1000] numerical=3.215644430 shared_exact=True fallback_exact=0
[753/1000] numerical=4.052715774 shared_exact=True fallback_exact=0
[754/1000] numerical=3.386634806 shared_exact=True fallback_exact=0
[755/1000] numerical=4.108590388 shared_exact=True fallback_exact=0
[756/1000] numerical=4.276568106 shared_exact=True fallback_exact=0
[757/1000] numerical=4.270895197 shared_exact=True fallback_exact=0
[758/1000] numerical=4.379026297 shared_exact=True fallback_exact=0
[759/1000] numerical=4.313188457 shared_exact=True fallback_exact=0
[760/1000] numerical=3.304212581 shared_exact=True fallback_exact=0
[761/1000] numerical=3.460421098 shared_exact=True fallback_exact=0
[762/1000] numerical=2.502828120 shared_exact=True fallback_exact=0
[763/1000] numerical=3.499093525 shared_exact=True fallback_exact=0
[764/1000] numerical=2.453243342 shared_exact=True fallback_exact=0
[765/1000] numerical=2.762513074 shared_exact=True fallback_exact=0
[766/1000] numerical=3.592722684 shared_exact=True fallback_exact=0
[767/1000] numerical=2.568856731 shared_exact=True fallback_exact=0
[768/1000] numerical=2.749606588 shared_exact=True fallback_exact=0
[769/1000] numerical=2.739034850 shared_exact=True fallback_exact=0
[770/1000] numerical=4.108268512 shared_exact=True fallback_exact=0
[771/1000] numerical=4.276568215 shared_exact=True fallback_exact=0
[772/1000] numerical=4.379026274 shared_exact=True fallback_exact=0
[773/1000] numerical=4.270896073 shared_exact=True fallback_exact=0
[774/1000] numerical=4.313186824 shared_exact=True fallback_exact=0
[775/1000] numerical=3.460342221 shared_exact=True fallback_exact=0
[776/1000] numerical=3.304212581 shared_exact=True fallback_exact=0
[777/1000] numerical=2.502828120 shared_exact=True fallback_exact=0
[778/1000] numerical=3.499093357 shared_exact=True fallback_exact=0
[779/1000] numerical=2.762513045 shared_exact=True fallback_exact=0
[780/1000] numerical=2.453243342 shared_exact=True fallback_exact=0
[781/1000] numerical=3.592722601 shared_exact=True fallback_exact=0
[782/1000] numerical=2.749598893 shared_exact=True fallback_exact=0
[783/1000] numerical=2.568856731 shared_exact=True fallback_exact=0
[784/1000] numerical=2.738816189 shared_exact=True fallback_exact=0
[785/1000] numerical=3.804005995 shared_exact=True fallback_exact=0
[786/1000] numerical=4.269240528 shared_exact=True fallback_exact=0
[787/1000] numerical=4.297965669 shared_exact=True fallback_exact=0
[788/1000] numerical=4.299264410 shared_exact=True fallback_exact=0
[789/1000] numerical=4.393481253 shared_exact=True fallback_exact=0
[790/1000] numerical=3.537308257 shared_exact=True fallback_exact=0
[791/1000] numerical=3.537399258 shared_exact=True fallback_exact=0
[792/1000] numerical=2.758691966 shared_exact=True fallback_exact=0
[793/1000] numerical=3.670069338 shared_exact=True fallback_exact=0
[794/1000] numerical=2.901225459 shared_exact=True fallback_exact=0
[795/1000] numerical=2.901228730 shared_exact=True fallback_exact=0
[796/1000] numerical=3.165240295 shared_exact=True fallback_exact=0
[797/1000] numerical=4.111716238 shared_exact=True fallback_exact=0
[798/1000] numerical=4.111551384 shared_exact=True fallback_exact=0
[799/1000] numerical=4.085627121 shared_exact=True fallback_exact=0
[800/1000] numerical=3.114721140 shared_exact=True fallback_exact=0
[801/1000] numerical=3.114721147 shared_exact=True fallback_exact=0
[802/1000] numerical=2.186188800 shared_exact=True fallback_exact=0
[803/1000] numerical=3.222874241 shared_exact=True fallback_exact=0
[804/1000] numerical=4.085697782 shared_exact=True fallback_exact=0
[805/1000] numerical=4.128368769 shared_exact=True fallback_exact=0
[806/1000] numerical=3.323524268 shared_exact=True fallback_exact=0
[807/1000] numerical=3.222874241 shared_exact=True fallback_exact=0
[808/1000] numerical=4.128758529 shared_exact=True fallback_exact=0
[809/1000] numerical=4.206335890 shared_exact=True fallback_exact=0
[810/1000] numerical=3.204461316 shared_exact=True fallback_exact=0
[811/1000] numerical=3.351942652 shared_exact=True fallback_exact=0
[812/1000] numerical=3.204461316 shared_exact=True fallback_exact=0
[813/1000] numerical=2.450771598 shared_exact=True fallback_exact=0
[814/1000] numerical=3.323524331 shared_exact=True fallback_exact=0
[815/1000] numerical=3.352062786 shared_exact=True fallback_exact=0
[816/1000] numerical=2.450771598 shared_exact=True fallback_exact=0
[817/1000] numerical=2.548280220 shared_exact=True fallback_exact=0
[818/1000] numerical=3.150451684 shared_exact=True fallback_exact=0
[819/1000] numerical=2.116080256 shared_exact=True fallback_exact=0
[820/1000] numerical=2.116080256 shared_exact=True fallback_exact=0
[821/1000] numerical=3.320651740 shared_exact=True fallback_exact=0
[822/1000] numerical=2.598225065 shared_exact=True fallback_exact=0
[823/1000] numerical=3.321276035 shared_exact=True fallback_exact=0
[824/1000] numerical=3.486617939 shared_exact=True fallback_exact=0
[825/1000] numerical=2.339832536 shared_exact=True fallback_exact=0
[826/1000] numerical=2.709229754 shared_exact=True fallback_exact=0
[827/1000] numerical=2.339832536 shared_exact=True fallback_exact=0
[828/1000] numerical=2.598225608 shared_exact=True fallback_exact=0
[829/1000] numerical=2.709366517 shared_exact=True fallback_exact=0
[830/1000] numerical=1.961128428 shared_exact=True fallback_exact=0
[831/1000] numerical=3.685524639 shared_exact=True fallback_exact=0
[832/1000] numerical=2.842297689 shared_exact=True fallback_exact=0
[833/1000] numerical=2.842353294 shared_exact=True fallback_exact=0
[834/1000] numerical=2.955518283 shared_exact=True fallback_exact=0
[835/1000] numerical=3.000013247 shared_exact=True fallback_exact=0
[836/1000] numerical=2.085399452 shared_exact=True fallback_exact=0
[837/1000] numerical=2.085399457 shared_exact=True fallback_exact=0
[838/1000] numerical=3.103623340 shared_exact=True fallback_exact=0
[839/1000] numerical=2.357548548 shared_exact=True fallback_exact=0
[840/1000] numerical=3.103654339 shared_exact=True fallback_exact=0
[841/1000] numerical=3.117920931 shared_exact=True fallback_exact=0
[842/1000] numerical=2.237709139 shared_exact=True fallback_exact=0
[843/1000] numerical=2.309966073 shared_exact=True fallback_exact=0
[844/1000] numerical=2.237709139 shared_exact=True fallback_exact=0
[845/1000] numerical=2.357548582 shared_exact=True fallback_exact=0
[846/1000] numerical=2.309966129 shared_exact=True fallback_exact=0
[847/1000] numerical=1.441627746 shared_exact=True fallback_exact=0
[848/1000] numerical=2.071299637 shared_exact=True fallback_exact=0
[849/1000] numerical=2.306258451 shared_exact=True fallback_exact=0
[850/1000] numerical=2.306316340 shared_exact=True fallback_exact=0
[851/1000] numerical=2.400376254 shared_exact=True fallback_exact=0
[852/1000] numerical=1.658289316 shared_exact=True fallback_exact=0
[853/1000] numerical=1.658289316 shared_exact=True fallback_exact=0
[854/1000] numerical=3.769435731 shared_exact=True fallback_exact=0
[855/1000] numerical=3.895564847 shared_exact=True fallback_exact=0
[856/1000] numerical=2.895923934 shared_exact=True fallback_exact=0
[857/1000] numerical=2.939993292 shared_exact=True fallback_exact=0
[858/1000] numerical=3.558001916 shared_exact=True fallback_exact=0
[859/1000] numerical=3.000015402 shared_exact=True fallback_exact=0
[860/1000] numerical=3.874358066 shared_exact=True fallback_exact=0
[861/1000] numerical=3.674614073 shared_exact=True fallback_exact=0
[862/1000] numerical=3.783154711 shared_exact=True fallback_exact=0
[863/1000] numerical=3.672537360 shared_exact=True fallback_exact=0
[864/1000] numerical=3.722109884 shared_exact=True fallback_exact=0
[865/1000] numerical=2.890041738 shared_exact=True fallback_exact=0
[866/1000] numerical=2.703958054 shared_exact=True fallback_exact=0
[867/1000] numerical=1.901674898 shared_exact=True fallback_exact=0
[868/1000] numerical=2.911571203 shared_exact=True fallback_exact=0
[869/1000] numerical=2.197238536 shared_exact=True fallback_exact=0
[870/1000] numerical=1.873960884 shared_exact=True fallback_exact=0
[871/1000] numerical=3.627457403 shared_exact=True fallback_exact=0
[872/1000] numerical=4.268806894 shared_exact=True fallback_exact=0
[873/1000] numerical=4.269269682 shared_exact=True fallback_exact=0
[874/1000] numerical=4.334225063 shared_exact=True fallback_exact=0
[875/1000] numerical=4.336651924 shared_exact=True fallback_exact=0
[876/1000] numerical=3.392627659 shared_exact=True fallback_exact=0
[877/1000] numerical=3.501269184 shared_exact=True fallback_exact=0
[878/1000] numerical=2.564135494 shared_exact=True fallback_exact=0
[879/1000] numerical=3.533547081 shared_exact=True fallback_exact=0
[880/1000] numerical=2.676263089 shared_exact=True fallback_exact=0
[881/1000] numerical=2.764908548 shared_exact=True fallback_exact=0
[882/1000] numerical=3.104184719 shared_exact=True fallback_exact=0
[883/1000] numerical=4.090951641 shared_exact=True fallback_exact=0
[884/1000] numerical=4.187318368 shared_exact=True fallback_exact=0
[885/1000] numerical=4.113277699 shared_exact=True fallback_exact=0
[886/1000] numerical=4.097778040 shared_exact=True fallback_exact=0
[887/1000] numerical=3.233510233 shared_exact=True fallback_exact=0
[888/1000] numerical=3.097849718 shared_exact=True fallback_exact=0
[889/1000] numerical=3.169753476 shared_exact=True fallback_exact=0
[890/1000] numerical=3.805078951 shared_exact=True fallback_exact=0
[891/1000] numerical=3.683786660 shared_exact=True fallback_exact=0
[892/1000] numerical=3.714754196 shared_exact=True fallback_exact=0
[893/1000] numerical=3.670922505 shared_exact=True fallback_exact=0
[894/1000] numerical=3.796203428 shared_exact=True fallback_exact=0
[895/1000] numerical=3.069837313 shared_exact=True fallback_exact=0
[896/1000] numerical=2.898326787 shared_exact=True fallback_exact=0
[897/1000] numerical=2.251775848 shared_exact=True fallback_exact=0
[898/1000] numerical=2.996224528 shared_exact=True fallback_exact=0
[899/1000] numerical=2.355553619 shared_exact=True fallback_exact=0
[900/1000] numerical=2.156659895 shared_exact=True fallback_exact=0
[901/1000] numerical=3.103822181 shared_exact=True fallback_exact=0
[902/1000] numerical=3.000322816 shared_exact=True fallback_exact=0
[903/1000] numerical=3.122357808 shared_exact=True fallback_exact=0
[904/1000] numerical=2.413143917 shared_exact=True fallback_exact=0
[905/1000] numerical=2.317750119 shared_exact=True fallback_exact=0
[906/1000] numerical=3.123293637 shared_exact=True fallback_exact=0
[907/1000] numerical=4.144505983 shared_exact=True fallback_exact=0
[908/1000] numerical=4.089658644 shared_exact=True fallback_exact=0
[909/1000] numerical=4.086561023 shared_exact=True fallback_exact=0
[910/1000] numerical=4.199809106 shared_exact=True fallback_exact=0
[911/1000] numerical=3.453256095 shared_exact=True fallback_exact=0
[912/1000] numerical=3.423334507 shared_exact=True fallback_exact=0
[913/1000] numerical=3.257461792 shared_exact=True fallback_exact=0
[914/1000] numerical=3.826747941 shared_exact=True fallback_exact=0
[915/1000] numerical=4.561552910 shared_exact=True fallback_exact=0
[916/1000] numerical=4.624353038 shared_exact=True fallback_exact=0
[917/1000] numerical=4.626387274 shared_exact=True fallback_exact=0
[918/1000] numerical=3.690549396 shared_exact=True fallback_exact=0
[919/1000] numerical=3.818825515 shared_exact=True fallback_exact=0
[920/1000] numerical=3.563119627 shared_exact=True fallback_exact=0
[921/1000] numerical=4.561555808 shared_exact=True fallback_exact=0
[922/1000] numerical=4.563719528 shared_exact=True fallback_exact=0
[923/1000] numerical=3.562786653 shared_exact=True fallback_exact=0
[924/1000] numerical=3.702113656 shared_exact=True fallback_exact=0
[925/1000] numerical=3.788142973 shared_exact=True fallback_exact=0
[926/1000] numerical=3.629421785 shared_exact=True fallback_exact=0
[927/1000] numerical=3.682256417 shared_exact=True fallback_exact=0
[928/1000] numerical=2.906471394 shared_exact=True fallback_exact=0
[929/1000] numerical=2.718393993 shared_exact=True fallback_exact=0
[930/1000] numerical=3.628649134 shared_exact=True fallback_exact=0
[931/1000] numerical=3.621311485 shared_exact=True fallback_exact=0
[932/1000] numerical=3.291635555 shared_exact=True fallback_exact=0
[933/1000] numerical=3.164370721 shared_exact=True fallback_exact=0
[934/1000] numerical=3.714527033 shared_exact=True fallback_exact=0
[935/1000] numerical=3.746435707 shared_exact=True fallback_exact=0
[936/1000] numerical=3.414565209 shared_exact=True fallback_exact=0
[937/1000] numerical=3.628652405 shared_exact=True fallback_exact=0
[938/1000] numerical=3.848059695 shared_exact=True fallback_exact=0
[939/1000] numerical=3.848062692 shared_exact=True fallback_exact=0
[940/1000] numerical=3.937592375 shared_exact=True fallback_exact=0
[941/1000] numerical=3.121302314 shared_exact=True fallback_exact=0
[942/1000] numerical=3.121302314 shared_exact=True fallback_exact=0
[943/1000] numerical=2.266323797 shared_exact=True fallback_exact=0
[944/1000] numerical=3.903804632 shared_exact=True fallback_exact=0
[945/1000] numerical=3.597493248 shared_exact=True fallback_exact=0
[946/1000] numerical=3.546123591 shared_exact=True fallback_exact=0
[947/1000] numerical=3.790334221 shared_exact=True fallback_exact=0
[948/1000] numerical=3.629603013 shared_exact=True fallback_exact=0
[949/1000] numerical=2.608973205 shared_exact=True fallback_exact=0
[950/1000] numerical=2.866913046 shared_exact=True fallback_exact=0
[951/1000] numerical=1.817660523 shared_exact=True fallback_exact=0
[952/1000] numerical=3.314005348 shared_exact=True fallback_exact=0
[953/1000] numerical=3.733529592 shared_exact=True fallback_exact=0
[954/1000] numerical=3.542770601 shared_exact=True fallback_exact=0
[955/1000] numerical=2.463410868 shared_exact=True fallback_exact=0
[956/1000] numerical=2.865577699 shared_exact=True fallback_exact=0
[957/1000] numerical=3.230384392 shared_exact=True fallback_exact=0
[958/1000] numerical=2.430939858 shared_exact=True fallback_exact=0
[959/1000] numerical=2.430939858 shared_exact=True fallback_exact=0
[960/1000] numerical=2.635482072 shared_exact=True fallback_exact=0
[961/1000] numerical=1.702122863 shared_exact=True fallback_exact=0
[962/1000] numerical=1.816460603 shared_exact=True fallback_exact=0
[963/1000] numerical=2.733315990 shared_exact=True fallback_exact=0
[964/1000] numerical=4.250730457 shared_exact=True fallback_exact=0
[965/1000] numerical=3.903804633 shared_exact=True fallback_exact=0
[966/1000] numerical=3.597493249 shared_exact=True fallback_exact=0
[967/1000] numerical=4.342552309 shared_exact=True fallback_exact=0
[968/1000] numerical=3.406299531 shared_exact=True fallback_exact=0
[969/1000] numerical=4.000000069 shared_exact=True fallback_exact=0
[970/1000] numerical=4.218713543 shared_exact=True fallback_exact=0
[971/1000] numerical=4.119086626 shared_exact=True fallback_exact=0
[972/1000] numerical=3.170562796 shared_exact=True fallback_exact=0
[973/1000] numerical=3.351978064 shared_exact=True fallback_exact=0
[974/1000] numerical=3.092331344 shared_exact=True fallback_exact=0
[975/1000] numerical=3.086837882 shared_exact=True fallback_exact=0
[976/1000] numerical=3.746435714 shared_exact=True fallback_exact=0
[977/1000] numerical=3.413524282 shared_exact=True fallback_exact=0
[978/1000] numerical=4.250730494 shared_exact=True fallback_exact=0
[979/1000] numerical=3.268535733 shared_exact=True fallback_exact=0
[980/1000] numerical=4.088745090 shared_exact=True fallback_exact=0
[981/1000] numerical=4.090207198 shared_exact=True fallback_exact=0
[982/1000] numerical=4.000000004 shared_exact=True fallback_exact=0
[983/1000] numerical=3.105188926 shared_exact=True fallback_exact=0
[984/1000] numerical=3.105188926 shared_exact=True fallback_exact=0
[985/1000] numerical=3.621301250 shared_exact=True fallback_exact=0
[986/1000] numerical=3.291519563 shared_exact=True fallback_exact=0
[987/1000] numerical=3.164370682 shared_exact=True fallback_exact=0
[988/1000] numerical=3.790330339 shared_exact=True fallback_exact=0
[989/1000] numerical=3.546123528 shared_exact=True fallback_exact=0
[990/1000] numerical=3.629494191 shared_exact=True fallback_exact=0
[991/1000] numerical=2.866913046 shared_exact=True fallback_exact=0
[992/1000] numerical=2.608973205 shared_exact=True fallback_exact=0
[993/1000] numerical=1.817660523 shared_exact=True fallback_exact=0
[994/1000] numerical=3.733524776 shared_exact=True fallback_exact=0
[995/1000] numerical=3.314007052 shared_exact=True fallback_exact=0
[996/1000] numerical=3.542722030 shared_exact=True fallback_exact=0
[997/1000] numerical=2.865577692 shared_exact=True fallback_exact=0
[998/1000] numerical=2.463410868 shared_exact=True fallback_exact=0
[999/1000] numerical=3.406090102 shared_exact=True fallback_exact=0
[1000/1000] numerical=4.218713646 shared_exact=True fallback_exact=0
checkpoint=/workspace/positive-square-energy/experiments/rank7_order8_chunk_009000_010000.r7o8g.xz.fragments/fragment-009500-010000.r7o8g.xz rows=500
attempts=1000 shared_exact=1000 templates=0 fallback_exact=0 structural=0 atoms=0 balanced=0 unresolved_targets=0
fragments=2 checkpoint_rows=500
raw_bytes=487109 xz_bytes=301020 elapsed_seconds=199.477706
sha256=b8caa832fd10d1a1daad1e2e08a56173f480034e32d3220ce893d857af3c66b4
full_theorem=false
[2026-08-14T18:05:25.120205+00:00] exit: 0
[2026-08-14T18:05:25.120317+00:00] exec: /opt/kortix/pyfloor/bin/python3 -u /workspace/positive-square-energy/experiments/rank7_order8_exact_rational.py --verify-pack /workspace/positive-square-energy/experiments/rank7_order8_chunk_009000_010000.r7o8g.xz --census-cache positive-square-energy/experiments/rank7_order8_rational_search_cache.r7o8c.xz
attempts=1000 shared_exact=1000 templates=0 fallback_exact=0 structural=0 atoms=0 balanced=0 exact_audit=true census_seconds=13.994555
full_theorem=false
[2026-08-14T18:06:01.532943+00:00] exit: 0
[2026-08-14T18:06:01.534219+00:00] shard=009000_010000 exact_audit=true sha256=b8caa832fd10d1a1daad1e2e08a56173f480034e32d3220ce893d857af3c66b4
