[2026-08-17T06:47:34.023228+00:00] shard=027000_028000 adopted_fragments=0
[2026-08-17T06:47:34.023311+00:00] exec: /opt/kortix/pyfloor/bin/python3 -u /workspace/positive-square-energy/experiments/rank7_order8_exact_rational.py --output /workspace/positive-square-energy/experiments/rank7_order8_chunk_027000_028000.r7o8g.xz --fragment-directory /workspace/positive-square-energy/experiments/rank7_order8_chunk_027000_028000.r7o8g.xz.fragments --census-cache positive-square-energy/experiments/rank7_order8_rational_search_cache.r7o8c.xz --start 27000 --count 1000 --checkpoint-rows 500 --progress
[1/1000] numerical=4.508821033 shared_exact=True fallback_exact=0
[2/1000] numerical=3.928442388 shared_exact=True fallback_exact=0
[3/1000] numerical=3.655630248 shared_exact=True fallback_exact=0
[4/1000] numerical=3.866882787 shared_exact=True fallback_exact=0
[5/1000] numerical=3.968351847 shared_exact=True fallback_exact=0
[6/1000] numerical=3.977756142 shared_exact=True fallback_exact=0
[7/1000] numerical=3.866869113 shared_exact=True fallback_exact=0
[8/1000] numerical=3.670060097 shared_exact=True fallback_exact=0
[9/1000] numerical=3.866846028 shared_exact=True fallback_exact=0
[10/1000] numerical=3.296334829 shared_exact=True fallback_exact=0
[11/1000] numerical=2.866940876 shared_exact=True fallback_exact=0
[12/1000] numerical=4.282341414 shared_exact=True fallback_exact=0
[13/1000] numerical=3.752457460 shared_exact=True fallback_exact=0
[14/1000] numerical=3.198998875 shared_exact=True fallback_exact=0
[15/1000] numerical=3.246167536 shared_exact=True fallback_exact=0
[16/1000] numerical=4.282376859 shared_exact=True fallback_exact=0
[17/1000] numerical=4.085555930 shared_exact=True fallback_exact=0
[18/1000] numerical=4.282341664 shared_exact=True fallback_exact=0
[19/1000] numerical=3.711829929 shared_exact=True fallback_exact=0
[20/1000] numerical=3.284562190 shared_exact=True fallback_exact=0
[21/1000] numerical=3.866975788 shared_exact=True fallback_exact=0
[22/1000] numerical=3.239414661 shared_exact=True fallback_exact=0
[23/1000] numerical=3.867068899 shared_exact=True fallback_exact=0
[24/1000] numerical=3.670060723 shared_exact=True fallback_exact=0
[25/1000] numerical=3.866846357 shared_exact=True fallback_exact=0
[26/1000] numerical=3.296335570 shared_exact=True fallback_exact=0
[27/1000] numerical=2.866940891 shared_exact=True fallback_exact=0
[28/1000] numerical=3.239413751 shared_exact=True fallback_exact=0
[29/1000] numerical=3.000000000 shared_exact=True fallback_exact=0
[30/1000] numerical=3.199215076 shared_exact=True fallback_exact=0
[31/1000] numerical=2.632326327 shared_exact=True fallback_exact=0
[32/1000] numerical=2.294264291 shared_exact=True fallback_exact=0
[33/1000] numerical=4.467137368 shared_exact=True fallback_exact=0
[34/1000] numerical=4.282348681 shared_exact=True fallback_exact=0
[35/1000] numerical=4.759859341 shared_exact=True fallback_exact=0
[36/1000] numerical=4.622507587 shared_exact=True fallback_exact=0
[37/1000] numerical=4.800740158 shared_exact=True fallback_exact=0
[38/1000] numerical=4.220448283 shared_exact=True fallback_exact=0
[39/1000] numerical=3.945329987 shared_exact=True fallback_exact=0
[40/1000] numerical=4.467140472 shared_exact=True fallback_exact=0
[41/1000] numerical=4.331119225 shared_exact=True fallback_exact=0
[42/1000] numerical=4.508640507 shared_exact=True fallback_exact=0
[43/1000] numerical=3.928476796 shared_exact=True fallback_exact=0
[44/1000] numerical=3.655632140 shared_exact=True fallback_exact=0
[45/1000] numerical=4.282348062 shared_exact=True fallback_exact=0
[46/1000] numerical=4.085555210 shared_exact=True fallback_exact=0
[47/1000] numerical=4.282341007 shared_exact=True fallback_exact=0
[48/1000] numerical=3.711829757 shared_exact=True fallback_exact=0
[49/1000] numerical=3.284561450 shared_exact=True fallback_exact=0
[50/1000] numerical=3.979006145 shared_exact=True fallback_exact=0
[51/1000] numerical=4.622667398 shared_exact=True fallback_exact=0
[52/1000] numerical=4.800403626 shared_exact=True fallback_exact=0
[53/1000] numerical=4.220679146 shared_exact=True fallback_exact=0
[54/1000] numerical=3.918614283 shared_exact=True fallback_exact=0
[55/1000] numerical=3.686443710 shared_exact=True fallback_exact=0
[56/1000] numerical=4.561552813 shared_exact=True fallback_exact=0
[57/1000] numerical=4.760779157 shared_exact=True fallback_exact=0
[58/1000] numerical=3.654791504 shared_exact=True fallback_exact=0
[59/1000] numerical=4.193972515 shared_exact=True fallback_exact=0
[60/1000] numerical=3.945345213 shared_exact=True fallback_exact=0
[61/1000] numerical=3.629871393 shared_exact=True fallback_exact=0
[62/1000] numerical=3.854255090 shared_exact=True fallback_exact=0
[63/1000] numerical=3.301428596 shared_exact=True fallback_exact=0
[64/1000] numerical=3.523780430 shared_exact=True fallback_exact=0
[65/1000] numerical=3.984481175 shared_exact=True fallback_exact=0
[66/1000] numerical=3.514918533 shared_exact=True fallback_exact=0
[67/1000] numerical=3.167369694 shared_exact=True fallback_exact=0
[68/1000] numerical=3.296334856 shared_exact=True fallback_exact=0
[69/1000] numerical=2.848906699 shared_exact=True fallback_exact=0
[70/1000] numerical=2.304588685 shared_exact=True fallback_exact=0
[71/1000] numerical=3.711830755 shared_exact=True fallback_exact=0
[72/1000] numerical=3.296335135 shared_exact=True fallback_exact=0
[73/1000] numerical=2.848906720 shared_exact=True fallback_exact=0
[74/1000] numerical=2.304588687 shared_exact=True fallback_exact=0
[75/1000] numerical=2.629448701 shared_exact=True fallback_exact=0
[76/1000] numerical=4.275422084 shared_exact=True fallback_exact=0
[77/1000] numerical=3.984686451 shared_exact=True fallback_exact=0
[78/1000] numerical=3.514917261 shared_exact=True fallback_exact=0
[79/1000] numerical=3.167369686 shared_exact=True fallback_exact=0
[80/1000] numerical=3.711830421 shared_exact=True fallback_exact=0
[81/1000] numerical=4.275482588 shared_exact=True fallback_exact=0
[82/1000] numerical=3.694549932 shared_exact=True fallback_exact=0
[83/1000] numerical=4.190952104 shared_exact=True fallback_exact=0
[84/1000] numerical=3.740523060 shared_exact=True fallback_exact=0
[85/1000] numerical=3.231081265 shared_exact=True fallback_exact=0
[86/1000] numerical=2.838207505 shared_exact=True fallback_exact=0
[87/1000] numerical=2.765564472 shared_exact=True fallback_exact=0
[88/1000] numerical=2.764726229 shared_exact=True fallback_exact=0
[89/1000] numerical=2.653979717 shared_exact=True fallback_exact=0
[90/1000] numerical=2.194055584 shared_exact=True fallback_exact=0
[91/1000] numerical=2.880541690 shared_exact=True fallback_exact=0
[92/1000] numerical=3.360706545 shared_exact=True fallback_exact=0
[93/1000] numerical=3.027270169 shared_exact=True fallback_exact=0
[94/1000] numerical=3.351698936 shared_exact=True fallback_exact=0
[95/1000] numerical=3.191302885 shared_exact=True fallback_exact=0
[96/1000] numerical=3.167984742 shared_exact=True fallback_exact=0
[97/1000] numerical=3.401510103 shared_exact=True fallback_exact=0
[98/1000] numerical=3.518748558 shared_exact=True fallback_exact=0
[99/1000] numerical=3.409274644 shared_exact=True fallback_exact=0
[100/1000] numerical=2.458471746 shared_exact=True fallback_exact=0
[101/1000] numerical=2.605055433 shared_exact=True fallback_exact=0
[102/1000] numerical=3.387386138 shared_exact=True fallback_exact=0
[103/1000] numerical=2.937445974 shared_exact=True fallback_exact=0
[104/1000] numerical=2.847858186 shared_exact=True fallback_exact=0
[105/1000] numerical=3.059760681 shared_exact=True fallback_exact=0
[106/1000] numerical=3.071814754 shared_exact=True fallback_exact=0
[107/1000] numerical=2.866117626 shared_exact=True fallback_exact=0
[108/1000] numerical=1.815928213 shared_exact=True fallback_exact=0
[109/1000] numerical=1.817731346 shared_exact=True fallback_exact=0
[110/1000] numerical=3.262598577 shared_exact=True fallback_exact=0
[111/1000] numerical=3.086196789 shared_exact=True fallback_exact=0
[112/1000] numerical=2.792276166 shared_exact=True fallback_exact=0
[113/1000] numerical=2.474801553 shared_exact=True fallback_exact=0
[114/1000] numerical=2.977687072 shared_exact=True fallback_exact=0
[115/1000] numerical=3.118460439 shared_exact=True fallback_exact=0
[116/1000] numerical=2.892104284 shared_exact=True fallback_exact=0
[117/1000] numerical=1.809927832 shared_exact=True fallback_exact=0
[118/1000] numerical=2.010894994 shared_exact=True fallback_exact=0
[119/1000] numerical=3.757619176 shared_exact=True fallback_exact=0
[120/1000] numerical=3.356092585 shared_exact=True fallback_exact=0
[121/1000] numerical=3.067193368 shared_exact=True fallback_exact=0
[122/1000] numerical=2.696817710 shared_exact=True fallback_exact=0
[123/1000] numerical=3.812204178 shared_exact=True fallback_exact=0
[124/1000] numerical=3.786267142 shared_exact=True fallback_exact=0
[125/1000] numerical=3.339132712 shared_exact=True fallback_exact=0
[126/1000] numerical=3.317576462 shared_exact=True fallback_exact=0
[127/1000] numerical=3.586628262 shared_exact=True fallback_exact=0
[128/1000] numerical=3.545854335 shared_exact=True fallback_exact=0
[129/1000] numerical=3.381085201 shared_exact=True fallback_exact=0
[130/1000] numerical=2.393453269 shared_exact=True fallback_exact=0
[131/1000] numerical=2.304624984 shared_exact=True fallback_exact=0
[132/1000] numerical=2.738402800 shared_exact=True fallback_exact=0
[133/1000] numerical=2.542078135 shared_exact=True fallback_exact=0
[134/1000] numerical=2.789548476 shared_exact=True fallback_exact=0
[135/1000] numerical=2.371684724 shared_exact=True fallback_exact=0
[136/1000] numerical=2.172447784 shared_exact=True fallback_exact=0
[137/1000] numerical=2.615889562 shared_exact=True fallback_exact=0
[138/1000] numerical=3.753207552 shared_exact=True fallback_exact=0
[139/1000] numerical=3.503660337 shared_exact=True fallback_exact=0
[140/1000] numerical=3.505936838 shared_exact=True fallback_exact=0
[141/1000] numerical=3.762217571 shared_exact=True fallback_exact=0
[142/1000] numerical=3.561980777 shared_exact=True fallback_exact=0
[143/1000] numerical=3.418317716 shared_exact=True fallback_exact=0
[144/1000] numerical=3.359069400 shared_exact=True fallback_exact=0
[145/1000] numerical=2.512699097 shared_exact=True fallback_exact=0
[146/1000] numerical=2.297866148 shared_exact=True fallback_exact=0
[147/1000] numerical=2.941538318 shared_exact=True fallback_exact=0
[148/1000] numerical=3.081130889 shared_exact=True fallback_exact=0
[149/1000] numerical=3.379263470 shared_exact=True fallback_exact=0
[150/1000] numerical=2.974169668 shared_exact=True fallback_exact=0
[151/1000] numerical=2.890359878 shared_exact=True fallback_exact=0
[152/1000] numerical=2.803485492 shared_exact=True fallback_exact=0
[153/1000] numerical=1.931488967 shared_exact=True fallback_exact=0
[154/1000] numerical=1.793890711 shared_exact=True fallback_exact=0
[155/1000] numerical=3.201671218 shared_exact=True fallback_exact=0
[156/1000] numerical=2.679225588 shared_exact=True fallback_exact=0
[157/1000] numerical=3.083607842 shared_exact=True fallback_exact=0
[158/1000] numerical=3.266612491 shared_exact=True fallback_exact=0
[159/1000] numerical=2.888083391 shared_exact=True fallback_exact=0
[160/1000] numerical=2.844942949 shared_exact=True fallback_exact=0
[161/1000] numerical=2.823194582 shared_exact=True fallback_exact=0
[162/1000] numerical=2.026883731 shared_exact=True fallback_exact=0
[163/1000] numerical=1.967349990 shared_exact=True fallback_exact=0
[164/1000] numerical=2.630510283 shared_exact=True fallback_exact=0
[165/1000] numerical=2.879279015 shared_exact=True fallback_exact=0
[166/1000] numerical=2.736929589 shared_exact=True fallback_exact=0
[167/1000] numerical=2.388323461 shared_exact=True fallback_exact=0
[168/1000] numerical=2.410488050 shared_exact=True fallback_exact=0
[169/1000] numerical=2.192781717 shared_exact=True fallback_exact=0
[170/1000] numerical=1.120112122 shared_exact=True fallback_exact=0
[171/1000] numerical=1.137681516 shared_exact=True fallback_exact=0
[172/1000] numerical=3.750231619 shared_exact=True fallback_exact=0
[173/1000] numerical=3.582219075 shared_exact=True fallback_exact=0
[174/1000] numerical=3.804654273 shared_exact=True fallback_exact=0
[175/1000] numerical=3.883924530 shared_exact=True fallback_exact=0
[176/1000] numerical=3.336582313 shared_exact=True fallback_exact=0
[177/1000] numerical=3.548532571 shared_exact=True fallback_exact=0
[178/1000] numerical=3.497736393 shared_exact=True fallback_exact=0
[179/1000] numerical=2.672103135 shared_exact=True fallback_exact=0
[180/1000] numerical=2.821369561 shared_exact=True fallback_exact=0
[181/1000] numerical=3.554414873 shared_exact=True fallback_exact=0
[182/1000] numerical=3.999596630 shared_exact=True fallback_exact=0
[183/1000] numerical=3.964754391 shared_exact=True fallback_exact=0
[184/1000] numerical=3.929401222 shared_exact=True fallback_exact=0
[185/1000] numerical=3.088653841 shared_exact=True fallback_exact=0
[186/1000] numerical=3.056018308 shared_exact=True fallback_exact=0
[187/1000] numerical=3.312459632 shared_exact=True fallback_exact=0
[188/1000] numerical=3.744677675 shared_exact=True fallback_exact=0
[189/1000] numerical=3.540635647 shared_exact=True fallback_exact=0
[190/1000] numerical=2.511981399 shared_exact=True fallback_exact=0
[191/1000] numerical=2.901997755 shared_exact=True fallback_exact=0
[192/1000] numerical=3.562115454 shared_exact=True fallback_exact=0
[193/1000] numerical=3.392398288 shared_exact=True fallback_exact=0
[194/1000] numerical=2.415542024 shared_exact=True fallback_exact=0
[195/1000] numerical=2.618883419 shared_exact=True fallback_exact=0
[196/1000] numerical=2.706150691 shared_exact=True fallback_exact=0
[197/1000] numerical=3.004079344 shared_exact=True fallback_exact=0
[198/1000] numerical=3.504141033 shared_exact=True fallback_exact=0
[199/1000] numerical=3.310310490 shared_exact=True fallback_exact=0
[200/1000] numerical=2.834550107 shared_exact=True fallback_exact=0
[201/1000] numerical=2.297163076 shared_exact=True fallback_exact=0
[202/1000] numerical=2.656501647 shared_exact=True fallback_exact=0
[203/1000] numerical=2.436080468 shared_exact=True fallback_exact=0
[204/1000] numerical=1.375098015 shared_exact=True fallback_exact=0
[205/1000] numerical=2.196035598 shared_exact=True fallback_exact=0
[206/1000] numerical=3.496743259 shared_exact=True fallback_exact=0
[207/1000] numerical=3.456860951 shared_exact=True fallback_exact=0
[208/1000] numerical=3.401809330 shared_exact=True fallback_exact=0
[209/1000] numerical=3.197069058 shared_exact=True fallback_exact=0
[210/1000] numerical=3.552728749 shared_exact=True fallback_exact=0
[211/1000] numerical=3.600158371 shared_exact=True fallback_exact=0
[212/1000] numerical=3.769733362 shared_exact=True fallback_exact=0
[213/1000] numerical=3.730531494 shared_exact=True fallback_exact=0
[214/1000] numerical=3.509857313 shared_exact=True fallback_exact=0
[215/1000] numerical=3.685504363 shared_exact=True fallback_exact=0
[216/1000] numerical=3.865485852 shared_exact=True fallback_exact=0
[217/1000] numerical=3.671783228 shared_exact=True fallback_exact=0
[218/1000] numerical=2.597686302 shared_exact=True fallback_exact=0
[219/1000] numerical=2.846311697 shared_exact=True fallback_exact=0
[220/1000] numerical=3.566549321 shared_exact=True fallback_exact=0
[221/1000] numerical=3.687704719 shared_exact=True fallback_exact=0
[222/1000] numerical=3.562131843 shared_exact=True fallback_exact=0
[223/1000] numerical=3.822821468 shared_exact=True fallback_exact=0
[224/1000] numerical=3.730852304 shared_exact=True fallback_exact=0
[225/1000] numerical=3.639024689 shared_exact=True fallback_exact=0
[226/1000] numerical=3.698512395 shared_exact=True fallback_exact=0
[227/1000] numerical=3.593757100 shared_exact=True fallback_exact=0
[228/1000] numerical=2.688837454 shared_exact=True fallback_exact=0
[229/1000] numerical=2.756234431 shared_exact=True fallback_exact=0
[230/1000] numerical=3.589497646 shared_exact=True fallback_exact=0
[231/1000] numerical=3.415744489 shared_exact=True fallback_exact=0
[232/1000] numerical=3.558889147 shared_exact=True fallback_exact=0
[233/1000] numerical=3.435075833 shared_exact=True fallback_exact=0
[234/1000] numerical=3.364775875 shared_exact=True fallback_exact=0
[235/1000] numerical=3.211411511 shared_exact=True fallback_exact=0
[236/1000] numerical=2.191129502 shared_exact=True fallback_exact=0
[237/1000] numerical=2.114580288 shared_exact=True fallback_exact=0
[238/1000] numerical=3.568089413 shared_exact=True fallback_exact=0
[239/1000] numerical=3.551234842 shared_exact=True fallback_exact=0
[240/1000] numerical=3.538032923 shared_exact=True fallback_exact=0
[241/1000] numerical=3.362751835 shared_exact=True fallback_exact=0
[242/1000] numerical=3.869071131 shared_exact=True fallback_exact=0
[243/1000] numerical=3.594928226 shared_exact=True fallback_exact=0
[244/1000] numerical=3.763639394 shared_exact=True fallback_exact=0
[245/1000] numerical=3.094152050 shared_exact=True fallback_exact=0
[246/1000] numerical=2.864503077 shared_exact=True fallback_exact=0
[247/1000] numerical=3.805066150 shared_exact=True fallback_exact=0
[248/1000] numerical=3.563063774 shared_exact=True fallback_exact=0
[249/1000] numerical=3.192596912 shared_exact=True fallback_exact=0
[250/1000] numerical=3.358963441 shared_exact=True fallback_exact=0
[251/1000] numerical=2.676565300 shared_exact=True fallback_exact=0
[252/1000] numerical=2.301256293 shared_exact=True fallback_exact=0
[253/1000] numerical=3.640275083 shared_exact=True fallback_exact=0
[254/1000] numerical=3.685177511 shared_exact=True fallback_exact=0
[255/1000] numerical=3.593141681 shared_exact=True fallback_exact=0
[256/1000] numerical=2.703640774 shared_exact=True fallback_exact=0
[257/1000] numerical=2.753359881 shared_exact=True fallback_exact=0
[258/1000] numerical=3.779694150 shared_exact=True fallback_exact=0
[259/1000] numerical=3.710205527 shared_exact=True fallback_exact=0
[260/1000] numerical=2.765145128 shared_exact=True fallback_exact=0
[261/1000] numerical=3.066426606 shared_exact=True fallback_exact=0
[262/1000] numerical=3.249651763 shared_exact=True fallback_exact=0
[263/1000] numerical=2.853924369 shared_exact=True fallback_exact=0
[264/1000] numerical=3.555727259 shared_exact=True fallback_exact=0
[265/1000] numerical=3.479106729 shared_exact=True fallback_exact=0
[266/1000] numerical=2.772251482 shared_exact=True fallback_exact=0
[267/1000] numerical=2.541244760 shared_exact=True fallback_exact=0
[268/1000] numerical=2.463061238 shared_exact=True fallback_exact=0
[269/1000] numerical=2.355980456 shared_exact=True fallback_exact=0
[270/1000] numerical=1.448912404 shared_exact=True fallback_exact=0
[271/1000] numerical=2.893251043 shared_exact=True fallback_exact=0
[272/1000] numerical=2.805911350 shared_exact=True fallback_exact=0
[273/1000] numerical=2.193354454 shared_exact=True fallback_exact=0
[274/1000] numerical=3.089692729 shared_exact=True fallback_exact=0
[275/1000] numerical=2.480444756 shared_exact=True fallback_exact=0
[276/1000] numerical=2.811651363 shared_exact=True fallback_exact=0
[277/1000] numerical=3.070429827 shared_exact=True fallback_exact=0
[278/1000] numerical=2.882069635 shared_exact=True fallback_exact=0
[279/1000] numerical=2.838968411 shared_exact=True fallback_exact=0
[280/1000] numerical=1.955758061 shared_exact=True fallback_exact=0
[281/1000] numerical=1.716704663 shared_exact=True fallback_exact=0
[282/1000] numerical=3.667503024 shared_exact=True fallback_exact=0
[283/1000] numerical=3.662880291 shared_exact=True fallback_exact=0
[284/1000] numerical=3.138509703 shared_exact=True fallback_exact=0
[285/1000] numerical=3.667505546 shared_exact=True fallback_exact=0
[286/1000] numerical=3.662866398 shared_exact=True fallback_exact=0
[287/1000] numerical=3.138509703 shared_exact=True fallback_exact=0
[288/1000] numerical=3.843463152 shared_exact=True fallback_exact=0
[289/1000] numerical=3.729481022 shared_exact=True fallback_exact=0
[290/1000] numerical=3.402461651 shared_exact=True fallback_exact=0
[291/1000] numerical=3.863301049 shared_exact=True fallback_exact=0
[292/1000] numerical=3.543671979 shared_exact=True fallback_exact=0
[293/1000] numerical=3.677485654 shared_exact=True fallback_exact=0
[294/1000] numerical=2.989942578 shared_exact=True fallback_exact=0
[295/1000] numerical=2.643388613 shared_exact=True fallback_exact=0
[296/1000] numerical=1.905689595 shared_exact=True fallback_exact=0
[297/1000] numerical=3.681202020 shared_exact=True fallback_exact=0
[298/1000] numerical=3.958258376 shared_exact=True fallback_exact=0
[299/1000] numerical=3.845654833 shared_exact=True fallback_exact=0
[300/1000] numerical=2.929049699 shared_exact=True fallback_exact=0
[301/1000] numerical=3.098640771 shared_exact=True fallback_exact=0
[302/1000] numerical=2.167354662 shared_exact=True fallback_exact=0
[303/1000] numerical=3.442562210 shared_exact=True fallback_exact=0
[304/1000] numerical=3.403920173 shared_exact=True fallback_exact=0
[305/1000] numerical=3.301686205 shared_exact=True fallback_exact=0
[306/1000] numerical=2.409324333 shared_exact=True fallback_exact=0
[307/1000] numerical=2.329728749 shared_exact=True fallback_exact=0
[308/1000] numerical=2.847735904 shared_exact=True fallback_exact=0
[309/1000] numerical=2.219719540 shared_exact=True fallback_exact=0
[310/1000] numerical=1.843750242 shared_exact=True fallback_exact=0
[311/1000] numerical=3.148278529 shared_exact=True fallback_exact=0
[312/1000] numerical=2.297987812 shared_exact=True fallback_exact=0
[313/1000] numerical=2.411479767 shared_exact=True fallback_exact=0
[314/1000] numerical=2.596065788 shared_exact=True fallback_exact=0
[315/1000] numerical=4.058594966 shared_exact=True fallback_exact=0
[316/1000] numerical=4.377548078 shared_exact=True fallback_exact=0
[317/1000] numerical=3.792315441 shared_exact=True fallback_exact=0
[318/1000] numerical=3.395829750 shared_exact=True fallback_exact=0
[319/1000] numerical=3.356110440 shared_exact=True fallback_exact=0
[320/1000] numerical=4.095799183 shared_exact=True fallback_exact=0
[321/1000] numerical=4.097825213 shared_exact=True fallback_exact=0
[322/1000] numerical=4.000000000 shared_exact=True fallback_exact=0
[323/1000] numerical=3.118647165 shared_exact=True fallback_exact=0
[324/1000] numerical=3.115771590 shared_exact=True fallback_exact=0
[325/1000] numerical=3.065554277 shared_exact=True fallback_exact=0
[326/1000] numerical=4.377548078 shared_exact=True fallback_exact=0
[327/1000] numerical=3.792315442 shared_exact=True fallback_exact=0
[328/1000] numerical=3.395829750 shared_exact=True fallback_exact=0
[329/1000] numerical=3.356110440 shared_exact=True fallback_exact=0
[330/1000] numerical=4.095799135 shared_exact=True fallback_exact=0
[331/1000] numerical=4.097825213 shared_exact=True fallback_exact=0
[332/1000] numerical=4.000000000 shared_exact=True fallback_exact=0
[333/1000] numerical=3.118647165 shared_exact=True fallback_exact=0
[334/1000] numerical=3.115771590 shared_exact=True fallback_exact=0
[335/1000] numerical=3.065554277 shared_exact=True fallback_exact=0
[336/1000] numerical=3.079877031 shared_exact=True fallback_exact=0
[337/1000] numerical=3.610301456 shared_exact=True fallback_exact=0
[338/1000] numerical=3.350365511 shared_exact=True fallback_exact=0
[339/1000] numerical=3.366806422 shared_exact=True fallback_exact=0
[340/1000] numerical=3.355442909 shared_exact=True fallback_exact=0
[341/1000] numerical=3.302410265 shared_exact=True fallback_exact=0
[342/1000] numerical=4.137267312 shared_exact=True fallback_exact=0
[343/1000] numerical=4.128886865 shared_exact=True fallback_exact=0
[344/1000] numerical=4.363094088 shared_exact=True fallback_exact=0
[345/1000] numerical=3.713468538 shared_exact=True fallback_exact=0
[346/1000] numerical=3.652168467 shared_exact=True fallback_exact=0
[347/1000] numerical=3.629040143 shared_exact=True fallback_exact=0
[348/1000] numerical=3.590985024 shared_exact=True fallback_exact=0
[349/1000] numerical=3.776912561 shared_exact=True fallback_exact=0
[350/1000] numerical=3.134760122 shared_exact=True fallback_exact=0
[351/1000] numerical=3.091470242 shared_exact=True fallback_exact=0
[352/1000] numerical=2.493532047 shared_exact=True fallback_exact=0
[353/1000] numerical=3.475785376 shared_exact=True fallback_exact=0
[354/1000] numerical=3.122509540 shared_exact=True fallback_exact=0
[355/1000] numerical=3.362921565 shared_exact=True fallback_exact=0
[356/1000] numerical=2.750523071 shared_exact=True fallback_exact=0
[357/1000] numerical=2.447080048 shared_exact=True fallback_exact=0
[358/1000] numerical=3.291020935 shared_exact=True fallback_exact=0
[359/1000] numerical=3.520242934 shared_exact=True fallback_exact=0
[360/1000] numerical=3.467666264 shared_exact=True fallback_exact=0
[361/1000] numerical=2.640992510 shared_exact=True fallback_exact=0
[362/1000] numerical=2.796518931 shared_exact=True fallback_exact=0
[363/1000] numerical=4.325141021 shared_exact=True fallback_exact=0
[364/1000] numerical=4.238219864 shared_exact=True fallback_exact=0
[365/1000] numerical=3.372252330 shared_exact=True fallback_exact=0
[366/1000] numerical=3.511699077 shared_exact=True fallback_exact=0
[367/1000] numerical=3.624307266 shared_exact=True fallback_exact=0
[368/1000] numerical=3.437605595 shared_exact=True fallback_exact=0
[369/1000] numerical=4.148549224 shared_exact=True fallback_exact=0
[370/1000] numerical=4.103117915 shared_exact=True fallback_exact=0
[371/1000] numerical=3.357406353 shared_exact=True fallback_exact=0
[372/1000] numerical=3.288017683 shared_exact=True fallback_exact=0
[373/1000] numerical=3.150676114 shared_exact=True fallback_exact=0
[374/1000] numerical=3.172284284 shared_exact=True fallback_exact=0
[375/1000] numerical=2.420906302 shared_exact=True fallback_exact=0
[376/1000] numerical=3.503808149 shared_exact=True fallback_exact=0
[377/1000] numerical=2.925728185 shared_exact=True fallback_exact=0
[378/1000] numerical=2.335541322 shared_exact=True fallback_exact=0
[379/1000] numerical=2.214575510 shared_exact=True fallback_exact=0
[380/1000] numerical=2.494049265 shared_exact=True fallback_exact=0
[381/1000] numerical=2.728362045 shared_exact=True fallback_exact=0
[382/1000] numerical=3.521358296 shared_exact=True fallback_exact=0
[383/1000] numerical=3.357408036 shared_exact=True fallback_exact=0
[384/1000] numerical=3.358970564 shared_exact=True fallback_exact=0
[385/1000] numerical=2.591574683 shared_exact=True fallback_exact=0
[386/1000] numerical=2.389958449 shared_exact=True fallback_exact=0
[387/1000] numerical=4.180735582 shared_exact=True fallback_exact=0
[388/1000] numerical=3.209199963 shared_exact=True fallback_exact=0
[389/1000] numerical=3.209200543 shared_exact=True fallback_exact=0
[390/1000] numerical=4.052715225 shared_exact=True fallback_exact=0
[391/1000] numerical=3.386634804 shared_exact=True fallback_exact=0
[392/1000] numerical=3.215646894 shared_exact=True fallback_exact=0
[393/1000] numerical=4.276568092 shared_exact=True fallback_exact=0
[394/1000] numerical=4.108394928 shared_exact=True fallback_exact=0
[395/1000] numerical=4.270895196 shared_exact=True fallback_exact=0
[396/1000] numerical=4.379026273 shared_exact=True fallback_exact=0
[397/1000] numerical=4.313186864 shared_exact=True fallback_exact=0
[398/1000] numerical=3.304212581 shared_exact=True fallback_exact=0
[399/1000] numerical=3.460472797 shared_exact=True fallback_exact=0
[400/1000] numerical=2.502828120 shared_exact=True fallback_exact=0
[401/1000] numerical=3.592722607 shared_exact=True fallback_exact=0
[402/1000] numerical=2.568856731 shared_exact=True fallback_exact=0
[403/1000] numerical=2.749598891 shared_exact=True fallback_exact=0
[404/1000] numerical=3.499093360 shared_exact=True fallback_exact=0
[405/1000] numerical=2.453243342 shared_exact=True fallback_exact=0
[406/1000] numerical=2.762514890 shared_exact=True fallback_exact=0
[407/1000] numerical=2.738844733 shared_exact=True fallback_exact=0
[408/1000] numerical=4.276568089 shared_exact=True fallback_exact=0
[409/1000] numerical=4.108266625 shared_exact=True fallback_exact=0
[410/1000] numerical=4.379026273 shared_exact=True fallback_exact=0
[411/1000] numerical=4.270895233 shared_exact=True fallback_exact=0
[412/1000] numerical=4.313186824 shared_exact=True fallback_exact=0
[413/1000] numerical=3.460334927 shared_exact=True fallback_exact=0
[414/1000] numerical=3.304212581 shared_exact=True fallback_exact=0
[415/1000] numerical=2.502828120 shared_exact=True fallback_exact=0
[416/1000] numerical=3.592722600 shared_exact=True fallback_exact=0
[417/1000] numerical=2.749598888 shared_exact=True fallback_exact=0
[418/1000] numerical=2.568856731 shared_exact=True fallback_exact=0
[419/1000] numerical=3.499093357 shared_exact=True fallback_exact=0
[420/1000] numerical=2.762513045 shared_exact=True fallback_exact=0
[421/1000] numerical=2.453243342 shared_exact=True fallback_exact=0
[422/1000] numerical=2.738747832 shared_exact=True fallback_exact=0
[423/1000] numerical=3.165240293 shared_exact=True fallback_exact=0
[424/1000] numerical=4.269240051 shared_exact=True fallback_exact=0
[425/1000] numerical=4.111579921 shared_exact=True fallback_exact=0
[426/1000] numerical=4.111548829 shared_exact=True fallback_exact=0
[427/1000] numerical=4.085625261 shared_exact=True fallback_exact=0
[428/1000] numerical=3.114721140 shared_exact=True fallback_exact=0
[429/1000] numerical=3.114721147 shared_exact=True fallback_exact=0
[430/1000] numerical=2.185952487 shared_exact=True fallback_exact=0
[431/1000] numerical=3.000000043 shared_exact=True fallback_exact=0
[432/1000] numerical=2.085399452 shared_exact=True fallback_exact=0
[433/1000] numerical=2.085399453 shared_exact=True fallback_exact=0
[434/1000] numerical=3.804005995 shared_exact=True fallback_exact=0
[435/1000] numerical=4.297956455 shared_exact=True fallback_exact=0
[436/1000] numerical=4.298417243 shared_exact=True fallback_exact=0
[437/1000] numerical=4.393481171 shared_exact=True fallback_exact=0
[438/1000] numerical=3.537236611 shared_exact=True fallback_exact=0
[439/1000] numerical=3.537665306 shared_exact=True fallback_exact=0
[440/1000] numerical=2.758691868 shared_exact=True fallback_exact=0
[441/1000] numerical=4.085635764 shared_exact=True fallback_exact=0
[442/1000] numerical=4.128368813 shared_exact=True fallback_exact=0
[443/1000] numerical=3.323524268 shared_exact=True fallback_exact=0
[444/1000] numerical=3.204461316 shared_exact=True fallback_exact=0
[445/1000] numerical=2.450771598 shared_exact=True fallback_exact=0
[446/1000] numerical=3.222874241 shared_exact=True fallback_exact=0
[447/1000] numerical=3.222874241 shared_exact=True fallback_exact=0
[448/1000] numerical=4.128464742 shared_exact=True fallback_exact=0
[449/1000] numerical=4.206335549 shared_exact=True fallback_exact=0
[450/1000] numerical=3.204461316 shared_exact=True fallback_exact=0
[451/1000] numerical=3.351942613 shared_exact=True fallback_exact=0
[452/1000] numerical=3.323524358 shared_exact=True fallback_exact=0
[453/1000] numerical=3.352059146 shared_exact=True fallback_exact=0
[454/1000] numerical=2.450771598 shared_exact=True fallback_exact=0
[455/1000] numerical=2.548283260 shared_exact=True fallback_exact=0
[456/1000] numerical=3.685524625 shared_exact=True fallback_exact=0
[457/1000] numerical=2.842289964 shared_exact=True fallback_exact=0
[458/1000] numerical=2.842375195 shared_exact=True fallback_exact=0
[459/1000] numerical=3.103623340 shared_exact=True fallback_exact=0
[460/1000] numerical=2.357548548 shared_exact=True fallback_exact=0
[461/1000] numerical=2.237709139 shared_exact=True fallback_exact=0
[462/1000] numerical=3.103624785 shared_exact=True fallback_exact=0
[463/1000] numerical=3.117920455 shared_exact=True fallback_exact=0
[464/1000] numerical=2.237709139 shared_exact=True fallback_exact=0
[465/1000] numerical=2.309966073 shared_exact=True fallback_exact=0
[466/1000] numerical=2.357548603 shared_exact=True fallback_exact=0
[467/1000] numerical=2.309966226 shared_exact=True fallback_exact=0
[468/1000] numerical=1.441627746 shared_exact=True fallback_exact=0
[469/1000] numerical=3.150451676 shared_exact=True fallback_exact=0
[470/1000] numerical=2.116080256 shared_exact=True fallback_exact=0
[471/1000] numerical=2.116080256 shared_exact=True fallback_exact=0
[472/1000] numerical=2.071299629 shared_exact=True fallback_exact=0
[473/1000] numerical=3.670069338 shared_exact=True fallback_exact=0
[474/1000] numerical=2.901225533 shared_exact=True fallback_exact=0
[475/1000] numerical=2.901239528 shared_exact=True fallback_exact=0
[476/1000] numerical=3.320651691 shared_exact=True fallback_exact=0
[477/1000] numerical=2.598225065 shared_exact=True fallback_exact=0
[478/1000] numerical=2.339832536 shared_exact=True fallback_exact=0
[479/1000] numerical=3.320903825 shared_exact=True fallback_exact=0
[480/1000] numerical=3.486617939 shared_exact=True fallback_exact=0
[481/1000] numerical=2.339832536 shared_exact=True fallback_exact=0
[482/1000] numerical=2.709229045 shared_exact=True fallback_exact=0
[483/1000] numerical=2.598225288 shared_exact=True fallback_exact=0
[484/1000] numerical=2.709387484 shared_exact=True fallback_exact=0
[485/1000] numerical=1.961128429 shared_exact=True fallback_exact=0
[486/1000] numerical=2.955518283 shared_exact=True fallback_exact=0
[487/1000] numerical=2.306258451 shared_exact=True fallback_exact=0
[488/1000] numerical=2.306262410 shared_exact=True fallback_exact=0
[489/1000] numerical=2.400376253 shared_exact=True fallback_exact=0
[490/1000] numerical=1.658289316 shared_exact=True fallback_exact=0
[491/1000] numerical=1.658289316 shared_exact=True fallback_exact=0
[492/1000] numerical=3.628648087 shared_exact=True fallback_exact=0
[493/1000] numerical=3.621299563 shared_exact=True fallback_exact=0
[494/1000] numerical=3.291549397 shared_exact=True fallback_exact=0
[495/1000] numerical=3.164370681 shared_exact=True fallback_exact=0
[496/1000] numerical=3.628648531 shared_exact=True fallback_exact=0
[497/1000] numerical=3.714527037 shared_exact=True fallback_exact=0
[498/1000] numerical=3.848059694 shared_exact=True fallback_exact=0
[499/1000] numerical=3.848061304 shared_exact=True fallback_exact=0
[500/1000] numerical=3.937592375 shared_exact=True fallback_exact=0
checkpoint=/workspace/positive-square-energy/experiments/rank7_order8_chunk_027000_028000.r7o8g.xz.fragments/fragment-027000-027500.r7o8g.xz rows=500
[501/1000] numerical=3.121302314 shared_exact=True fallback_exact=0
[502/1000] numerical=3.121302314 shared_exact=True fallback_exact=0
[503/1000] numerical=2.266323797 shared_exact=True fallback_exact=0
[504/1000] numerical=3.230384392 shared_exact=True fallback_exact=0
[505/1000] numerical=2.430939858 shared_exact=True fallback_exact=0
[506/1000] numerical=2.430939858 shared_exact=True fallback_exact=0
[507/1000] numerical=3.903804632 shared_exact=True fallback_exact=0
[508/1000] numerical=3.597493248 shared_exact=True fallback_exact=0
[509/1000] numerical=3.746435716 shared_exact=True fallback_exact=0
[510/1000] numerical=3.546123628 shared_exact=True fallback_exact=0
[511/1000] numerical=3.790330854 shared_exact=True fallback_exact=0
[512/1000] numerical=3.629668535 shared_exact=True fallback_exact=0
[513/1000] numerical=2.608973205 shared_exact=True fallback_exact=0
[514/1000] numerical=2.866913075 shared_exact=True fallback_exact=0
[515/1000] numerical=1.817660523 shared_exact=True fallback_exact=0
[516/1000] numerical=2.635476512 shared_exact=True fallback_exact=0
[517/1000] numerical=1.702122863 shared_exact=True fallback_exact=0
[518/1000] numerical=1.816460608 shared_exact=True fallback_exact=0
[519/1000] numerical=3.414188591 shared_exact=True fallback_exact=0
[520/1000] numerical=3.314005385 shared_exact=True fallback_exact=0
[521/1000] numerical=3.733524931 shared_exact=True fallback_exact=0
[522/1000] numerical=3.542725774 shared_exact=True fallback_exact=0
[523/1000] numerical=2.463410868 shared_exact=True fallback_exact=0
[524/1000] numerical=2.865577875 shared_exact=True fallback_exact=0
[525/1000] numerical=2.733314076 shared_exact=True fallback_exact=0
[526/1000] numerical=3.903804632 shared_exact=True fallback_exact=0
[527/1000] numerical=3.597493248 shared_exact=True fallback_exact=0
[528/1000] numerical=4.342552307 shared_exact=True fallback_exact=0
[529/1000] numerical=3.406104282 shared_exact=True fallback_exact=0
[530/1000] numerical=4.250730455 shared_exact=True fallback_exact=0
[531/1000] numerical=4.000000011 shared_exact=True fallback_exact=0
[532/1000] numerical=4.218714637 shared_exact=True fallback_exact=0
[533/1000] numerical=4.119014356 shared_exact=True fallback_exact=0
[534/1000] numerical=3.170562796 shared_exact=True fallback_exact=0
[535/1000] numerical=3.351978079 shared_exact=True fallback_exact=0
[536/1000] numerical=3.092326228 shared_exact=True fallback_exact=0
[537/1000] numerical=3.621299755 shared_exact=True fallback_exact=0
[538/1000] numerical=3.291519562 shared_exact=True fallback_exact=0
[539/1000] numerical=3.164370681 shared_exact=True fallback_exact=0
[540/1000] numerical=3.746435704 shared_exact=True fallback_exact=0
[541/1000] numerical=3.790330177 shared_exact=True fallback_exact=0
[542/1000] numerical=3.546123538 shared_exact=True fallback_exact=0
[543/1000] numerical=3.629352814 shared_exact=True fallback_exact=0
[544/1000] numerical=2.866913046 shared_exact=True fallback_exact=0
[545/1000] numerical=2.608973205 shared_exact=True fallback_exact=0
[546/1000] numerical=1.817660523 shared_exact=True fallback_exact=0
[547/1000] numerical=2.635476446 shared_exact=True fallback_exact=0
[548/1000] numerical=1.816460599 shared_exact=True fallback_exact=0
[549/1000] numerical=1.702122863 shared_exact=True fallback_exact=0
[550/1000] numerical=3.413499305 shared_exact=True fallback_exact=0
[551/1000] numerical=3.733524784 shared_exact=True fallback_exact=0
[552/1000] numerical=3.314005954 shared_exact=True fallback_exact=0
[553/1000] numerical=3.542721997 shared_exact=True fallback_exact=0
[554/1000] numerical=2.865577692 shared_exact=True fallback_exact=0
[555/1000] numerical=2.463410868 shared_exact=True fallback_exact=0
[556/1000] numerical=2.733307908 shared_exact=True fallback_exact=0
[557/1000] numerical=3.406055864 shared_exact=True fallback_exact=0
[558/1000] numerical=4.250730456 shared_exact=True fallback_exact=0
[559/1000] numerical=4.218713508 shared_exact=True fallback_exact=0
[560/1000] numerical=4.000008158 shared_exact=True fallback_exact=0
[561/1000] numerical=4.119020592 shared_exact=True fallback_exact=0
[562/1000] numerical=3.351978033 shared_exact=True fallback_exact=0
[563/1000] numerical=3.170564909 shared_exact=True fallback_exact=0
[564/1000] numerical=3.092326215 shared_exact=True fallback_exact=0
[565/1000] numerical=3.268535795 shared_exact=True fallback_exact=0
[566/1000] numerical=3.377557648 shared_exact=True fallback_exact=0
[567/1000] numerical=3.377556708 shared_exact=True fallback_exact=0
[568/1000] numerical=3.193142064 shared_exact=True fallback_exact=0
[569/1000] numerical=2.115102313 shared_exact=True fallback_exact=0
[570/1000] numerical=2.115102313 shared_exact=True fallback_exact=0
[571/1000] numerical=2.171110010 shared_exact=True fallback_exact=0
[572/1000] numerical=3.086837881 shared_exact=True fallback_exact=0
[573/1000] numerical=4.088635821 shared_exact=True fallback_exact=0
[574/1000] numerical=4.088684664 shared_exact=True fallback_exact=0
[575/1000] numerical=4.000000004 shared_exact=True fallback_exact=0
[576/1000] numerical=3.105188926 shared_exact=True fallback_exact=0
[577/1000] numerical=3.105188926 shared_exact=True fallback_exact=0
[578/1000] numerical=4.409994483 shared_exact=True fallback_exact=0
[579/1000] numerical=4.270285262 shared_exact=True fallback_exact=0
[580/1000] numerical=3.261883239 shared_exact=True fallback_exact=0
[581/1000] numerical=3.532750630 shared_exact=True fallback_exact=0
[582/1000] numerical=3.631658063 shared_exact=True fallback_exact=0
[583/1000] numerical=3.631658063 shared_exact=True fallback_exact=0
[584/1000] numerical=4.270289054 shared_exact=True fallback_exact=0
[585/1000] numerical=4.114846029 shared_exact=True fallback_exact=0
[586/1000] numerical=3.532750630 shared_exact=True fallback_exact=0
[587/1000] numerical=3.134122495 shared_exact=True fallback_exact=0
[588/1000] numerical=3.261883677 shared_exact=True fallback_exact=0
[589/1000] numerical=3.134122495 shared_exact=True fallback_exact=0
[590/1000] numerical=2.199905601 shared_exact=True fallback_exact=0
[591/1000] numerical=3.070231155 shared_exact=True fallback_exact=0
[592/1000] numerical=3.545190303 shared_exact=True fallback_exact=0
[593/1000] numerical=3.545190312 shared_exact=True fallback_exact=0
[594/1000] numerical=3.378126601 shared_exact=True fallback_exact=0
[595/1000] numerical=2.339643705 shared_exact=True fallback_exact=0
[596/1000] numerical=2.339643705 shared_exact=True fallback_exact=0
[597/1000] numerical=4.268806892 shared_exact=True fallback_exact=0
[598/1000] numerical=3.323943981 shared_exact=True fallback_exact=0
[599/1000] numerical=3.555671206 shared_exact=True fallback_exact=0
[600/1000] numerical=4.085555005 shared_exact=True fallback_exact=0
[601/1000] numerical=3.269088763 shared_exact=True fallback_exact=0
[602/1000] numerical=3.323943950 shared_exact=True fallback_exact=0
[603/1000] numerical=4.268806893 shared_exact=True fallback_exact=0
[604/1000] numerical=3.323943974 shared_exact=True fallback_exact=0
[605/1000] numerical=3.555671206 shared_exact=True fallback_exact=0
[606/1000] numerical=4.085555005 shared_exact=True fallback_exact=0
[607/1000] numerical=3.269088770 shared_exact=True fallback_exact=0
[608/1000] numerical=3.323943950 shared_exact=True fallback_exact=0
[609/1000] numerical=4.348410712 shared_exact=True fallback_exact=0
[610/1000] numerical=3.556628169 shared_exact=True fallback_exact=0
[611/1000] numerical=3.635274953 shared_exact=True fallback_exact=0
[612/1000] numerical=4.165313461 shared_exact=True fallback_exact=0
[613/1000] numerical=4.269560677 shared_exact=True fallback_exact=0
[614/1000] numerical=4.348410640 shared_exact=True fallback_exact=0
[615/1000] numerical=3.345736904 shared_exact=True fallback_exact=0
[616/1000] numerical=3.554404190 shared_exact=True fallback_exact=0
[617/1000] numerical=3.555674375 shared_exact=True fallback_exact=0
[618/1000] numerical=3.635274952 shared_exact=True fallback_exact=0
[619/1000] numerical=2.841268503 shared_exact=True fallback_exact=0
[620/1000] numerical=3.749663822 shared_exact=True fallback_exact=0
[621/1000] numerical=4.098950427 shared_exact=True fallback_exact=0
[622/1000] numerical=4.165158752 shared_exact=True fallback_exact=0
[623/1000] numerical=3.371152302 shared_exact=True fallback_exact=0
[624/1000] numerical=3.091576513 shared_exact=True fallback_exact=0
[625/1000] numerical=2.286844843 shared_exact=True fallback_exact=0
[626/1000] numerical=3.379846241 shared_exact=True fallback_exact=0
[627/1000] numerical=3.352384287 shared_exact=True fallback_exact=0
[628/1000] numerical=3.362737405 shared_exact=True fallback_exact=0
[629/1000] numerical=2.554661775 shared_exact=True fallback_exact=0
[630/1000] numerical=2.636260932 shared_exact=True fallback_exact=0
[631/1000] numerical=3.212803662 shared_exact=True fallback_exact=0
[632/1000] numerical=2.377375621 shared_exact=True fallback_exact=0
[633/1000] numerical=2.228649723 shared_exact=True fallback_exact=0
[634/1000] numerical=3.554404190 shared_exact=True fallback_exact=0
[635/1000] numerical=3.345878743 shared_exact=True fallback_exact=0
[636/1000] numerical=3.554404209 shared_exact=True fallback_exact=0
[637/1000] numerical=2.854745667 shared_exact=True fallback_exact=0
[638/1000] numerical=2.841268503 shared_exact=True fallback_exact=0
[639/1000] numerical=3.371247512 shared_exact=True fallback_exact=0
[640/1000] numerical=2.671493780 shared_exact=True fallback_exact=0
[641/1000] numerical=2.322582017 shared_exact=True fallback_exact=0
[642/1000] numerical=2.593326409 shared_exact=True fallback_exact=0
[643/1000] numerical=2.460176453 shared_exact=True fallback_exact=0
[644/1000] numerical=4.611759034 shared_exact=True fallback_exact=0
[645/1000] numerical=4.561552836 shared_exact=True fallback_exact=0
[646/1000] numerical=4.133633344 shared_exact=True fallback_exact=0
[647/1000] numerical=4.611740313 shared_exact=True fallback_exact=0
[648/1000] numerical=4.563500782 shared_exact=True fallback_exact=0
[649/1000] numerical=3.680644642 shared_exact=True fallback_exact=0
[650/1000] numerical=4.085655115 shared_exact=True fallback_exact=0
[651/1000] numerical=3.180483167 shared_exact=True fallback_exact=0
[652/1000] numerical=3.682601221 shared_exact=True fallback_exact=0
[653/1000] numerical=2.904697490 shared_exact=True fallback_exact=0
[654/1000] numerical=3.174152507 shared_exact=True fallback_exact=0
[655/1000] numerical=3.632822237 shared_exact=True fallback_exact=0
[656/1000] numerical=2.692283070 shared_exact=True fallback_exact=0
[657/1000] numerical=3.146048724 shared_exact=True fallback_exact=0
[658/1000] numerical=2.797122282 shared_exact=True fallback_exact=0
[659/1000] numerical=4.561552829 shared_exact=True fallback_exact=0
[660/1000] numerical=4.133633343 shared_exact=True fallback_exact=0
[661/1000] numerical=4.611745894 shared_exact=True fallback_exact=0
[662/1000] numerical=4.563656873 shared_exact=True fallback_exact=0
[663/1000] numerical=3.680644642 shared_exact=True fallback_exact=0
[664/1000] numerical=4.085655944 shared_exact=True fallback_exact=0
[665/1000] numerical=3.180483167 shared_exact=True fallback_exact=0
[666/1000] numerical=3.682601215 shared_exact=True fallback_exact=0
[667/1000] numerical=2.904697490 shared_exact=True fallback_exact=0
[668/1000] numerical=3.174152514 shared_exact=True fallback_exact=0
[669/1000] numerical=3.632793036 shared_exact=True fallback_exact=0
[670/1000] numerical=2.692283070 shared_exact=True fallback_exact=0
[671/1000] numerical=3.145955403 shared_exact=True fallback_exact=0
[672/1000] numerical=2.797122355 shared_exact=True fallback_exact=0
[673/1000] numerical=3.647097020 shared_exact=True fallback_exact=0
[674/1000] numerical=3.662444067 shared_exact=True fallback_exact=0
[675/1000] numerical=4.165631336 shared_exact=True fallback_exact=0
[676/1000] numerical=4.563218909 shared_exact=True fallback_exact=0
[677/1000] numerical=4.641156641 shared_exact=True fallback_exact=0
[678/1000] numerical=3.847150110 shared_exact=True fallback_exact=0
[679/1000] numerical=4.165158754 shared_exact=True fallback_exact=0
[680/1000] numerical=3.371152302 shared_exact=True fallback_exact=0
[681/1000] numerical=3.749671991 shared_exact=True fallback_exact=0
[682/1000] numerical=4.085555254 shared_exact=True fallback_exact=0
[683/1000] numerical=4.177130724 shared_exact=True fallback_exact=0
[684/1000] numerical=3.439784851 shared_exact=True fallback_exact=0
[685/1000] numerical=3.121681697 shared_exact=True fallback_exact=0
[686/1000] numerical=2.411248956 shared_exact=True fallback_exact=0
[687/1000] numerical=3.122751553 shared_exact=True fallback_exact=0
[688/1000] numerical=3.626490606 shared_exact=True fallback_exact=0
[689/1000] numerical=4.561555501 shared_exact=True fallback_exact=0
[690/1000] numerical=4.641156663 shared_exact=True fallback_exact=0
[691/1000] numerical=3.616689868 shared_exact=True fallback_exact=0
[692/1000] numerical=3.854146621 shared_exact=True fallback_exact=0
[693/1000] numerical=4.085555210 shared_exact=True fallback_exact=0
[694/1000] numerical=4.165158752 shared_exact=True fallback_exact=0
[695/1000] numerical=3.140692060 shared_exact=True fallback_exact=0
[696/1000] numerical=3.371904286 shared_exact=True fallback_exact=0
[697/1000] numerical=3.658199522 shared_exact=True fallback_exact=0
[698/1000] numerical=2.847156895 shared_exact=True fallback_exact=0
[699/1000] numerical=3.172521437 shared_exact=True fallback_exact=0
[700/1000] numerical=3.327132852 shared_exact=True fallback_exact=0
[701/1000] numerical=2.666731123 shared_exact=True fallback_exact=0
[702/1000] numerical=2.316790356 shared_exact=True fallback_exact=0
[703/1000] numerical=3.562973883 shared_exact=True fallback_exact=0
[704/1000] numerical=3.700668840 shared_exact=True fallback_exact=0
[705/1000] numerical=2.625664590 shared_exact=True fallback_exact=0
[706/1000] numerical=3.001111391 shared_exact=True fallback_exact=0
[707/1000] numerical=3.085729968 shared_exact=True fallback_exact=0
[708/1000] numerical=3.201993678 shared_exact=True fallback_exact=0
[709/1000] numerical=2.487567803 shared_exact=True fallback_exact=0
[710/1000] numerical=3.847155706 shared_exact=True fallback_exact=0
[711/1000] numerical=3.147491588 shared_exact=True fallback_exact=0
[712/1000] numerical=3.371152486 shared_exact=True fallback_exact=0
[713/1000] numerical=3.371838757 shared_exact=True fallback_exact=0
[714/1000] numerical=2.699875228 shared_exact=True fallback_exact=0
[715/1000] numerical=2.300412592 shared_exact=True fallback_exact=0
[716/1000] numerical=3.616712864 shared_exact=True fallback_exact=0
[717/1000] numerical=3.847150110 shared_exact=True fallback_exact=0
[718/1000] numerical=2.563056415 shared_exact=True fallback_exact=0
[719/1000] numerical=3.147514003 shared_exact=True fallback_exact=0
[720/1000] numerical=3.140692199 shared_exact=True fallback_exact=0
[721/1000] numerical=3.371152302 shared_exact=True fallback_exact=0
[722/1000] numerical=2.671493781 shared_exact=True fallback_exact=0
[723/1000] numerical=2.888615999 shared_exact=True fallback_exact=0
[724/1000] numerical=2.476655782 shared_exact=True fallback_exact=0
[725/1000] numerical=2.625769459 shared_exact=True fallback_exact=0
[726/1000] numerical=2.873168375 shared_exact=True fallback_exact=0
[727/1000] numerical=2.238505888 shared_exact=True fallback_exact=0
[728/1000] numerical=2.382918573 shared_exact=True fallback_exact=0
[729/1000] numerical=4.180735578 shared_exact=True fallback_exact=0
[730/1000] numerical=3.209199962 shared_exact=True fallback_exact=0
[731/1000] numerical=3.209199962 shared_exact=True fallback_exact=0
[732/1000] numerical=4.052715223 shared_exact=True fallback_exact=0
[733/1000] numerical=3.386634804 shared_exact=True fallback_exact=0
[734/1000] numerical=3.215643805 shared_exact=True fallback_exact=0
[735/1000] numerical=4.276568089 shared_exact=True fallback_exact=0
[736/1000] numerical=4.108306096 shared_exact=True fallback_exact=0
[737/1000] numerical=4.270895196 shared_exact=True fallback_exact=0
[738/1000] numerical=4.379026273 shared_exact=True fallback_exact=0
[739/1000] numerical=4.313186824 shared_exact=True fallback_exact=0
[740/1000] numerical=3.304212581 shared_exact=True fallback_exact=0
[741/1000] numerical=3.460356368 shared_exact=True fallback_exact=0
[742/1000] numerical=2.502828120 shared_exact=True fallback_exact=0
[743/1000] numerical=3.592722600 shared_exact=True fallback_exact=0
[744/1000] numerical=2.568856731 shared_exact=True fallback_exact=0
[745/1000] numerical=2.749599183 shared_exact=True fallback_exact=0
[746/1000] numerical=3.499093371 shared_exact=True fallback_exact=0
[747/1000] numerical=2.453243342 shared_exact=True fallback_exact=0
[748/1000] numerical=2.762513464 shared_exact=True fallback_exact=0
[749/1000] numerical=2.738898527 shared_exact=True fallback_exact=0
[750/1000] numerical=4.276568090 shared_exact=True fallback_exact=0
[751/1000] numerical=4.108266831 shared_exact=True fallback_exact=0
[752/1000] numerical=4.379026273 shared_exact=True fallback_exact=0
[753/1000] numerical=4.270895197 shared_exact=True fallback_exact=0
[754/1000] numerical=4.313186824 shared_exact=True fallback_exact=0
[755/1000] numerical=3.460335233 shared_exact=True fallback_exact=0
[756/1000] numerical=3.304212581 shared_exact=True fallback_exact=0
[757/1000] numerical=2.502828120 shared_exact=True fallback_exact=0
[758/1000] numerical=3.592722600 shared_exact=True fallback_exact=0
[759/1000] numerical=2.749598888 shared_exact=True fallback_exact=0
[760/1000] numerical=2.568856731 shared_exact=True fallback_exact=0
[761/1000] numerical=3.499093357 shared_exact=True fallback_exact=0
[762/1000] numerical=2.762513045 shared_exact=True fallback_exact=0
[763/1000] numerical=2.453243342 shared_exact=True fallback_exact=0
[764/1000] numerical=2.738747372 shared_exact=True fallback_exact=0
[765/1000] numerical=4.269240048 shared_exact=True fallback_exact=0
[766/1000] numerical=4.111593083 shared_exact=True fallback_exact=0
[767/1000] numerical=4.111550925 shared_exact=True fallback_exact=0
[768/1000] numerical=4.085625247 shared_exact=True fallback_exact=0
[769/1000] numerical=3.114721140 shared_exact=True fallback_exact=0
[770/1000] numerical=3.114721140 shared_exact=True fallback_exact=0
[771/1000] numerical=2.185858636 shared_exact=True fallback_exact=0
[772/1000] numerical=3.000000000 shared_exact=True fallback_exact=0
[773/1000] numerical=2.085399452 shared_exact=True fallback_exact=0
[774/1000] numerical=2.085399452 shared_exact=True fallback_exact=0
[775/1000] numerical=3.150451676 shared_exact=True fallback_exact=0
[776/1000] numerical=2.116080256 shared_exact=True fallback_exact=0
[777/1000] numerical=2.116080256 shared_exact=True fallback_exact=0
[778/1000] numerical=2.071299629 shared_exact=True fallback_exact=0
[779/1000] numerical=3.165240293 shared_exact=True fallback_exact=0
[780/1000] numerical=3.804005995 shared_exact=True fallback_exact=0
[781/1000] numerical=4.297974647 shared_exact=True fallback_exact=0
[782/1000] numerical=4.298335441 shared_exact=True fallback_exact=0
[783/1000] numerical=4.393481171 shared_exact=True fallback_exact=0
[784/1000] numerical=3.537261757 shared_exact=True fallback_exact=0
[785/1000] numerical=3.537418172 shared_exact=True fallback_exact=0
[786/1000] numerical=2.758691902 shared_exact=True fallback_exact=0
[787/1000] numerical=4.085635201 shared_exact=True fallback_exact=0
[788/1000] numerical=4.128368838 shared_exact=True fallback_exact=0
[789/1000] numerical=3.323524268 shared_exact=True fallback_exact=0
[790/1000] numerical=3.204461316 shared_exact=True fallback_exact=0
[791/1000] numerical=2.450771598 shared_exact=True fallback_exact=0
[792/1000] numerical=3.222874241 shared_exact=True fallback_exact=0
[793/1000] numerical=3.222874241 shared_exact=True fallback_exact=0
[794/1000] numerical=4.128399611 shared_exact=True fallback_exact=0
[795/1000] numerical=4.206335548 shared_exact=True fallback_exact=0
[796/1000] numerical=3.204461316 shared_exact=True fallback_exact=0
[797/1000] numerical=3.351942621 shared_exact=True fallback_exact=0
[798/1000] numerical=3.323524276 shared_exact=True fallback_exact=0
[799/1000] numerical=3.351975455 shared_exact=True fallback_exact=0
[800/1000] numerical=2.450771598 shared_exact=True fallback_exact=0
[801/1000] numerical=2.548279191 shared_exact=True fallback_exact=0
[802/1000] numerical=3.685524624 shared_exact=True fallback_exact=0
[803/1000] numerical=2.842292374 shared_exact=True fallback_exact=0
[804/1000] numerical=2.842314921 shared_exact=True fallback_exact=0
[805/1000] numerical=3.103623340 shared_exact=True fallback_exact=0
[806/1000] numerical=2.357548548 shared_exact=True fallback_exact=0
[807/1000] numerical=2.237709139 shared_exact=True fallback_exact=0
[808/1000] numerical=3.103623530 shared_exact=True fallback_exact=0
[809/1000] numerical=3.117920453 shared_exact=True fallback_exact=0
[810/1000] numerical=2.237709139 shared_exact=True fallback_exact=0
[811/1000] numerical=2.309966073 shared_exact=True fallback_exact=0
[812/1000] numerical=2.357548549 shared_exact=True fallback_exact=0
[813/1000] numerical=2.309966075 shared_exact=True fallback_exact=0
[814/1000] numerical=1.441627746 shared_exact=True fallback_exact=0
[815/1000] numerical=3.670069338 shared_exact=True fallback_exact=0
[816/1000] numerical=2.901225342 shared_exact=True fallback_exact=0
[817/1000] numerical=2.901236738 shared_exact=True fallback_exact=0
[818/1000] numerical=3.320651691 shared_exact=True fallback_exact=0
[819/1000] numerical=2.598225065 shared_exact=True fallback_exact=0
[820/1000] numerical=2.339832536 shared_exact=True fallback_exact=0
[821/1000] numerical=3.321203506 shared_exact=True fallback_exact=0
[822/1000] numerical=3.486617939 shared_exact=True fallback_exact=0
[823/1000] numerical=2.339832536 shared_exact=True fallback_exact=0
[824/1000] numerical=2.709228859 shared_exact=True fallback_exact=0
[825/1000] numerical=2.598225397 shared_exact=True fallback_exact=0
[826/1000] numerical=2.709407767 shared_exact=True fallback_exact=0
[827/1000] numerical=1.961128428 shared_exact=True fallback_exact=0
[828/1000] numerical=2.955518283 shared_exact=True fallback_exact=0
[829/1000] numerical=2.306258451 shared_exact=True fallback_exact=0
[830/1000] numerical=2.306264641 shared_exact=True fallback_exact=0
[831/1000] numerical=2.400376253 shared_exact=True fallback_exact=0
[832/1000] numerical=1.658289316 shared_exact=True fallback_exact=0
[833/1000] numerical=1.658289316 shared_exact=True fallback_exact=0
[834/1000] numerical=4.000000000 shared_exact=True fallback_exact=0
[835/1000] numerical=4.000000000 shared_exact=True fallback_exact=0
[836/1000] numerical=5.000032084 shared_exact=True fallback_exact=0
[837/1000] numerical=4.052581334 shared_exact=True fallback_exact=0
[838/1000] numerical=4.052581333 shared_exact=True fallback_exact=0
[839/1000] numerical=4.052581333 shared_exact=True fallback_exact=0
[840/1000] numerical=5.000034210 shared_exact=True fallback_exact=0
[841/1000] numerical=4.052587242 shared_exact=True fallback_exact=0
[842/1000] numerical=4.052581333 shared_exact=True fallback_exact=0
[843/1000] numerical=5.000289501 shared_exact=True fallback_exact=0
[844/1000] numerical=5.000000000 shared_exact=True fallback_exact=0
[845/1000] numerical=4.069100142 shared_exact=True fallback_exact=0
[846/1000] numerical=4.000000000 shared_exact=True fallback_exact=0
[847/1000] numerical=4.052581333 shared_exact=True fallback_exact=0
[848/1000] numerical=4.000000000 shared_exact=True fallback_exact=0
[849/1000] numerical=3.058028483 shared_exact=True fallback_exact=0
[850/1000] numerical=4.052581333 shared_exact=True fallback_exact=0
[851/1000] numerical=4.052581333 shared_exact=True fallback_exact=0
[852/1000] numerical=4.000000000 shared_exact=True fallback_exact=0
[853/1000] numerical=3.058028495 shared_exact=True fallback_exact=0
[854/1000] numerical=3.058028484 shared_exact=True fallback_exact=0
[855/1000] numerical=5.000077707 shared_exact=True fallback_exact=0
[856/1000] numerical=4.085735735 shared_exact=True fallback_exact=0
[857/1000] numerical=4.000044834 shared_exact=True fallback_exact=0
[858/1000] numerical=5.000000045 shared_exact=True fallback_exact=0
[859/1000] numerical=5.000158599 shared_exact=True fallback_exact=0
[860/1000] numerical=4.000000000 shared_exact=True fallback_exact=0
[861/1000] numerical=4.099403497 shared_exact=True fallback_exact=0
[862/1000] numerical=4.000000001 shared_exact=True fallback_exact=0
[863/1000] numerical=4.052581333 shared_exact=True fallback_exact=0
[864/1000] numerical=3.210495737 shared_exact=True fallback_exact=0
[865/1000] numerical=4.000031600 shared_exact=True fallback_exact=0
[866/1000] numerical=4.000000974 shared_exact=True fallback_exact=0
[867/1000] numerical=4.052581333 shared_exact=True fallback_exact=0
[868/1000] numerical=3.210495852 shared_exact=True fallback_exact=0
[869/1000] numerical=3.194407862 shared_exact=True fallback_exact=0
[870/1000] numerical=4.061440831 shared_exact=True fallback_exact=0
[871/1000] numerical=5.000000075 shared_exact=True fallback_exact=0
[872/1000] numerical=5.000143689 shared_exact=True fallback_exact=0
[873/1000] numerical=4.000000000 shared_exact=True fallback_exact=0
[874/1000] numerical=4.099405177 shared_exact=True fallback_exact=0
[875/1000] numerical=4.000000034 shared_exact=True fallback_exact=0
[876/1000] numerical=4.052581333 shared_exact=True fallback_exact=0
[877/1000] numerical=3.210495875 shared_exact=True fallback_exact=0
[878/1000] numerical=4.061440831 shared_exact=True fallback_exact=0
[879/1000] numerical=4.061440838 shared_exact=True fallback_exact=0
[880/1000] numerical=5.000038150 shared_exact=True fallback_exact=0
[881/1000] numerical=5.000052379 shared_exact=True fallback_exact=0
[882/1000] numerical=4.052581343 shared_exact=True fallback_exact=0
[883/1000] numerical=4.085735134 shared_exact=True fallback_exact=0
[884/1000] numerical=4.052581336 shared_exact=True fallback_exact=0
[885/1000] numerical=4.000074855 shared_exact=True fallback_exact=0
[886/1000] numerical=3.194407862 shared_exact=True fallback_exact=0
[887/1000] numerical=3.101205303 shared_exact=True fallback_exact=0
[888/1000] numerical=4.000000113 shared_exact=True fallback_exact=0
[889/1000] numerical=4.052581333 shared_exact=True fallback_exact=0
[890/1000] numerical=3.210495726 shared_exact=True fallback_exact=0
[891/1000] numerical=3.194407862 shared_exact=True fallback_exact=0
[892/1000] numerical=4.052581355 shared_exact=True fallback_exact=0
[893/1000] numerical=4.000052807 shared_exact=True fallback_exact=0
[894/1000] numerical=3.194407862 shared_exact=True fallback_exact=0
[895/1000] numerical=3.101205303 shared_exact=True fallback_exact=0
[896/1000] numerical=3.194408434 shared_exact=True fallback_exact=0
[897/1000] numerical=3.066022609 shared_exact=True fallback_exact=0
[898/1000] numerical=2.104679443 shared_exact=True fallback_exact=0
[899/1000] numerical=4.000024031 shared_exact=True fallback_exact=0
[900/1000] numerical=4.000069131 shared_exact=True fallback_exact=0
[901/1000] numerical=4.052581333 shared_exact=True fallback_exact=0
[902/1000] numerical=4.000000000 shared_exact=True fallback_exact=0
[903/1000] numerical=3.058028488 shared_exact=True fallback_exact=0
[904/1000] numerical=3.000000000 shared_exact=True fallback_exact=0
[905/1000] numerical=3.000000000 shared_exact=True fallback_exact=0
[906/1000] numerical=4.085735134 shared_exact=True fallback_exact=0
[907/1000] numerical=4.000000000 shared_exact=True fallback_exact=0
[908/1000] numerical=4.085735134 shared_exact=True fallback_exact=0
[909/1000] numerical=3.304655943 shared_exact=True fallback_exact=0
[910/1000] numerical=3.108017004 shared_exact=True fallback_exact=0
[911/1000] numerical=3.108017004 shared_exact=True fallback_exact=0
[912/1000] numerical=4.000000001 shared_exact=True fallback_exact=0
[913/1000] numerical=4.085735134 shared_exact=True fallback_exact=0
[914/1000] numerical=3.304658663 shared_exact=True fallback_exact=0
[915/1000] numerical=3.108017004 shared_exact=True fallback_exact=0
[916/1000] numerical=4.000087314 shared_exact=True fallback_exact=0
[917/1000] numerical=4.085735134 shared_exact=True fallback_exact=0
[918/1000] numerical=3.071575558 shared_exact=True fallback_exact=0
[919/1000] numerical=3.304312374 shared_exact=True fallback_exact=0
[920/1000] numerical=3.068114674 shared_exact=True fallback_exact=0
[921/1000] numerical=3.096597221 shared_exact=True fallback_exact=0
[922/1000] numerical=2.304642176 shared_exact=True fallback_exact=0
[923/1000] numerical=3.108017004 shared_exact=True fallback_exact=0
[924/1000] numerical=3.068114682 shared_exact=True fallback_exact=0
[925/1000] numerical=3.096597221 shared_exact=True fallback_exact=0
[926/1000] numerical=2.304642176 shared_exact=True fallback_exact=0
[927/1000] numerical=2.211761365 shared_exact=True fallback_exact=0
[928/1000] numerical=4.000040311 shared_exact=True fallback_exact=0
[929/1000] numerical=4.000044550 shared_exact=True fallback_exact=0
[930/1000] numerical=4.052581336 shared_exact=True fallback_exact=0
[931/1000] numerical=4.000000004 shared_exact=True fallback_exact=0
[932/1000] numerical=3.058028538 shared_exact=True fallback_exact=0
[933/1000] numerical=3.000000000 shared_exact=True fallback_exact=0
[934/1000] numerical=3.000000018 shared_exact=True fallback_exact=0
[935/1000] numerical=4.085735140 shared_exact=True fallback_exact=0
[936/1000] numerical=4.000000838 shared_exact=True fallback_exact=0
[937/1000] numerical=4.085735135 shared_exact=True fallback_exact=0
[938/1000] numerical=3.304656858 shared_exact=True fallback_exact=0
[939/1000] numerical=3.108017004 shared_exact=True fallback_exact=0
[940/1000] numerical=3.108017004 shared_exact=True fallback_exact=0
[941/1000] numerical=4.000003254 shared_exact=True fallback_exact=0
[942/1000] numerical=4.085735134 shared_exact=True fallback_exact=0
[943/1000] numerical=3.304656674 shared_exact=True fallback_exact=0
[944/1000] numerical=3.108017004 shared_exact=True fallback_exact=0
[945/1000] numerical=4.000114791 shared_exact=True fallback_exact=0
[946/1000] numerical=4.085735134 shared_exact=True fallback_exact=0
[947/1000] numerical=3.071575649 shared_exact=True fallback_exact=0
[948/1000] numerical=3.304312374 shared_exact=True fallback_exact=0
[949/1000] numerical=3.068114807 shared_exact=True fallback_exact=0
[950/1000] numerical=3.096597221 shared_exact=True fallback_exact=0
[951/1000] numerical=2.304642176 shared_exact=True fallback_exact=0
[952/1000] numerical=3.108017004 shared_exact=True fallback_exact=0
[953/1000] numerical=3.068116030 shared_exact=True fallback_exact=0
[954/1000] numerical=3.096597223 shared_exact=True fallback_exact=0
[955/1000] numerical=2.304642176 shared_exact=True fallback_exact=0
[956/1000] numerical=2.211761371 shared_exact=True fallback_exact=0
[957/1000] numerical=3.058028483 shared_exact=True fallback_exact=0
[958/1000] numerical=3.304312374 shared_exact=True fallback_exact=0
[959/1000] numerical=3.304312374 shared_exact=True fallback_exact=0
[960/1000] numerical=3.074960121 shared_exact=True fallback_exact=0
[961/1000] numerical=3.304312374 shared_exact=True fallback_exact=0
[962/1000] numerical=2.618874645 shared_exact=True fallback_exact=0
[963/1000] numerical=2.336589810 shared_exact=True fallback_exact=0
[964/1000] numerical=2.336589810 shared_exact=True fallback_exact=0
[965/1000] numerical=3.955779342 shared_exact=True fallback_exact=0
[966/1000] numerical=2.895564843 shared_exact=True fallback_exact=0
[967/1000] numerical=2.960917391 shared_exact=True fallback_exact=0
[968/1000] numerical=2.960917391 shared_exact=True fallback_exact=0
[969/1000] numerical=3.592280986 shared_exact=True fallback_exact=0
[970/1000] numerical=3.592280986 shared_exact=True fallback_exact=0
[971/1000] numerical=4.074580241 shared_exact=True fallback_exact=0
[972/1000] numerical=3.870923743 shared_exact=True fallback_exact=0
[973/1000] numerical=3.388289843 shared_exact=True fallback_exact=0
[974/1000] numerical=3.076845760 shared_exact=True fallback_exact=0
[975/1000] numerical=3.076845760 shared_exact=True fallback_exact=0
[976/1000] numerical=3.319099454 shared_exact=True fallback_exact=0
[977/1000] numerical=3.107425987 shared_exact=True fallback_exact=0
[978/1000] numerical=4.617796534 shared_exact=True fallback_exact=0
[979/1000] numerical=4.617796534 shared_exact=True fallback_exact=0
[980/1000] numerical=4.356294129 shared_exact=True fallback_exact=0
[981/1000] numerical=4.617796534 shared_exact=True fallback_exact=0
[982/1000] numerical=3.952530036 shared_exact=True fallback_exact=0
[983/1000] numerical=3.656775781 shared_exact=True fallback_exact=0
[984/1000] numerical=2.957629015 shared_exact=True fallback_exact=0
[985/1000] numerical=3.656775781 shared_exact=True fallback_exact=0
[986/1000] numerical=2.957629015 shared_exact=True fallback_exact=0
[987/1000] numerical=2.815438480 shared_exact=True fallback_exact=0
[988/1000] numerical=4.049745990 shared_exact=True fallback_exact=0
[989/1000] numerical=3.438258058 shared_exact=True fallback_exact=0
[990/1000] numerical=3.672581197 shared_exact=True fallback_exact=0
[991/1000] numerical=3.672578708 shared_exact=True fallback_exact=0
[992/1000] numerical=3.737397237 shared_exact=True fallback_exact=0
[993/1000] numerical=3.672578238 shared_exact=True fallback_exact=0
[994/1000] numerical=2.809977452 shared_exact=True fallback_exact=0
[995/1000] numerical=2.673118524 shared_exact=True fallback_exact=0
[996/1000] numerical=1.814542856 shared_exact=True fallback_exact=0
[997/1000] numerical=2.673118524 shared_exact=True fallback_exact=0
[998/1000] numerical=1.814542856 shared_exact=True fallback_exact=0
[999/1000] numerical=1.753702515 shared_exact=True fallback_exact=0
[1000/1000] numerical=4.101809956 shared_exact=True fallback_exact=0
checkpoint=/workspace/positive-square-energy/experiments/rank7_order8_chunk_027000_028000.r7o8g.xz.fragments/fragment-027500-028000.r7o8g.xz rows=500
attempts=1000 shared_exact=1000 templates=0 fallback_exact=0 structural=0 atoms=0 balanced=0 unresolved_targets=0
fragments=2 checkpoint_rows=500
raw_bytes=478558 xz_bytes=298204 elapsed_seconds=458.098880
sha256=76101b7c09055daeb70e5927d4b635c8696218a618f318d968a3633c74edadfa
full_theorem=false
[2026-08-17T06:55:36.533703+00:00] exit: 0
[2026-08-17T06:55:36.533807+00:00] exec: /opt/kortix/pyfloor/bin/python3 -u /workspace/positive-square-energy/experiments/rank7_order8_exact_rational.py --verify-pack /workspace/positive-square-energy/experiments/rank7_order8_chunk_027000_028000.r7o8g.xz --census-cache positive-square-energy/experiments/rank7_order8_rational_search_cache.r7o8c.xz
attempts=1000 shared_exact=1000 templates=0 fallback_exact=0 structural=0 atoms=0 balanced=0 exact_audit=true census_seconds=69.002498
full_theorem=false
[2026-08-17T06:58:10.226475+00:00] exit: 0
[2026-08-17T06:58:10.227484+00:00] shard=027000_028000 exact_audit=true sha256=76101b7c09055daeb70e5927d4b635c8696218a618f318d968a3633c74edadfa
