[2026-08-15T00:31:13.146722+00:00] shard=013000_014000 adopted_fragments=0
[2026-08-15T00:31:13.146788+00:00] exec: /opt/kortix/pyfloor/bin/python3 -u /workspace/positive-square-energy/experiments/rank7_order8_exact_rational.py --output /workspace/positive-square-energy/experiments/rank7_order8_chunk_013000_014000.r7o8g.xz --fragment-directory /workspace/positive-square-energy/experiments/rank7_order8_chunk_013000_014000.r7o8g.xz.fragments --census-cache positive-square-energy/experiments/rank7_order8_rational_search_cache.r7o8c.xz --start 13000 --count 1000 --checkpoint-rows 500 --progress
[1/1000] numerical=3.358124749 shared_exact=True fallback_exact=0
[2/1000] numerical=4.119513956 shared_exact=True fallback_exact=0
[3/1000] numerical=3.126323580 shared_exact=True fallback_exact=0
[4/1000] numerical=4.149107956 shared_exact=True fallback_exact=0
[5/1000] numerical=4.239536852 shared_exact=True fallback_exact=0
[6/1000] numerical=4.100706657 shared_exact=True fallback_exact=0
[7/1000] numerical=3.173574025 shared_exact=True fallback_exact=0
[8/1000] numerical=3.266678714 shared_exact=True fallback_exact=0
[9/1000] numerical=3.810555179 shared_exact=True fallback_exact=0
[10/1000] numerical=3.577400747 shared_exact=True fallback_exact=0
[11/1000] numerical=3.634938221 shared_exact=True fallback_exact=0
[12/1000] numerical=3.771956590 shared_exact=True fallback_exact=0
[13/1000] numerical=3.678502946 shared_exact=True fallback_exact=0
[14/1000] numerical=3.966874786 shared_exact=True fallback_exact=0
[15/1000] numerical=3.330990757 shared_exact=True fallback_exact=0
[16/1000] numerical=3.254289706 shared_exact=True fallback_exact=0
[17/1000] numerical=3.362688168 shared_exact=True fallback_exact=0
[18/1000] numerical=3.177149097 shared_exact=True fallback_exact=0
[19/1000] numerical=3.555906799 shared_exact=True fallback_exact=0
[20/1000] numerical=2.984816995 shared_exact=True fallback_exact=0
[21/1000] numerical=2.817150664 shared_exact=True fallback_exact=0
[22/1000] numerical=3.509655643 shared_exact=True fallback_exact=0
[23/1000] numerical=4.351287574 shared_exact=True fallback_exact=0
[24/1000] numerical=4.146955766 shared_exact=True fallback_exact=0
[25/1000] numerical=4.430731105 shared_exact=True fallback_exact=0
[26/1000] numerical=3.764348791 shared_exact=True fallback_exact=0
[27/1000] numerical=3.656700627 shared_exact=True fallback_exact=0
[28/1000] numerical=3.423221296 shared_exact=True fallback_exact=0
[29/1000] numerical=3.784440299 shared_exact=True fallback_exact=0
[30/1000] numerical=3.728594115 shared_exact=True fallback_exact=0
[31/1000] numerical=2.850786756 shared_exact=True fallback_exact=0
[32/1000] numerical=3.095248638 shared_exact=True fallback_exact=0
[33/1000] numerical=3.000000000 shared_exact=True fallback_exact=0
[34/1000] numerical=4.127354486 shared_exact=True fallback_exact=0
[35/1000] numerical=4.051500058 shared_exact=True fallback_exact=0
[36/1000] numerical=3.160539127 shared_exact=True fallback_exact=0
[37/1000] numerical=3.507170058 shared_exact=True fallback_exact=0
[38/1000] numerical=4.276071282 shared_exact=True fallback_exact=0
[39/1000] numerical=4.262624616 shared_exact=True fallback_exact=0
[40/1000] numerical=3.449477582 shared_exact=True fallback_exact=0
[41/1000] numerical=3.448306516 shared_exact=True fallback_exact=0
[42/1000] numerical=3.000000000 shared_exact=True fallback_exact=0
[43/1000] numerical=3.465431630 shared_exact=True fallback_exact=0
[44/1000] numerical=3.529318108 shared_exact=True fallback_exact=0
[45/1000] numerical=2.782599392 shared_exact=True fallback_exact=0
[46/1000] numerical=3.896057537 shared_exact=True fallback_exact=0
[47/1000] numerical=3.016617521 shared_exact=True fallback_exact=0
[48/1000] numerical=2.940011630 shared_exact=True fallback_exact=0
[49/1000] numerical=3.563966641 shared_exact=True fallback_exact=0
[50/1000] numerical=3.874102763 shared_exact=True fallback_exact=0
[51/1000] numerical=3.769989045 shared_exact=True fallback_exact=0
[52/1000] numerical=3.115792006 shared_exact=True fallback_exact=0
[53/1000] numerical=2.919601472 shared_exact=True fallback_exact=0
[54/1000] numerical=3.811309500 shared_exact=True fallback_exact=0
[55/1000] numerical=3.613592663 shared_exact=True fallback_exact=0
[56/1000] numerical=3.135392922 shared_exact=True fallback_exact=0
[57/1000] numerical=2.874059867 shared_exact=True fallback_exact=0
[58/1000] numerical=3.363328668 shared_exact=True fallback_exact=0
[59/1000] numerical=3.127643647 shared_exact=True fallback_exact=0
[60/1000] numerical=4.269278462 shared_exact=True fallback_exact=0
[61/1000] numerical=3.699334341 shared_exact=True fallback_exact=0
[62/1000] numerical=4.269638941 shared_exact=True fallback_exact=0
[63/1000] numerical=4.106634402 shared_exact=True fallback_exact=0
[64/1000] numerical=3.563966492 shared_exact=True fallback_exact=0
[65/1000] numerical=4.269280970 shared_exact=True fallback_exact=0
[66/1000] numerical=4.414066291 shared_exact=True fallback_exact=0
[67/1000] numerical=4.330795737 shared_exact=True fallback_exact=0
[68/1000] numerical=3.406021324 shared_exact=True fallback_exact=0
[69/1000] numerical=3.493775361 shared_exact=True fallback_exact=0
[70/1000] numerical=2.582465073 shared_exact=True fallback_exact=0
[71/1000] numerical=3.881716373 shared_exact=True fallback_exact=0
[72/1000] numerical=3.791392415 shared_exact=True fallback_exact=0
[73/1000] numerical=3.117305561 shared_exact=True fallback_exact=0
[74/1000] numerical=2.992193783 shared_exact=True fallback_exact=0
[75/1000] numerical=3.699329186 shared_exact=True fallback_exact=0
[76/1000] numerical=3.699170712 shared_exact=True fallback_exact=0
[77/1000] numerical=3.699318342 shared_exact=True fallback_exact=0
[78/1000] numerical=2.917725958 shared_exact=True fallback_exact=0
[79/1000] numerical=2.703869044 shared_exact=True fallback_exact=0
[80/1000] numerical=1.931877306 shared_exact=True fallback_exact=0
[81/1000] numerical=3.380197098 shared_exact=True fallback_exact=0
[82/1000] numerical=3.158335379 shared_exact=True fallback_exact=0
[83/1000] numerical=4.269435750 shared_exact=True fallback_exact=0
[84/1000] numerical=4.106646374 shared_exact=True fallback_exact=0
[85/1000] numerical=3.699318341 shared_exact=True fallback_exact=0
[86/1000] numerical=4.269281432 shared_exact=True fallback_exact=0
[87/1000] numerical=4.106616756 shared_exact=True fallback_exact=0
[88/1000] numerical=3.563966497 shared_exact=True fallback_exact=0
[89/1000] numerical=3.127637911 shared_exact=True fallback_exact=0
[90/1000] numerical=3.269355933 shared_exact=True fallback_exact=0
[91/1000] numerical=3.110352813 shared_exact=True fallback_exact=0
[92/1000] numerical=2.565365421 shared_exact=True fallback_exact=0
[93/1000] numerical=2.940013041 shared_exact=True fallback_exact=0
[94/1000] numerical=2.919553088 shared_exact=True fallback_exact=0
[95/1000] numerical=2.875814599 shared_exact=True fallback_exact=0
[96/1000] numerical=3.493775397 shared_exact=True fallback_exact=0
[97/1000] numerical=2.582460322 shared_exact=True fallback_exact=0
[98/1000] numerical=2.735062359 shared_exact=True fallback_exact=0
[99/1000] numerical=2.992237849 shared_exact=True fallback_exact=0
[100/1000] numerical=2.703869044 shared_exact=True fallback_exact=0
[101/1000] numerical=1.931877306 shared_exact=True fallback_exact=0
[102/1000] numerical=1.802165697 shared_exact=True fallback_exact=0
[103/1000] numerical=3.269495928 shared_exact=True fallback_exact=0
[104/1000] numerical=3.110352813 shared_exact=True fallback_exact=0
[105/1000] numerical=2.565369613 shared_exact=True fallback_exact=0
[106/1000] numerical=2.340320219 shared_exact=True fallback_exact=0
[107/1000] numerical=4.048963948 shared_exact=True fallback_exact=0
[108/1000] numerical=4.108001638 shared_exact=True fallback_exact=0
[109/1000] numerical=4.489605381 shared_exact=True fallback_exact=0
[110/1000] numerical=4.267788247 shared_exact=True fallback_exact=0
[111/1000] numerical=4.222330623 shared_exact=True fallback_exact=0
[112/1000] numerical=4.096806561 shared_exact=True fallback_exact=0
[113/1000] numerical=3.642039372 shared_exact=True fallback_exact=0
[114/1000] numerical=4.107949885 shared_exact=True fallback_exact=0
[115/1000] numerical=3.703895742 shared_exact=True fallback_exact=0
[116/1000] numerical=4.103340222 shared_exact=True fallback_exact=0
[117/1000] numerical=3.616785722 shared_exact=True fallback_exact=0
[118/1000] numerical=3.106319934 shared_exact=True fallback_exact=0
[119/1000] numerical=2.623443602 shared_exact=True fallback_exact=0
[120/1000] numerical=4.489605362 shared_exact=True fallback_exact=0
[121/1000] numerical=4.331027184 shared_exact=True fallback_exact=0
[122/1000] numerical=4.543362907 shared_exact=True fallback_exact=0
[123/1000] numerical=3.979184539 shared_exact=True fallback_exact=0
[124/1000] numerical=3.699538277 shared_exact=True fallback_exact=0
[125/1000] numerical=3.131731161 shared_exact=True fallback_exact=0
[126/1000] numerical=4.267752810 shared_exact=True fallback_exact=0
[127/1000] numerical=4.085742123 shared_exact=True fallback_exact=0
[128/1000] numerical=4.267764343 shared_exact=True fallback_exact=0
[129/1000] numerical=3.689339910 shared_exact=True fallback_exact=0
[130/1000] numerical=3.272059209 shared_exact=True fallback_exact=0
[131/1000] numerical=3.961942636 shared_exact=True fallback_exact=0
[132/1000] numerical=4.563355607 shared_exact=True fallback_exact=0
[133/1000] numerical=4.103327718 shared_exact=True fallback_exact=0
[134/1000] numerical=3.668159798 shared_exact=True fallback_exact=0
[135/1000] numerical=4.267808689 shared_exact=True fallback_exact=0
[136/1000] numerical=4.810305845 shared_exact=True fallback_exact=0
[137/1000] numerical=4.623669719 shared_exact=True fallback_exact=0
[138/1000] numerical=4.859388457 shared_exact=True fallback_exact=0
[139/1000] numerical=4.306940924 shared_exact=True fallback_exact=0
[140/1000] numerical=4.012492265 shared_exact=True fallback_exact=0
[141/1000] numerical=4.166687323 shared_exact=True fallback_exact=0
[142/1000] numerical=3.961929569 shared_exact=True fallback_exact=0
[143/1000] numerical=3.677837786 shared_exact=True fallback_exact=0
[144/1000] numerical=3.961927524 shared_exact=True fallback_exact=0
[145/1000] numerical=3.427418846 shared_exact=True fallback_exact=0
[146/1000] numerical=2.973981444 shared_exact=True fallback_exact=0
[147/1000] numerical=2.446410575 shared_exact=True fallback_exact=0
[148/1000] numerical=3.631603301 shared_exact=True fallback_exact=0
[149/1000] numerical=4.563331487 shared_exact=True fallback_exact=0
[150/1000] numerical=4.132226772 shared_exact=True fallback_exact=0
[151/1000] numerical=4.564097118 shared_exact=True fallback_exact=0
[152/1000] numerical=4.086318820 shared_exact=True fallback_exact=0
[153/1000] numerical=3.627504631 shared_exact=True fallback_exact=0
[154/1000] numerical=4.103328112 shared_exact=True fallback_exact=0
[155/1000] numerical=3.703925644 shared_exact=True fallback_exact=0
[156/1000] numerical=4.103325624 shared_exact=True fallback_exact=0
[157/1000] numerical=3.616785873 shared_exact=True fallback_exact=0
[158/1000] numerical=3.126827668 shared_exact=True fallback_exact=0
[159/1000] numerical=2.651671248 shared_exact=True fallback_exact=0
[160/1000] numerical=3.667999730 shared_exact=True fallback_exact=0
[161/1000] numerical=3.095331050 shared_exact=True fallback_exact=0
[162/1000] numerical=3.654919081 shared_exact=True fallback_exact=0
[163/1000] numerical=3.220850961 shared_exact=True fallback_exact=0
[164/1000] numerical=2.668560713 shared_exact=True fallback_exact=0
[165/1000] numerical=4.267775155 shared_exact=True fallback_exact=0
[166/1000] numerical=4.085813894 shared_exact=True fallback_exact=0
[167/1000] numerical=4.267749267 shared_exact=True fallback_exact=0
[168/1000] numerical=3.689339753 shared_exact=True fallback_exact=0
[169/1000] numerical=3.284465864 shared_exact=True fallback_exact=0
[170/1000] numerical=4.048944446 shared_exact=True fallback_exact=0
[171/1000] numerical=4.623642539 shared_exact=True fallback_exact=0
[172/1000] numerical=4.858899088 shared_exact=True fallback_exact=0
[173/1000] numerical=4.305132429 shared_exact=True fallback_exact=0
[174/1000] numerical=3.961943183 shared_exact=True fallback_exact=0
[175/1000] numerical=3.654996287 shared_exact=True fallback_exact=0
[176/1000] numerical=4.563280476 shared_exact=True fallback_exact=0
[177/1000] numerical=4.810262997 shared_exact=True fallback_exact=0
[178/1000] numerical=3.631652461 shared_exact=True fallback_exact=0
[179/1000] numerical=4.267786930 shared_exact=True fallback_exact=0
[180/1000] numerical=4.012505776 shared_exact=True fallback_exact=0
[181/1000] numerical=3.630901989 shared_exact=True fallback_exact=0
[182/1000] numerical=3.863857186 shared_exact=True fallback_exact=0
[183/1000] numerical=3.309811254 shared_exact=True fallback_exact=0
[184/1000] numerical=3.106576525 shared_exact=True fallback_exact=0
[185/1000] numerical=2.623852017 shared_exact=True fallback_exact=0
[186/1000] numerical=2.144589697 shared_exact=True fallback_exact=0
[187/1000] numerical=3.699550670 shared_exact=True fallback_exact=0
[188/1000] numerical=3.131731259 shared_exact=True fallback_exact=0
[189/1000] numerical=2.929884406 shared_exact=True fallback_exact=0
[190/1000] numerical=3.272184326 shared_exact=True fallback_exact=0
[191/1000] numerical=4.012869628 shared_exact=True fallback_exact=0
[192/1000] numerical=2.973981449 shared_exact=True fallback_exact=0
[193/1000] numerical=2.446410575 shared_exact=True fallback_exact=0
[194/1000] numerical=2.091647935 shared_exact=True fallback_exact=0
[195/1000] numerical=3.628986625 shared_exact=True fallback_exact=0
[196/1000] numerical=3.126836901 shared_exact=True fallback_exact=0
[197/1000] numerical=2.651671425 shared_exact=True fallback_exact=0
[198/1000] numerical=2.265735074 shared_exact=True fallback_exact=0
[199/1000] numerical=2.668560790 shared_exact=True fallback_exact=0
[200/1000] numerical=3.284465878 shared_exact=True fallback_exact=0
[201/1000] numerical=4.012579278 shared_exact=True fallback_exact=0
[202/1000] numerical=3.630909276 shared_exact=True fallback_exact=0
[203/1000] numerical=3.864057398 shared_exact=True fallback_exact=0
[204/1000] numerical=3.309737214 shared_exact=True fallback_exact=0
[205/1000] numerical=2.812732739 shared_exact=True fallback_exact=0
[206/1000] numerical=4.193346307 shared_exact=True fallback_exact=0
[207/1000] numerical=3.216609862 shared_exact=True fallback_exact=0
[208/1000] numerical=3.206445257 shared_exact=True fallback_exact=0
[209/1000] numerical=4.269048596 shared_exact=True fallback_exact=0
[210/1000] numerical=4.096083153 shared_exact=True fallback_exact=0
[211/1000] numerical=3.559953477 shared_exact=True fallback_exact=0
[212/1000] numerical=3.323944044 shared_exact=True fallback_exact=0
[213/1000] numerical=3.379747355 shared_exact=True fallback_exact=0
[214/1000] numerical=3.321851761 shared_exact=True fallback_exact=0
[215/1000] numerical=4.370453181 shared_exact=True fallback_exact=0
[216/1000] numerical=4.269297273 shared_exact=True fallback_exact=0
[217/1000] numerical=3.607464544 shared_exact=True fallback_exact=0
[218/1000] numerical=3.396338280 shared_exact=True fallback_exact=0
[219/1000] numerical=3.607272094 shared_exact=True fallback_exact=0
[220/1000] numerical=4.348568066 shared_exact=True fallback_exact=0
[221/1000] numerical=4.167729390 shared_exact=True fallback_exact=0
[222/1000] numerical=3.635323586 shared_exact=True fallback_exact=0
[223/1000] numerical=3.554447371 shared_exact=True fallback_exact=0
[224/1000] numerical=4.370470759 shared_exact=True fallback_exact=0
[225/1000] numerical=4.269278675 shared_exact=True fallback_exact=0
[226/1000] numerical=3.607594786 shared_exact=True fallback_exact=0
[227/1000] numerical=3.758480923 shared_exact=True fallback_exact=0
[228/1000] numerical=4.410189568 shared_exact=True fallback_exact=0
[229/1000] numerical=4.296007318 shared_exact=True fallback_exact=0
[230/1000] numerical=3.657779157 shared_exact=True fallback_exact=0
[231/1000] numerical=3.377584629 shared_exact=True fallback_exact=0
[232/1000] numerical=3.396336465 shared_exact=True fallback_exact=0
[233/1000] numerical=3.587688792 shared_exact=True fallback_exact=0
[234/1000] numerical=3.459063051 shared_exact=True fallback_exact=0
[235/1000] numerical=2.848213947 shared_exact=True fallback_exact=0
[236/1000] numerical=2.520444493 shared_exact=True fallback_exact=0
[237/1000] numerical=3.376798762 shared_exact=True fallback_exact=0
[238/1000] numerical=3.607283830 shared_exact=True fallback_exact=0
[239/1000] numerical=3.625625568 shared_exact=True fallback_exact=0
[240/1000] numerical=3.575139359 shared_exact=True fallback_exact=0
[241/1000] numerical=2.826045046 shared_exact=True fallback_exact=0
[242/1000] numerical=2.731660373 shared_exact=True fallback_exact=0
[243/1000] numerical=2.773919531 shared_exact=True fallback_exact=0
[244/1000] numerical=2.710176475 shared_exact=True fallback_exact=0
[245/1000] numerical=3.206445217 shared_exact=True fallback_exact=0
[246/1000] numerical=3.323944036 shared_exact=True fallback_exact=0
[247/1000] numerical=3.398151364 shared_exact=True fallback_exact=0
[248/1000] numerical=3.554404246 shared_exact=True fallback_exact=0
[249/1000] numerical=3.396965409 shared_exact=True fallback_exact=0
[250/1000] numerical=3.590184089 shared_exact=True fallback_exact=0
[251/1000] numerical=3.459106537 shared_exact=True fallback_exact=0
[252/1000] numerical=2.848458170 shared_exact=True fallback_exact=0
[253/1000] numerical=2.520444493 shared_exact=True fallback_exact=0
[254/1000] numerical=2.873349777 shared_exact=True fallback_exact=0
[255/1000] numerical=2.733152421 shared_exact=True fallback_exact=0
[256/1000] numerical=2.774150602 shared_exact=True fallback_exact=0
[257/1000] numerical=2.710181875 shared_exact=True fallback_exact=0
[258/1000] numerical=3.627192862 shared_exact=True fallback_exact=0
[259/1000] numerical=4.672371159 shared_exact=True fallback_exact=0
[260/1000] numerical=4.562525557 shared_exact=True fallback_exact=0
[261/1000] numerical=4.673112941 shared_exact=True fallback_exact=0
[262/1000] numerical=4.296007543 shared_exact=True fallback_exact=0
[263/1000] numerical=4.662191945 shared_exact=True fallback_exact=0
[264/1000] numerical=4.159017469 shared_exact=True fallback_exact=0
[265/1000] numerical=3.671645344 shared_exact=True fallback_exact=0
[266/1000] numerical=3.173649307 shared_exact=True fallback_exact=0
[267/1000] numerical=3.883784124 shared_exact=True fallback_exact=0
[268/1000] numerical=3.360279599 shared_exact=True fallback_exact=0
[269/1000] numerical=2.883921034 shared_exact=True fallback_exact=0
[270/1000] numerical=4.662193315 shared_exact=True fallback_exact=0
[271/1000] numerical=4.611739815 shared_exact=True fallback_exact=0
[272/1000] numerical=4.131987284 shared_exact=True fallback_exact=0
[273/1000] numerical=4.563280630 shared_exact=True fallback_exact=0
[274/1000] numerical=4.085742680 shared_exact=True fallback_exact=0
[275/1000] numerical=3.616747937 shared_exact=True fallback_exact=0
[276/1000] numerical=3.140698285 shared_exact=True fallback_exact=0
[277/1000] numerical=3.631605456 shared_exact=True fallback_exact=0
[278/1000] numerical=3.186598592 shared_exact=True fallback_exact=0
[279/1000] numerical=2.661918649 shared_exact=True fallback_exact=0
[280/1000] numerical=3.975311381 shared_exact=True fallback_exact=0
[281/1000] numerical=4.662207146 shared_exact=True fallback_exact=0
[282/1000] numerical=4.324950121 shared_exact=True fallback_exact=0
[283/1000] numerical=4.707929977 shared_exact=True fallback_exact=0
[284/1000] numerical=4.207447583 shared_exact=True fallback_exact=0
[285/1000] numerical=3.883363420 shared_exact=True fallback_exact=0
[286/1000] numerical=3.391209533 shared_exact=True fallback_exact=0
[287/1000] numerical=3.626491690 shared_exact=True fallback_exact=0
[288/1000] numerical=4.132008059 shared_exact=True fallback_exact=0
[289/1000] numerical=4.563287758 shared_exact=True fallback_exact=0
[290/1000] numerical=4.085741715 shared_exact=True fallback_exact=0
[291/1000] numerical=3.750974167 shared_exact=True fallback_exact=0
[292/1000] numerical=3.134602446 shared_exact=True fallback_exact=0
[293/1000] numerical=4.184166302 shared_exact=True fallback_exact=0
[294/1000] numerical=4.641190085 shared_exact=True fallback_exact=0
[295/1000] numerical=3.133196542 shared_exact=True fallback_exact=0
[296/1000] numerical=4.165424781 shared_exact=True fallback_exact=0
[297/1000] numerical=3.616819445 shared_exact=True fallback_exact=0
[298/1000] numerical=3.140707651 shared_exact=True fallback_exact=0
[299/1000] numerical=3.377280703 shared_exact=True fallback_exact=0
[300/1000] numerical=3.847151211 shared_exact=True fallback_exact=0
[301/1000] numerical=2.313078718 shared_exact=True fallback_exact=0
[302/1000] numerical=3.371152849 shared_exact=True fallback_exact=0
[303/1000] numerical=3.905199612 shared_exact=True fallback_exact=0
[304/1000] numerical=3.384191972 shared_exact=True fallback_exact=0
[305/1000] numerical=3.057251199 shared_exact=True fallback_exact=0
[306/1000] numerical=3.631617954 shared_exact=True fallback_exact=0
[307/1000] numerical=3.186607385 shared_exact=True fallback_exact=0
[308/1000] numerical=3.169425905 shared_exact=True fallback_exact=0
[309/1000] numerical=3.678127437 shared_exact=True fallback_exact=0
[310/1000] numerical=2.086741122 shared_exact=True fallback_exact=0
[311/1000] numerical=3.225848257 shared_exact=True fallback_exact=0
[312/1000] numerical=2.661918662 shared_exact=True fallback_exact=0
[313/1000] numerical=2.375587371 shared_exact=True fallback_exact=0
[314/1000] numerical=2.862373269 shared_exact=True fallback_exact=0
[315/1000] numerical=2.403291498 shared_exact=True fallback_exact=0
[316/1000] numerical=3.671717710 shared_exact=True fallback_exact=0
[317/1000] numerical=3.175317815 shared_exact=True fallback_exact=0
[318/1000] numerical=2.688438113 shared_exact=True fallback_exact=0
[319/1000] numerical=2.884043129 shared_exact=True fallback_exact=0
[320/1000] numerical=3.616699435 shared_exact=True fallback_exact=0
[321/1000] numerical=3.140736832 shared_exact=True fallback_exact=0
[322/1000] numerical=2.563414575 shared_exact=True fallback_exact=0
[323/1000] numerical=2.661929613 shared_exact=True fallback_exact=0
[324/1000] numerical=3.887186815 shared_exact=True fallback_exact=0
[325/1000] numerical=3.393791880 shared_exact=True fallback_exact=0
[326/1000] numerical=3.169955179 shared_exact=True fallback_exact=0
[327/1000] numerical=3.617809721 shared_exact=True fallback_exact=0
[328/1000] numerical=3.140871411 shared_exact=True fallback_exact=0
[329/1000] numerical=3.378226342 shared_exact=True fallback_exact=0
[330/1000] numerical=3.847150207 shared_exact=True fallback_exact=0
[331/1000] numerical=2.313078718 shared_exact=True fallback_exact=0
[332/1000] numerical=3.371160044 shared_exact=True fallback_exact=0
[333/1000] numerical=2.563414575 shared_exact=True fallback_exact=0
[334/1000] numerical=2.674552461 shared_exact=True fallback_exact=0
[335/1000] numerical=3.147492478 shared_exact=True fallback_exact=0
[336/1000] numerical=2.671493793 shared_exact=True fallback_exact=0
[337/1000] numerical=3.057788657 shared_exact=True fallback_exact=0
[338/1000] numerical=2.661941219 shared_exact=True fallback_exact=0
[339/1000] numerical=2.379806290 shared_exact=True fallback_exact=0
[340/1000] numerical=2.863064448 shared_exact=True fallback_exact=0
[341/1000] numerical=2.403313168 shared_exact=True fallback_exact=0
[342/1000] numerical=2.153012384 shared_exact=True fallback_exact=0
[343/1000] numerical=4.269058209 shared_exact=True fallback_exact=0
[344/1000] numerical=3.324540567 shared_exact=True fallback_exact=0
[345/1000] numerical=3.324538887 shared_exact=True fallback_exact=0
[346/1000] numerical=3.321827970 shared_exact=True fallback_exact=0
[347/1000] numerical=4.296007522 shared_exact=True fallback_exact=0
[348/1000] numerical=4.193328665 shared_exact=True fallback_exact=0
[349/1000] numerical=3.208361467 shared_exact=True fallback_exact=0
[350/1000] numerical=3.208361467 shared_exact=True fallback_exact=0
[351/1000] numerical=4.095979985 shared_exact=True fallback_exact=0
[352/1000] numerical=3.379747434 shared_exact=True fallback_exact=0
[353/1000] numerical=4.562517061 shared_exact=True fallback_exact=0
[354/1000] numerical=4.662193736 shared_exact=True fallback_exact=0
[355/1000] numerical=4.662225601 shared_exact=True fallback_exact=0
[356/1000] numerical=4.676167362 shared_exact=True fallback_exact=0
[357/1000] numerical=3.804412300 shared_exact=True fallback_exact=0
[358/1000] numerical=3.804423345 shared_exact=True fallback_exact=0
[359/1000] numerical=3.012032118 shared_exact=True fallback_exact=0
[360/1000] numerical=3.936973305 shared_exact=True fallback_exact=0
[361/1000] numerical=3.093774121 shared_exact=True fallback_exact=0
[362/1000] numerical=3.093774123 shared_exact=True fallback_exact=0
[363/1000] numerical=3.569342130 shared_exact=True fallback_exact=0
[364/1000] numerical=3.217064303 shared_exact=True fallback_exact=0
[365/1000] numerical=4.195452600 shared_exact=True fallback_exact=0
[366/1000] numerical=3.343775264 shared_exact=True fallback_exact=0
[367/1000] numerical=3.343775262 shared_exact=True fallback_exact=0
[368/1000] numerical=3.420509159 shared_exact=True fallback_exact=0
[369/1000] numerical=3.684483612 shared_exact=True fallback_exact=0
[370/1000] numerical=3.714422230 shared_exact=True fallback_exact=0
[371/1000] numerical=3.118752581 shared_exact=True fallback_exact=0
[372/1000] numerical=4.269047622 shared_exact=True fallback_exact=0
[373/1000] numerical=3.269802489 shared_exact=True fallback_exact=0
[374/1000] numerical=3.269802490 shared_exact=True fallback_exact=0
[375/1000] numerical=4.374556000 shared_exact=True fallback_exact=0
[376/1000] numerical=3.461938101 shared_exact=True fallback_exact=0
[377/1000] numerical=4.374558996 shared_exact=True fallback_exact=0
[378/1000] numerical=4.370342942 shared_exact=True fallback_exact=0
[379/1000] numerical=3.461942063 shared_exact=True fallback_exact=0
[380/1000] numerical=3.375101616 shared_exact=True fallback_exact=0
[381/1000] numerical=3.461939217 shared_exact=True fallback_exact=0
[382/1000] numerical=3.461942326 shared_exact=True fallback_exact=0
[383/1000] numerical=3.375101635 shared_exact=True fallback_exact=0
[384/1000] numerical=2.406238091 shared_exact=True fallback_exact=0
[385/1000] numerical=3.321827306 shared_exact=True fallback_exact=0
[386/1000] numerical=3.623269904 shared_exact=True fallback_exact=0
[387/1000] numerical=3.623271941 shared_exact=True fallback_exact=0
[388/1000] numerical=3.607269685 shared_exact=True fallback_exact=0
[389/1000] numerical=2.625387865 shared_exact=True fallback_exact=0
[390/1000] numerical=2.625388057 shared_exact=True fallback_exact=0
[391/1000] numerical=4.296007533 shared_exact=True fallback_exact=0
[392/1000] numerical=4.131900511 shared_exact=True fallback_exact=0
[393/1000] numerical=4.131932542 shared_exact=True fallback_exact=0
[394/1000] numerical=4.131900008 shared_exact=True fallback_exact=0
[395/1000] numerical=3.134172611 shared_exact=True fallback_exact=0
[396/1000] numerical=3.134172612 shared_exact=True fallback_exact=0
[397/1000] numerical=2.220807855 shared_exact=True fallback_exact=0
[398/1000] numerical=3.093150605 shared_exact=True fallback_exact=0
[399/1000] numerical=2.095424902 shared_exact=True fallback_exact=0
[400/1000] numerical=2.095424902 shared_exact=True fallback_exact=0
[401/1000] numerical=4.095978986 shared_exact=True fallback_exact=0
[402/1000] numerical=4.269277721 shared_exact=True fallback_exact=0
[403/1000] numerical=4.269277722 shared_exact=True fallback_exact=0
[404/1000] numerical=4.269277720 shared_exact=True fallback_exact=0
[405/1000] numerical=3.284539938 shared_exact=True fallback_exact=0
[406/1000] numerical=3.284539938 shared_exact=True fallback_exact=0
[407/1000] numerical=2.409137761 shared_exact=True fallback_exact=0
[408/1000] numerical=3.563966584 shared_exact=True fallback_exact=0
[409/1000] numerical=2.599799117 shared_exact=True fallback_exact=0
[410/1000] numerical=2.599799117 shared_exact=True fallback_exact=0
[411/1000] numerical=3.961927522 shared_exact=True fallback_exact=0
[412/1000] numerical=4.662885777 shared_exact=True fallback_exact=0
[413/1000] numerical=4.663025908 shared_exact=True fallback_exact=0
[414/1000] numerical=4.662191424 shared_exact=True fallback_exact=0
[415/1000] numerical=3.662802385 shared_exact=True fallback_exact=0
[416/1000] numerical=3.662802388 shared_exact=True fallback_exact=0
[417/1000] numerical=2.715723084 shared_exact=True fallback_exact=0
[418/1000] numerical=3.608203488 shared_exact=True fallback_exact=0
[419/1000] numerical=4.563286674 shared_exact=True fallback_exact=0
[420/1000] numerical=4.563281779 shared_exact=True fallback_exact=0
[421/1000] numerical=3.600992729 shared_exact=True fallback_exact=0
[422/1000] numerical=3.608203451 shared_exact=True fallback_exact=0
[423/1000] numerical=4.563292444 shared_exact=True fallback_exact=0
[424/1000] numerical=4.563281360 shared_exact=True fallback_exact=0
[425/1000] numerical=3.601000094 shared_exact=True fallback_exact=0
[426/1000] numerical=3.566201116 shared_exact=True fallback_exact=0
[427/1000] numerical=3.600992821 shared_exact=True fallback_exact=0
[428/1000] numerical=2.737352008 shared_exact=True fallback_exact=0
[429/1000] numerical=3.600998336 shared_exact=True fallback_exact=0
[430/1000] numerical=3.566201118 shared_exact=True fallback_exact=0
[431/1000] numerical=2.737362456 shared_exact=True fallback_exact=0
[432/1000] numerical=2.658126585 shared_exact=True fallback_exact=0
[433/1000] numerical=3.883784354 shared_exact=True fallback_exact=0
[434/1000] numerical=2.890893406 shared_exact=True fallback_exact=0
[435/1000] numerical=2.890893432 shared_exact=True fallback_exact=0
[436/1000] numerical=3.631603310 shared_exact=True fallback_exact=0
[437/1000] numerical=2.642776017 shared_exact=True fallback_exact=0
[438/1000] numerical=3.631619383 shared_exact=True fallback_exact=0
[439/1000] numerical=3.631605033 shared_exact=True fallback_exact=0
[440/1000] numerical=2.642778616 shared_exact=True fallback_exact=0
[441/1000] numerical=2.655005247 shared_exact=True fallback_exact=0
[442/1000] numerical=2.642776017 shared_exact=True fallback_exact=0
[443/1000] numerical=2.642779964 shared_exact=True fallback_exact=0
[444/1000] numerical=2.655005248 shared_exact=True fallback_exact=0
[445/1000] numerical=1.792578784 shared_exact=True fallback_exact=0
[446/1000] numerical=3.559861247 shared_exact=True fallback_exact=0
[447/1000] numerical=3.647584909 shared_exact=True fallback_exact=0
[448/1000] numerical=3.647704930 shared_exact=True fallback_exact=0
[449/1000] numerical=3.607270536 shared_exact=True fallback_exact=0
[450/1000] numerical=2.652316656 shared_exact=True fallback_exact=0
[451/1000] numerical=2.652267851 shared_exact=True fallback_exact=0
[452/1000] numerical=2.802284841 shared_exact=True fallback_exact=0
[453/1000] numerical=3.093150574 shared_exact=True fallback_exact=0
[454/1000] numerical=2.117631188 shared_exact=True fallback_exact=0
[455/1000] numerical=2.117631188 shared_exact=True fallback_exact=0
[456/1000] numerical=2.000000595 shared_exact=True fallback_exact=0
[457/1000] numerical=3.363299025 shared_exact=True fallback_exact=0
[458/1000] numerical=2.364358536 shared_exact=True fallback_exact=0
[459/1000] numerical=2.364358536 shared_exact=True fallback_exact=0
[460/1000] numerical=2.726433974 shared_exact=True fallback_exact=0
[461/1000] numerical=4.159017299 shared_exact=True fallback_exact=0
[462/1000] numerical=3.169913378 shared_exact=True fallback_exact=0
[463/1000] numerical=3.169913405 shared_exact=True fallback_exact=0
[464/1000] numerical=4.086052518 shared_exact=True fallback_exact=0
[465/1000] numerical=3.151706254 shared_exact=True fallback_exact=0
[466/1000] numerical=4.086074251 shared_exact=True fallback_exact=0
[467/1000] numerical=4.085740119 shared_exact=True fallback_exact=0
[468/1000] numerical=3.151706648 shared_exact=True fallback_exact=0
[469/1000] numerical=3.086035312 shared_exact=True fallback_exact=0
[470/1000] numerical=3.151706256 shared_exact=True fallback_exact=0
[471/1000] numerical=3.151706553 shared_exact=True fallback_exact=0
[472/1000] numerical=3.086035312 shared_exact=True fallback_exact=0
[473/1000] numerical=2.142852221 shared_exact=True fallback_exact=0
[474/1000] numerical=3.360278925 shared_exact=True fallback_exact=0
[475/1000] numerical=3.186597448 shared_exact=True fallback_exact=0
[476/1000] numerical=3.186601679 shared_exact=True fallback_exact=0
[477/1000] numerical=3.186597427 shared_exact=True fallback_exact=0
[478/1000] numerical=2.193556862 shared_exact=True fallback_exact=0
[479/1000] numerical=2.193556862 shared_exact=True fallback_exact=0
[480/1000] numerical=2.822797556 shared_exact=True fallback_exact=0
[481/1000] numerical=3.386589156 shared_exact=True fallback_exact=0
[482/1000] numerical=3.311513582 shared_exact=True fallback_exact=0
[483/1000] numerical=3.150601143 shared_exact=True fallback_exact=0
[484/1000] numerical=3.382983817 shared_exact=True fallback_exact=0
[485/1000] numerical=3.381981350 shared_exact=True fallback_exact=0
[486/1000] numerical=2.782508349 shared_exact=True fallback_exact=0
[487/1000] numerical=2.348440272 shared_exact=True fallback_exact=0
[488/1000] numerical=2.150575420 shared_exact=True fallback_exact=0
[489/1000] numerical=3.045390088 shared_exact=True fallback_exact=0
[490/1000] numerical=2.933534502 shared_exact=True fallback_exact=0
[491/1000] numerical=2.699414696 shared_exact=True fallback_exact=0
[492/1000] numerical=2.704502416 shared_exact=True fallback_exact=0
[493/1000] numerical=2.087870950 shared_exact=True fallback_exact=0
[494/1000] numerical=2.808941052 shared_exact=True fallback_exact=0
[495/1000] numerical=2.769885019 shared_exact=True fallback_exact=0
[496/1000] numerical=2.011668208 shared_exact=True fallback_exact=0
[497/1000] numerical=1.957833156 shared_exact=True fallback_exact=0
[498/1000] numerical=2.090281809 shared_exact=True fallback_exact=0
[499/1000] numerical=2.020665837 shared_exact=True fallback_exact=0
[500/1000] numerical=3.647681870 shared_exact=True fallback_exact=0
checkpoint=/workspace/positive-square-energy/experiments/rank7_order8_chunk_013000_014000.r7o8g.xz.fragments/fragment-013000-013500.r7o8g.xz rows=500
[501/1000] numerical=3.246791242 shared_exact=True fallback_exact=0
[502/1000] numerical=3.468737100 shared_exact=True fallback_exact=0
[503/1000] numerical=3.281808830 shared_exact=True fallback_exact=0
[504/1000] numerical=3.132077007 shared_exact=True fallback_exact=0
[505/1000] numerical=3.381442160 shared_exact=True fallback_exact=0
[506/1000] numerical=3.684647817 shared_exact=True fallback_exact=0
[507/1000] numerical=3.326567993 shared_exact=True fallback_exact=0
[508/1000] numerical=3.280847236 shared_exact=True fallback_exact=0
[509/1000] numerical=3.426778849 shared_exact=True fallback_exact=0
[510/1000] numerical=3.837843505 shared_exact=True fallback_exact=0
[511/1000] numerical=3.298107777 shared_exact=True fallback_exact=0
[512/1000] numerical=3.129382559 shared_exact=True fallback_exact=0
[513/1000] numerical=3.591474578 shared_exact=True fallback_exact=0
[514/1000] numerical=3.112333613 shared_exact=True fallback_exact=0
[515/1000] numerical=2.952552180 shared_exact=True fallback_exact=0
[516/1000] numerical=3.183029098 shared_exact=True fallback_exact=0
[517/1000] numerical=2.673502062 shared_exact=True fallback_exact=0
[518/1000] numerical=3.638200314 shared_exact=True fallback_exact=0
[519/1000] numerical=3.638956817 shared_exact=True fallback_exact=0
[520/1000] numerical=3.647946585 shared_exact=True fallback_exact=0
[521/1000] numerical=3.358426288 shared_exact=True fallback_exact=0
[522/1000] numerical=3.325666721 shared_exact=True fallback_exact=0
[523/1000] numerical=2.824670924 shared_exact=True fallback_exact=0
[524/1000] numerical=3.344267921 shared_exact=True fallback_exact=0
[525/1000] numerical=2.906504284 shared_exact=True fallback_exact=0
[526/1000] numerical=2.512367971 shared_exact=True fallback_exact=0
[527/1000] numerical=3.425002648 shared_exact=True fallback_exact=0
[528/1000] numerical=2.975743238 shared_exact=True fallback_exact=0
[529/1000] numerical=2.760239542 shared_exact=True fallback_exact=0
[530/1000] numerical=3.005989207 shared_exact=True fallback_exact=0
[531/1000] numerical=2.457710927 shared_exact=True fallback_exact=0
[532/1000] numerical=2.226648737 shared_exact=True fallback_exact=0
[533/1000] numerical=3.067125894 shared_exact=True fallback_exact=0
[534/1000] numerical=3.240879611 shared_exact=True fallback_exact=0
[535/1000] numerical=3.064054927 shared_exact=True fallback_exact=0
[536/1000] numerical=3.384053230 shared_exact=True fallback_exact=0
[537/1000] numerical=2.871602238 shared_exact=True fallback_exact=0
[538/1000] numerical=2.701217101 shared_exact=True fallback_exact=0
[539/1000] numerical=1.684794041 shared_exact=True fallback_exact=0
[540/1000] numerical=2.150858194 shared_exact=True fallback_exact=0
[541/1000] numerical=2.670635192 shared_exact=True fallback_exact=0
[542/1000] numerical=2.229321280 shared_exact=True fallback_exact=0
[543/1000] numerical=2.032079919 shared_exact=True fallback_exact=0
[544/1000] numerical=1.486742845 shared_exact=True fallback_exact=0
[545/1000] numerical=2.501514318 shared_exact=True fallback_exact=0
[546/1000] numerical=2.917156064 shared_exact=True fallback_exact=0
[547/1000] numerical=1.482158665 shared_exact=True fallback_exact=0
[548/1000] numerical=2.443581932 shared_exact=True fallback_exact=0
[549/1000] numerical=1.678792074 shared_exact=True fallback_exact=0
[550/1000] numerical=1.923374005 shared_exact=True fallback_exact=0
[551/1000] numerical=2.293200821 shared_exact=True fallback_exact=0
[552/1000] numerical=1.801835611 shared_exact=True fallback_exact=0
[553/1000] numerical=3.742788408 shared_exact=True fallback_exact=0
[554/1000] numerical=3.214637667 shared_exact=True fallback_exact=0
[555/1000] numerical=4.000000115 shared_exact=True fallback_exact=0
[556/1000] numerical=3.791223608 shared_exact=True fallback_exact=0
[557/1000] numerical=3.538331702 shared_exact=True fallback_exact=0
[558/1000] numerical=3.323862742 shared_exact=True fallback_exact=0
[559/1000] numerical=4.247693095 shared_exact=True fallback_exact=0
[560/1000] numerical=3.833895987 shared_exact=True fallback_exact=0
[561/1000] numerical=3.630289898 shared_exact=True fallback_exact=0
[562/1000] numerical=3.290464212 shared_exact=True fallback_exact=0
[563/1000] numerical=4.358507407 shared_exact=True fallback_exact=0
[564/1000] numerical=4.128473418 shared_exact=True fallback_exact=0
[565/1000] numerical=4.262853208 shared_exact=True fallback_exact=0
[566/1000] numerical=3.513244617 shared_exact=True fallback_exact=0
[567/1000] numerical=3.252595558 shared_exact=True fallback_exact=0
[568/1000] numerical=3.702800180 shared_exact=True fallback_exact=0
[569/1000] numerical=3.357633812 shared_exact=True fallback_exact=0
[570/1000] numerical=3.912077037 shared_exact=True fallback_exact=0
[571/1000] numerical=3.636525668 shared_exact=True fallback_exact=0
[572/1000] numerical=3.847919608 shared_exact=True fallback_exact=0
[573/1000] numerical=3.144532825 shared_exact=True fallback_exact=0
[574/1000] numerical=2.852994901 shared_exact=True fallback_exact=0
[575/1000] numerical=2.204847878 shared_exact=True fallback_exact=0
[576/1000] numerical=3.502300655 shared_exact=True fallback_exact=0
[577/1000] numerical=3.736063257 shared_exact=True fallback_exact=0
[578/1000] numerical=3.033409866 shared_exact=True fallback_exact=0
[579/1000] numerical=3.720074708 shared_exact=True fallback_exact=0
[580/1000] numerical=3.251696242 shared_exact=True fallback_exact=0
[581/1000] numerical=4.081589308 shared_exact=True fallback_exact=0
[582/1000] numerical=4.000000002 shared_exact=True fallback_exact=0
[583/1000] numerical=3.100843961 shared_exact=True fallback_exact=0
[584/1000] numerical=3.618870548 shared_exact=True fallback_exact=0
[585/1000] numerical=3.543768265 shared_exact=True fallback_exact=0
[586/1000] numerical=2.653088645 shared_exact=True fallback_exact=0
[587/1000] numerical=1.860939856 shared_exact=True fallback_exact=0
[588/1000] numerical=3.462907721 shared_exact=True fallback_exact=0
[589/1000] numerical=3.158003914 shared_exact=True fallback_exact=0
[590/1000] numerical=3.335881428 shared_exact=True fallback_exact=0
[591/1000] numerical=2.591756865 shared_exact=True fallback_exact=0
[592/1000] numerical=2.324684603 shared_exact=True fallback_exact=0
[593/1000] numerical=3.113315819 shared_exact=True fallback_exact=0
[594/1000] numerical=4.000000325 shared_exact=True fallback_exact=0
[595/1000] numerical=4.117809773 shared_exact=True fallback_exact=0
[596/1000] numerical=3.360336159 shared_exact=True fallback_exact=0
[597/1000] numerical=4.280739300 shared_exact=True fallback_exact=0
[598/1000] numerical=3.109042396 shared_exact=True fallback_exact=0
[599/1000] numerical=3.531822969 shared_exact=True fallback_exact=0
[600/1000] numerical=2.810810613 shared_exact=True fallback_exact=0
[601/1000] numerical=3.511102086 shared_exact=True fallback_exact=0
[602/1000] numerical=3.101669663 shared_exact=True fallback_exact=0
[603/1000] numerical=2.449787716 shared_exact=True fallback_exact=0
[604/1000] numerical=2.200878848 shared_exact=True fallback_exact=0
[605/1000] numerical=2.968359798 shared_exact=True fallback_exact=0
[606/1000] numerical=3.143895992 shared_exact=True fallback_exact=0
[607/1000] numerical=2.625444992 shared_exact=True fallback_exact=0
[608/1000] numerical=1.848545109 shared_exact=True fallback_exact=0
[609/1000] numerical=2.324752114 shared_exact=True fallback_exact=0
[610/1000] numerical=3.129157705 shared_exact=True fallback_exact=0
[611/1000] numerical=3.238057436 shared_exact=True fallback_exact=0
[612/1000] numerical=2.521536204 shared_exact=True fallback_exact=0
[613/1000] numerical=4.485855377 shared_exact=True fallback_exact=0
[614/1000] numerical=4.302608035 shared_exact=True fallback_exact=0
[615/1000] numerical=4.302603506 shared_exact=True fallback_exact=0
[616/1000] numerical=4.499139115 shared_exact=True fallback_exact=0
[617/1000] numerical=4.355485473 shared_exact=True fallback_exact=0
[618/1000] numerical=4.201209427 shared_exact=True fallback_exact=0
[619/1000] numerical=4.059375243 shared_exact=True fallback_exact=0
[620/1000] numerical=3.113151395 shared_exact=True fallback_exact=0
[621/1000] numerical=2.993207587 shared_exact=True fallback_exact=0
[622/1000] numerical=3.574470495 shared_exact=True fallback_exact=0
[623/1000] numerical=3.449132639 shared_exact=True fallback_exact=0
[624/1000] numerical=4.201209926 shared_exact=True fallback_exact=0
[625/1000] numerical=4.059375243 shared_exact=True fallback_exact=0
[626/1000] numerical=3.113151375 shared_exact=True fallback_exact=0
[627/1000] numerical=2.993207587 shared_exact=True fallback_exact=0
[628/1000] numerical=3.574470555 shared_exact=True fallback_exact=0
[629/1000] numerical=3.449132639 shared_exact=True fallback_exact=0
[630/1000] numerical=2.382542287 shared_exact=True fallback_exact=0
[631/1000] numerical=2.291996237 shared_exact=True fallback_exact=0
[632/1000] numerical=3.264472177 shared_exact=True fallback_exact=0
[633/1000] numerical=3.830650343 shared_exact=True fallback_exact=0
[634/1000] numerical=3.943840424 shared_exact=True fallback_exact=0
[635/1000] numerical=3.201445391 shared_exact=True fallback_exact=0
[636/1000] numerical=3.658468323 shared_exact=True fallback_exact=0
[637/1000] numerical=3.853001064 shared_exact=True fallback_exact=0
[638/1000] numerical=3.172130182 shared_exact=True fallback_exact=0
[639/1000] numerical=3.175056496 shared_exact=True fallback_exact=0
[640/1000] numerical=2.964370267 shared_exact=True fallback_exact=0
[641/1000] numerical=4.259358723 shared_exact=True fallback_exact=0
[642/1000] numerical=3.786363163 shared_exact=True fallback_exact=0
[643/1000] numerical=4.259433433 shared_exact=True fallback_exact=0
[644/1000] numerical=3.786363023 shared_exact=True fallback_exact=0
[645/1000] numerical=4.253034001 shared_exact=True fallback_exact=0
[646/1000] numerical=3.917190017 shared_exact=True fallback_exact=0
[647/1000] numerical=3.171843662 shared_exact=True fallback_exact=0
[648/1000] numerical=3.961050118 shared_exact=True fallback_exact=0
[649/1000] numerical=3.493849061 shared_exact=True fallback_exact=0
[650/1000] numerical=3.859832115 shared_exact=True fallback_exact=0
[651/1000] numerical=3.961099858 shared_exact=True fallback_exact=0
[652/1000] numerical=3.493821154 shared_exact=True fallback_exact=0
[653/1000] numerical=3.859843733 shared_exact=True fallback_exact=0
[654/1000] numerical=3.231614740 shared_exact=True fallback_exact=0
[655/1000] numerical=4.310812939 shared_exact=True fallback_exact=0
[656/1000] numerical=4.778618245 shared_exact=True fallback_exact=0
[657/1000] numerical=4.778601306 shared_exact=True fallback_exact=0
[658/1000] numerical=3.830182651 shared_exact=True fallback_exact=0
[659/1000] numerical=4.302603486 shared_exact=True fallback_exact=0
[660/1000] numerical=3.917189900 shared_exact=True fallback_exact=0
[661/1000] numerical=3.171844010 shared_exact=True fallback_exact=0
[662/1000] numerical=3.832238832 shared_exact=True fallback_exact=0
[663/1000] numerical=3.490633259 shared_exact=True fallback_exact=0
[664/1000] numerical=3.852040977 shared_exact=True fallback_exact=0
[665/1000] numerical=3.832240329 shared_exact=True fallback_exact=0
[666/1000] numerical=3.490630964 shared_exact=True fallback_exact=0
[667/1000] numerical=3.852038381 shared_exact=True fallback_exact=0
[668/1000] numerical=3.231613250 shared_exact=True fallback_exact=0
[669/1000] numerical=4.302851152 shared_exact=True fallback_exact=0
[670/1000] numerical=4.794677922 shared_exact=True fallback_exact=0
[671/1000] numerical=4.778601290 shared_exact=True fallback_exact=0
[672/1000] numerical=3.781600644 shared_exact=True fallback_exact=0
[673/1000] numerical=4.302603477 shared_exact=True fallback_exact=0
[674/1000] numerical=3.458986359 shared_exact=True fallback_exact=0
[675/1000] numerical=3.330988573 shared_exact=True fallback_exact=0
[676/1000] numerical=3.330988664 shared_exact=True fallback_exact=0
[677/1000] numerical=3.332939448 shared_exact=True fallback_exact=0
[678/1000] numerical=2.563517313 shared_exact=True fallback_exact=0
[679/1000] numerical=4.002715087 shared_exact=True fallback_exact=0
[680/1000] numerical=4.496763514 shared_exact=True fallback_exact=0
[681/1000] numerical=4.478418965 shared_exact=True fallback_exact=0
[682/1000] numerical=3.482618007 shared_exact=True fallback_exact=0
[683/1000] numerical=4.002421056 shared_exact=True fallback_exact=0
[684/1000] numerical=3.934161391 shared_exact=True fallback_exact=0
[685/1000] numerical=3.359551186 shared_exact=True fallback_exact=0
[686/1000] numerical=2.893702641 shared_exact=True fallback_exact=0
[687/1000] numerical=3.407766164 shared_exact=True fallback_exact=0
[688/1000] numerical=3.359564956 shared_exact=True fallback_exact=0
[689/1000] numerical=2.384087120 shared_exact=True fallback_exact=0
[690/1000] numerical=2.883553214 shared_exact=True fallback_exact=0
[691/1000] numerical=3.360145728 shared_exact=True fallback_exact=0
[692/1000] numerical=3.869526365 shared_exact=True fallback_exact=0
[693/1000] numerical=3.830360303 shared_exact=True fallback_exact=0
[694/1000] numerical=2.847998069 shared_exact=True fallback_exact=0
[695/1000] numerical=3.354361903 shared_exact=True fallback_exact=0
[696/1000] numerical=4.002734321 shared_exact=True fallback_exact=0
[697/1000] numerical=4.496775126 shared_exact=True fallback_exact=0
[698/1000] numerical=4.478418943 shared_exact=True fallback_exact=0
[699/1000] numerical=3.482618007 shared_exact=True fallback_exact=0
[700/1000] numerical=4.002421056 shared_exact=True fallback_exact=0
[701/1000] numerical=2.893686853 shared_exact=True fallback_exact=0
[702/1000] numerical=3.407765180 shared_exact=True fallback_exact=0
[703/1000] numerical=3.359551415 shared_exact=True fallback_exact=0
[704/1000] numerical=2.384087121 shared_exact=True fallback_exact=0
[705/1000] numerical=2.883553217 shared_exact=True fallback_exact=0
[706/1000] numerical=3.360155284 shared_exact=True fallback_exact=0
[707/1000] numerical=3.869522254 shared_exact=True fallback_exact=0
[708/1000] numerical=3.830362309 shared_exact=True fallback_exact=0
[709/1000] numerical=2.847998047 shared_exact=True fallback_exact=0
[710/1000] numerical=3.354361899 shared_exact=True fallback_exact=0
[711/1000] numerical=2.137970963 shared_exact=True fallback_exact=0
[712/1000] numerical=2.672772993 shared_exact=True fallback_exact=0
[713/1000] numerical=2.563545696 shared_exact=True fallback_exact=0
[714/1000] numerical=1.640207238 shared_exact=True fallback_exact=0
[715/1000] numerical=2.085768837 shared_exact=True fallback_exact=0
[716/1000] numerical=3.240429664 shared_exact=True fallback_exact=0
[717/1000] numerical=2.668811018 shared_exact=True fallback_exact=0
[718/1000] numerical=3.877079630 shared_exact=True fallback_exact=0
[719/1000] numerical=3.699384275 shared_exact=True fallback_exact=0
[720/1000] numerical=2.655512645 shared_exact=True fallback_exact=0
[721/1000] numerical=3.565500428 shared_exact=True fallback_exact=0
[722/1000] numerical=4.234081617 shared_exact=True fallback_exact=0
[723/1000] numerical=4.125090679 shared_exact=True fallback_exact=0
[724/1000] numerical=3.473607407 shared_exact=True fallback_exact=0
[725/1000] numerical=3.201812908 shared_exact=True fallback_exact=0
[726/1000] numerical=2.665985572 shared_exact=True fallback_exact=0
[727/1000] numerical=3.728244649 shared_exact=True fallback_exact=0
[728/1000] numerical=3.647321113 shared_exact=True fallback_exact=0
[729/1000] numerical=2.760370284 shared_exact=True fallback_exact=0
[730/1000] numerical=3.521778646 shared_exact=True fallback_exact=0
[731/1000] numerical=4.046688678 shared_exact=True fallback_exact=0
[732/1000] numerical=3.860813037 shared_exact=True fallback_exact=0
[733/1000] numerical=4.467138149 shared_exact=True fallback_exact=0
[734/1000] numerical=4.093827300 shared_exact=True fallback_exact=0
[735/1000] numerical=3.525550377 shared_exact=True fallback_exact=0
[736/1000] numerical=3.153283286 shared_exact=True fallback_exact=0
[737/1000] numerical=3.752463601 shared_exact=True fallback_exact=0
[738/1000] numerical=4.467140655 shared_exact=True fallback_exact=0
[739/1000] numerical=4.331088147 shared_exact=True fallback_exact=0
[740/1000] numerical=4.509252232 shared_exact=True fallback_exact=0
[741/1000] numerical=3.928482966 shared_exact=True fallback_exact=0
[742/1000] numerical=3.655630141 shared_exact=True fallback_exact=0
[743/1000] numerical=3.065398963 shared_exact=True fallback_exact=0
[744/1000] numerical=3.866894330 shared_exact=True fallback_exact=0
[745/1000] numerical=3.968359793 shared_exact=True fallback_exact=0
[746/1000] numerical=3.978078467 shared_exact=True fallback_exact=0
[747/1000] numerical=3.866923682 shared_exact=True fallback_exact=0
[748/1000] numerical=3.670099728 shared_exact=True fallback_exact=0
[749/1000] numerical=3.866846060 shared_exact=True fallback_exact=0
[750/1000] numerical=3.296334822 shared_exact=True fallback_exact=0
[751/1000] numerical=2.866940877 shared_exact=True fallback_exact=0
[752/1000] numerical=2.297693354 shared_exact=True fallback_exact=0
[753/1000] numerical=4.282353902 shared_exact=True fallback_exact=0
[754/1000] numerical=3.752481860 shared_exact=True fallback_exact=0
[755/1000] numerical=3.198998875 shared_exact=True fallback_exact=0
[756/1000] numerical=3.246336227 shared_exact=True fallback_exact=0
[757/1000] numerical=4.282397723 shared_exact=True fallback_exact=0
[758/1000] numerical=4.085557895 shared_exact=True fallback_exact=0
[759/1000] numerical=4.282341578 shared_exact=True fallback_exact=0
[760/1000] numerical=3.711830539 shared_exact=True fallback_exact=0
[761/1000] numerical=3.284561433 shared_exact=True fallback_exact=0
[762/1000] numerical=3.866871070 shared_exact=True fallback_exact=0
[763/1000] numerical=3.240193275 shared_exact=True fallback_exact=0
[764/1000] numerical=3.867238878 shared_exact=True fallback_exact=0
[765/1000] numerical=3.670127201 shared_exact=True fallback_exact=0
[766/1000] numerical=3.866846699 shared_exact=True fallback_exact=0
[767/1000] numerical=3.296334837 shared_exact=True fallback_exact=0
[768/1000] numerical=2.866940875 shared_exact=True fallback_exact=0
[769/1000] numerical=2.297693354 shared_exact=True fallback_exact=0
[770/1000] numerical=3.239560002 shared_exact=True fallback_exact=0
[771/1000] numerical=3.000668442 shared_exact=True fallback_exact=0
[772/1000] numerical=3.199215076 shared_exact=True fallback_exact=0
[773/1000] numerical=2.632326327 shared_exact=True fallback_exact=0
[774/1000] numerical=2.294264291 shared_exact=True fallback_exact=0
[775/1000] numerical=4.467149048 shared_exact=True fallback_exact=0
[776/1000] numerical=4.282398518 shared_exact=True fallback_exact=0
[777/1000] numerical=4.759852920 shared_exact=True fallback_exact=0
[778/1000] numerical=4.622507410 shared_exact=True fallback_exact=0
[779/1000] numerical=4.800511178 shared_exact=True fallback_exact=0
[780/1000] numerical=4.220647158 shared_exact=True fallback_exact=0
[781/1000] numerical=3.945328298 shared_exact=True fallback_exact=0
[782/1000] numerical=4.467143707 shared_exact=True fallback_exact=0
[783/1000] numerical=4.331076995 shared_exact=True fallback_exact=0
[784/1000] numerical=4.508698564 shared_exact=True fallback_exact=0
[785/1000] numerical=3.928558434 shared_exact=True fallback_exact=0
[786/1000] numerical=3.655630242 shared_exact=True fallback_exact=0
[787/1000] numerical=3.065398730 shared_exact=True fallback_exact=0
[788/1000] numerical=4.282342320 shared_exact=True fallback_exact=0
[789/1000] numerical=4.085556098 shared_exact=True fallback_exact=0
[790/1000] numerical=4.282341301 shared_exact=True fallback_exact=0
[791/1000] numerical=3.711829770 shared_exact=True fallback_exact=0
[792/1000] numerical=3.284561507 shared_exact=True fallback_exact=0
[793/1000] numerical=3.979003554 shared_exact=True fallback_exact=0
[794/1000] numerical=4.622494570 shared_exact=True fallback_exact=0
[795/1000] numerical=4.800449068 shared_exact=True fallback_exact=0
[796/1000] numerical=4.220440344 shared_exact=True fallback_exact=0
[797/1000] numerical=3.918642860 shared_exact=True fallback_exact=0
[798/1000] numerical=3.686443295 shared_exact=True fallback_exact=0
[799/1000] numerical=4.561801097 shared_exact=True fallback_exact=0
[800/1000] numerical=4.760737992 shared_exact=True fallback_exact=0
[801/1000] numerical=3.654791832 shared_exact=True fallback_exact=0
[802/1000] numerical=4.193782841 shared_exact=True fallback_exact=0
[803/1000] numerical=3.945328566 shared_exact=True fallback_exact=0
[804/1000] numerical=3.629871142 shared_exact=True fallback_exact=0
[805/1000] numerical=3.854221362 shared_exact=True fallback_exact=0
[806/1000] numerical=3.301439446 shared_exact=True fallback_exact=0
[807/1000] numerical=3.523836115 shared_exact=True fallback_exact=0
[808/1000] numerical=3.984493174 shared_exact=True fallback_exact=0
[809/1000] numerical=3.514930720 shared_exact=True fallback_exact=0
[810/1000] numerical=3.167369690 shared_exact=True fallback_exact=0
[811/1000] numerical=3.296334824 shared_exact=True fallback_exact=0
[812/1000] numerical=2.848906700 shared_exact=True fallback_exact=0
[813/1000] numerical=2.304588685 shared_exact=True fallback_exact=0
[814/1000] numerical=3.711830195 shared_exact=True fallback_exact=0
[815/1000] numerical=3.296336366 shared_exact=True fallback_exact=0
[816/1000] numerical=2.848906706 shared_exact=True fallback_exact=0
[817/1000] numerical=2.304588685 shared_exact=True fallback_exact=0
[818/1000] numerical=2.629448701 shared_exact=True fallback_exact=0
[819/1000] numerical=4.275531710 shared_exact=True fallback_exact=0
[820/1000] numerical=3.984540878 shared_exact=True fallback_exact=0
[821/1000] numerical=3.515016238 shared_exact=True fallback_exact=0
[822/1000] numerical=3.167369676 shared_exact=True fallback_exact=0
[823/1000] numerical=3.711834364 shared_exact=True fallback_exact=0
[824/1000] numerical=4.275391699 shared_exact=True fallback_exact=0
[825/1000] numerical=3.695783357 shared_exact=True fallback_exact=0
[826/1000] numerical=4.190947451 shared_exact=True fallback_exact=0
[827/1000] numerical=3.740523451 shared_exact=True fallback_exact=0
[828/1000] numerical=3.230990832 shared_exact=True fallback_exact=0
[829/1000] numerical=3.057242002 shared_exact=True fallback_exact=0
[830/1000] numerical=3.809915300 shared_exact=True fallback_exact=0
[831/1000] numerical=3.546419936 shared_exact=True fallback_exact=0
[832/1000] numerical=3.430730635 shared_exact=True fallback_exact=0
[833/1000] numerical=3.124175427 shared_exact=True fallback_exact=0
[834/1000] numerical=2.801017955 shared_exact=True fallback_exact=0
[835/1000] numerical=3.810103733 shared_exact=True fallback_exact=0
[836/1000] numerical=3.978382913 shared_exact=True fallback_exact=0
[837/1000] numerical=3.675400606 shared_exact=True fallback_exact=0
[838/1000] numerical=4.075102981 shared_exact=True fallback_exact=0
[839/1000] numerical=3.389959915 shared_exact=True fallback_exact=0
[840/1000] numerical=4.342970631 shared_exact=True fallback_exact=0
[841/1000] numerical=4.342978873 shared_exact=True fallback_exact=0
[842/1000] numerical=4.342970860 shared_exact=True fallback_exact=0
[843/1000] numerical=3.370428229 shared_exact=True fallback_exact=0
[844/1000] numerical=3.370428229 shared_exact=True fallback_exact=0
[845/1000] numerical=3.809911341 shared_exact=True fallback_exact=0
[846/1000] numerical=3.546439454 shared_exact=True fallback_exact=0
[847/1000] numerical=3.213727345 shared_exact=True fallback_exact=0
[848/1000] numerical=3.213727288 shared_exact=True fallback_exact=0
[849/1000] numerical=3.660307849 shared_exact=True fallback_exact=0
[850/1000] numerical=3.006194683 shared_exact=True fallback_exact=0
[851/1000] numerical=3.389959955 shared_exact=True fallback_exact=0
[852/1000] numerical=3.291956170 shared_exact=True fallback_exact=0
[853/1000] numerical=4.000000159 shared_exact=True fallback_exact=0
[854/1000] numerical=4.588262039 shared_exact=True fallback_exact=0
[855/1000] numerical=4.588255634 shared_exact=True fallback_exact=0
[856/1000] numerical=3.600060262 shared_exact=True fallback_exact=0
[857/1000] numerical=3.708410451 shared_exact=True fallback_exact=0
[858/1000] numerical=3.492634257 shared_exact=True fallback_exact=0
[859/1000] numerical=4.080366262 shared_exact=True fallback_exact=0
[860/1000] numerical=3.219197869 shared_exact=True fallback_exact=0
[861/1000] numerical=3.433584304 shared_exact=True fallback_exact=0
[862/1000] numerical=2.910980379 shared_exact=True fallback_exact=0
[863/1000] numerical=3.006475887 shared_exact=True fallback_exact=0
[864/1000] numerical=3.543633117 shared_exact=True fallback_exact=0
[865/1000] numerical=3.553520498 shared_exact=True fallback_exact=0
[866/1000] numerical=2.688082088 shared_exact=True fallback_exact=0
[867/1000] numerical=3.182076134 shared_exact=True fallback_exact=0
[868/1000] numerical=3.441247490 shared_exact=True fallback_exact=0
[869/1000] numerical=2.831968246 shared_exact=True fallback_exact=0
[870/1000] numerical=3.439885112 shared_exact=True fallback_exact=0
[871/1000] numerical=3.017283122 shared_exact=True fallback_exact=0
[872/1000] numerical=3.324068220 shared_exact=True fallback_exact=0
[873/1000] numerical=3.104908098 shared_exact=True fallback_exact=0
[874/1000] numerical=2.818762270 shared_exact=True fallback_exact=0
[875/1000] numerical=2.944778250 shared_exact=True fallback_exact=0
[876/1000] numerical=2.837776172 shared_exact=True fallback_exact=0
[877/1000] numerical=2.090554954 shared_exact=True fallback_exact=0
[878/1000] numerical=3.625683147 shared_exact=True fallback_exact=0
[879/1000] numerical=4.342970646 shared_exact=True fallback_exact=0
[880/1000] numerical=4.342978478 shared_exact=True fallback_exact=0
[881/1000] numerical=4.350469808 shared_exact=True fallback_exact=0
[882/1000] numerical=3.476993157 shared_exact=True fallback_exact=0
[883/1000] numerical=3.476993158 shared_exact=True fallback_exact=0
[884/1000] numerical=4.085941679 shared_exact=True fallback_exact=0
[885/1000] numerical=3.543716853 shared_exact=True fallback_exact=0
[886/1000] numerical=3.543650299 shared_exact=True fallback_exact=0
[887/1000] numerical=3.614162417 shared_exact=True fallback_exact=0
[888/1000] numerical=2.829295013 shared_exact=True fallback_exact=0
[889/1000] numerical=2.829206754 shared_exact=True fallback_exact=0
[890/1000] numerical=3.310932983 shared_exact=True fallback_exact=0
[891/1000] numerical=3.641649963 shared_exact=True fallback_exact=0
[892/1000] numerical=3.641694234 shared_exact=True fallback_exact=0
[893/1000] numerical=3.706273120 shared_exact=True fallback_exact=0
[894/1000] numerical=2.916689043 shared_exact=True fallback_exact=0
[895/1000] numerical=2.916690424 shared_exact=True fallback_exact=0
[896/1000] numerical=3.676189383 shared_exact=True fallback_exact=0
[897/1000] numerical=3.809915746 shared_exact=True fallback_exact=0
[898/1000] numerical=3.390144039 shared_exact=True fallback_exact=0
[899/1000] numerical=4.075103097 shared_exact=True fallback_exact=0
[900/1000] numerical=3.981687960 shared_exact=True fallback_exact=0
[901/1000] numerical=4.342970610 shared_exact=True fallback_exact=0
[902/1000] numerical=4.342971335 shared_exact=True fallback_exact=0
[903/1000] numerical=4.346941884 shared_exact=True fallback_exact=0
[904/1000] numerical=3.461044460 shared_exact=True fallback_exact=0
[905/1000] numerical=3.461044460 shared_exact=True fallback_exact=0
[906/1000] numerical=3.213727762 shared_exact=True fallback_exact=0
[907/1000] numerical=4.000064084 shared_exact=True fallback_exact=0
[908/1000] numerical=3.546444170 shared_exact=True fallback_exact=0
[909/1000] numerical=3.291956180 shared_exact=True fallback_exact=0
[910/1000] numerical=3.661188346 shared_exact=True fallback_exact=0
[911/1000] numerical=4.588305157 shared_exact=True fallback_exact=0
[912/1000] numerical=4.588390985 shared_exact=True fallback_exact=0
[913/1000] numerical=4.588301901 shared_exact=True fallback_exact=0
[914/1000] numerical=3.663115917 shared_exact=True fallback_exact=0
[915/1000] numerical=3.663129667 shared_exact=True fallback_exact=0
[916/1000] numerical=3.543633116 shared_exact=True fallback_exact=0
[917/1000] numerical=3.543809064 shared_exact=True fallback_exact=0
[918/1000] numerical=2.636315119 shared_exact=True fallback_exact=0
[919/1000] numerical=4.342970629 shared_exact=True fallback_exact=0
[920/1000] numerical=4.342974687 shared_exact=True fallback_exact=0
[921/1000] numerical=4.342973946 shared_exact=True fallback_exact=0
[922/1000] numerical=3.420736090 shared_exact=True fallback_exact=0
[923/1000] numerical=3.420736090 shared_exact=True fallback_exact=0
[924/1000] numerical=3.641632037 shared_exact=True fallback_exact=0
[925/1000] numerical=3.641647021 shared_exact=True fallback_exact=0
[926/1000] numerical=3.642622632 shared_exact=True fallback_exact=0
[927/1000] numerical=2.745603277 shared_exact=True fallback_exact=0
[928/1000] numerical=2.745603277 shared_exact=True fallback_exact=0
[929/1000] numerical=4.588469397 shared_exact=True fallback_exact=0
[930/1000] numerical=4.606643254 shared_exact=True fallback_exact=0
[931/1000] numerical=3.749874139 shared_exact=True fallback_exact=0
[932/1000] numerical=3.477106023 shared_exact=True fallback_exact=0
[933/1000] numerical=4.475928022 shared_exact=True fallback_exact=0
[934/1000] numerical=4.472136350 shared_exact=True fallback_exact=0
[935/1000] numerical=3.476226758 shared_exact=True fallback_exact=0
[936/1000] numerical=4.478483651 shared_exact=True fallback_exact=0
[937/1000] numerical=3.476227745 shared_exact=True fallback_exact=0
[938/1000] numerical=3.607725198 shared_exact=True fallback_exact=0
[939/1000] numerical=2.861983886 shared_exact=True fallback_exact=0
[940/1000] numerical=4.074580262 shared_exact=True fallback_exact=0
[941/1000] numerical=3.099466016 shared_exact=True fallback_exact=0
[942/1000] numerical=3.099466013 shared_exact=True fallback_exact=0
[943/1000] numerical=3.870923699 shared_exact=True fallback_exact=0
[944/1000] numerical=3.388289843 shared_exact=True fallback_exact=0
[945/1000] numerical=4.049750898 shared_exact=True fallback_exact=0
[946/1000] numerical=3.737397238 shared_exact=True fallback_exact=0
[947/1000] numerical=3.674741867 shared_exact=True fallback_exact=0
[948/1000] numerical=3.674765657 shared_exact=True fallback_exact=0
[949/1000] numerical=3.672578240 shared_exact=True fallback_exact=0
[950/1000] numerical=2.675033190 shared_exact=True fallback_exact=0
[951/1000] numerical=2.675033190 shared_exact=True fallback_exact=0
[952/1000] numerical=1.718328005 shared_exact=True fallback_exact=0
[953/1000] numerical=2.809977454 shared_exact=True fallback_exact=0
[954/1000] numerical=1.813515275 shared_exact=True fallback_exact=0
[955/1000] numerical=1.813515275 shared_exact=True fallback_exact=0
[956/1000] numerical=3.737397238 shared_exact=True fallback_exact=0
[957/1000] numerical=3.674740335 shared_exact=True fallback_exact=0
[958/1000] numerical=3.674747203 shared_exact=True fallback_exact=0
[959/1000] numerical=3.672578249 shared_exact=True fallback_exact=0
[960/1000] numerical=2.675033190 shared_exact=True fallback_exact=0
[961/1000] numerical=2.675033190 shared_exact=True fallback_exact=0
[962/1000] numerical=1.718328005 shared_exact=True fallback_exact=0
[963/1000] numerical=2.809977454 shared_exact=True fallback_exact=0
[964/1000] numerical=1.813515275 shared_exact=True fallback_exact=0
[965/1000] numerical=1.813515275 shared_exact=True fallback_exact=0
[966/1000] numerical=3.355149685 shared_exact=True fallback_exact=0
[967/1000] numerical=3.190248805 shared_exact=True fallback_exact=0
[968/1000] numerical=3.123771102 shared_exact=True fallback_exact=0
[969/1000] numerical=2.199117064 shared_exact=True fallback_exact=0
[970/1000] numerical=2.000000096 shared_exact=True fallback_exact=0
[971/1000] numerical=3.957768054 shared_exact=True fallback_exact=0
[972/1000] numerical=3.064600104 shared_exact=True fallback_exact=0
[973/1000] numerical=2.897000159 shared_exact=True fallback_exact=0
[974/1000] numerical=3.616709674 shared_exact=True fallback_exact=0
[975/1000] numerical=4.334249890 shared_exact=True fallback_exact=0
[976/1000] numerical=4.617796534 shared_exact=True fallback_exact=0
[977/1000] numerical=4.617796634 shared_exact=True fallback_exact=0
[978/1000] numerical=3.691355680 shared_exact=True fallback_exact=0
[979/1000] numerical=2.900391450 shared_exact=True fallback_exact=0
[980/1000] numerical=3.952534696 shared_exact=True fallback_exact=0
[981/1000] numerical=3.033434027 shared_exact=True fallback_exact=0
[982/1000] numerical=3.616709931 shared_exact=True fallback_exact=0
[983/1000] numerical=3.408879468 shared_exact=True fallback_exact=0
[984/1000] numerical=3.197327886 shared_exact=True fallback_exact=0
[985/1000] numerical=3.501086539 shared_exact=True fallback_exact=0
[986/1000] numerical=4.125334302 shared_exact=True fallback_exact=0
[987/1000] numerical=4.101809954 shared_exact=True fallback_exact=0
[988/1000] numerical=4.101810066 shared_exact=True fallback_exact=0
[989/1000] numerical=4.102387442 shared_exact=True fallback_exact=0
[990/1000] numerical=3.201312378 shared_exact=True fallback_exact=0
[991/1000] numerical=3.201312378 shared_exact=True fallback_exact=0
[992/1000] numerical=3.286362086 shared_exact=True fallback_exact=0
[993/1000] numerical=4.334249907 shared_exact=True fallback_exact=0
[994/1000] numerical=4.617796534 shared_exact=True fallback_exact=0
[995/1000] numerical=4.617796537 shared_exact=True fallback_exact=0
[996/1000] numerical=3.691355680 shared_exact=True fallback_exact=0
[997/1000] numerical=2.900391450 shared_exact=True fallback_exact=0
[998/1000] numerical=3.952534206 shared_exact=True fallback_exact=0
[999/1000] numerical=3.033434027 shared_exact=True fallback_exact=0
[1000/1000] numerical=4.125353286 shared_exact=True fallback_exact=0
checkpoint=/workspace/positive-square-energy/experiments/rank7_order8_chunk_013000_014000.r7o8g.xz.fragments/fragment-013500-014000.r7o8g.xz rows=500
attempts=1000 shared_exact=1000 templates=0 fallback_exact=0 structural=0 atoms=0 balanced=0 unresolved_targets=0
fragments=2 checkpoint_rows=500
raw_bytes=472841 xz_bytes=298216 elapsed_seconds=254.194006
sha256=737338245bc3905400de0fcff05b60fed5efce5f0fb49661d3b7ff05d2a6cdef
full_theorem=false
[2026-08-15T00:35:38.941977+00:00] exit: 0
[2026-08-15T00:35:38.942158+00:00] exec: /opt/kortix/pyfloor/bin/python3 -u /workspace/positive-square-energy/experiments/rank7_order8_exact_rational.py --verify-pack /workspace/positive-square-energy/experiments/rank7_order8_chunk_013000_014000.r7o8g.xz --census-cache positive-square-energy/experiments/rank7_order8_rational_search_cache.r7o8c.xz
attempts=1000 shared_exact=1000 templates=0 fallback_exact=0 structural=0 atoms=0 balanced=0 exact_audit=true census_seconds=18.184571
full_theorem=false
[2026-08-15T00:36:22.065813+00:00] exit: 0
[2026-08-15T00:36:22.067494+00:00] shard=013000_014000 exact_audit=true sha256=737338245bc3905400de0fcff05b60fed5efce5f0fb49661d3b7ff05d2a6cdef
