[2026-08-15T00:31:13.165136+00:00] shard=016000_017000 adopted_fragments=0
[2026-08-15T00:31:13.165207+00:00] exec: /opt/kortix/pyfloor/bin/python3 -u /workspace/positive-square-energy/experiments/rank7_order8_exact_rational.py --output /workspace/positive-square-energy/experiments/rank7_order8_chunk_016000_017000.r7o8g.xz --fragment-directory /workspace/positive-square-energy/experiments/rank7_order8_chunk_016000_017000.r7o8g.xz.fragments --census-cache positive-square-energy/experiments/rank7_order8_rational_search_cache.r7o8c.xz --start 16000 --count 1000 --checkpoint-rows 500 --progress
[1/1000] numerical=3.995890375 shared_exact=True fallback_exact=0
[2/1000] numerical=3.166289972 shared_exact=True fallback_exact=0
[3/1000] numerical=2.984628984 shared_exact=True fallback_exact=0
[4/1000] numerical=3.810059152 shared_exact=True fallback_exact=0
[5/1000] numerical=3.341514995 shared_exact=True fallback_exact=0
[6/1000] numerical=3.510213785 shared_exact=True fallback_exact=0
[7/1000] numerical=3.535345975 shared_exact=True fallback_exact=0
[8/1000] numerical=2.780844635 shared_exact=True fallback_exact=0
[9/1000] numerical=3.542045900 shared_exact=True fallback_exact=0
[10/1000] numerical=3.952264418 shared_exact=True fallback_exact=0
[11/1000] numerical=3.506895282 shared_exact=True fallback_exact=0
[12/1000] numerical=4.351599082 shared_exact=True fallback_exact=0
[13/1000] numerical=4.322879215 shared_exact=True fallback_exact=0
[14/1000] numerical=3.485234842 shared_exact=True fallback_exact=0
[15/1000] numerical=2.762335253 shared_exact=True fallback_exact=0
[16/1000] numerical=3.658957227 shared_exact=True fallback_exact=0
[17/1000] numerical=3.458547844 shared_exact=True fallback_exact=0
[18/1000] numerical=2.423631574 shared_exact=True fallback_exact=0
[19/1000] numerical=3.927442089 shared_exact=True fallback_exact=0
[20/1000] numerical=3.811795685 shared_exact=True fallback_exact=0
[21/1000] numerical=3.185461458 shared_exact=True fallback_exact=0
[22/1000] numerical=2.905476293 shared_exact=True fallback_exact=0
[23/1000] numerical=2.633808679 shared_exact=True fallback_exact=0
[24/1000] numerical=2.243041087 shared_exact=True fallback_exact=0
[25/1000] numerical=1.917299497 shared_exact=True fallback_exact=0
[26/1000] numerical=2.425557835 shared_exact=True fallback_exact=0
[27/1000] numerical=2.459822752 shared_exact=True fallback_exact=0
[28/1000] numerical=1.899041024 shared_exact=True fallback_exact=0
[29/1000] numerical=2.262619453 shared_exact=True fallback_exact=0
[30/1000] numerical=2.635177023 shared_exact=True fallback_exact=0
[31/1000] numerical=1.884943278 shared_exact=True fallback_exact=0
[32/1000] numerical=2.332846545 shared_exact=True fallback_exact=0
[33/1000] numerical=2.511241304 shared_exact=True fallback_exact=0
[34/1000] numerical=1.845333034 shared_exact=True fallback_exact=0
[35/1000] numerical=1.796533476 shared_exact=True fallback_exact=0
[36/1000] numerical=1.931332179 shared_exact=True fallback_exact=0
[37/1000] numerical=1.139219960 shared_exact=True fallback_exact=0
[38/1000] numerical=3.365252722 shared_exact=True fallback_exact=0
[39/1000] numerical=3.083474777 shared_exact=True fallback_exact=0
[40/1000] numerical=2.969327711 shared_exact=True fallback_exact=0
[41/1000] numerical=3.219396021 shared_exact=True fallback_exact=0
[42/1000] numerical=2.647229482 shared_exact=True fallback_exact=0
[43/1000] numerical=2.568037671 shared_exact=True fallback_exact=0
[44/1000] numerical=3.642367648 shared_exact=True fallback_exact=0
[45/1000] numerical=3.359370039 shared_exact=True fallback_exact=0
[46/1000] numerical=3.231283474 shared_exact=True fallback_exact=0
[47/1000] numerical=2.709723136 shared_exact=True fallback_exact=0
[48/1000] numerical=2.985775953 shared_exact=True fallback_exact=0
[49/1000] numerical=2.282696321 shared_exact=True fallback_exact=0
[50/1000] numerical=3.150743879 shared_exact=True fallback_exact=0
[51/1000] numerical=3.359044884 shared_exact=True fallback_exact=0
[52/1000] numerical=2.941422695 shared_exact=True fallback_exact=0
[53/1000] numerical=2.838783248 shared_exact=True fallback_exact=0
[54/1000] numerical=3.153252083 shared_exact=True fallback_exact=0
[55/1000] numerical=2.573817359 shared_exact=True fallback_exact=0
[56/1000] numerical=3.418784023 shared_exact=True fallback_exact=0
[57/1000] numerical=3.646839148 shared_exact=True fallback_exact=0
[58/1000] numerical=3.186302568 shared_exact=True fallback_exact=0
[59/1000] numerical=2.947336628 shared_exact=True fallback_exact=0
[60/1000] numerical=2.827069910 shared_exact=True fallback_exact=0
[61/1000] numerical=2.356800964 shared_exact=True fallback_exact=0
[62/1000] numerical=3.322566258 shared_exact=True fallback_exact=0
[63/1000] numerical=3.342519127 shared_exact=True fallback_exact=0
[64/1000] numerical=2.996221065 shared_exact=True fallback_exact=0
[65/1000] numerical=3.257559717 shared_exact=True fallback_exact=0
[66/1000] numerical=3.243740538 shared_exact=True fallback_exact=0
[67/1000] numerical=2.454626099 shared_exact=True fallback_exact=0
[68/1000] numerical=3.445374525 shared_exact=True fallback_exact=0
[69/1000] numerical=3.256929051 shared_exact=True fallback_exact=0
[70/1000] numerical=2.253130646 shared_exact=True fallback_exact=0
[71/1000] numerical=2.854783351 shared_exact=True fallback_exact=0
[72/1000] numerical=2.683859731 shared_exact=True fallback_exact=0
[73/1000] numerical=1.702755104 shared_exact=True fallback_exact=0
[74/1000] numerical=2.719077042 shared_exact=True fallback_exact=0
[75/1000] numerical=3.468065603 shared_exact=True fallback_exact=0
[76/1000] numerical=3.007002842 shared_exact=True fallback_exact=0
[77/1000] numerical=2.902768992 shared_exact=True fallback_exact=0
[78/1000] numerical=3.129164707 shared_exact=True fallback_exact=0
[79/1000] numerical=2.742194210 shared_exact=True fallback_exact=0
[80/1000] numerical=2.650734428 shared_exact=True fallback_exact=0
[81/1000] numerical=2.074683312 shared_exact=True fallback_exact=0
[82/1000] numerical=3.136958892 shared_exact=True fallback_exact=0
[83/1000] numerical=2.926866091 shared_exact=True fallback_exact=0
[84/1000] numerical=1.890168642 shared_exact=True fallback_exact=0
[85/1000] numerical=2.993230887 shared_exact=True fallback_exact=0
[86/1000] numerical=2.999846328 shared_exact=True fallback_exact=0
[87/1000] numerical=3.079791466 shared_exact=True fallback_exact=0
[88/1000] numerical=2.376427163 shared_exact=True fallback_exact=0
[89/1000] numerical=2.907981626 shared_exact=True fallback_exact=0
[90/1000] numerical=3.113172521 shared_exact=True fallback_exact=0
[91/1000] numerical=3.096227390 shared_exact=True fallback_exact=0
[92/1000] numerical=3.340946683 shared_exact=True fallback_exact=0
[93/1000] numerical=2.747718758 shared_exact=True fallback_exact=0
[94/1000] numerical=2.303171539 shared_exact=True fallback_exact=0
[95/1000] numerical=2.165524431 shared_exact=True fallback_exact=0
[96/1000] numerical=2.868539975 shared_exact=True fallback_exact=0
[97/1000] numerical=2.742478221 shared_exact=True fallback_exact=0
[98/1000] numerical=1.835374926 shared_exact=True fallback_exact=0
[99/1000] numerical=2.717428908 shared_exact=True fallback_exact=0
[100/1000] numerical=3.386150190 shared_exact=True fallback_exact=0
[101/1000] numerical=2.969500854 shared_exact=True fallback_exact=0
[102/1000] numerical=2.275254990 shared_exact=True fallback_exact=0
[103/1000] numerical=2.667720595 shared_exact=True fallback_exact=0
[104/1000] numerical=2.893543822 shared_exact=True fallback_exact=0
[105/1000] numerical=2.913511983 shared_exact=True fallback_exact=0
[106/1000] numerical=2.163579356 shared_exact=True fallback_exact=0
[107/1000] numerical=2.986392131 shared_exact=True fallback_exact=0
[108/1000] numerical=2.385394017 shared_exact=True fallback_exact=0
[109/1000] numerical=3.368688846 shared_exact=True fallback_exact=0
[110/1000] numerical=2.776986011 shared_exact=True fallback_exact=0
[111/1000] numerical=2.248690052 shared_exact=True fallback_exact=0
[112/1000] numerical=2.249096343 shared_exact=True fallback_exact=0
[113/1000] numerical=2.831469268 shared_exact=True fallback_exact=0
[114/1000] numerical=2.740593866 shared_exact=True fallback_exact=0
[115/1000] numerical=1.877843373 shared_exact=True fallback_exact=0
[116/1000] numerical=3.067036914 shared_exact=True fallback_exact=0
[117/1000] numerical=2.612315984 shared_exact=True fallback_exact=0
[118/1000] numerical=2.003386172 shared_exact=True fallback_exact=0
[119/1000] numerical=1.961633642 shared_exact=True fallback_exact=0
[120/1000] numerical=2.473874663 shared_exact=True fallback_exact=0
[121/1000] numerical=2.356105011 shared_exact=True fallback_exact=0
[122/1000] numerical=1.460422591 shared_exact=True fallback_exact=0
[123/1000] numerical=3.555991168 shared_exact=True fallback_exact=0
[124/1000] numerical=3.535293837 shared_exact=True fallback_exact=0
[125/1000] numerical=2.437813955 shared_exact=True fallback_exact=0
[126/1000] numerical=3.097667261 shared_exact=True fallback_exact=0
[127/1000] numerical=3.383455769 shared_exact=True fallback_exact=0
[128/1000] numerical=3.065964826 shared_exact=True fallback_exact=0
[129/1000] numerical=3.836796904 shared_exact=True fallback_exact=0
[130/1000] numerical=2.740090022 shared_exact=True fallback_exact=0
[131/1000] numerical=3.427965325 shared_exact=True fallback_exact=0
[132/1000] numerical=2.882947763 shared_exact=True fallback_exact=0
[133/1000] numerical=2.817901675 shared_exact=True fallback_exact=0
[134/1000] numerical=2.389971391 shared_exact=True fallback_exact=0
[135/1000] numerical=3.547410715 shared_exact=True fallback_exact=0
[136/1000] numerical=3.396100215 shared_exact=True fallback_exact=0
[137/1000] numerical=2.455600661 shared_exact=True fallback_exact=0
[138/1000] numerical=3.050466390 shared_exact=True fallback_exact=0
[139/1000] numerical=3.199529174 shared_exact=True fallback_exact=0
[140/1000] numerical=3.492904212 shared_exact=True fallback_exact=0
[141/1000] numerical=2.457947183 shared_exact=True fallback_exact=0
[142/1000] numerical=2.907698257 shared_exact=True fallback_exact=0
[143/1000] numerical=3.272137209 shared_exact=True fallback_exact=0
[144/1000] numerical=2.875654890 shared_exact=True fallback_exact=0
[145/1000] numerical=3.223738231 shared_exact=True fallback_exact=0
[146/1000] numerical=2.379483107 shared_exact=True fallback_exact=0
[147/1000] numerical=3.802810861 shared_exact=True fallback_exact=0
[148/1000] numerical=3.625593720 shared_exact=True fallback_exact=0
[149/1000] numerical=2.604483431 shared_exact=True fallback_exact=0
[150/1000] numerical=3.524475404 shared_exact=True fallback_exact=0
[151/1000] numerical=3.841862340 shared_exact=True fallback_exact=0
[152/1000] numerical=3.503618565 shared_exact=True fallback_exact=0
[153/1000] numerical=4.145247015 shared_exact=True fallback_exact=0
[154/1000] numerical=3.333194199 shared_exact=True fallback_exact=0
[155/1000] numerical=2.957578696 shared_exact=True fallback_exact=0
[156/1000] numerical=3.714571668 shared_exact=True fallback_exact=0
[157/1000] numerical=3.180223333 shared_exact=True fallback_exact=0
[158/1000] numerical=3.123216453 shared_exact=True fallback_exact=0
[159/1000] numerical=2.673021402 shared_exact=True fallback_exact=0
[160/1000] numerical=3.833156526 shared_exact=True fallback_exact=0
[161/1000] numerical=3.680813746 shared_exact=True fallback_exact=0
[162/1000] numerical=2.737100345 shared_exact=True fallback_exact=0
[163/1000] numerical=2.734669995 shared_exact=True fallback_exact=0
[164/1000] numerical=2.476209311 shared_exact=True fallback_exact=0
[165/1000] numerical=3.325794476 shared_exact=True fallback_exact=0
[166/1000] numerical=2.319873131 shared_exact=True fallback_exact=0
[167/1000] numerical=3.742043727 shared_exact=True fallback_exact=0
[168/1000] numerical=3.146171630 shared_exact=True fallback_exact=0
[169/1000] numerical=2.595358713 shared_exact=True fallback_exact=0
[170/1000] numerical=2.680105192 shared_exact=True fallback_exact=0
[171/1000] numerical=3.208593969 shared_exact=True fallback_exact=0
[172/1000] numerical=3.145143210 shared_exact=True fallback_exact=0
[173/1000] numerical=2.316435569 shared_exact=True fallback_exact=0
[174/1000] numerical=3.555464382 shared_exact=True fallback_exact=0
[175/1000] numerical=3.557224007 shared_exact=True fallback_exact=0
[176/1000] numerical=2.550453776 shared_exact=True fallback_exact=0
[177/1000] numerical=3.215069557 shared_exact=True fallback_exact=0
[178/1000] numerical=3.098107414 shared_exact=True fallback_exact=0
[179/1000] numerical=3.694354550 shared_exact=True fallback_exact=0
[180/1000] numerical=3.067613583 shared_exact=True fallback_exact=0
[181/1000] numerical=2.635605785 shared_exact=True fallback_exact=0
[182/1000] numerical=2.782187395 shared_exact=True fallback_exact=0
[183/1000] numerical=3.431809565 shared_exact=True fallback_exact=0
[184/1000] numerical=3.402841979 shared_exact=True fallback_exact=0
[185/1000] numerical=2.607413283 shared_exact=True fallback_exact=0
[186/1000] numerical=3.083398776 shared_exact=True fallback_exact=0
[187/1000] numerical=3.736849595 shared_exact=True fallback_exact=0
[188/1000] numerical=3.308918584 shared_exact=True fallback_exact=0
[189/1000] numerical=2.876263658 shared_exact=True fallback_exact=0
[190/1000] numerical=3.249760933 shared_exact=True fallback_exact=0
[191/1000] numerical=3.590503590 shared_exact=True fallback_exact=0
[192/1000] numerical=3.692831252 shared_exact=True fallback_exact=0
[193/1000] numerical=2.995283741 shared_exact=True fallback_exact=0
[194/1000] numerical=3.561395680 shared_exact=True fallback_exact=0
[195/1000] numerical=2.981881518 shared_exact=True fallback_exact=0
[196/1000] numerical=4.009932923 shared_exact=True fallback_exact=0
[197/1000] numerical=3.382572386 shared_exact=True fallback_exact=0
[198/1000] numerical=2.930298282 shared_exact=True fallback_exact=0
[199/1000] numerical=3.090276412 shared_exact=True fallback_exact=0
[200/1000] numerical=3.715820432 shared_exact=True fallback_exact=0
[201/1000] numerical=3.686258757 shared_exact=True fallback_exact=0
[202/1000] numerical=2.887375379 shared_exact=True fallback_exact=0
[203/1000] numerical=3.676560408 shared_exact=True fallback_exact=0
[204/1000] numerical=3.078720046 shared_exact=True fallback_exact=0
[205/1000] numerical=2.718588823 shared_exact=True fallback_exact=0
[206/1000] numerical=2.486191418 shared_exact=True fallback_exact=0
[207/1000] numerical=3.296207333 shared_exact=True fallback_exact=0
[208/1000] numerical=3.148429949 shared_exact=True fallback_exact=0
[209/1000] numerical=2.212895553 shared_exact=True fallback_exact=0
[210/1000] numerical=3.604915859 shared_exact=True fallback_exact=0
[211/1000] numerical=3.549018175 shared_exact=True fallback_exact=0
[212/1000] numerical=3.434703036 shared_exact=True fallback_exact=0
[213/1000] numerical=3.522511215 shared_exact=True fallback_exact=0
[214/1000] numerical=4.298251114 shared_exact=True fallback_exact=0
[215/1000] numerical=4.306351295 shared_exact=True fallback_exact=0
[216/1000] numerical=3.487318283 shared_exact=True fallback_exact=0
[217/1000] numerical=3.907232814 shared_exact=True fallback_exact=0
[218/1000] numerical=3.921777521 shared_exact=True fallback_exact=0
[219/1000] numerical=3.136950483 shared_exact=True fallback_exact=0
[220/1000] numerical=3.442209746 shared_exact=True fallback_exact=0
[221/1000] numerical=3.563113201 shared_exact=True fallback_exact=0
[222/1000] numerical=2.871626286 shared_exact=True fallback_exact=0
[223/1000] numerical=3.619078447 shared_exact=True fallback_exact=0
[224/1000] numerical=3.464074113 shared_exact=True fallback_exact=0
[225/1000] numerical=2.459975310 shared_exact=True fallback_exact=0
[226/1000] numerical=4.077904865 shared_exact=True fallback_exact=0
[227/1000] numerical=3.994257958 shared_exact=True fallback_exact=0
[228/1000] numerical=3.298671140 shared_exact=True fallback_exact=0
[229/1000] numerical=3.098651513 shared_exact=True fallback_exact=0
[230/1000] numerical=2.630991393 shared_exact=True fallback_exact=0
[231/1000] numerical=2.424442213 shared_exact=True fallback_exact=0
[232/1000] numerical=2.206629153 shared_exact=True fallback_exact=0
[233/1000] numerical=2.343740337 shared_exact=True fallback_exact=0
[234/1000] numerical=2.137468899 shared_exact=True fallback_exact=0
[235/1000] numerical=1.898966396 shared_exact=True fallback_exact=0
[236/1000] numerical=1.893826028 shared_exact=True fallback_exact=0
[237/1000] numerical=1.772123658 shared_exact=True fallback_exact=0
[238/1000] numerical=1.408503469 shared_exact=True fallback_exact=0
[239/1000] numerical=1.149864964 shared_exact=True fallback_exact=0
[240/1000] numerical=3.117196953 shared_exact=True fallback_exact=0
[241/1000] numerical=3.328891748 shared_exact=True fallback_exact=0
[242/1000] numerical=3.354891607 shared_exact=True fallback_exact=0
[243/1000] numerical=3.133648647 shared_exact=True fallback_exact=0
[244/1000] numerical=2.739768939 shared_exact=True fallback_exact=0
[245/1000] numerical=2.716075833 shared_exact=True fallback_exact=0
[246/1000] numerical=2.921587943 shared_exact=True fallback_exact=0
[247/1000] numerical=2.690028990 shared_exact=True fallback_exact=0
[248/1000] numerical=2.682918775 shared_exact=True fallback_exact=0
[249/1000] numerical=2.248506810 shared_exact=True fallback_exact=0
[250/1000] numerical=1.967819159 shared_exact=True fallback_exact=0
[251/1000] numerical=2.165578025 shared_exact=True fallback_exact=0
[252/1000] numerical=2.297833374 shared_exact=True fallback_exact=0
[253/1000] numerical=2.056454768 shared_exact=True fallback_exact=0
[254/1000] numerical=2.708047175 shared_exact=True fallback_exact=0
[255/1000] numerical=3.472426611 shared_exact=True fallback_exact=0
[256/1000] numerical=2.908413784 shared_exact=True fallback_exact=0
[257/1000] numerical=3.003765512 shared_exact=True fallback_exact=0
[258/1000] numerical=3.051623516 shared_exact=True fallback_exact=0
[259/1000] numerical=2.887047048 shared_exact=True fallback_exact=0
[260/1000] numerical=1.927171173 shared_exact=True fallback_exact=0
[261/1000] numerical=2.928976962 shared_exact=True fallback_exact=0
[262/1000] numerical=3.150988223 shared_exact=True fallback_exact=0
[263/1000] numerical=3.033311123 shared_exact=True fallback_exact=0
[264/1000] numerical=2.869437480 shared_exact=True fallback_exact=0
[265/1000] numerical=2.742787845 shared_exact=True fallback_exact=0
[266/1000] numerical=1.832051371 shared_exact=True fallback_exact=0
[267/1000] numerical=2.632285951 shared_exact=True fallback_exact=0
[268/1000] numerical=2.399511304 shared_exact=True fallback_exact=0
[269/1000] numerical=2.397934839 shared_exact=True fallback_exact=0
[270/1000] numerical=2.762698853 shared_exact=True fallback_exact=0
[271/1000] numerical=2.504546298 shared_exact=True fallback_exact=0
[272/1000] numerical=2.161173210 shared_exact=True fallback_exact=0
[273/1000] numerical=1.355149673 shared_exact=True fallback_exact=0
[274/1000] numerical=3.421328422 shared_exact=True fallback_exact=0
[275/1000] numerical=3.110882078 shared_exact=True fallback_exact=0
[276/1000] numerical=3.546005950 shared_exact=True fallback_exact=0
[277/1000] numerical=3.361206479 shared_exact=True fallback_exact=0
[278/1000] numerical=2.951850507 shared_exact=True fallback_exact=0
[279/1000] numerical=3.773326413 shared_exact=True fallback_exact=0
[280/1000] numerical=3.223240279 shared_exact=True fallback_exact=0
[281/1000] numerical=2.867078835 shared_exact=True fallback_exact=0
[282/1000] numerical=3.139390630 shared_exact=True fallback_exact=0
[283/1000] numerical=3.459648521 shared_exact=True fallback_exact=0
[284/1000] numerical=3.227925691 shared_exact=True fallback_exact=0
[285/1000] numerical=3.338116746 shared_exact=True fallback_exact=0
[286/1000] numerical=2.718205960 shared_exact=True fallback_exact=0
[287/1000] numerical=3.090898938 shared_exact=True fallback_exact=0
[288/1000] numerical=2.754534216 shared_exact=True fallback_exact=0
[289/1000] numerical=2.461238602 shared_exact=True fallback_exact=0
[290/1000] numerical=3.274329129 shared_exact=True fallback_exact=0
[291/1000] numerical=2.669609479 shared_exact=True fallback_exact=0
[292/1000] numerical=2.765776653 shared_exact=True fallback_exact=0
[293/1000] numerical=2.135836008 shared_exact=True fallback_exact=0
[294/1000] numerical=3.715064163 shared_exact=True fallback_exact=0
[295/1000] numerical=3.183944803 shared_exact=True fallback_exact=0
[296/1000] numerical=3.063162047 shared_exact=True fallback_exact=0
[297/1000] numerical=3.547815202 shared_exact=True fallback_exact=0
[298/1000] numerical=3.556980131 shared_exact=True fallback_exact=0
[299/1000] numerical=3.701616536 shared_exact=True fallback_exact=0
[300/1000] numerical=3.538782379 shared_exact=True fallback_exact=0
[301/1000] numerical=3.914916810 shared_exact=True fallback_exact=0
[302/1000] numerical=3.810499401 shared_exact=True fallback_exact=0
[303/1000] numerical=4.281112364 shared_exact=True fallback_exact=0
[304/1000] numerical=4.409523390 shared_exact=True fallback_exact=0
[305/1000] numerical=3.801785119 shared_exact=True fallback_exact=0
[306/1000] numerical=3.031152609 shared_exact=True fallback_exact=0
[307/1000] numerical=3.153371163 shared_exact=True fallback_exact=0
[308/1000] numerical=3.297941386 shared_exact=True fallback_exact=0
[309/1000] numerical=3.289909329 shared_exact=True fallback_exact=0
[310/1000] numerical=3.890269260 shared_exact=True fallback_exact=0
[311/1000] numerical=4.016732940 shared_exact=True fallback_exact=0
[312/1000] numerical=3.407389260 shared_exact=True fallback_exact=0
[313/1000] numerical=2.959148805 shared_exact=True fallback_exact=0
[314/1000] numerical=3.439939466 shared_exact=True fallback_exact=0
[315/1000] numerical=2.734860233 shared_exact=True fallback_exact=0
[316/1000] numerical=3.215343216 shared_exact=True fallback_exact=0
[317/1000] numerical=2.511351065 shared_exact=True fallback_exact=0
[318/1000] numerical=2.633591197 shared_exact=True fallback_exact=0
[319/1000] numerical=2.554777558 shared_exact=True fallback_exact=0
[320/1000] numerical=2.892192559 shared_exact=True fallback_exact=0
[321/1000] numerical=2.753124584 shared_exact=True fallback_exact=0
[322/1000] numerical=3.449094229 shared_exact=True fallback_exact=0
[323/1000] numerical=3.556202080 shared_exact=True fallback_exact=0
[324/1000] numerical=2.933441495 shared_exact=True fallback_exact=0
[325/1000] numerical=3.704282974 shared_exact=True fallback_exact=0
[326/1000] numerical=3.710998869 shared_exact=True fallback_exact=0
[327/1000] numerical=3.392995480 shared_exact=True fallback_exact=0
[328/1000] numerical=3.143309928 shared_exact=True fallback_exact=0
[329/1000] numerical=4.021724679 shared_exact=True fallback_exact=0
[330/1000] numerical=3.387233189 shared_exact=True fallback_exact=0
[331/1000] numerical=3.549805639 shared_exact=True fallback_exact=0
[332/1000] numerical=2.961696556 shared_exact=True fallback_exact=0
[333/1000] numerical=3.325983174 shared_exact=True fallback_exact=0
[334/1000] numerical=3.625084090 shared_exact=True fallback_exact=0
[335/1000] numerical=2.901097748 shared_exact=True fallback_exact=0
[336/1000] numerical=3.705093743 shared_exact=True fallback_exact=0
[337/1000] numerical=3.588377009 shared_exact=True fallback_exact=0
[338/1000] numerical=3.776650854 shared_exact=True fallback_exact=0
[339/1000] numerical=3.202905902 shared_exact=True fallback_exact=0
[340/1000] numerical=3.728208426 shared_exact=True fallback_exact=0
[341/1000] numerical=3.002299301 shared_exact=True fallback_exact=0
[342/1000] numerical=3.527708786 shared_exact=True fallback_exact=0
[343/1000] numerical=3.140586663 shared_exact=True fallback_exact=0
[344/1000] numerical=3.370892283 shared_exact=True fallback_exact=0
[345/1000] numerical=2.823004955 shared_exact=True fallback_exact=0
[346/1000] numerical=4.270573967 shared_exact=True fallback_exact=0
[347/1000] numerical=3.676433196 shared_exact=True fallback_exact=0
[348/1000] numerical=3.790587363 shared_exact=True fallback_exact=0
[349/1000] numerical=3.173501668 shared_exact=True fallback_exact=0
[350/1000] numerical=3.264336505 shared_exact=True fallback_exact=0
[351/1000] numerical=4.002787913 shared_exact=True fallback_exact=0
[352/1000] numerical=4.102520464 shared_exact=True fallback_exact=0
[353/1000] numerical=3.151901391 shared_exact=True fallback_exact=0
[354/1000] numerical=3.474827443 shared_exact=True fallback_exact=0
[355/1000] numerical=2.600213238 shared_exact=True fallback_exact=0
[356/1000] numerical=2.151625886 shared_exact=True fallback_exact=0
[357/1000] numerical=1.885420243 shared_exact=True fallback_exact=0
[358/1000] numerical=2.445472964 shared_exact=True fallback_exact=0
[359/1000] numerical=2.679828846 shared_exact=True fallback_exact=0
[360/1000] numerical=1.883149064 shared_exact=True fallback_exact=0
[361/1000] numerical=1.725569113 shared_exact=True fallback_exact=0
[362/1000] numerical=1.837593046 shared_exact=True fallback_exact=0
[363/1000] numerical=1.794317326 shared_exact=True fallback_exact=0
[364/1000] numerical=1.965223178 shared_exact=True fallback_exact=0
[365/1000] numerical=1.137298098 shared_exact=True fallback_exact=0
[366/1000] numerical=3.656555099 shared_exact=True fallback_exact=0
[367/1000] numerical=3.029547125 shared_exact=True fallback_exact=0
[368/1000] numerical=3.187045879 shared_exact=True fallback_exact=0
[369/1000] numerical=3.221270199 shared_exact=True fallback_exact=0
[370/1000] numerical=2.622961064 shared_exact=True fallback_exact=0
[371/1000] numerical=2.795497532 shared_exact=True fallback_exact=0
[372/1000] numerical=2.753302258 shared_exact=True fallback_exact=0
[373/1000] numerical=1.850141693 shared_exact=True fallback_exact=0
[374/1000] numerical=2.167033929 shared_exact=True fallback_exact=0
[375/1000] numerical=2.549041697 shared_exact=True fallback_exact=0
[376/1000] numerical=2.477766110 shared_exact=True fallback_exact=0
[377/1000] numerical=2.168631121 shared_exact=True fallback_exact=0
[378/1000] numerical=3.097016072 shared_exact=True fallback_exact=0
[379/1000] numerical=3.402951860 shared_exact=True fallback_exact=0
[380/1000] numerical=2.952320123 shared_exact=True fallback_exact=0
[381/1000] numerical=2.943774477 shared_exact=True fallback_exact=0
[382/1000] numerical=2.926813675 shared_exact=True fallback_exact=0
[383/1000] numerical=3.132277718 shared_exact=True fallback_exact=0
[384/1000] numerical=2.597297521 shared_exact=True fallback_exact=0
[385/1000] numerical=2.979975521 shared_exact=True fallback_exact=0
[386/1000] numerical=3.102860817 shared_exact=True fallback_exact=0
[387/1000] numerical=2.364189831 shared_exact=True fallback_exact=0
[388/1000] numerical=2.849969748 shared_exact=True fallback_exact=0
[389/1000] numerical=3.131578786 shared_exact=True fallback_exact=0
[390/1000] numerical=2.832272335 shared_exact=True fallback_exact=0
[391/1000] numerical=3.213958543 shared_exact=True fallback_exact=0
[392/1000] numerical=3.080178033 shared_exact=True fallback_exact=0
[393/1000] numerical=2.130816840 shared_exact=True fallback_exact=0
[394/1000] numerical=3.024227103 shared_exact=True fallback_exact=0
[395/1000] numerical=2.788653848 shared_exact=True fallback_exact=0
[396/1000] numerical=1.686764304 shared_exact=True fallback_exact=0
[397/1000] numerical=2.768341336 shared_exact=True fallback_exact=0
[398/1000] numerical=2.537682581 shared_exact=True fallback_exact=0
[399/1000] numerical=1.443684370 shared_exact=True fallback_exact=0
[400/1000] numerical=3.130686307 shared_exact=True fallback_exact=0
[401/1000] numerical=2.806968573 shared_exact=True fallback_exact=0
[402/1000] numerical=2.898774750 shared_exact=True fallback_exact=0
[403/1000] numerical=3.399861047 shared_exact=True fallback_exact=0
[404/1000] numerical=3.033832474 shared_exact=True fallback_exact=0
[405/1000] numerical=3.166993755 shared_exact=True fallback_exact=0
[406/1000] numerical=3.032094425 shared_exact=True fallback_exact=0
[407/1000] numerical=2.598855386 shared_exact=True fallback_exact=0
[408/1000] numerical=2.370611388 shared_exact=True fallback_exact=0
[409/1000] numerical=1.906377555 shared_exact=True fallback_exact=0
[410/1000] numerical=2.911259313 shared_exact=True fallback_exact=0
[411/1000] numerical=2.721147556 shared_exact=True fallback_exact=0
[412/1000] numerical=1.714980331 shared_exact=True fallback_exact=0
[413/1000] numerical=3.149714833 shared_exact=True fallback_exact=0
[414/1000] numerical=3.040658305 shared_exact=True fallback_exact=0
[415/1000] numerical=2.697708958 shared_exact=True fallback_exact=0
[416/1000] numerical=3.691541538 shared_exact=True fallback_exact=0
[417/1000] numerical=3.264275766 shared_exact=True fallback_exact=0
[418/1000] numerical=2.650836991 shared_exact=True fallback_exact=0
[419/1000] numerical=2.755529044 shared_exact=True fallback_exact=0
[420/1000] numerical=3.142299241 shared_exact=True fallback_exact=0
[421/1000] numerical=3.073025022 shared_exact=True fallback_exact=0
[422/1000] numerical=2.233104591 shared_exact=True fallback_exact=0
[423/1000] numerical=3.016884803 shared_exact=True fallback_exact=0
[424/1000] numerical=3.020915179 shared_exact=True fallback_exact=0
[425/1000] numerical=2.372803775 shared_exact=True fallback_exact=0
[426/1000] numerical=2.592980782 shared_exact=True fallback_exact=0
[427/1000] numerical=3.174477009 shared_exact=True fallback_exact=0
[428/1000] numerical=2.778092007 shared_exact=True fallback_exact=0
[429/1000] numerical=2.104417178 shared_exact=True fallback_exact=0
[430/1000] numerical=2.137764237 shared_exact=True fallback_exact=0
[431/1000] numerical=2.546397221 shared_exact=True fallback_exact=0
[432/1000] numerical=2.440209031 shared_exact=True fallback_exact=0
[433/1000] numerical=1.557888867 shared_exact=True fallback_exact=0
[434/1000] numerical=2.719088760 shared_exact=True fallback_exact=0
[435/1000] numerical=2.960820824 shared_exact=True fallback_exact=0
[436/1000] numerical=1.752602796 shared_exact=True fallback_exact=0
[437/1000] numerical=2.603370897 shared_exact=True fallback_exact=0
[438/1000] numerical=2.785307794 shared_exact=True fallback_exact=0
[439/1000] numerical=2.701204576 shared_exact=True fallback_exact=0
[440/1000] numerical=2.506664896 shared_exact=True fallback_exact=0
[441/1000] numerical=3.809116343 shared_exact=True fallback_exact=0
[442/1000] numerical=3.633971885 shared_exact=True fallback_exact=0
[443/1000] numerical=4.084417999 shared_exact=True fallback_exact=0
[444/1000] numerical=3.218181205 shared_exact=True fallback_exact=0
[445/1000] numerical=2.941022354 shared_exact=True fallback_exact=0
[446/1000] numerical=3.442632973 shared_exact=True fallback_exact=0
[447/1000] numerical=2.974684101 shared_exact=True fallback_exact=0
[448/1000] numerical=3.223480830 shared_exact=True fallback_exact=0
[449/1000] numerical=2.394286239 shared_exact=True fallback_exact=0
[450/1000] numerical=3.891081126 shared_exact=True fallback_exact=0
[451/1000] numerical=3.695999665 shared_exact=True fallback_exact=0
[452/1000] numerical=2.665625287 shared_exact=True fallback_exact=0
[453/1000] numerical=3.059099693 shared_exact=True fallback_exact=0
[454/1000] numerical=3.648440179 shared_exact=True fallback_exact=0
[455/1000] numerical=2.792825699 shared_exact=True fallback_exact=0
[456/1000] numerical=2.983604919 shared_exact=True fallback_exact=0
[457/1000] numerical=2.445493264 shared_exact=True fallback_exact=0
[458/1000] numerical=2.565747285 shared_exact=True fallback_exact=0
[459/1000] numerical=1.863670065 shared_exact=True fallback_exact=0
[460/1000] numerical=3.326937889 shared_exact=True fallback_exact=0
[461/1000] numerical=3.121563033 shared_exact=True fallback_exact=0
[462/1000] numerical=2.091035594 shared_exact=True fallback_exact=0
[463/1000] numerical=2.941118881 shared_exact=True fallback_exact=0
[464/1000] numerical=3.155266152 shared_exact=True fallback_exact=0
[465/1000] numerical=2.927857992 shared_exact=True fallback_exact=0
[466/1000] numerical=1.726073180 shared_exact=True fallback_exact=0
[467/1000] numerical=2.297344097 shared_exact=True fallback_exact=0
[468/1000] numerical=1.797166404 shared_exact=True fallback_exact=0
[469/1000] numerical=2.047518284 shared_exact=True fallback_exact=0
[470/1000] numerical=1.140052355 shared_exact=True fallback_exact=0
[471/1000] numerical=2.768382354 shared_exact=True fallback_exact=0
[472/1000] numerical=2.533518231 shared_exact=True fallback_exact=0
[473/1000] numerical=1.446840461 shared_exact=True fallback_exact=0
[474/1000] numerical=2.870744022 shared_exact=True fallback_exact=0
[475/1000] numerical=2.410532846 shared_exact=True fallback_exact=0
[476/1000] numerical=3.261243378 shared_exact=True fallback_exact=0
[477/1000] numerical=2.423153150 shared_exact=True fallback_exact=0
[478/1000] numerical=3.235017013 shared_exact=True fallback_exact=0
[479/1000] numerical=2.594055607 shared_exact=True fallback_exact=0
[480/1000] numerical=2.175265754 shared_exact=True fallback_exact=0
[481/1000] numerical=2.047571985 shared_exact=True fallback_exact=0
[482/1000] numerical=2.808624935 shared_exact=True fallback_exact=0
[483/1000] numerical=2.680402294 shared_exact=True fallback_exact=0
[484/1000] numerical=1.772452533 shared_exact=True fallback_exact=0
[485/1000] numerical=3.992698191 shared_exact=True fallback_exact=0
[486/1000] numerical=3.089353705 shared_exact=True fallback_exact=0
[487/1000] numerical=3.659705025 shared_exact=True fallback_exact=0
[488/1000] numerical=3.617150001 shared_exact=True fallback_exact=0
[489/1000] numerical=3.675096580 shared_exact=True fallback_exact=0
[490/1000] numerical=2.849627564 shared_exact=True fallback_exact=0
[491/1000] numerical=3.858447158 shared_exact=True fallback_exact=0
[492/1000] numerical=3.291191190 shared_exact=True fallback_exact=0
[493/1000] numerical=2.658359867 shared_exact=True fallback_exact=0
[494/1000] numerical=2.958045710 shared_exact=True fallback_exact=0
[495/1000] numerical=3.403273074 shared_exact=True fallback_exact=0
[496/1000] numerical=3.398627164 shared_exact=True fallback_exact=0
[497/1000] numerical=2.625212098 shared_exact=True fallback_exact=0
[498/1000] numerical=3.480630039 shared_exact=True fallback_exact=0
[499/1000] numerical=2.718397421 shared_exact=True fallback_exact=0
[500/1000] numerical=3.563493718 shared_exact=True fallback_exact=0
checkpoint=/workspace/positive-square-energy/experiments/rank7_order8_chunk_016000_017000.r7o8g.xz.fragments/fragment-016000-016500.r7o8g.xz rows=500
[501/1000] numerical=3.024085851 shared_exact=True fallback_exact=0
[502/1000] numerical=2.776093306 shared_exact=True fallback_exact=0
[503/1000] numerical=2.854620346 shared_exact=True fallback_exact=0
[504/1000] numerical=3.670015027 shared_exact=True fallback_exact=0
[505/1000] numerical=3.680375509 shared_exact=True fallback_exact=0
[506/1000] numerical=2.902326475 shared_exact=True fallback_exact=0
[507/1000] numerical=4.109806610 shared_exact=True fallback_exact=0
[508/1000] numerical=3.677268161 shared_exact=True fallback_exact=0
[509/1000] numerical=3.275007382 shared_exact=True fallback_exact=0
[510/1000] numerical=3.166272488 shared_exact=True fallback_exact=0
[511/1000] numerical=3.761274500 shared_exact=True fallback_exact=0
[512/1000] numerical=3.647559588 shared_exact=True fallback_exact=0
[513/1000] numerical=2.745058802 shared_exact=True fallback_exact=0
[514/1000] numerical=2.697663871 shared_exact=True fallback_exact=0
[515/1000] numerical=2.571037751 shared_exact=True fallback_exact=0
[516/1000] numerical=2.431496499 shared_exact=True fallback_exact=0
[517/1000] numerical=2.617931921 shared_exact=True fallback_exact=0
[518/1000] numerical=3.709226088 shared_exact=True fallback_exact=0
[519/1000] numerical=3.649191051 shared_exact=True fallback_exact=0
[520/1000] numerical=2.770384927 shared_exact=True fallback_exact=0
[521/1000] numerical=3.110349255 shared_exact=True fallback_exact=0
[522/1000] numerical=3.088354324 shared_exact=True fallback_exact=0
[523/1000] numerical=2.289527839 shared_exact=True fallback_exact=0
[524/1000] numerical=2.704558641 shared_exact=True fallback_exact=0
[525/1000] numerical=2.713465377 shared_exact=True fallback_exact=0
[526/1000] numerical=1.950726438 shared_exact=True fallback_exact=0
[527/1000] numerical=2.626577949 shared_exact=True fallback_exact=0
[528/1000] numerical=2.459769028 shared_exact=True fallback_exact=0
[529/1000] numerical=1.488832777 shared_exact=True fallback_exact=0
[530/1000] numerical=3.306956276 shared_exact=True fallback_exact=0
[531/1000] numerical=3.146365633 shared_exact=True fallback_exact=0
[532/1000] numerical=2.609037258 shared_exact=True fallback_exact=0
[533/1000] numerical=2.191574490 shared_exact=True fallback_exact=0
[534/1000] numerical=2.600213238 shared_exact=True fallback_exact=0
[535/1000] numerical=2.151625886 shared_exact=True fallback_exact=0
[536/1000] numerical=1.885420243 shared_exact=True fallback_exact=0
[537/1000] numerical=2.445472964 shared_exact=True fallback_exact=0
[538/1000] numerical=2.679828824 shared_exact=True fallback_exact=0
[539/1000] numerical=1.883149027 shared_exact=True fallback_exact=0
[540/1000] numerical=1.725569113 shared_exact=True fallback_exact=0
[541/1000] numerical=1.837723741 shared_exact=True fallback_exact=0
[542/1000] numerical=1.794317326 shared_exact=True fallback_exact=0
[543/1000] numerical=1.965223274 shared_exact=True fallback_exact=0
[544/1000] numerical=1.137298098 shared_exact=True fallback_exact=0
[545/1000] numerical=3.656555099 shared_exact=True fallback_exact=0
[546/1000] numerical=3.029543174 shared_exact=True fallback_exact=0
[547/1000] numerical=3.187045851 shared_exact=True fallback_exact=0
[548/1000] numerical=3.221270199 shared_exact=True fallback_exact=0
[549/1000] numerical=2.622961064 shared_exact=True fallback_exact=0
[550/1000] numerical=2.795497532 shared_exact=True fallback_exact=0
[551/1000] numerical=2.753302258 shared_exact=True fallback_exact=0
[552/1000] numerical=1.850141694 shared_exact=True fallback_exact=0
[553/1000] numerical=2.167033930 shared_exact=True fallback_exact=0
[554/1000] numerical=2.549041685 shared_exact=True fallback_exact=0
[555/1000] numerical=2.477747475 shared_exact=True fallback_exact=0
[556/1000] numerical=2.168808012 shared_exact=True fallback_exact=0
[557/1000] numerical=2.943774467 shared_exact=True fallback_exact=0
[558/1000] numerical=2.926813396 shared_exact=True fallback_exact=0
[559/1000] numerical=3.132277718 shared_exact=True fallback_exact=0
[560/1000] numerical=2.597297521 shared_exact=True fallback_exact=0
[561/1000] numerical=3.097015978 shared_exact=True fallback_exact=0
[562/1000] numerical=3.402951836 shared_exact=True fallback_exact=0
[563/1000] numerical=2.952306435 shared_exact=True fallback_exact=0
[564/1000] numerical=2.979975220 shared_exact=True fallback_exact=0
[565/1000] numerical=3.102860748 shared_exact=True fallback_exact=0
[566/1000] numerical=2.364189684 shared_exact=True fallback_exact=0
[567/1000] numerical=2.850048759 shared_exact=True fallback_exact=0
[568/1000] numerical=3.213959122 shared_exact=True fallback_exact=0
[569/1000] numerical=3.080120686 shared_exact=True fallback_exact=0
[570/1000] numerical=2.130816840 shared_exact=True fallback_exact=0
[571/1000] numerical=3.131578786 shared_exact=True fallback_exact=0
[572/1000] numerical=2.832272335 shared_exact=True fallback_exact=0
[573/1000] numerical=3.024292814 shared_exact=True fallback_exact=0
[574/1000] numerical=2.788614026 shared_exact=True fallback_exact=0
[575/1000] numerical=1.686764304 shared_exact=True fallback_exact=0
[576/1000] numerical=2.768387359 shared_exact=True fallback_exact=0
[577/1000] numerical=2.537701677 shared_exact=True fallback_exact=0
[578/1000] numerical=1.443684370 shared_exact=True fallback_exact=0
[579/1000] numerical=3.130686316 shared_exact=True fallback_exact=0
[580/1000] numerical=2.806969275 shared_exact=True fallback_exact=0
[581/1000] numerical=2.899502499 shared_exact=True fallback_exact=0
[582/1000] numerical=3.033832493 shared_exact=True fallback_exact=0
[583/1000] numerical=3.399861561 shared_exact=True fallback_exact=0
[584/1000] numerical=3.166993806 shared_exact=True fallback_exact=0
[585/1000] numerical=2.598855386 shared_exact=True fallback_exact=0
[586/1000] numerical=2.370611388 shared_exact=True fallback_exact=0
[587/1000] numerical=3.032094448 shared_exact=True fallback_exact=0
[588/1000] numerical=1.906377556 shared_exact=True fallback_exact=0
[589/1000] numerical=2.911259363 shared_exact=True fallback_exact=0
[590/1000] numerical=2.721147789 shared_exact=True fallback_exact=0
[591/1000] numerical=1.714980331 shared_exact=True fallback_exact=0
[592/1000] numerical=3.040658290 shared_exact=True fallback_exact=0
[593/1000] numerical=3.149714834 shared_exact=True fallback_exact=0
[594/1000] numerical=2.697708964 shared_exact=True fallback_exact=0
[595/1000] numerical=3.264275766 shared_exact=True fallback_exact=0
[596/1000] numerical=2.650836778 shared_exact=True fallback_exact=0
[597/1000] numerical=3.691541538 shared_exact=True fallback_exact=0
[598/1000] numerical=2.755529044 shared_exact=True fallback_exact=0
[599/1000] numerical=3.142299271 shared_exact=True fallback_exact=0
[600/1000] numerical=3.073059236 shared_exact=True fallback_exact=0
[601/1000] numerical=2.233104592 shared_exact=True fallback_exact=0
[602/1000] numerical=3.020915182 shared_exact=True fallback_exact=0
[603/1000] numerical=2.372803775 shared_exact=True fallback_exact=0
[604/1000] numerical=3.017141996 shared_exact=True fallback_exact=0
[605/1000] numerical=2.592980782 shared_exact=True fallback_exact=0
[606/1000] numerical=2.778092007 shared_exact=True fallback_exact=0
[607/1000] numerical=2.104417178 shared_exact=True fallback_exact=0
[608/1000] numerical=3.174477012 shared_exact=True fallback_exact=0
[609/1000] numerical=2.137764238 shared_exact=True fallback_exact=0
[610/1000] numerical=2.546397236 shared_exact=True fallback_exact=0
[611/1000] numerical=2.440209421 shared_exact=True fallback_exact=0
[612/1000] numerical=1.557888867 shared_exact=True fallback_exact=0
[613/1000] numerical=2.719088757 shared_exact=True fallback_exact=0
[614/1000] numerical=2.960820814 shared_exact=True fallback_exact=0
[615/1000] numerical=1.752602788 shared_exact=True fallback_exact=0
[616/1000] numerical=2.603370896 shared_exact=True fallback_exact=0
[617/1000] numerical=2.785307791 shared_exact=True fallback_exact=0
[618/1000] numerical=2.701212032 shared_exact=True fallback_exact=0
[619/1000] numerical=2.506136386 shared_exact=True fallback_exact=0
[620/1000] numerical=4.084417997 shared_exact=True fallback_exact=0
[621/1000] numerical=3.809123136 shared_exact=True fallback_exact=0
[622/1000] numerical=3.633971885 shared_exact=True fallback_exact=0
[623/1000] numerical=3.218184954 shared_exact=True fallback_exact=0
[624/1000] numerical=2.974684071 shared_exact=True fallback_exact=0
[625/1000] numerical=3.223480830 shared_exact=True fallback_exact=0
[626/1000] numerical=2.941022354 shared_exact=True fallback_exact=0
[627/1000] numerical=3.442632926 shared_exact=True fallback_exact=0
[628/1000] numerical=2.394254350 shared_exact=True fallback_exact=0
[629/1000] numerical=3.891080924 shared_exact=True fallback_exact=0
[630/1000] numerical=3.695999432 shared_exact=True fallback_exact=0
[631/1000] numerical=2.665625287 shared_exact=True fallback_exact=0
[632/1000] numerical=3.648440179 shared_exact=True fallback_exact=0
[633/1000] numerical=3.059085091 shared_exact=True fallback_exact=0
[634/1000] numerical=2.792826917 shared_exact=True fallback_exact=0
[635/1000] numerical=2.445493264 shared_exact=True fallback_exact=0
[636/1000] numerical=2.565747285 shared_exact=True fallback_exact=0
[637/1000] numerical=2.983605025 shared_exact=True fallback_exact=0
[638/1000] numerical=1.863670065 shared_exact=True fallback_exact=0
[639/1000] numerical=3.326952340 shared_exact=True fallback_exact=0
[640/1000] numerical=3.121459328 shared_exact=True fallback_exact=0
[641/1000] numerical=2.091035597 shared_exact=True fallback_exact=0
[642/1000] numerical=3.155266153 shared_exact=True fallback_exact=0
[643/1000] numerical=2.941117680 shared_exact=True fallback_exact=0
[644/1000] numerical=2.927848969 shared_exact=True fallback_exact=0
[645/1000] numerical=1.797166404 shared_exact=True fallback_exact=0
[646/1000] numerical=2.047518283 shared_exact=True fallback_exact=0
[647/1000] numerical=1.726073180 shared_exact=True fallback_exact=0
[648/1000] numerical=2.297344280 shared_exact=True fallback_exact=0
[649/1000] numerical=1.140052355 shared_exact=True fallback_exact=0
[650/1000] numerical=2.768597732 shared_exact=True fallback_exact=0
[651/1000] numerical=2.532812260 shared_exact=True fallback_exact=0
[652/1000] numerical=1.446840461 shared_exact=True fallback_exact=0
[653/1000] numerical=3.261243378 shared_exact=True fallback_exact=0
[654/1000] numerical=2.870872966 shared_exact=True fallback_exact=0
[655/1000] numerical=2.410532846 shared_exact=True fallback_exact=0
[656/1000] numerical=2.423153442 shared_exact=True fallback_exact=0
[657/1000] numerical=2.594054904 shared_exact=True fallback_exact=0
[658/1000] numerical=2.175265754 shared_exact=True fallback_exact=0
[659/1000] numerical=3.235017013 shared_exact=True fallback_exact=0
[660/1000] numerical=2.047571965 shared_exact=True fallback_exact=0
[661/1000] numerical=2.808625898 shared_exact=True fallback_exact=0
[662/1000] numerical=2.680402295 shared_exact=True fallback_exact=0
[663/1000] numerical=1.772452533 shared_exact=True fallback_exact=0
[664/1000] numerical=3.089353705 shared_exact=True fallback_exact=0
[665/1000] numerical=3.992698191 shared_exact=True fallback_exact=0
[666/1000] numerical=3.659705029 shared_exact=True fallback_exact=0
[667/1000] numerical=3.617150004 shared_exact=True fallback_exact=0
[668/1000] numerical=3.480630031 shared_exact=True fallback_exact=0
[669/1000] numerical=2.718397421 shared_exact=True fallback_exact=0
[670/1000] numerical=3.024085851 shared_exact=True fallback_exact=0
[671/1000] numerical=2.776093309 shared_exact=True fallback_exact=0
[672/1000] numerical=3.563493719 shared_exact=True fallback_exact=0
[673/1000] numerical=2.854620347 shared_exact=True fallback_exact=0
[674/1000] numerical=3.670016200 shared_exact=True fallback_exact=0
[675/1000] numerical=3.680375509 shared_exact=True fallback_exact=0
[676/1000] numerical=2.902326475 shared_exact=True fallback_exact=0
[677/1000] numerical=3.675096580 shared_exact=True fallback_exact=0
[678/1000] numerical=2.849627562 shared_exact=True fallback_exact=0
[679/1000] numerical=3.291191190 shared_exact=True fallback_exact=0
[680/1000] numerical=2.658359867 shared_exact=True fallback_exact=0
[681/1000] numerical=3.858447158 shared_exact=True fallback_exact=0
[682/1000] numerical=2.958045708 shared_exact=True fallback_exact=0
[683/1000] numerical=3.403273106 shared_exact=True fallback_exact=0
[684/1000] numerical=3.398627163 shared_exact=True fallback_exact=0
[685/1000] numerical=2.625212098 shared_exact=True fallback_exact=0
[686/1000] numerical=3.677268161 shared_exact=True fallback_exact=0
[687/1000] numerical=3.275007382 shared_exact=True fallback_exact=0
[688/1000] numerical=4.109806610 shared_exact=True fallback_exact=0
[689/1000] numerical=3.166272486 shared_exact=True fallback_exact=0
[690/1000] numerical=3.761274516 shared_exact=True fallback_exact=0
[691/1000] numerical=3.647559600 shared_exact=True fallback_exact=0
[692/1000] numerical=2.745058802 shared_exact=True fallback_exact=0
[693/1000] numerical=2.697663872 shared_exact=True fallback_exact=0
[694/1000] numerical=2.571037751 shared_exact=True fallback_exact=0
[695/1000] numerical=2.431496498 shared_exact=True fallback_exact=0
[696/1000] numerical=3.110349175 shared_exact=True fallback_exact=0
[697/1000] numerical=3.088320098 shared_exact=True fallback_exact=0
[698/1000] numerical=2.289527839 shared_exact=True fallback_exact=0
[699/1000] numerical=2.704558645 shared_exact=True fallback_exact=0
[700/1000] numerical=2.713465377 shared_exact=True fallback_exact=0
[701/1000] numerical=1.950726438 shared_exact=True fallback_exact=0
[702/1000] numerical=2.617931921 shared_exact=True fallback_exact=0
[703/1000] numerical=3.709226088 shared_exact=True fallback_exact=0
[704/1000] numerical=3.649191051 shared_exact=True fallback_exact=0
[705/1000] numerical=2.770384927 shared_exact=True fallback_exact=0
[706/1000] numerical=2.626577949 shared_exact=True fallback_exact=0
[707/1000] numerical=2.459769028 shared_exact=True fallback_exact=0
[708/1000] numerical=1.488832777 shared_exact=True fallback_exact=0
[709/1000] numerical=3.306956318 shared_exact=True fallback_exact=0
[710/1000] numerical=3.146365740 shared_exact=True fallback_exact=0
[711/1000] numerical=2.609037258 shared_exact=True fallback_exact=0
[712/1000] numerical=2.191574490 shared_exact=True fallback_exact=0
[713/1000] numerical=3.145441418 shared_exact=True fallback_exact=0
[714/1000] numerical=3.183913500 shared_exact=True fallback_exact=0
[715/1000] numerical=2.838665063 shared_exact=True fallback_exact=0
[716/1000] numerical=3.183913498 shared_exact=True fallback_exact=0
[717/1000] numerical=3.189087957 shared_exact=True fallback_exact=0
[718/1000] numerical=2.655793099 shared_exact=True fallback_exact=0
[719/1000] numerical=2.838656205 shared_exact=True fallback_exact=0
[720/1000] numerical=2.655793432 shared_exact=True fallback_exact=0
[721/1000] numerical=2.192846201 shared_exact=True fallback_exact=0
[722/1000] numerical=3.602978705 shared_exact=True fallback_exact=0
[723/1000] numerical=3.691206669 shared_exact=True fallback_exact=0
[724/1000] numerical=3.141210513 shared_exact=True fallback_exact=0
[725/1000] numerical=3.425098627 shared_exact=True fallback_exact=0
[726/1000] numerical=3.187153708 shared_exact=True fallback_exact=0
[727/1000] numerical=3.115174206 shared_exact=True fallback_exact=0
[728/1000] numerical=3.017639900 shared_exact=True fallback_exact=0
[729/1000] numerical=3.119897813 shared_exact=True fallback_exact=0
[730/1000] numerical=2.778885055 shared_exact=True fallback_exact=0
[731/1000] numerical=3.839813757 shared_exact=True fallback_exact=0
[732/1000] numerical=3.735314758 shared_exact=True fallback_exact=0
[733/1000] numerical=3.577908328 shared_exact=True fallback_exact=0
[734/1000] numerical=3.118231678 shared_exact=True fallback_exact=0
[735/1000] numerical=2.628676125 shared_exact=True fallback_exact=0
[736/1000] numerical=2.429989864 shared_exact=True fallback_exact=0
[737/1000] numerical=3.573819832 shared_exact=True fallback_exact=0
[738/1000] numerical=3.776266310 shared_exact=True fallback_exact=0
[739/1000] numerical=3.387399746 shared_exact=True fallback_exact=0
[740/1000] numerical=3.681374594 shared_exact=True fallback_exact=0
[741/1000] numerical=3.683541455 shared_exact=True fallback_exact=0
[742/1000] numerical=2.907480946 shared_exact=True fallback_exact=0
[743/1000] numerical=3.723138832 shared_exact=True fallback_exact=0
[744/1000] numerical=3.590412859 shared_exact=True fallback_exact=0
[745/1000] numerical=2.650805409 shared_exact=True fallback_exact=0
[746/1000] numerical=3.300155261 shared_exact=True fallback_exact=0
[747/1000] numerical=3.140890669 shared_exact=True fallback_exact=0
[748/1000] numerical=2.176629434 shared_exact=True fallback_exact=0
[749/1000] numerical=2.939077245 shared_exact=True fallback_exact=0
[750/1000] numerical=2.548443080 shared_exact=True fallback_exact=0
[751/1000] numerical=2.319638261 shared_exact=True fallback_exact=0
[752/1000] numerical=3.602978868 shared_exact=True fallback_exact=0
[753/1000] numerical=3.691206670 shared_exact=True fallback_exact=0
[754/1000] numerical=3.141211031 shared_exact=True fallback_exact=0
[755/1000] numerical=3.573819864 shared_exact=True fallback_exact=0
[756/1000] numerical=3.839813753 shared_exact=True fallback_exact=0
[757/1000] numerical=3.425098627 shared_exact=True fallback_exact=0
[758/1000] numerical=3.017641331 shared_exact=True fallback_exact=0
[759/1000] numerical=3.118231613 shared_exact=True fallback_exact=0
[760/1000] numerical=3.681372390 shared_exact=True fallback_exact=0
[761/1000] numerical=3.683542464 shared_exact=True fallback_exact=0
[762/1000] numerical=2.907596340 shared_exact=True fallback_exact=0
[763/1000] numerical=3.776421044 shared_exact=True fallback_exact=0
[764/1000] numerical=3.387403832 shared_exact=True fallback_exact=0
[765/1000] numerical=3.735343922 shared_exact=True fallback_exact=0
[766/1000] numerical=3.187153712 shared_exact=True fallback_exact=0
[767/1000] numerical=3.119897813 shared_exact=True fallback_exact=0
[768/1000] numerical=2.628677313 shared_exact=True fallback_exact=0
[769/1000] numerical=3.723137013 shared_exact=True fallback_exact=0
[770/1000] numerical=3.590412859 shared_exact=True fallback_exact=0
[771/1000] numerical=2.650805409 shared_exact=True fallback_exact=0
[772/1000] numerical=3.577908282 shared_exact=True fallback_exact=0
[773/1000] numerical=3.115174206 shared_exact=True fallback_exact=0
[774/1000] numerical=2.778885055 shared_exact=True fallback_exact=0
[775/1000] numerical=2.429989853 shared_exact=True fallback_exact=0
[776/1000] numerical=3.300154202 shared_exact=True fallback_exact=0
[777/1000] numerical=3.140890507 shared_exact=True fallback_exact=0
[778/1000] numerical=2.176629434 shared_exact=True fallback_exact=0
[779/1000] numerical=2.938684452 shared_exact=True fallback_exact=0
[780/1000] numerical=2.548443080 shared_exact=True fallback_exact=0
[781/1000] numerical=2.319637318 shared_exact=True fallback_exact=0
[782/1000] numerical=3.000000000 shared_exact=True fallback_exact=0
[783/1000] numerical=3.609424973 shared_exact=True fallback_exact=0
[784/1000] numerical=3.499812403 shared_exact=True fallback_exact=0
[785/1000] numerical=4.148695350 shared_exact=True fallback_exact=0
[786/1000] numerical=3.127396073 shared_exact=True fallback_exact=0
[787/1000] numerical=4.148694235 shared_exact=True fallback_exact=0
[788/1000] numerical=3.609424977 shared_exact=True fallback_exact=0
[789/1000] numerical=3.499812405 shared_exact=True fallback_exact=0
[790/1000] numerical=3.127396152 shared_exact=True fallback_exact=0
[791/1000] numerical=4.148951637 shared_exact=True fallback_exact=0
[792/1000] numerical=4.050993489 shared_exact=True fallback_exact=0
[793/1000] numerical=3.157421698 shared_exact=True fallback_exact=0
[794/1000] numerical=3.735426800 shared_exact=True fallback_exact=0
[795/1000] numerical=3.287975507 shared_exact=True fallback_exact=0
[796/1000] numerical=2.636640583 shared_exact=True fallback_exact=0
[797/1000] numerical=3.306181042 shared_exact=True fallback_exact=0
[798/1000] numerical=3.133546086 shared_exact=True fallback_exact=0
[799/1000] numerical=3.691422870 shared_exact=True fallback_exact=0
[800/1000] numerical=3.182168165 shared_exact=True fallback_exact=0
[801/1000] numerical=2.910671561 shared_exact=True fallback_exact=0
[802/1000] numerical=2.833831247 shared_exact=True fallback_exact=0
[803/1000] numerical=3.722923510 shared_exact=True fallback_exact=0
[804/1000] numerical=3.656292215 shared_exact=True fallback_exact=0
[805/1000] numerical=2.814235083 shared_exact=True fallback_exact=0
[806/1000] numerical=2.636640583 shared_exact=True fallback_exact=0
[807/1000] numerical=3.363077948 shared_exact=True fallback_exact=0
[808/1000] numerical=2.910671561 shared_exact=True fallback_exact=0
[809/1000] numerical=2.793694247 shared_exact=True fallback_exact=0
[810/1000] numerical=2.764393734 shared_exact=True fallback_exact=0
[811/1000] numerical=3.738206285 shared_exact=True fallback_exact=0
[812/1000] numerical=3.780618349 shared_exact=True fallback_exact=0
[813/1000] numerical=3.033044657 shared_exact=True fallback_exact=0
[814/1000] numerical=3.590264212 shared_exact=True fallback_exact=0
[815/1000] numerical=3.287975512 shared_exact=True fallback_exact=0
[816/1000] numerical=4.156111923 shared_exact=True fallback_exact=0
[817/1000] numerical=3.691422874 shared_exact=True fallback_exact=0
[818/1000] numerical=3.363078297 shared_exact=True fallback_exact=0
[819/1000] numerical=3.356981433 shared_exact=True fallback_exact=0
[820/1000] numerical=4.149155494 shared_exact=True fallback_exact=0
[821/1000] numerical=4.105089888 shared_exact=True fallback_exact=0
[822/1000] numerical=3.287417484 shared_exact=True fallback_exact=0
[823/1000] numerical=3.356981299 shared_exact=True fallback_exact=0
[824/1000] numerical=2.833831247 shared_exact=True fallback_exact=0
[825/1000] numerical=2.764393734 shared_exact=True fallback_exact=0
[826/1000] numerical=2.177720710 shared_exact=True fallback_exact=0
[827/1000] numerical=3.359996286 shared_exact=True fallback_exact=0
[828/1000] numerical=3.166149087 shared_exact=True fallback_exact=0
[829/1000] numerical=2.151618174 shared_exact=True fallback_exact=0
[830/1000] numerical=3.735426791 shared_exact=True fallback_exact=0
[831/1000] numerical=3.306188665 shared_exact=True fallback_exact=0
[832/1000] numerical=3.133545452 shared_exact=True fallback_exact=0
[833/1000] numerical=3.590264159 shared_exact=True fallback_exact=0
[834/1000] numerical=4.149157601 shared_exact=True fallback_exact=0
[835/1000] numerical=4.105089778 shared_exact=True fallback_exact=0
[836/1000] numerical=3.287417484 shared_exact=True fallback_exact=0
[837/1000] numerical=3.722930184 shared_exact=True fallback_exact=0
[838/1000] numerical=3.656292124 shared_exact=True fallback_exact=0
[839/1000] numerical=2.814235083 shared_exact=True fallback_exact=0
[840/1000] numerical=3.738206329 shared_exact=True fallback_exact=0
[841/1000] numerical=3.780618349 shared_exact=True fallback_exact=0
[842/1000] numerical=3.033044657 shared_exact=True fallback_exact=0
[843/1000] numerical=3.360000090 shared_exact=True fallback_exact=0
[844/1000] numerical=3.166148657 shared_exact=True fallback_exact=0
[845/1000] numerical=2.151618174 shared_exact=True fallback_exact=0
[846/1000] numerical=3.741792853 shared_exact=True fallback_exact=0
[847/1000] numerical=4.376840756 shared_exact=True fallback_exact=0
[848/1000] numerical=4.248162363 shared_exact=True fallback_exact=0
[849/1000] numerical=3.636511005 shared_exact=True fallback_exact=0
[850/1000] numerical=3.312188468 shared_exact=True fallback_exact=0
[851/1000] numerical=3.000000000 shared_exact=True fallback_exact=0
[852/1000] numerical=2.888146334 shared_exact=True fallback_exact=0
[853/1000] numerical=3.120587856 shared_exact=True fallback_exact=0
[854/1000] numerical=3.265580283 shared_exact=True fallback_exact=0
[855/1000] numerical=2.382294911 shared_exact=True fallback_exact=0
[856/1000] numerical=3.265580271 shared_exact=True fallback_exact=0
[857/1000] numerical=2.888146038 shared_exact=True fallback_exact=0
[858/1000] numerical=3.120587856 shared_exact=True fallback_exact=0
[859/1000] numerical=2.382264570 shared_exact=True fallback_exact=0
[860/1000] numerical=3.654859388 shared_exact=True fallback_exact=0
[861/1000] numerical=3.490572012 shared_exact=True fallback_exact=0
[862/1000] numerical=2.472174868 shared_exact=True fallback_exact=0
[863/1000] numerical=3.145441415 shared_exact=True fallback_exact=0
[864/1000] numerical=3.183913498 shared_exact=True fallback_exact=0
[865/1000] numerical=2.838652011 shared_exact=True fallback_exact=0
[866/1000] numerical=3.183913498 shared_exact=True fallback_exact=0
[867/1000] numerical=3.189087972 shared_exact=True fallback_exact=0
[868/1000] numerical=2.655805221 shared_exact=True fallback_exact=0
[869/1000] numerical=2.838651574 shared_exact=True fallback_exact=0
[870/1000] numerical=2.655792627 shared_exact=True fallback_exact=0
[871/1000] numerical=2.192846356 shared_exact=True fallback_exact=0
[872/1000] numerical=3.602978705 shared_exact=True fallback_exact=0
[873/1000] numerical=3.691206669 shared_exact=True fallback_exact=0
[874/1000] numerical=3.141210525 shared_exact=True fallback_exact=0
[875/1000] numerical=3.839813753 shared_exact=True fallback_exact=0
[876/1000] numerical=3.735205094 shared_exact=True fallback_exact=0
[877/1000] numerical=3.577908281 shared_exact=True fallback_exact=0
[878/1000] numerical=3.425098628 shared_exact=True fallback_exact=0
[879/1000] numerical=3.187153709 shared_exact=True fallback_exact=0
[880/1000] numerical=3.115174213 shared_exact=True fallback_exact=0
[881/1000] numerical=3.017639664 shared_exact=True fallback_exact=0
[882/1000] numerical=3.119897813 shared_exact=True fallback_exact=0
[883/1000] numerical=2.778885055 shared_exact=True fallback_exact=0
[884/1000] numerical=3.118231611 shared_exact=True fallback_exact=0
[885/1000] numerical=2.628676153 shared_exact=True fallback_exact=0
[886/1000] numerical=2.429990122 shared_exact=True fallback_exact=0
[887/1000] numerical=3.573819832 shared_exact=True fallback_exact=0
[888/1000] numerical=3.681372371 shared_exact=True fallback_exact=0
[889/1000] numerical=3.683540296 shared_exact=True fallback_exact=0
[890/1000] numerical=2.907488393 shared_exact=True fallback_exact=0
[891/1000] numerical=3.776136324 shared_exact=True fallback_exact=0
[892/1000] numerical=3.387403754 shared_exact=True fallback_exact=0
[893/1000] numerical=3.723136589 shared_exact=True fallback_exact=0
[894/1000] numerical=3.590412859 shared_exact=True fallback_exact=0
[895/1000] numerical=2.650805409 shared_exact=True fallback_exact=0
[896/1000] numerical=3.300154211 shared_exact=True fallback_exact=0
[897/1000] numerical=3.140890507 shared_exact=True fallback_exact=0
[898/1000] numerical=2.176629434 shared_exact=True fallback_exact=0
[899/1000] numerical=2.938685492 shared_exact=True fallback_exact=0
[900/1000] numerical=2.548443080 shared_exact=True fallback_exact=0
[901/1000] numerical=2.319637318 shared_exact=True fallback_exact=0
[902/1000] numerical=3.602978705 shared_exact=True fallback_exact=0
[903/1000] numerical=3.691206692 shared_exact=True fallback_exact=0
[904/1000] numerical=3.141210522 shared_exact=True fallback_exact=0
[905/1000] numerical=3.573819833 shared_exact=True fallback_exact=0
[906/1000] numerical=3.776531732 shared_exact=True fallback_exact=0
[907/1000] numerical=3.387482178 shared_exact=True fallback_exact=0
[908/1000] numerical=3.425098627 shared_exact=True fallback_exact=0
[909/1000] numerical=3.017647746 shared_exact=True fallback_exact=0
[910/1000] numerical=3.839813753 shared_exact=True fallback_exact=0
[911/1000] numerical=3.118231615 shared_exact=True fallback_exact=0
[912/1000] numerical=3.681372410 shared_exact=True fallback_exact=0
[913/1000] numerical=3.683551461 shared_exact=True fallback_exact=0
[914/1000] numerical=2.907562549 shared_exact=True fallback_exact=0
[915/1000] numerical=3.187153708 shared_exact=True fallback_exact=0
[916/1000] numerical=3.119897813 shared_exact=True fallback_exact=0
[917/1000] numerical=3.735216189 shared_exact=True fallback_exact=0
[918/1000] numerical=2.628676125 shared_exact=True fallback_exact=0
[919/1000] numerical=3.723137434 shared_exact=True fallback_exact=0
[920/1000] numerical=3.590412859 shared_exact=True fallback_exact=0
[921/1000] numerical=2.650805409 shared_exact=True fallback_exact=0
[922/1000] numerical=3.115174219 shared_exact=True fallback_exact=0
[923/1000] numerical=2.778885055 shared_exact=True fallback_exact=0
[924/1000] numerical=3.577908283 shared_exact=True fallback_exact=0
[925/1000] numerical=2.429990419 shared_exact=True fallback_exact=0
[926/1000] numerical=3.300154205 shared_exact=True fallback_exact=0
[927/1000] numerical=3.140894951 shared_exact=True fallback_exact=0
[928/1000] numerical=2.176629434 shared_exact=True fallback_exact=0
[929/1000] numerical=2.938979420 shared_exact=True fallback_exact=0
[930/1000] numerical=2.548443080 shared_exact=True fallback_exact=0
[931/1000] numerical=2.319637851 shared_exact=True fallback_exact=0
[932/1000] numerical=3.000000000 shared_exact=True fallback_exact=0
[933/1000] numerical=4.148716957 shared_exact=True fallback_exact=0
[934/1000] numerical=3.609425033 shared_exact=True fallback_exact=0
[935/1000] numerical=3.499812508 shared_exact=True fallback_exact=0
[936/1000] numerical=3.127396824 shared_exact=True fallback_exact=0
[937/1000] numerical=3.609424973 shared_exact=True fallback_exact=0
[938/1000] numerical=3.499812406 shared_exact=True fallback_exact=0
[939/1000] numerical=4.148684776 shared_exact=True fallback_exact=0
[940/1000] numerical=3.127396073 shared_exact=True fallback_exact=0
[941/1000] numerical=4.148951902 shared_exact=True fallback_exact=0
[942/1000] numerical=4.050993489 shared_exact=True fallback_exact=0
[943/1000] numerical=3.157421698 shared_exact=True fallback_exact=0
[944/1000] numerical=3.735426797 shared_exact=True fallback_exact=0
[945/1000] numerical=2.636640583 shared_exact=True fallback_exact=0
[946/1000] numerical=3.287975515 shared_exact=True fallback_exact=0
[947/1000] numerical=3.306180908 shared_exact=True fallback_exact=0
[948/1000] numerical=3.133545481 shared_exact=True fallback_exact=0
[949/1000] numerical=3.590264163 shared_exact=True fallback_exact=0
[950/1000] numerical=3.287975507 shared_exact=True fallback_exact=0
[951/1000] numerical=3.691422870 shared_exact=True fallback_exact=0
[952/1000] numerical=3.363077949 shared_exact=True fallback_exact=0
[953/1000] numerical=4.156111636 shared_exact=True fallback_exact=0
[954/1000] numerical=3.356981298 shared_exact=True fallback_exact=0
[955/1000] numerical=4.149152390 shared_exact=True fallback_exact=0
[956/1000] numerical=4.105089778 shared_exact=True fallback_exact=0
[957/1000] numerical=3.287417485 shared_exact=True fallback_exact=0
[958/1000] numerical=3.182178977 shared_exact=True fallback_exact=0
[959/1000] numerical=2.910671561 shared_exact=True fallback_exact=0
[960/1000] numerical=3.691422871 shared_exact=True fallback_exact=0
[961/1000] numerical=2.833831252 shared_exact=True fallback_exact=0
[962/1000] numerical=3.722922450 shared_exact=True fallback_exact=0
[963/1000] numerical=3.656292124 shared_exact=True fallback_exact=0
[964/1000] numerical=2.814235083 shared_exact=True fallback_exact=0
[965/1000] numerical=2.636640583 shared_exact=True fallback_exact=0
[966/1000] numerical=2.910671561 shared_exact=True fallback_exact=0
[967/1000] numerical=2.793694249 shared_exact=True fallback_exact=0
[968/1000] numerical=3.363077949 shared_exact=True fallback_exact=0
[969/1000] numerical=2.764393734 shared_exact=True fallback_exact=0
[970/1000] numerical=3.738206678 shared_exact=True fallback_exact=0
[971/1000] numerical=3.780618349 shared_exact=True fallback_exact=0
[972/1000] numerical=3.033044657 shared_exact=True fallback_exact=0
[973/1000] numerical=2.833831251 shared_exact=True fallback_exact=0
[974/1000] numerical=2.764393734 shared_exact=True fallback_exact=0
[975/1000] numerical=3.356981306 shared_exact=True fallback_exact=0
[976/1000] numerical=2.177720710 shared_exact=True fallback_exact=0
[977/1000] numerical=3.359995939 shared_exact=True fallback_exact=0
[978/1000] numerical=3.166148693 shared_exact=True fallback_exact=0
[979/1000] numerical=2.151618174 shared_exact=True fallback_exact=0
[980/1000] numerical=3.735426790 shared_exact=True fallback_exact=0
[981/1000] numerical=3.306184825 shared_exact=True fallback_exact=0
[982/1000] numerical=3.133545556 shared_exact=True fallback_exact=0
[983/1000] numerical=3.722934476 shared_exact=True fallback_exact=0
[984/1000] numerical=3.656292124 shared_exact=True fallback_exact=0
[985/1000] numerical=2.814235083 shared_exact=True fallback_exact=0
[986/1000] numerical=3.738206283 shared_exact=True fallback_exact=0
[987/1000] numerical=3.780618349 shared_exact=True fallback_exact=0
[988/1000] numerical=3.033044657 shared_exact=True fallback_exact=0
[989/1000] numerical=3.590264163 shared_exact=True fallback_exact=0
[990/1000] numerical=4.149168684 shared_exact=True fallback_exact=0
[991/1000] numerical=4.105089779 shared_exact=True fallback_exact=0
[992/1000] numerical=3.287417484 shared_exact=True fallback_exact=0
[993/1000] numerical=3.359999998 shared_exact=True fallback_exact=0
[994/1000] numerical=3.166148782 shared_exact=True fallback_exact=0
[995/1000] numerical=2.151618174 shared_exact=True fallback_exact=0
[996/1000] numerical=3.741792853 shared_exact=True fallback_exact=0
[997/1000] numerical=4.376840761 shared_exact=True fallback_exact=0
[998/1000] numerical=4.248162363 shared_exact=True fallback_exact=0
[999/1000] numerical=3.636511005 shared_exact=True fallback_exact=0
[1000/1000] numerical=3.312188468 shared_exact=True fallback_exact=0
checkpoint=/workspace/positive-square-energy/experiments/rank7_order8_chunk_016000_017000.r7o8g.xz.fragments/fragment-016500-017000.r7o8g.xz rows=500
attempts=1000 shared_exact=1000 templates=0 fallback_exact=0 structural=0 atoms=0 balanced=0 unresolved_targets=0
fragments=2 checkpoint_rows=500
raw_bytes=437010 xz_bytes=292504 elapsed_seconds=251.482169
sha256=a1d84b9c1b3fba1ffe03e79ade40799c6fa9621ce6d2a0ffb01de8f63d6a600b
full_theorem=false
[2026-08-15T00:35:36.164358+00:00] exit: 0
[2026-08-15T00:35:36.164540+00:00] exec: /opt/kortix/pyfloor/bin/python3 -u /workspace/positive-square-energy/experiments/rank7_order8_exact_rational.py --verify-pack /workspace/positive-square-energy/experiments/rank7_order8_chunk_016000_017000.r7o8g.xz --census-cache positive-square-energy/experiments/rank7_order8_rational_search_cache.r7o8c.xz
attempts=1000 shared_exact=1000 templates=0 fallback_exact=0 structural=0 atoms=0 balanced=0 exact_audit=true census_seconds=18.191836
full_theorem=false
[2026-08-15T00:36:18.362482+00:00] exit: 0
[2026-08-15T00:36:18.364171+00:00] shard=016000_017000 exact_audit=true sha256=a1d84b9c1b3fba1ffe03e79ade40799c6fa9621ce6d2a0ffb01de8f63d6a600b
