[2026-08-14T18:01:54.518936+00:00] shard=012000_013000 adopted_fragments=0
[2026-08-14T18:01:54.519003+00:00] exec: /opt/kortix/pyfloor/bin/python3 -u /workspace/positive-square-energy/experiments/rank7_order8_exact_rational.py --output /workspace/positive-square-energy/experiments/rank7_order8_chunk_012000_013000.r7o8g.xz --fragment-directory /workspace/positive-square-energy/experiments/rank7_order8_chunk_012000_013000.r7o8g.xz.fragments --census-cache positive-square-energy/experiments/rank7_order8_rational_search_cache.r7o8c.xz --start 12000 --count 1000 --checkpoint-rows 500 --progress
[1/1000] numerical=3.847590529 shared_exact=True fallback_exact=0
[2/1000] numerical=4.561552818 shared_exact=True fallback_exact=0
[3/1000] numerical=4.165160411 shared_exact=True fallback_exact=0
[4/1000] numerical=4.644163613 shared_exact=True fallback_exact=0
[5/1000] numerical=4.641156600 shared_exact=True fallback_exact=0
[6/1000] numerical=3.642142777 shared_exact=True fallback_exact=0
[7/1000] numerical=4.165158752 shared_exact=True fallback_exact=0
[8/1000] numerical=3.847150110 shared_exact=True fallback_exact=0
[9/1000] numerical=3.916702554 shared_exact=True fallback_exact=0
[10/1000] numerical=4.092108609 shared_exact=True fallback_exact=0
[11/1000] numerical=3.674417966 shared_exact=True fallback_exact=0
[12/1000] numerical=4.179456438 shared_exact=True fallback_exact=0
[13/1000] numerical=4.147306217 shared_exact=True fallback_exact=0
[14/1000] numerical=3.160048675 shared_exact=True fallback_exact=0
[15/1000] numerical=3.671308139 shared_exact=True fallback_exact=0
[16/1000] numerical=2.699852171 shared_exact=True fallback_exact=0
[17/1000] numerical=3.626978836 shared_exact=True fallback_exact=0
[18/1000] numerical=3.455809324 shared_exact=True fallback_exact=0
[19/1000] numerical=3.973925850 shared_exact=True fallback_exact=0
[20/1000] numerical=3.916707134 shared_exact=True fallback_exact=0
[21/1000] numerical=2.948407882 shared_exact=True fallback_exact=0
[22/1000] numerical=3.440704798 shared_exact=True fallback_exact=0
[23/1000] numerical=3.848167976 shared_exact=True fallback_exact=0
[24/1000] numerical=3.217816217 shared_exact=True fallback_exact=0
[25/1000] numerical=3.747762318 shared_exact=True fallback_exact=0
[26/1000] numerical=3.655161951 shared_exact=True fallback_exact=0
[27/1000] numerical=2.717191857 shared_exact=True fallback_exact=0
[28/1000] numerical=3.178232912 shared_exact=True fallback_exact=0
[29/1000] numerical=4.165158810 shared_exact=True fallback_exact=0
[30/1000] numerical=4.643986381 shared_exact=True fallback_exact=0
[31/1000] numerical=4.641156564 shared_exact=True fallback_exact=0
[32/1000] numerical=3.642142777 shared_exact=True fallback_exact=0
[33/1000] numerical=4.165158752 shared_exact=True fallback_exact=0
[34/1000] numerical=3.670060075 shared_exact=True fallback_exact=0
[35/1000] numerical=3.000000000 shared_exact=True fallback_exact=0
[36/1000] numerical=4.128367658 shared_exact=True fallback_exact=0
[37/1000] numerical=4.085555370 shared_exact=True fallback_exact=0
[38/1000] numerical=3.136426000 shared_exact=True fallback_exact=0
[39/1000] numerical=3.703144376 shared_exact=True fallback_exact=0
[40/1000] numerical=4.563156633 shared_exact=True fallback_exact=0
[41/1000] numerical=4.561552818 shared_exact=True fallback_exact=0
[42/1000] numerical=3.670076890 shared_exact=True fallback_exact=0
[43/1000] numerical=3.563475822 shared_exact=True fallback_exact=0
[44/1000] numerical=3.000000000 shared_exact=True fallback_exact=0
[45/1000] numerical=4.085623396 shared_exact=True fallback_exact=0
[46/1000] numerical=4.085555005 shared_exact=True fallback_exact=0
[47/1000] numerical=3.085761403 shared_exact=True fallback_exact=0
[48/1000] numerical=3.347716315 shared_exact=True fallback_exact=0
[49/1000] numerical=2.365827605 shared_exact=True fallback_exact=0
[50/1000] numerical=2.871715934 shared_exact=True fallback_exact=0
[51/1000] numerical=3.273361918 shared_exact=True fallback_exact=0
[52/1000] numerical=2.563488913 shared_exact=True fallback_exact=0
[53/1000] numerical=3.847150111 shared_exact=True fallback_exact=0
[54/1000] numerical=3.178183863 shared_exact=True fallback_exact=0
[55/1000] numerical=3.654933036 shared_exact=True fallback_exact=0
[56/1000] numerical=3.654181666 shared_exact=True fallback_exact=0
[57/1000] numerical=2.657717085 shared_exact=True fallback_exact=0
[58/1000] numerical=3.178183858 shared_exact=True fallback_exact=0
[59/1000] numerical=2.981120240 shared_exact=True fallback_exact=0
[60/1000] numerical=3.441206433 shared_exact=True fallback_exact=0
[61/1000] numerical=3.215183986 shared_exact=True fallback_exact=0
[62/1000] numerical=4.465620563 shared_exact=True fallback_exact=0
[63/1000] numerical=4.375633723 shared_exact=True fallback_exact=0
[64/1000] numerical=3.805121830 shared_exact=True fallback_exact=0
[65/1000] numerical=3.394629182 shared_exact=True fallback_exact=0
[66/1000] numerical=4.249300891 shared_exact=True fallback_exact=0
[67/1000] numerical=4.284851764 shared_exact=True fallback_exact=0
[68/1000] numerical=4.465594042 shared_exact=True fallback_exact=0
[69/1000] numerical=4.294078227 shared_exact=True fallback_exact=0
[70/1000] numerical=4.477513818 shared_exact=True fallback_exact=0
[71/1000] numerical=3.903006795 shared_exact=True fallback_exact=0
[72/1000] numerical=3.613035098 shared_exact=True fallback_exact=0
[73/1000] numerical=3.021912624 shared_exact=True fallback_exact=0
[74/1000] numerical=3.575026481 shared_exact=True fallback_exact=0
[75/1000] numerical=3.757325272 shared_exact=True fallback_exact=0
[76/1000] numerical=3.184597493 shared_exact=True fallback_exact=0
[77/1000] numerical=2.870329069 shared_exact=True fallback_exact=0
[78/1000] numerical=3.869414167 shared_exact=True fallback_exact=0
[79/1000] numerical=4.465916226 shared_exact=True fallback_exact=0
[80/1000] numerical=4.465685881 shared_exact=True fallback_exact=0
[81/1000] numerical=4.298710134 shared_exact=True fallback_exact=0
[82/1000] numerical=4.086659336 shared_exact=True fallback_exact=0
[83/1000] numerical=4.282357314 shared_exact=True fallback_exact=0
[84/1000] numerical=3.711871405 shared_exact=True fallback_exact=0
[85/1000] numerical=3.328095315 shared_exact=True fallback_exact=0
[86/1000] numerical=2.769029804 shared_exact=True fallback_exact=0
[87/1000] numerical=4.249302625 shared_exact=True fallback_exact=0
[88/1000] numerical=4.466022708 shared_exact=True fallback_exact=0
[89/1000] numerical=4.268829316 shared_exact=True fallback_exact=0
[90/1000] numerical=4.465593282 shared_exact=True fallback_exact=0
[91/1000] numerical=3.895082174 shared_exact=True fallback_exact=0
[92/1000] numerical=3.469585888 shared_exact=True fallback_exact=0
[93/1000] numerical=2.903252886 shared_exact=True fallback_exact=0
[94/1000] numerical=4.465629310 shared_exact=True fallback_exact=0
[95/1000] numerical=4.294095840 shared_exact=True fallback_exact=0
[96/1000] numerical=4.477388766 shared_exact=True fallback_exact=0
[97/1000] numerical=3.903248867 shared_exact=True fallback_exact=0
[98/1000] numerical=3.613035108 shared_exact=True fallback_exact=0
[99/1000] numerical=3.021912646 shared_exact=True fallback_exact=0
[100/1000] numerical=3.337233101 shared_exact=True fallback_exact=0
[101/1000] numerical=4.086152773 shared_exact=True fallback_exact=0
[102/1000] numerical=4.282342142 shared_exact=True fallback_exact=0
[103/1000] numerical=3.711917192 shared_exact=True fallback_exact=0
[104/1000] numerical=3.466825256 shared_exact=True fallback_exact=0
[105/1000] numerical=3.268588525 shared_exact=True fallback_exact=0
[106/1000] numerical=4.128751697 shared_exact=True fallback_exact=0
[107/1000] numerical=4.307595956 shared_exact=True fallback_exact=0
[108/1000] numerical=3.232811868 shared_exact=True fallback_exact=0
[109/1000] numerical=3.728258111 shared_exact=True fallback_exact=0
[110/1000] numerical=3.328095316 shared_exact=True fallback_exact=0
[111/1000] numerical=2.769029810 shared_exact=True fallback_exact=0
[112/1000] numerical=3.312032985 shared_exact=True fallback_exact=0
[113/1000] numerical=3.466738338 shared_exact=True fallback_exact=0
[114/1000] numerical=2.428565600 shared_exact=True fallback_exact=0
[115/1000] numerical=2.873172180 shared_exact=True fallback_exact=0
[116/1000] numerical=3.198786004 shared_exact=True fallback_exact=0
[117/1000] numerical=2.631250573 shared_exact=True fallback_exact=0
[118/1000] numerical=2.278765824 shared_exact=True fallback_exact=0
[119/1000] numerical=3.752462126 shared_exact=True fallback_exact=0
[120/1000] numerical=3.181945988 shared_exact=True fallback_exact=0
[121/1000] numerical=2.752870828 shared_exact=True fallback_exact=0
[122/1000] numerical=3.758372969 shared_exact=True fallback_exact=0
[123/1000] numerical=3.185439989 shared_exact=True fallback_exact=0
[124/1000] numerical=2.870329066 shared_exact=True fallback_exact=0
[125/1000] numerical=3.198785446 shared_exact=True fallback_exact=0
[126/1000] numerical=2.631250572 shared_exact=True fallback_exact=0
[127/1000] numerical=3.086856355 shared_exact=True fallback_exact=0
[128/1000] numerical=3.257021199 shared_exact=True fallback_exact=0
[129/1000] numerical=2.195277828 shared_exact=True fallback_exact=0
[130/1000] numerical=2.672926805 shared_exact=True fallback_exact=0
[131/1000] numerical=2.278765824 shared_exact=True fallback_exact=0
[132/1000] numerical=2.307741405 shared_exact=True fallback_exact=0
[133/1000] numerical=2.456096019 shared_exact=True fallback_exact=0
[134/1000] numerical=1.858508284 shared_exact=True fallback_exact=0
[135/1000] numerical=3.805122121 shared_exact=True fallback_exact=0
[136/1000] numerical=3.943136512 shared_exact=True fallback_exact=0
[137/1000] numerical=3.476979729 shared_exact=True fallback_exact=0
[138/1000] numerical=3.132297576 shared_exact=True fallback_exact=0
[139/1000] numerical=3.212490883 shared_exact=True fallback_exact=0
[140/1000] numerical=3.712055725 shared_exact=True fallback_exact=0
[141/1000] numerical=3.264410276 shared_exact=True fallback_exact=0
[142/1000] numerical=2.726220363 shared_exact=True fallback_exact=0
[143/1000] numerical=3.895082593 shared_exact=True fallback_exact=0
[144/1000] numerical=3.447653641 shared_exact=True fallback_exact=0
[145/1000] numerical=2.896508216 shared_exact=True fallback_exact=0
[146/1000] numerical=3.943396936 shared_exact=True fallback_exact=0
[147/1000] numerical=3.477123555 shared_exact=True fallback_exact=0
[148/1000] numerical=3.132297576 shared_exact=True fallback_exact=0
[149/1000] numerical=3.711965143 shared_exact=True fallback_exact=0
[150/1000] numerical=3.264402009 shared_exact=True fallback_exact=0
[151/1000] numerical=3.352110825 shared_exact=True fallback_exact=0
[152/1000] numerical=3.783431760 shared_exact=True fallback_exact=0
[153/1000] numerical=2.321428758 shared_exact=True fallback_exact=0
[154/1000] numerical=3.312556593 shared_exact=True fallback_exact=0
[155/1000] numerical=2.726220339 shared_exact=True fallback_exact=0
[156/1000] numerical=2.622384623 shared_exact=True fallback_exact=0
[157/1000] numerical=2.994803383 shared_exact=True fallback_exact=0
[158/1000] numerical=2.501634168 shared_exact=True fallback_exact=0
[159/1000] numerical=2.628899469 shared_exact=True fallback_exact=0
[160/1000] numerical=3.181961733 shared_exact=True fallback_exact=0
[161/1000] numerical=3.212584588 shared_exact=True fallback_exact=0
[162/1000] numerical=2.628899455 shared_exact=True fallback_exact=0
[163/1000] numerical=2.341282361 shared_exact=True fallback_exact=0
[164/1000] numerical=2.751132937 shared_exact=True fallback_exact=0
[165/1000] numerical=2.272699079 shared_exact=True fallback_exact=0
[166/1000] numerical=1.998376540 shared_exact=True fallback_exact=0
[167/1000] numerical=4.193328667 shared_exact=True fallback_exact=0
[168/1000] numerical=3.216610823 shared_exact=True fallback_exact=0
[169/1000] numerical=3.195897112 shared_exact=True fallback_exact=0
[170/1000] numerical=3.379747350 shared_exact=True fallback_exact=0
[171/1000] numerical=4.269047607 shared_exact=True fallback_exact=0
[172/1000] numerical=4.095978986 shared_exact=True fallback_exact=0
[173/1000] numerical=3.559861180 shared_exact=True fallback_exact=0
[174/1000] numerical=3.269217000 shared_exact=True fallback_exact=0
[175/1000] numerical=3.321827332 shared_exact=True fallback_exact=0
[176/1000] numerical=3.195898237 shared_exact=True fallback_exact=0
[177/1000] numerical=3.269217000 shared_exact=True fallback_exact=0
[178/1000] numerical=4.370383764 shared_exact=True fallback_exact=0
[179/1000] numerical=4.269558908 shared_exact=True fallback_exact=0
[180/1000] numerical=3.607269636 shared_exact=True fallback_exact=0
[181/1000] numerical=3.405722474 shared_exact=True fallback_exact=0
[182/1000] numerical=3.607275827 shared_exact=True fallback_exact=0
[183/1000] numerical=3.405778478 shared_exact=True fallback_exact=0
[184/1000] numerical=4.269047606 shared_exact=True fallback_exact=0
[185/1000] numerical=4.095979001 shared_exact=True fallback_exact=0
[186/1000] numerical=3.559861180 shared_exact=True fallback_exact=0
[187/1000] numerical=3.269217000 shared_exact=True fallback_exact=0
[188/1000] numerical=3.321827289 shared_exact=True fallback_exact=0
[189/1000] numerical=4.370364990 shared_exact=True fallback_exact=0
[190/1000] numerical=4.269534216 shared_exact=True fallback_exact=0
[191/1000] numerical=3.607269635 shared_exact=True fallback_exact=0
[192/1000] numerical=3.699169889 shared_exact=True fallback_exact=0
[193/1000] numerical=4.370342932 shared_exact=True fallback_exact=0
[194/1000] numerical=4.269277745 shared_exact=True fallback_exact=0
[195/1000] numerical=3.607269635 shared_exact=True fallback_exact=0
[196/1000] numerical=3.363299015 shared_exact=True fallback_exact=0
[197/1000] numerical=3.405722475 shared_exact=True fallback_exact=0
[198/1000] numerical=3.374535824 shared_exact=True fallback_exact=0
[199/1000] numerical=3.269378200 shared_exact=True fallback_exact=0
[200/1000] numerical=2.622486580 shared_exact=True fallback_exact=0
[201/1000] numerical=2.374074920 shared_exact=True fallback_exact=0
[202/1000] numerical=3.607270490 shared_exact=True fallback_exact=0
[203/1000] numerical=3.607269669 shared_exact=True fallback_exact=0
[204/1000] numerical=3.563966493 shared_exact=True fallback_exact=0
[205/1000] numerical=2.802284750 shared_exact=True fallback_exact=0
[206/1000] numerical=2.726433974 shared_exact=True fallback_exact=0
[207/1000] numerical=2.622486580 shared_exact=True fallback_exact=0
[208/1000] numerical=2.565765904 shared_exact=True fallback_exact=0
[209/1000] numerical=3.269217000 shared_exact=True fallback_exact=0
[210/1000] numerical=3.405728120 shared_exact=True fallback_exact=0
[211/1000] numerical=3.374535832 shared_exact=True fallback_exact=0
[212/1000] numerical=3.269379223 shared_exact=True fallback_exact=0
[213/1000] numerical=2.622486580 shared_exact=True fallback_exact=0
[214/1000] numerical=2.374074920 shared_exact=True fallback_exact=0
[215/1000] numerical=2.473853133 shared_exact=True fallback_exact=0
[216/1000] numerical=2.333388275 shared_exact=True fallback_exact=0
[217/1000] numerical=2.622486878 shared_exact=True fallback_exact=0
[218/1000] numerical=2.565766398 shared_exact=True fallback_exact=0
[219/1000] numerical=4.662190788 shared_exact=True fallback_exact=0
[220/1000] numerical=4.564513800 shared_exact=True fallback_exact=0
[221/1000] numerical=4.662190786 shared_exact=True fallback_exact=0
[222/1000] numerical=4.312747582 shared_exact=True fallback_exact=0
[223/1000] numerical=4.662898776 shared_exact=True fallback_exact=0
[224/1000] numerical=4.159048540 shared_exact=True fallback_exact=0
[225/1000] numerical=3.755150192 shared_exact=True fallback_exact=0
[226/1000] numerical=3.228459766 shared_exact=True fallback_exact=0
[227/1000] numerical=3.884013881 shared_exact=True fallback_exact=0
[228/1000] numerical=3.360286941 shared_exact=True fallback_exact=0
[229/1000] numerical=2.966282940 shared_exact=True fallback_exact=0
[230/1000] numerical=3.755153122 shared_exact=True fallback_exact=0
[231/1000] numerical=3.228459770 shared_exact=True fallback_exact=0
[232/1000] numerical=2.979908719 shared_exact=True fallback_exact=0
[233/1000] numerical=2.966286713 shared_exact=True fallback_exact=0
[234/1000] numerical=4.662190786 shared_exact=True fallback_exact=0
[235/1000] numerical=4.564626228 shared_exact=True fallback_exact=0
[236/1000] numerical=4.131933437 shared_exact=True fallback_exact=0
[237/1000] numerical=4.563280394 shared_exact=True fallback_exact=0
[238/1000] numerical=4.085740119 shared_exact=True fallback_exact=0
[239/1000] numerical=3.564098999 shared_exact=True fallback_exact=0
[240/1000] numerical=3.085829603 shared_exact=True fallback_exact=0
[241/1000] numerical=3.631603134 shared_exact=True fallback_exact=0
[242/1000] numerical=3.186597425 shared_exact=True fallback_exact=0
[243/1000] numerical=2.634384261 shared_exact=True fallback_exact=0
[244/1000] numerical=3.564099071 shared_exact=True fallback_exact=0
[245/1000] numerical=3.085829604 shared_exact=True fallback_exact=0
[246/1000] numerical=2.609041349 shared_exact=True fallback_exact=0
[247/1000] numerical=2.634384436 shared_exact=True fallback_exact=0
[248/1000] numerical=3.564274902 shared_exact=True fallback_exact=0
[249/1000] numerical=4.662190794 shared_exact=True fallback_exact=0
[250/1000] numerical=4.312640820 shared_exact=True fallback_exact=0
[251/1000] numerical=4.662897975 shared_exact=True fallback_exact=0
[252/1000] numerical=4.159046095 shared_exact=True fallback_exact=0
[253/1000] numerical=3.755150192 shared_exact=True fallback_exact=0
[254/1000] numerical=3.228459766 shared_exact=True fallback_exact=0
[255/1000] numerical=3.884056034 shared_exact=True fallback_exact=0
[256/1000] numerical=3.360283945 shared_exact=True fallback_exact=0
[257/1000] numerical=2.966282940 shared_exact=True fallback_exact=0
[258/1000] numerical=3.962108907 shared_exact=True fallback_exact=0
[259/1000] numerical=3.564274901 shared_exact=True fallback_exact=0
[260/1000] numerical=4.131900051 shared_exact=True fallback_exact=0
[261/1000] numerical=4.563280393 shared_exact=True fallback_exact=0
[262/1000] numerical=4.085740119 shared_exact=True fallback_exact=0
[263/1000] numerical=3.683035741 shared_exact=True fallback_exact=0
[264/1000] numerical=3.150198064 shared_exact=True fallback_exact=0
[265/1000] numerical=4.160293731 shared_exact=True fallback_exact=0
[266/1000] numerical=4.565037442 shared_exact=True fallback_exact=0
[267/1000] numerical=3.145103311 shared_exact=True fallback_exact=0
[268/1000] numerical=4.085868980 shared_exact=True fallback_exact=0
[269/1000] numerical=3.564098999 shared_exact=True fallback_exact=0
[270/1000] numerical=3.085829603 shared_exact=True fallback_exact=0
[271/1000] numerical=3.327193557 shared_exact=True fallback_exact=0
[272/1000] numerical=3.669989812 shared_exact=True fallback_exact=0
[273/1000] numerical=2.341197041 shared_exact=True fallback_exact=0
[274/1000] numerical=3.166056165 shared_exact=True fallback_exact=0
[275/1000] numerical=3.631603134 shared_exact=True fallback_exact=0
[276/1000] numerical=3.186597425 shared_exact=True fallback_exact=0
[277/1000] numerical=3.145772087 shared_exact=True fallback_exact=0
[278/1000] numerical=3.636362832 shared_exact=True fallback_exact=0
[279/1000] numerical=2.090615102 shared_exact=True fallback_exact=0
[280/1000] numerical=3.187175234 shared_exact=True fallback_exact=0
[281/1000] numerical=2.634384261 shared_exact=True fallback_exact=0
[282/1000] numerical=2.341197794 shared_exact=True fallback_exact=0
[283/1000] numerical=2.757166403 shared_exact=True fallback_exact=0
[284/1000] numerical=2.281240138 shared_exact=True fallback_exact=0
[285/1000] numerical=3.755151628 shared_exact=True fallback_exact=0
[286/1000] numerical=3.228459767 shared_exact=True fallback_exact=0
[287/1000] numerical=2.979908719 shared_exact=True fallback_exact=0
[288/1000] numerical=2.966286967 shared_exact=True fallback_exact=0
[289/1000] numerical=3.564099000 shared_exact=True fallback_exact=0
[290/1000] numerical=3.085829603 shared_exact=True fallback_exact=0
[291/1000] numerical=3.327249921 shared_exact=True fallback_exact=0
[292/1000] numerical=3.669990215 shared_exact=True fallback_exact=0
[293/1000] numerical=2.341197041 shared_exact=True fallback_exact=0
[294/1000] numerical=3.166056170 shared_exact=True fallback_exact=0
[295/1000] numerical=2.609041349 shared_exact=True fallback_exact=0
[296/1000] numerical=2.606768148 shared_exact=True fallback_exact=0
[297/1000] numerical=2.904790145 shared_exact=True fallback_exact=0
[298/1000] numerical=2.381424490 shared_exact=True fallback_exact=0
[299/1000] numerical=2.634384264 shared_exact=True fallback_exact=0
[300/1000] numerical=2.341644765 shared_exact=True fallback_exact=0
[301/1000] numerical=2.757167072 shared_exact=True fallback_exact=0
[302/1000] numerical=2.281240142 shared_exact=True fallback_exact=0
[303/1000] numerical=2.004375002 shared_exact=True fallback_exact=0
[304/1000] numerical=3.895564843 shared_exact=True fallback_exact=0
[305/1000] numerical=4.355149673 shared_exact=True fallback_exact=0
[306/1000] numerical=4.123771048 shared_exact=True fallback_exact=0
[307/1000] numerical=3.711805077 shared_exact=True fallback_exact=0
[308/1000] numerical=2.895564843 shared_exact=True fallback_exact=0
[309/1000] numerical=3.355151235 shared_exact=True fallback_exact=0
[310/1000] numerical=2.895564847 shared_exact=True fallback_exact=0
[311/1000] numerical=3.355152087 shared_exact=True fallback_exact=0
[312/1000] numerical=2.895565586 shared_exact=True fallback_exact=0
[313/1000] numerical=3.355158639 shared_exact=True fallback_exact=0
[314/1000] numerical=4.196787033 shared_exact=True fallback_exact=0
[315/1000] numerical=5.196785960 shared_exact=True fallback_exact=0
[316/1000] numerical=4.626274743 shared_exact=True fallback_exact=0
[317/1000] numerical=4.196984890 shared_exact=True fallback_exact=0
[318/1000] numerical=4.197857010 shared_exact=True fallback_exact=0
[319/1000] numerical=5.196786074 shared_exact=True fallback_exact=0
[320/1000] numerical=4.626275957 shared_exact=True fallback_exact=0
[321/1000] numerical=5.000000185 shared_exact=True fallback_exact=0
[322/1000] numerical=5.196785950 shared_exact=True fallback_exact=0
[323/1000] numerical=4.092628852 shared_exact=True fallback_exact=0
[324/1000] numerical=4.626274743 shared_exact=True fallback_exact=0
[325/1000] numerical=4.196830539 shared_exact=True fallback_exact=0
[326/1000] numerical=4.000000031 shared_exact=True fallback_exact=0
[327/1000] numerical=4.196785955 shared_exact=True fallback_exact=0
[328/1000] numerical=3.626274751 shared_exact=True fallback_exact=0
[329/1000] numerical=4.197073611 shared_exact=True fallback_exact=0
[330/1000] numerical=4.000052557 shared_exact=True fallback_exact=0
[331/1000] numerical=4.196787398 shared_exact=True fallback_exact=0
[332/1000] numerical=3.626277536 shared_exact=True fallback_exact=0
[333/1000] numerical=3.198187985 shared_exact=True fallback_exact=0
[334/1000] numerical=5.196788606 shared_exact=True fallback_exact=0
[335/1000] numerical=4.626274743 shared_exact=True fallback_exact=0
[336/1000] numerical=5.000007456 shared_exact=True fallback_exact=0
[337/1000] numerical=5.196785953 shared_exact=True fallback_exact=0
[338/1000] numerical=4.092628852 shared_exact=True fallback_exact=0
[339/1000] numerical=4.626274743 shared_exact=True fallback_exact=0
[340/1000] numerical=4.197067658 shared_exact=True fallback_exact=0
[341/1000] numerical=4.000004294 shared_exact=True fallback_exact=0
[342/1000] numerical=4.196786948 shared_exact=True fallback_exact=0
[343/1000] numerical=3.626274755 shared_exact=True fallback_exact=0
[344/1000] numerical=4.197536560 shared_exact=True fallback_exact=0
[345/1000] numerical=4.000373695 shared_exact=True fallback_exact=0
[346/1000] numerical=4.196788452 shared_exact=True fallback_exact=0
[347/1000] numerical=3.626274849 shared_exact=True fallback_exact=0
[348/1000] numerical=3.198188010 shared_exact=True fallback_exact=0
[349/1000] numerical=4.196786064 shared_exact=True fallback_exact=0
[350/1000] numerical=4.196785981 shared_exact=True fallback_exact=0
[351/1000] numerical=5.000000464 shared_exact=True fallback_exact=0
[352/1000] numerical=5.196785950 shared_exact=True fallback_exact=0
[353/1000] numerical=4.092628852 shared_exact=True fallback_exact=0
[354/1000] numerical=4.626274743 shared_exact=True fallback_exact=0
[355/1000] numerical=4.355149674 shared_exact=True fallback_exact=0
[356/1000] numerical=4.123771048 shared_exact=True fallback_exact=0
[357/1000] numerical=5.000002330 shared_exact=True fallback_exact=0
[358/1000] numerical=5.196785950 shared_exact=True fallback_exact=0
[359/1000] numerical=4.092628852 shared_exact=True fallback_exact=0
[360/1000] numerical=4.626274743 shared_exact=True fallback_exact=0
[361/1000] numerical=4.000001267 shared_exact=True fallback_exact=0
[362/1000] numerical=4.196786039 shared_exact=True fallback_exact=0
[363/1000] numerical=3.626275353 shared_exact=True fallback_exact=0
[364/1000] numerical=3.355200500 shared_exact=True fallback_exact=0
[365/1000] numerical=4.000263467 shared_exact=True fallback_exact=0
[366/1000] numerical=4.196906572 shared_exact=True fallback_exact=0
[367/1000] numerical=3.093125486 shared_exact=True fallback_exact=0
[368/1000] numerical=3.626274767 shared_exact=True fallback_exact=0
[369/1000] numerical=4.000032367 shared_exact=True fallback_exact=0
[370/1000] numerical=4.196786394 shared_exact=True fallback_exact=0
[371/1000] numerical=3.626274794 shared_exact=True fallback_exact=0
[372/1000] numerical=3.355215576 shared_exact=True fallback_exact=0
[373/1000] numerical=4.000658142 shared_exact=True fallback_exact=0
[374/1000] numerical=4.197111426 shared_exact=True fallback_exact=0
[375/1000] numerical=3.093282917 shared_exact=True fallback_exact=0
[376/1000] numerical=3.626296427 shared_exact=True fallback_exact=0
[377/1000] numerical=3.198187987 shared_exact=True fallback_exact=0
[378/1000] numerical=3.055488269 shared_exact=True fallback_exact=0
[379/1000] numerical=3.235039948 shared_exact=True fallback_exact=0
[380/1000] numerical=2.655929650 shared_exact=True fallback_exact=0
[381/1000] numerical=4.197442987 shared_exact=True fallback_exact=0
[382/1000] numerical=4.197554125 shared_exact=True fallback_exact=0
[383/1000] numerical=4.000057766 shared_exact=True fallback_exact=0
[384/1000] numerical=4.196786811 shared_exact=True fallback_exact=0
[385/1000] numerical=3.626275706 shared_exact=True fallback_exact=0
[386/1000] numerical=3.198187985 shared_exact=True fallback_exact=0
[387/1000] numerical=3.198189824 shared_exact=True fallback_exact=0
[388/1000] numerical=4.198922661 shared_exact=True fallback_exact=0
[389/1000] numerical=4.000001441 shared_exact=True fallback_exact=0
[390/1000] numerical=4.196807440 shared_exact=True fallback_exact=0
[391/1000] numerical=3.626281906 shared_exact=True fallback_exact=0
[392/1000] numerical=3.198187986 shared_exact=True fallback_exact=0
[393/1000] numerical=3.198188544 shared_exact=True fallback_exact=0
[394/1000] numerical=4.000000079 shared_exact=True fallback_exact=0
[395/1000] numerical=4.196791283 shared_exact=True fallback_exact=0
[396/1000] numerical=3.626279795 shared_exact=True fallback_exact=0
[397/1000] numerical=3.355486867 shared_exact=True fallback_exact=0
[398/1000] numerical=4.000336900 shared_exact=True fallback_exact=0
[399/1000] numerical=4.197997229 shared_exact=True fallback_exact=0
[400/1000] numerical=3.093162424 shared_exact=True fallback_exact=0
[401/1000] numerical=3.626778046 shared_exact=True fallback_exact=0
[402/1000] numerical=3.198187985 shared_exact=True fallback_exact=0
[403/1000] numerical=3.055482534 shared_exact=True fallback_exact=0
[404/1000] numerical=3.235035162 shared_exact=True fallback_exact=0
[405/1000] numerical=2.655931769 shared_exact=True fallback_exact=0
[406/1000] numerical=3.198188816 shared_exact=True fallback_exact=0
[407/1000] numerical=3.055554064 shared_exact=True fallback_exact=0
[408/1000] numerical=3.235335572 shared_exact=True fallback_exact=0
[409/1000] numerical=4.626274743 shared_exact=True fallback_exact=0
[410/1000] numerical=4.626274743 shared_exact=True fallback_exact=0
[411/1000] numerical=4.092628852 shared_exact=True fallback_exact=0
[412/1000] numerical=4.626274743 shared_exact=True fallback_exact=0
[413/1000] numerical=4.178846623 shared_exact=True fallback_exact=0
[414/1000] numerical=3.626274878 shared_exact=True fallback_exact=0
[415/1000] numerical=3.626275063 shared_exact=True fallback_exact=0
[416/1000] numerical=4.626274743 shared_exact=True fallback_exact=0
[417/1000] numerical=4.092628852 shared_exact=True fallback_exact=0
[418/1000] numerical=4.626274743 shared_exact=True fallback_exact=0
[419/1000] numerical=4.178846623 shared_exact=True fallback_exact=0
[420/1000] numerical=3.626275895 shared_exact=True fallback_exact=0
[421/1000] numerical=3.626279600 shared_exact=True fallback_exact=0
[422/1000] numerical=4.092628852 shared_exact=True fallback_exact=0
[423/1000] numerical=4.626274743 shared_exact=True fallback_exact=0
[424/1000] numerical=4.178846623 shared_exact=True fallback_exact=0
[425/1000] numerical=3.711805084 shared_exact=True fallback_exact=0
[426/1000] numerical=4.092632420 shared_exact=True fallback_exact=0
[427/1000] numerical=4.626274757 shared_exact=True fallback_exact=0
[428/1000] numerical=3.000068025 shared_exact=True fallback_exact=0
[429/1000] numerical=4.178846625 shared_exact=True fallback_exact=0
[430/1000] numerical=3.626275187 shared_exact=True fallback_exact=0
[431/1000] numerical=3.125434459 shared_exact=True fallback_exact=0
[432/1000] numerical=3.629114609 shared_exact=True fallback_exact=0
[433/1000] numerical=3.179374439 shared_exact=True fallback_exact=0
[434/1000] numerical=3.626275033 shared_exact=True fallback_exact=0
[435/1000] numerical=3.127325355 shared_exact=True fallback_exact=0
[436/1000] numerical=3.629895628 shared_exact=True fallback_exact=0
[437/1000] numerical=3.179432201 shared_exact=True fallback_exact=0
[438/1000] numerical=2.706061907 shared_exact=True fallback_exact=0
[439/1000] numerical=3.626275117 shared_exact=True fallback_exact=0
[440/1000] numerical=3.626275049 shared_exact=True fallback_exact=0
[441/1000] numerical=3.626275415 shared_exact=True fallback_exact=0
[442/1000] numerical=3.127209737 shared_exact=True fallback_exact=0
[443/1000] numerical=3.632366680 shared_exact=True fallback_exact=0
[444/1000] numerical=3.179993402 shared_exact=True fallback_exact=0
[445/1000] numerical=2.706061877 shared_exact=True fallback_exact=0
[446/1000] numerical=2.706311048 shared_exact=True fallback_exact=0
[447/1000] numerical=4.370342955 shared_exact=True fallback_exact=0
[448/1000] numerical=3.607370025 shared_exact=True fallback_exact=0
[449/1000] numerical=3.389766922 shared_exact=True fallback_exact=0
[450/1000] numerical=4.269277724 shared_exact=True fallback_exact=0
[451/1000] numerical=3.607269643 shared_exact=True fallback_exact=0
[452/1000] numerical=4.662192037 shared_exact=True fallback_exact=0
[453/1000] numerical=4.138201774 shared_exact=True fallback_exact=0
[454/1000] numerical=4.563301110 shared_exact=True fallback_exact=0
[455/1000] numerical=4.662517105 shared_exact=True fallback_exact=0
[456/1000] numerical=4.563870693 shared_exact=True fallback_exact=0
[457/1000] numerical=3.647732026 shared_exact=True fallback_exact=0
[458/1000] numerical=3.630706708 shared_exact=True fallback_exact=0
[459/1000] numerical=2.763986199 shared_exact=True fallback_exact=0
[460/1000] numerical=4.085806820 shared_exact=True fallback_exact=0
[461/1000] numerical=3.196719173 shared_exact=True fallback_exact=0
[462/1000] numerical=3.143063740 shared_exact=True fallback_exact=0
[463/1000] numerical=3.389766927 shared_exact=True fallback_exact=0
[464/1000] numerical=3.630706906 shared_exact=True fallback_exact=0
[465/1000] numerical=2.763986262 shared_exact=True fallback_exact=0
[466/1000] numerical=2.795734879 shared_exact=True fallback_exact=0
[467/1000] numerical=3.143063769 shared_exact=True fallback_exact=0
[468/1000] numerical=3.643878922 shared_exact=True fallback_exact=0
[469/1000] numerical=4.269047673 shared_exact=True fallback_exact=0
[470/1000] numerical=3.321830668 shared_exact=True fallback_exact=0
[471/1000] numerical=3.269071527 shared_exact=True fallback_exact=0
[472/1000] numerical=4.193328691 shared_exact=True fallback_exact=0
[473/1000] numerical=4.095979339 shared_exact=True fallback_exact=0
[474/1000] numerical=3.379747519 shared_exact=True fallback_exact=0
[475/1000] numerical=3.202579256 shared_exact=True fallback_exact=0
[476/1000] numerical=3.559861182 shared_exact=True fallback_exact=0
[477/1000] numerical=3.216609863 shared_exact=True fallback_exact=0
[478/1000] numerical=3.699169890 shared_exact=True fallback_exact=0
[479/1000] numerical=4.370342931 shared_exact=True fallback_exact=0
[480/1000] numerical=3.607375619 shared_exact=True fallback_exact=0
[481/1000] numerical=4.269432999 shared_exact=True fallback_exact=0
[482/1000] numerical=4.370343365 shared_exact=True fallback_exact=0
[483/1000] numerical=3.336633367 shared_exact=True fallback_exact=0
[484/1000] numerical=3.607269635 shared_exact=True fallback_exact=0
[485/1000] numerical=3.389766922 shared_exact=True fallback_exact=0
[486/1000] numerical=3.342618397 shared_exact=True fallback_exact=0
[487/1000] numerical=3.383901008 shared_exact=True fallback_exact=0
[488/1000] numerical=2.607269651 shared_exact=True fallback_exact=0
[489/1000] numerical=4.269277719 shared_exact=True fallback_exact=0
[490/1000] numerical=4.100046878 shared_exact=True fallback_exact=0
[491/1000] numerical=4.269277727 shared_exact=True fallback_exact=0
[492/1000] numerical=3.563966492 shared_exact=True fallback_exact=0
[493/1000] numerical=3.294601356 shared_exact=True fallback_exact=0
[494/1000] numerical=2.566727073 shared_exact=True fallback_exact=0
[495/1000] numerical=3.607269637 shared_exact=True fallback_exact=0
[496/1000] numerical=3.559867750 shared_exact=True fallback_exact=0
[497/1000] numerical=3.607269643 shared_exact=True fallback_exact=0
[498/1000] numerical=2.802284750 shared_exact=True fallback_exact=0
[499/1000] numerical=2.614361867 shared_exact=True fallback_exact=0
[500/1000] numerical=3.363299832 shared_exact=True fallback_exact=0
checkpoint=/workspace/positive-square-energy/experiments/rank7_order8_chunk_012000_013000.r7o8g.xz.fragments/fragment-012000-012500.r7o8g.xz rows=500
[501/1000] numerical=2.726433974 shared_exact=True fallback_exact=0
[502/1000] numerical=2.408721272 shared_exact=True fallback_exact=0
[503/1000] numerical=4.296007817 shared_exact=True fallback_exact=0
[504/1000] numerical=4.662190885 shared_exact=True fallback_exact=0
[505/1000] numerical=4.563182124 shared_exact=True fallback_exact=0
[506/1000] numerical=4.662191353 shared_exact=True fallback_exact=0
[507/1000] numerical=3.883784104 shared_exact=True fallback_exact=0
[508/1000] numerical=3.673933829 shared_exact=True fallback_exact=0
[509/1000] numerical=2.884101407 shared_exact=True fallback_exact=0
[510/1000] numerical=4.159017566 shared_exact=True fallback_exact=0
[511/1000] numerical=3.360278719 shared_exact=True fallback_exact=0
[512/1000] numerical=3.167693912 shared_exact=True fallback_exact=0
[513/1000] numerical=3.677808300 shared_exact=True fallback_exact=0
[514/1000] numerical=3.095310606 shared_exact=True fallback_exact=0
[515/1000] numerical=4.138087232 shared_exact=True fallback_exact=0
[516/1000] numerical=4.296007509 shared_exact=True fallback_exact=0
[517/1000] numerical=4.131900347 shared_exact=True fallback_exact=0
[518/1000] numerical=3.093239121 shared_exact=True fallback_exact=0
[519/1000] numerical=3.138794977 shared_exact=True fallback_exact=0
[520/1000] numerical=2.143974357 shared_exact=True fallback_exact=0
[521/1000] numerical=3.643878601 shared_exact=True fallback_exact=0
[522/1000] numerical=4.662239631 shared_exact=True fallback_exact=0
[523/1000] numerical=4.563925281 shared_exact=True fallback_exact=0
[524/1000] numerical=3.647689052 shared_exact=True fallback_exact=0
[525/1000] numerical=3.961927496 shared_exact=True fallback_exact=0
[526/1000] numerical=4.662190869 shared_exact=True fallback_exact=0
[527/1000] numerical=4.563281997 shared_exact=True fallback_exact=0
[528/1000] numerical=3.883784104 shared_exact=True fallback_exact=0
[529/1000] numerical=3.631603304 shared_exact=True fallback_exact=0
[530/1000] numerical=3.630706773 shared_exact=True fallback_exact=0
[531/1000] numerical=2.763986199 shared_exact=True fallback_exact=0
[532/1000] numerical=3.667994606 shared_exact=True fallback_exact=0
[533/1000] numerical=3.563576096 shared_exact=True fallback_exact=0
[534/1000] numerical=2.905891393 shared_exact=True fallback_exact=0
[535/1000] numerical=2.649785919 shared_exact=True fallback_exact=0
[536/1000] numerical=3.093150694 shared_exact=True fallback_exact=0
[537/1000] numerical=2.000000000 shared_exact=True fallback_exact=0
[538/1000] numerical=2.106370180 shared_exact=True fallback_exact=0
[539/1000] numerical=4.085802555 shared_exact=True fallback_exact=0
[540/1000] numerical=3.196712057 shared_exact=True fallback_exact=0
[541/1000] numerical=4.159017224 shared_exact=True fallback_exact=0
[542/1000] numerical=4.085740189 shared_exact=True fallback_exact=0
[543/1000] numerical=3.360278719 shared_exact=True fallback_exact=0
[544/1000] numerical=3.186597425 shared_exact=True fallback_exact=0
[545/1000] numerical=3.143063740 shared_exact=True fallback_exact=0
[546/1000] numerical=3.169658228 shared_exact=True fallback_exact=0
[547/1000] numerical=3.085772245 shared_exact=True fallback_exact=0
[548/1000] numerical=2.198062229 shared_exact=True fallback_exact=0
[549/1000] numerical=3.269087420 shared_exact=True fallback_exact=0
[550/1000] numerical=3.202579257 shared_exact=True fallback_exact=0
[551/1000] numerical=3.389766927 shared_exact=True fallback_exact=0
[552/1000] numerical=3.342623462 shared_exact=True fallback_exact=0
[553/1000] numerical=3.383908663 shared_exact=True fallback_exact=0
[554/1000] numerical=2.607269651 shared_exact=True fallback_exact=0
[555/1000] numerical=2.505528286 shared_exact=True fallback_exact=0
[556/1000] numerical=3.294602847 shared_exact=True fallback_exact=0
[557/1000] numerical=2.566727073 shared_exact=True fallback_exact=0
[558/1000] numerical=2.437657121 shared_exact=True fallback_exact=0
[559/1000] numerical=2.614363001 shared_exact=True fallback_exact=0
[560/1000] numerical=2.408721337 shared_exact=True fallback_exact=0
[561/1000] numerical=3.673962480 shared_exact=True fallback_exact=0
[562/1000] numerical=2.884101425 shared_exact=True fallback_exact=0
[563/1000] numerical=2.790507704 shared_exact=True fallback_exact=0
[564/1000] numerical=3.167699443 shared_exact=True fallback_exact=0
[565/1000] numerical=3.138841311 shared_exact=True fallback_exact=0
[566/1000] numerical=2.143975049 shared_exact=True fallback_exact=0
[567/1000] numerical=2.163863282 shared_exact=True fallback_exact=0
[568/1000] numerical=3.630707880 shared_exact=True fallback_exact=0
[569/1000] numerical=2.763986204 shared_exact=True fallback_exact=0
[570/1000] numerical=3.667994107 shared_exact=True fallback_exact=0
[571/1000] numerical=3.563717484 shared_exact=True fallback_exact=0
[572/1000] numerical=2.905891393 shared_exact=True fallback_exact=0
[573/1000] numerical=2.649786039 shared_exact=True fallback_exact=0
[574/1000] numerical=2.795734883 shared_exact=True fallback_exact=0
[575/1000] numerical=2.769379843 shared_exact=True fallback_exact=0
[576/1000] numerical=2.621990219 shared_exact=True fallback_exact=0
[577/1000] numerical=1.648356571 shared_exact=True fallback_exact=0
[578/1000] numerical=2.106371422 shared_exact=True fallback_exact=0
[579/1000] numerical=3.143063760 shared_exact=True fallback_exact=0
[580/1000] numerical=3.169658381 shared_exact=True fallback_exact=0
[581/1000] numerical=3.085777291 shared_exact=True fallback_exact=0
[582/1000] numerical=2.198062230 shared_exact=True fallback_exact=0
[583/1000] numerical=2.155541058 shared_exact=True fallback_exact=0
[584/1000] numerical=5.000074579 shared_exact=True fallback_exact=0
[585/1000] numerical=4.052581413 shared_exact=True fallback_exact=0
[586/1000] numerical=4.052581333 shared_exact=True fallback_exact=0
[587/1000] numerical=5.000032885 shared_exact=True fallback_exact=0
[588/1000] numerical=4.085736197 shared_exact=True fallback_exact=0
[589/1000] numerical=5.000007159 shared_exact=True fallback_exact=0
[590/1000] numerical=5.000461629 shared_exact=True fallback_exact=0
[591/1000] numerical=4.000000000 shared_exact=True fallback_exact=0
[592/1000] numerical=4.099458268 shared_exact=True fallback_exact=0
[593/1000] numerical=4.000084500 shared_exact=True fallback_exact=0
[594/1000] numerical=4.000000052 shared_exact=True fallback_exact=0
[595/1000] numerical=4.052581333 shared_exact=True fallback_exact=0
[596/1000] numerical=3.210495727 shared_exact=True fallback_exact=0
[597/1000] numerical=4.000172735 shared_exact=True fallback_exact=0
[598/1000] numerical=4.085735134 shared_exact=True fallback_exact=0
[599/1000] numerical=4.000000697 shared_exact=True fallback_exact=0
[600/1000] numerical=4.085735165 shared_exact=True fallback_exact=0
[601/1000] numerical=3.304688157 shared_exact=True fallback_exact=0
[602/1000] numerical=3.108017004 shared_exact=True fallback_exact=0
[603/1000] numerical=4.000157513 shared_exact=True fallback_exact=0
[604/1000] numerical=4.085736259 shared_exact=True fallback_exact=0
[605/1000] numerical=4.000074117 shared_exact=True fallback_exact=0
[606/1000] numerical=4.085735308 shared_exact=True fallback_exact=0
[607/1000] numerical=3.304823217 shared_exact=True fallback_exact=0
[608/1000] numerical=3.108017004 shared_exact=True fallback_exact=0
[609/1000] numerical=3.304312374 shared_exact=True fallback_exact=0
[610/1000] numerical=4.052581337 shared_exact=True fallback_exact=0
[611/1000] numerical=4.000149095 shared_exact=True fallback_exact=0
[612/1000] numerical=4.000052621 shared_exact=True fallback_exact=0
[613/1000] numerical=4.052581364 shared_exact=True fallback_exact=0
[614/1000] numerical=3.210499966 shared_exact=True fallback_exact=0
[615/1000] numerical=3.194407862 shared_exact=True fallback_exact=0
[616/1000] numerical=3.108017009 shared_exact=True fallback_exact=0
[617/1000] numerical=3.108017006 shared_exact=True fallback_exact=0
[618/1000] numerical=4.061440831 shared_exact=True fallback_exact=0
[619/1000] numerical=4.000000001 shared_exact=True fallback_exact=0
[620/1000] numerical=4.000000001 shared_exact=True fallback_exact=0
[621/1000] numerical=5.000060041 shared_exact=True fallback_exact=0
[622/1000] numerical=4.052586364 shared_exact=True fallback_exact=0
[623/1000] numerical=5.000471431 shared_exact=True fallback_exact=0
[624/1000] numerical=5.000000004 shared_exact=True fallback_exact=0
[625/1000] numerical=4.069181241 shared_exact=True fallback_exact=0
[626/1000] numerical=4.000000000 shared_exact=True fallback_exact=0
[627/1000] numerical=4.052581333 shared_exact=True fallback_exact=0
[628/1000] numerical=4.052581334 shared_exact=True fallback_exact=0
[629/1000] numerical=4.000000000 shared_exact=True fallback_exact=0
[630/1000] numerical=3.058028483 shared_exact=True fallback_exact=0
[631/1000] numerical=4.061440831 shared_exact=True fallback_exact=0
[632/1000] numerical=5.000000444 shared_exact=True fallback_exact=0
[633/1000] numerical=5.000194543 shared_exact=True fallback_exact=0
[634/1000] numerical=4.000000000 shared_exact=True fallback_exact=0
[635/1000] numerical=4.099471942 shared_exact=True fallback_exact=0
[636/1000] numerical=4.061441238 shared_exact=True fallback_exact=0
[637/1000] numerical=5.000064144 shared_exact=True fallback_exact=0
[638/1000] numerical=5.000026000 shared_exact=True fallback_exact=0
[639/1000] numerical=4.052581418 shared_exact=True fallback_exact=0
[640/1000] numerical=4.085735136 shared_exact=True fallback_exact=0
[641/1000] numerical=4.000000015 shared_exact=True fallback_exact=0
[642/1000] numerical=4.052581333 shared_exact=True fallback_exact=0
[643/1000] numerical=3.210495726 shared_exact=True fallback_exact=0
[644/1000] numerical=4.052581342 shared_exact=True fallback_exact=0
[645/1000] numerical=4.000079435 shared_exact=True fallback_exact=0
[646/1000] numerical=3.194407862 shared_exact=True fallback_exact=0
[647/1000] numerical=3.101205303 shared_exact=True fallback_exact=0
[648/1000] numerical=4.000128052 shared_exact=True fallback_exact=0
[649/1000] numerical=4.052581336 shared_exact=True fallback_exact=0
[650/1000] numerical=4.000000000 shared_exact=True fallback_exact=0
[651/1000] numerical=3.058029279 shared_exact=True fallback_exact=0
[652/1000] numerical=3.000000000 shared_exact=True fallback_exact=0
[653/1000] numerical=4.000000139 shared_exact=True fallback_exact=0
[654/1000] numerical=4.085735135 shared_exact=True fallback_exact=0
[655/1000] numerical=3.304705790 shared_exact=True fallback_exact=0
[656/1000] numerical=4.000157603 shared_exact=True fallback_exact=0
[657/1000] numerical=4.085735134 shared_exact=True fallback_exact=0
[658/1000] numerical=3.071575558 shared_exact=True fallback_exact=0
[659/1000] numerical=3.304312374 shared_exact=True fallback_exact=0
[660/1000] numerical=3.108017004 shared_exact=True fallback_exact=0
[661/1000] numerical=3.068114674 shared_exact=True fallback_exact=0
[662/1000] numerical=3.096597221 shared_exact=True fallback_exact=0
[663/1000] numerical=2.304642176 shared_exact=True fallback_exact=0
[664/1000] numerical=4.000111855 shared_exact=True fallback_exact=0
[665/1000] numerical=4.052581498 shared_exact=True fallback_exact=0
[666/1000] numerical=4.000000339 shared_exact=True fallback_exact=0
[667/1000] numerical=3.058028496 shared_exact=True fallback_exact=0
[668/1000] numerical=3.000000001 shared_exact=True fallback_exact=0
[669/1000] numerical=4.000002607 shared_exact=True fallback_exact=0
[670/1000] numerical=4.085735142 shared_exact=True fallback_exact=0
[671/1000] numerical=3.304802739 shared_exact=True fallback_exact=0
[672/1000] numerical=4.000165466 shared_exact=True fallback_exact=0
[673/1000] numerical=4.085735218 shared_exact=True fallback_exact=0
[674/1000] numerical=3.071577291 shared_exact=True fallback_exact=0
[675/1000] numerical=3.304312374 shared_exact=True fallback_exact=0
[676/1000] numerical=3.108017004 shared_exact=True fallback_exact=0
[677/1000] numerical=3.068115085 shared_exact=True fallback_exact=0
[678/1000] numerical=3.096597221 shared_exact=True fallback_exact=0
[679/1000] numerical=2.304642176 shared_exact=True fallback_exact=0
[680/1000] numerical=3.058028500 shared_exact=True fallback_exact=0
[681/1000] numerical=3.304312374 shared_exact=True fallback_exact=0
[682/1000] numerical=3.075078555 shared_exact=True fallback_exact=0
[683/1000] numerical=3.304312439 shared_exact=True fallback_exact=0
[684/1000] numerical=2.618874645 shared_exact=True fallback_exact=0
[685/1000] numerical=2.336589810 shared_exact=True fallback_exact=0
[686/1000] numerical=4.052581335 shared_exact=True fallback_exact=0
[687/1000] numerical=4.052581344 shared_exact=True fallback_exact=0
[688/1000] numerical=4.000000146 shared_exact=True fallback_exact=0
[689/1000] numerical=3.058031353 shared_exact=True fallback_exact=0
[690/1000] numerical=3.058028483 shared_exact=True fallback_exact=0
[691/1000] numerical=4.000013009 shared_exact=True fallback_exact=0
[692/1000] numerical=4.052581334 shared_exact=True fallback_exact=0
[693/1000] numerical=3.210498404 shared_exact=True fallback_exact=0
[694/1000] numerical=4.052581627 shared_exact=True fallback_exact=0
[695/1000] numerical=4.000050823 shared_exact=True fallback_exact=0
[696/1000] numerical=3.194407862 shared_exact=True fallback_exact=0
[697/1000] numerical=3.101205548 shared_exact=True fallback_exact=0
[698/1000] numerical=3.194407862 shared_exact=True fallback_exact=0
[699/1000] numerical=3.194408526 shared_exact=True fallback_exact=0
[700/1000] numerical=3.066027762 shared_exact=True fallback_exact=0
[701/1000] numerical=2.104679443 shared_exact=True fallback_exact=0
[702/1000] numerical=3.000000250 shared_exact=True fallback_exact=0
[703/1000] numerical=3.108017004 shared_exact=True fallback_exact=0
[704/1000] numerical=3.068114836 shared_exact=True fallback_exact=0
[705/1000] numerical=3.096597291 shared_exact=True fallback_exact=0
[706/1000] numerical=2.304642176 shared_exact=True fallback_exact=0
[707/1000] numerical=2.211761365 shared_exact=True fallback_exact=0
[708/1000] numerical=3.000022134 shared_exact=True fallback_exact=0
[709/1000] numerical=3.108017004 shared_exact=True fallback_exact=0
[710/1000] numerical=3.068144193 shared_exact=True fallback_exact=0
[711/1000] numerical=3.096601065 shared_exact=True fallback_exact=0
[712/1000] numerical=2.304642176 shared_exact=True fallback_exact=0
[713/1000] numerical=2.211761369 shared_exact=True fallback_exact=0
[714/1000] numerical=2.336589838 shared_exact=True fallback_exact=0
[715/1000] numerical=3.806662337 shared_exact=True fallback_exact=0
[716/1000] numerical=2.849292080 shared_exact=True fallback_exact=0
[717/1000] numerical=2.804483474 shared_exact=True fallback_exact=0
[718/1000] numerical=3.649169091 shared_exact=True fallback_exact=0
[719/1000] numerical=3.083866907 shared_exact=True fallback_exact=0
[720/1000] numerical=4.101870854 shared_exact=True fallback_exact=0
[721/1000] numerical=3.750365555 shared_exact=True fallback_exact=0
[722/1000] numerical=4.092258012 shared_exact=True fallback_exact=0
[723/1000] numerical=4.226126189 shared_exact=True fallback_exact=0
[724/1000] numerical=4.142885089 shared_exact=True fallback_exact=0
[725/1000] numerical=3.114718024 shared_exact=True fallback_exact=0
[726/1000] numerical=3.317436423 shared_exact=True fallback_exact=0
[727/1000] numerical=2.284338513 shared_exact=True fallback_exact=0
[728/1000] numerical=3.647689660 shared_exact=True fallback_exact=0
[729/1000] numerical=2.625180299 shared_exact=True fallback_exact=0
[730/1000] numerical=2.795844927 shared_exact=True fallback_exact=0
[731/1000] numerical=3.269176811 shared_exact=True fallback_exact=0
[732/1000] numerical=3.100136105 shared_exact=True fallback_exact=0
[733/1000] numerical=3.563047766 shared_exact=True fallback_exact=0
[734/1000] numerical=3.385159326 shared_exact=True fallback_exact=0
[735/1000] numerical=3.682307052 shared_exact=True fallback_exact=0
[736/1000] numerical=3.710267393 shared_exact=True fallback_exact=0
[737/1000] numerical=2.913083537 shared_exact=True fallback_exact=0
[738/1000] numerical=3.194582291 shared_exact=True fallback_exact=0
[739/1000] numerical=3.922063264 shared_exact=True fallback_exact=0
[740/1000] numerical=3.138800144 shared_exact=True fallback_exact=0
[741/1000] numerical=3.781188710 shared_exact=True fallback_exact=0
[742/1000] numerical=3.176354071 shared_exact=True fallback_exact=0
[743/1000] numerical=4.217299253 shared_exact=True fallback_exact=0
[744/1000] numerical=3.629912331 shared_exact=True fallback_exact=0
[745/1000] numerical=4.099067398 shared_exact=True fallback_exact=0
[746/1000] numerical=4.121808831 shared_exact=True fallback_exact=0
[747/1000] numerical=3.269447948 shared_exact=True fallback_exact=0
[748/1000] numerical=2.551145249 shared_exact=True fallback_exact=0
[749/1000] numerical=3.654228402 shared_exact=True fallback_exact=0
[750/1000] numerical=2.810999785 shared_exact=True fallback_exact=0
[751/1000] numerical=3.378693703 shared_exact=True fallback_exact=0
[752/1000] numerical=3.238391496 shared_exact=True fallback_exact=0
[753/1000] numerical=3.674237376 shared_exact=True fallback_exact=0
[754/1000] numerical=3.320470840 shared_exact=True fallback_exact=0
[755/1000] numerical=3.563291663 shared_exact=True fallback_exact=0
[756/1000] numerical=3.690890780 shared_exact=True fallback_exact=0
[757/1000] numerical=3.695995039 shared_exact=True fallback_exact=0
[758/1000] numerical=2.878114185 shared_exact=True fallback_exact=0
[759/1000] numerical=2.989042668 shared_exact=True fallback_exact=0
[760/1000] numerical=3.198917017 shared_exact=True fallback_exact=0
[761/1000] numerical=4.383511714 shared_exact=True fallback_exact=0
[762/1000] numerical=4.257506690 shared_exact=True fallback_exact=0
[763/1000] numerical=3.724103889 shared_exact=True fallback_exact=0
[764/1000] numerical=4.285395449 shared_exact=True fallback_exact=0
[765/1000] numerical=4.283002610 shared_exact=True fallback_exact=0
[766/1000] numerical=3.382031333 shared_exact=True fallback_exact=0
[767/1000] numerical=2.640351252 shared_exact=True fallback_exact=0
[768/1000] numerical=4.125766902 shared_exact=True fallback_exact=0
[769/1000] numerical=4.089064173 shared_exact=True fallback_exact=0
[770/1000] numerical=3.175171629 shared_exact=True fallback_exact=0
[771/1000] numerical=3.589710766 shared_exact=True fallback_exact=0
[772/1000] numerical=2.712191734 shared_exact=True fallback_exact=0
[773/1000] numerical=3.000000000 shared_exact=True fallback_exact=0
[774/1000] numerical=4.085839038 shared_exact=True fallback_exact=0
[775/1000] numerical=4.580661170 shared_exact=True fallback_exact=0
[776/1000] numerical=4.572203217 shared_exact=True fallback_exact=0
[777/1000] numerical=3.665484883 shared_exact=True fallback_exact=0
[778/1000] numerical=4.103947605 shared_exact=True fallback_exact=0
[779/1000] numerical=3.867263664 shared_exact=True fallback_exact=0
[780/1000] numerical=3.372575428 shared_exact=True fallback_exact=0
[781/1000] numerical=4.166304143 shared_exact=True fallback_exact=0
[782/1000] numerical=4.376574124 shared_exact=True fallback_exact=0
[783/1000] numerical=3.659039705 shared_exact=True fallback_exact=0
[784/1000] numerical=3.563509178 shared_exact=True fallback_exact=0
[785/1000] numerical=4.569475314 shared_exact=True fallback_exact=0
[786/1000] numerical=4.586814015 shared_exact=True fallback_exact=0
[787/1000] numerical=3.707039547 shared_exact=True fallback_exact=0
[788/1000] numerical=4.732738626 shared_exact=True fallback_exact=0
[789/1000] numerical=3.563426355 shared_exact=True fallback_exact=0
[790/1000] numerical=3.967213275 shared_exact=True fallback_exact=0
[791/1000] numerical=3.283787757 shared_exact=True fallback_exact=0
[792/1000] numerical=3.367804334 shared_exact=True fallback_exact=0
[793/1000] numerical=4.099289157 shared_exact=True fallback_exact=0
[794/1000] numerical=4.224093262 shared_exact=True fallback_exact=0
[795/1000] numerical=3.440587623 shared_exact=True fallback_exact=0
[796/1000] numerical=4.617796534 shared_exact=True fallback_exact=0
[797/1000] numerical=3.672582909 shared_exact=True fallback_exact=0
[798/1000] numerical=4.101811868 shared_exact=True fallback_exact=0
[799/1000] numerical=4.617796534 shared_exact=True fallback_exact=0
[800/1000] numerical=3.672611846 shared_exact=True fallback_exact=0
[801/1000] numerical=4.101811457 shared_exact=True fallback_exact=0
[802/1000] numerical=3.144607748 shared_exact=True fallback_exact=0
[803/1000] numerical=4.681727540 shared_exact=True fallback_exact=0
[804/1000] numerical=4.915808999 shared_exact=True fallback_exact=0
[805/1000] numerical=4.701325897 shared_exact=True fallback_exact=0
[806/1000] numerical=3.628120289 shared_exact=True fallback_exact=0
[807/1000] numerical=3.826234594 shared_exact=True fallback_exact=0
[808/1000] numerical=3.826235452 shared_exact=True fallback_exact=0
[809/1000] numerical=3.855354412 shared_exact=True fallback_exact=0
[810/1000] numerical=3.955779326 shared_exact=True fallback_exact=0
[811/1000] numerical=2.895564843 shared_exact=True fallback_exact=0
[812/1000] numerical=2.960917391 shared_exact=True fallback_exact=0
[813/1000] numerical=3.592280986 shared_exact=True fallback_exact=0
[814/1000] numerical=3.592280986 shared_exact=True fallback_exact=0
[815/1000] numerical=4.074580243 shared_exact=True fallback_exact=0
[816/1000] numerical=3.870923712 shared_exact=True fallback_exact=0
[817/1000] numerical=3.388289843 shared_exact=True fallback_exact=0
[818/1000] numerical=3.076845760 shared_exact=True fallback_exact=0
[819/1000] numerical=3.319099455 shared_exact=True fallback_exact=0
[820/1000] numerical=3.107426857 shared_exact=True fallback_exact=0
[821/1000] numerical=4.617796534 shared_exact=True fallback_exact=0
[822/1000] numerical=4.356510215 shared_exact=True fallback_exact=0
[823/1000] numerical=4.617796594 shared_exact=True fallback_exact=0
[824/1000] numerical=3.952530036 shared_exact=True fallback_exact=0
[825/1000] numerical=3.656775781 shared_exact=True fallback_exact=0
[826/1000] numerical=2.957629015 shared_exact=True fallback_exact=0
[827/1000] numerical=4.049746371 shared_exact=True fallback_exact=0
[828/1000] numerical=3.438280526 shared_exact=True fallback_exact=0
[829/1000] numerical=3.672578245 shared_exact=True fallback_exact=0
[830/1000] numerical=3.737397238 shared_exact=True fallback_exact=0
[831/1000] numerical=3.672578241 shared_exact=True fallback_exact=0
[832/1000] numerical=2.809977452 shared_exact=True fallback_exact=0
[833/1000] numerical=2.673118524 shared_exact=True fallback_exact=0
[834/1000] numerical=1.814542856 shared_exact=True fallback_exact=0
[835/1000] numerical=4.101810136 shared_exact=True fallback_exact=0
[836/1000] numerical=4.124501586 shared_exact=True fallback_exact=0
[837/1000] numerical=4.101809956 shared_exact=True fallback_exact=0
[838/1000] numerical=3.285990338 shared_exact=True fallback_exact=0
[839/1000] numerical=3.105331889 shared_exact=True fallback_exact=0
[840/1000] numerical=4.617796534 shared_exact=True fallback_exact=0
[841/1000] numerical=4.356366058 shared_exact=True fallback_exact=0
[842/1000] numerical=4.617796998 shared_exact=True fallback_exact=0
[843/1000] numerical=3.952530036 shared_exact=True fallback_exact=0
[844/1000] numerical=3.656775781 shared_exact=True fallback_exact=0
[845/1000] numerical=2.957629015 shared_exact=True fallback_exact=0
[846/1000] numerical=3.672593350 shared_exact=True fallback_exact=0
[847/1000] numerical=3.737397240 shared_exact=True fallback_exact=0
[848/1000] numerical=3.672578238 shared_exact=True fallback_exact=0
[849/1000] numerical=2.809977452 shared_exact=True fallback_exact=0
[850/1000] numerical=2.673118524 shared_exact=True fallback_exact=0
[851/1000] numerical=1.814542856 shared_exact=True fallback_exact=0
[852/1000] numerical=4.101810861 shared_exact=True fallback_exact=0
[853/1000] numerical=4.124501599 shared_exact=True fallback_exact=0
[854/1000] numerical=4.101809981 shared_exact=True fallback_exact=0
[855/1000] numerical=3.285990338 shared_exact=True fallback_exact=0
[856/1000] numerical=3.105331889 shared_exact=True fallback_exact=0
[857/1000] numerical=3.144645936 shared_exact=True fallback_exact=0
[858/1000] numerical=3.355149673 shared_exact=True fallback_exact=0
[859/1000] numerical=3.123771048 shared_exact=True fallback_exact=0
[860/1000] numerical=2.000000000 shared_exact=True fallback_exact=0
[861/1000] numerical=2.147402410 shared_exact=True fallback_exact=0
[862/1000] numerical=3.855353783 shared_exact=True fallback_exact=0
[863/1000] numerical=4.915700397 shared_exact=True fallback_exact=0
[864/1000] numerical=4.701166965 shared_exact=True fallback_exact=0
[865/1000] numerical=3.628102624 shared_exact=True fallback_exact=0
[866/1000] numerical=4.429718298 shared_exact=True fallback_exact=0
[867/1000] numerical=4.908412579 shared_exact=True fallback_exact=0
[868/1000] numerical=4.681734134 shared_exact=True fallback_exact=0
[869/1000] numerical=4.256909540 shared_exact=True fallback_exact=0
[870/1000] numerical=3.561552813 shared_exact=True fallback_exact=0
[871/1000] numerical=3.826234596 shared_exact=True fallback_exact=0
[872/1000] numerical=3.916017107 shared_exact=True fallback_exact=0
[873/1000] numerical=3.703812598 shared_exact=True fallback_exact=0
[874/1000] numerical=2.636992449 shared_exact=True fallback_exact=0
[875/1000] numerical=2.960917800 shared_exact=True fallback_exact=0
[876/1000] numerical=3.076845760 shared_exact=True fallback_exact=0
[877/1000] numerical=3.656775786 shared_exact=True fallback_exact=0
[878/1000] numerical=2.957629015 shared_exact=True fallback_exact=0
[879/1000] numerical=2.815438480 shared_exact=True fallback_exact=0
[880/1000] numerical=2.673120718 shared_exact=True fallback_exact=0
[881/1000] numerical=1.814542856 shared_exact=True fallback_exact=0
[882/1000] numerical=1.753702515 shared_exact=True fallback_exact=0
[883/1000] numerical=3.105332097 shared_exact=True fallback_exact=0
[884/1000] numerical=3.656775944 shared_exact=True fallback_exact=0
[885/1000] numerical=2.957629015 shared_exact=True fallback_exact=0
[886/1000] numerical=2.815438480 shared_exact=True fallback_exact=0
[887/1000] numerical=2.673119258 shared_exact=True fallback_exact=0
[888/1000] numerical=1.814542856 shared_exact=True fallback_exact=0
[889/1000] numerical=1.753702515 shared_exact=True fallback_exact=0
[890/1000] numerical=3.105342958 shared_exact=True fallback_exact=0
[891/1000] numerical=2.147407908 shared_exact=True fallback_exact=0
[892/1000] numerical=3.826236737 shared_exact=True fallback_exact=0
[893/1000] numerical=3.916017109 shared_exact=True fallback_exact=0
[894/1000] numerical=3.703826585 shared_exact=True fallback_exact=0
[895/1000] numerical=2.636994196 shared_exact=True fallback_exact=0
[896/1000] numerical=2.696533533 shared_exact=True fallback_exact=0
[897/1000] numerical=3.345728852 shared_exact=True fallback_exact=0
[898/1000] numerical=3.104300160 shared_exact=True fallback_exact=0
[899/1000] numerical=2.871727391 shared_exact=True fallback_exact=0
[900/1000] numerical=3.573458491 shared_exact=True fallback_exact=0
[901/1000] numerical=3.332772401 shared_exact=True fallback_exact=0
[902/1000] numerical=3.246520996 shared_exact=True fallback_exact=0
[903/1000] numerical=3.763442356 shared_exact=True fallback_exact=0
[904/1000] numerical=2.799437378 shared_exact=True fallback_exact=0
[905/1000] numerical=3.599019840 shared_exact=True fallback_exact=0
[906/1000] numerical=3.862836785 shared_exact=True fallback_exact=0
[907/1000] numerical=3.688201923 shared_exact=True fallback_exact=0
[908/1000] numerical=2.683126748 shared_exact=True fallback_exact=0
[909/1000] numerical=2.944853702 shared_exact=True fallback_exact=0
[910/1000] numerical=3.166970556 shared_exact=True fallback_exact=0
[911/1000] numerical=3.282037679 shared_exact=True fallback_exact=0
[912/1000] numerical=2.687494844 shared_exact=True fallback_exact=0
[913/1000] numerical=3.770775763 shared_exact=True fallback_exact=0
[914/1000] numerical=3.413014939 shared_exact=True fallback_exact=0
[915/1000] numerical=2.909378473 shared_exact=True fallback_exact=0
[916/1000] numerical=3.983166382 shared_exact=True fallback_exact=0
[917/1000] numerical=3.071819863 shared_exact=True fallback_exact=0
[918/1000] numerical=3.693531394 shared_exact=True fallback_exact=0
[919/1000] numerical=3.637113370 shared_exact=True fallback_exact=0
[920/1000] numerical=3.590206371 shared_exact=True fallback_exact=0
[921/1000] numerical=2.739195534 shared_exact=True fallback_exact=0
[922/1000] numerical=2.547451931 shared_exact=True fallback_exact=0
[923/1000] numerical=2.598462278 shared_exact=True fallback_exact=0
[924/1000] numerical=2.903642399 shared_exact=True fallback_exact=0
[925/1000] numerical=2.141539522 shared_exact=True fallback_exact=0
[926/1000] numerical=3.369514008 shared_exact=True fallback_exact=0
[927/1000] numerical=3.240290522 shared_exact=True fallback_exact=0
[928/1000] numerical=2.580164725 shared_exact=True fallback_exact=0
[929/1000] numerical=3.727254458 shared_exact=True fallback_exact=0
[930/1000] numerical=2.751021749 shared_exact=True fallback_exact=0
[931/1000] numerical=3.138048467 shared_exact=True fallback_exact=0
[932/1000] numerical=3.178766552 shared_exact=True fallback_exact=0
[933/1000] numerical=3.133707174 shared_exact=True fallback_exact=0
[934/1000] numerical=2.309325908 shared_exact=True fallback_exact=0
[935/1000] numerical=2.313859655 shared_exact=True fallback_exact=0
[936/1000] numerical=3.413612676 shared_exact=True fallback_exact=0
[937/1000] numerical=3.310723341 shared_exact=True fallback_exact=0
[938/1000] numerical=3.118128409 shared_exact=True fallback_exact=0
[939/1000] numerical=3.747451922 shared_exact=True fallback_exact=0
[940/1000] numerical=3.129419676 shared_exact=True fallback_exact=0
[941/1000] numerical=2.965613928 shared_exact=True fallback_exact=0
[942/1000] numerical=3.673064334 shared_exact=True fallback_exact=0
[943/1000] numerical=2.714034059 shared_exact=True fallback_exact=0
[944/1000] numerical=3.606985501 shared_exact=True fallback_exact=0
[945/1000] numerical=3.764574905 shared_exact=True fallback_exact=0
[946/1000] numerical=3.653190344 shared_exact=True fallback_exact=0
[947/1000] numerical=2.758816837 shared_exact=True fallback_exact=0
[948/1000] numerical=2.892746080 shared_exact=True fallback_exact=0
[949/1000] numerical=3.271123367 shared_exact=True fallback_exact=0
[950/1000] numerical=2.718634130 shared_exact=True fallback_exact=0
[951/1000] numerical=2.755218670 shared_exact=True fallback_exact=0
[952/1000] numerical=3.515958795 shared_exact=True fallback_exact=0
[953/1000] numerical=2.585731392 shared_exact=True fallback_exact=0
[954/1000] numerical=3.135490426 shared_exact=True fallback_exact=0
[955/1000] numerical=2.758122890 shared_exact=True fallback_exact=0
[956/1000] numerical=2.907142811 shared_exact=True fallback_exact=0
[957/1000] numerical=2.672648786 shared_exact=True fallback_exact=0
[958/1000] numerical=3.174836863 shared_exact=True fallback_exact=0
[959/1000] numerical=2.428185654 shared_exact=True fallback_exact=0
[960/1000] numerical=3.459645509 shared_exact=True fallback_exact=0
[961/1000] numerical=3.825440875 shared_exact=True fallback_exact=0
[962/1000] numerical=3.725568137 shared_exact=True fallback_exact=0
[963/1000] numerical=2.821252919 shared_exact=True fallback_exact=0
[964/1000] numerical=3.089240754 shared_exact=True fallback_exact=0
[965/1000] numerical=2.654655404 shared_exact=True fallback_exact=0
[966/1000] numerical=3.119318864 shared_exact=True fallback_exact=0
[967/1000] numerical=2.372982365 shared_exact=True fallback_exact=0
[968/1000] numerical=3.574740323 shared_exact=True fallback_exact=0
[969/1000] numerical=3.086916135 shared_exact=True fallback_exact=0
[970/1000] numerical=2.446129088 shared_exact=True fallback_exact=0
[971/1000] numerical=3.649648942 shared_exact=True fallback_exact=0
[972/1000] numerical=2.770356274 shared_exact=True fallback_exact=0
[973/1000] numerical=3.120959099 shared_exact=True fallback_exact=0
[974/1000] numerical=3.147853114 shared_exact=True fallback_exact=0
[975/1000] numerical=3.165199920 shared_exact=True fallback_exact=0
[976/1000] numerical=2.408473251 shared_exact=True fallback_exact=0
[977/1000] numerical=2.393030212 shared_exact=True fallback_exact=0
[978/1000] numerical=3.920277457 shared_exact=True fallback_exact=0
[979/1000] numerical=3.727754142 shared_exact=True fallback_exact=0
[980/1000] numerical=3.583246306 shared_exact=True fallback_exact=0
[981/1000] numerical=3.733159605 shared_exact=True fallback_exact=0
[982/1000] numerical=3.707924576 shared_exact=True fallback_exact=0
[983/1000] numerical=3.585570103 shared_exact=True fallback_exact=0
[984/1000] numerical=3.658337694 shared_exact=True fallback_exact=0
[985/1000] numerical=2.904629562 shared_exact=True fallback_exact=0
[986/1000] numerical=2.676206407 shared_exact=True fallback_exact=0
[987/1000] numerical=3.713166532 shared_exact=True fallback_exact=0
[988/1000] numerical=3.390054307 shared_exact=True fallback_exact=0
[989/1000] numerical=3.675394627 shared_exact=True fallback_exact=0
[990/1000] numerical=3.853915278 shared_exact=True fallback_exact=0
[991/1000] numerical=3.679040178 shared_exact=True fallback_exact=0
[992/1000] numerical=2.692070394 shared_exact=True fallback_exact=0
[993/1000] numerical=2.890294747 shared_exact=True fallback_exact=0
[994/1000] numerical=3.180577576 shared_exact=True fallback_exact=0
[995/1000] numerical=3.301560638 shared_exact=True fallback_exact=0
[996/1000] numerical=3.142023226 shared_exact=True fallback_exact=0
[997/1000] numerical=2.173421577 shared_exact=True fallback_exact=0
[998/1000] numerical=2.313129693 shared_exact=True fallback_exact=0
[999/1000] numerical=3.606739164 shared_exact=True fallback_exact=0
[1000/1000] numerical=3.500889981 shared_exact=True fallback_exact=0
checkpoint=/workspace/positive-square-energy/experiments/rank7_order8_chunk_012000_013000.r7o8g.xz.fragments/fragment-012500-013000.r7o8g.xz rows=500
attempts=1000 shared_exact=1000 templates=0 fallback_exact=0 structural=0 atoms=0 balanced=0 unresolved_targets=0
fragments=2 checkpoint_rows=500
raw_bytes=489877 xz_bytes=294144 elapsed_seconds=200.796168
sha256=059422c9d307b73ef9212a41bc86a8b3f4090bab91166effceb77d0d97631da0
full_theorem=false
[2026-08-14T18:05:26.816810+00:00] exit: 0
[2026-08-14T18:05:26.816915+00:00] exec: /opt/kortix/pyfloor/bin/python3 -u /workspace/positive-square-energy/experiments/rank7_order8_exact_rational.py --verify-pack /workspace/positive-square-energy/experiments/rank7_order8_chunk_012000_013000.r7o8g.xz --census-cache positive-square-energy/experiments/rank7_order8_rational_search_cache.r7o8c.xz
attempts=1000 shared_exact=1000 templates=0 fallback_exact=0 structural=0 atoms=0 balanced=0 exact_audit=true census_seconds=13.903913
full_theorem=false
[2026-08-14T18:06:02.525239+00:00] exit: 0
[2026-08-14T18:06:02.526663+00:00] shard=012000_013000 exact_audit=true sha256=059422c9d307b73ef9212a41bc86a8b3f4090bab91166effceb77d0d97631da0
