[2026-08-15T06:01:32.167491+00:00] shard=020000_021000 adopted_fragments=0
[2026-08-15T06:01:32.167558+00:00] exec: /opt/kortix/pyfloor/bin/python3 -u /workspace/positive-square-energy/experiments/rank7_order8_exact_rational.py --output /workspace/positive-square-energy/experiments/rank7_order8_chunk_020000_021000.r7o8g.xz --fragment-directory /workspace/positive-square-energy/experiments/rank7_order8_chunk_020000_021000.r7o8g.xz.fragments --census-cache positive-square-energy/experiments/rank7_order8_rational_search_cache.r7o8c.xz --start 20000 --count 1000 --checkpoint-rows 500 --progress
[1/1000] numerical=3.252367219 shared_exact=True fallback_exact=0
[2/1000] numerical=2.625941685 shared_exact=True fallback_exact=0
[3/1000] numerical=3.661355950 shared_exact=True fallback_exact=0
[4/1000] numerical=3.198066176 shared_exact=True fallback_exact=0
[5/1000] numerical=3.303160002 shared_exact=True fallback_exact=0
[6/1000] numerical=2.918254785 shared_exact=True fallback_exact=0
[7/1000] numerical=3.395509558 shared_exact=True fallback_exact=0
[8/1000] numerical=3.547047138 shared_exact=True fallback_exact=0
[9/1000] numerical=3.318093368 shared_exact=True fallback_exact=0
[10/1000] numerical=3.463027195 shared_exact=True fallback_exact=0
[11/1000] numerical=2.867025564 shared_exact=True fallback_exact=0
[12/1000] numerical=2.602510715 shared_exact=True fallback_exact=0
[13/1000] numerical=2.667431197 shared_exact=True fallback_exact=0
[14/1000] numerical=3.189036760 shared_exact=True fallback_exact=0
[15/1000] numerical=2.547914799 shared_exact=True fallback_exact=0
[16/1000] numerical=2.860454925 shared_exact=True fallback_exact=0
[17/1000] numerical=3.700157480 shared_exact=True fallback_exact=0
[18/1000] numerical=3.409546704 shared_exact=True fallback_exact=0
[19/1000] numerical=3.421656720 shared_exact=True fallback_exact=0
[20/1000] numerical=2.864515299 shared_exact=True fallback_exact=0
[21/1000] numerical=3.704106568 shared_exact=True fallback_exact=0
[22/1000] numerical=3.447465086 shared_exact=True fallback_exact=0
[23/1000] numerical=3.568316642 shared_exact=True fallback_exact=0
[24/1000] numerical=2.952329484 shared_exact=True fallback_exact=0
[25/1000] numerical=3.827080376 shared_exact=True fallback_exact=0
[26/1000] numerical=3.637166411 shared_exact=True fallback_exact=0
[27/1000] numerical=2.602878008 shared_exact=True fallback_exact=0
[28/1000] numerical=3.172680496 shared_exact=True fallback_exact=0
[29/1000] numerical=2.151818474 shared_exact=True fallback_exact=0
[30/1000] numerical=2.867302054 shared_exact=True fallback_exact=0
[31/1000] numerical=2.095789607 shared_exact=True fallback_exact=0
[32/1000] numerical=3.152294679 shared_exact=True fallback_exact=0
[33/1000] numerical=2.834422753 shared_exact=True fallback_exact=0
[34/1000] numerical=2.649239348 shared_exact=True fallback_exact=0
[35/1000] numerical=3.177779296 shared_exact=True fallback_exact=0
[36/1000] numerical=3.163209774 shared_exact=True fallback_exact=0
[37/1000] numerical=3.189341273 shared_exact=True fallback_exact=0
[38/1000] numerical=2.877789668 shared_exact=True fallback_exact=0
[39/1000] numerical=2.679922070 shared_exact=True fallback_exact=0
[40/1000] numerical=1.635211166 shared_exact=True fallback_exact=0
[41/1000] numerical=2.694930423 shared_exact=True fallback_exact=0
[42/1000] numerical=2.899119439 shared_exact=True fallback_exact=0
[43/1000] numerical=2.872972384 shared_exact=True fallback_exact=0
[44/1000] numerical=2.684870226 shared_exact=True fallback_exact=0
[45/1000] numerical=2.685380947 shared_exact=True fallback_exact=0
[46/1000] numerical=2.592261839 shared_exact=True fallback_exact=0
[47/1000] numerical=2.482713160 shared_exact=True fallback_exact=0
[48/1000] numerical=2.260694118 shared_exact=True fallback_exact=0
[49/1000] numerical=1.166908829 shared_exact=True fallback_exact=0
[50/1000] numerical=3.035703997 shared_exact=True fallback_exact=0
[51/1000] numerical=2.758668853 shared_exact=True fallback_exact=0
[52/1000] numerical=2.931452800 shared_exact=True fallback_exact=0
[53/1000] numerical=2.256439849 shared_exact=True fallback_exact=0
[54/1000] numerical=3.047399044 shared_exact=True fallback_exact=0
[55/1000] numerical=3.387155031 shared_exact=True fallback_exact=0
[56/1000] numerical=2.715249392 shared_exact=True fallback_exact=0
[57/1000] numerical=3.324745759 shared_exact=True fallback_exact=0
[58/1000] numerical=3.110689503 shared_exact=True fallback_exact=0
[59/1000] numerical=2.016573629 shared_exact=True fallback_exact=0
[60/1000] numerical=3.373388596 shared_exact=True fallback_exact=0
[61/1000] numerical=3.330254892 shared_exact=True fallback_exact=0
[62/1000] numerical=3.141155383 shared_exact=True fallback_exact=0
[63/1000] numerical=2.975775212 shared_exact=True fallback_exact=0
[64/1000] numerical=3.489118179 shared_exact=True fallback_exact=0
[65/1000] numerical=3.207520622 shared_exact=True fallback_exact=0
[66/1000] numerical=3.348314972 shared_exact=True fallback_exact=0
[67/1000] numerical=3.074778900 shared_exact=True fallback_exact=0
[68/1000] numerical=3.352876641 shared_exact=True fallback_exact=0
[69/1000] numerical=3.221599803 shared_exact=True fallback_exact=0
[70/1000] numerical=3.183110066 shared_exact=True fallback_exact=0
[71/1000] numerical=2.352993112 shared_exact=True fallback_exact=0
[72/1000] numerical=3.145449664 shared_exact=True fallback_exact=0
[73/1000] numerical=3.317886453 shared_exact=True fallback_exact=0
[74/1000] numerical=3.168095251 shared_exact=True fallback_exact=0
[75/1000] numerical=3.748064232 shared_exact=True fallback_exact=0
[76/1000] numerical=3.387353848 shared_exact=True fallback_exact=0
[77/1000] numerical=3.576285629 shared_exact=True fallback_exact=0
[78/1000] numerical=3.451718020 shared_exact=True fallback_exact=0
[79/1000] numerical=2.531361565 shared_exact=True fallback_exact=0
[80/1000] numerical=3.507934013 shared_exact=True fallback_exact=0
[81/1000] numerical=3.400796594 shared_exact=True fallback_exact=0
[82/1000] numerical=3.444423198 shared_exact=True fallback_exact=0
[83/1000] numerical=3.172332698 shared_exact=True fallback_exact=0
[84/1000] numerical=2.976108585 shared_exact=True fallback_exact=0
[85/1000] numerical=1.934100020 shared_exact=True fallback_exact=0
[86/1000] numerical=3.039564196 shared_exact=True fallback_exact=0
[87/1000] numerical=2.860017803 shared_exact=True fallback_exact=0
[88/1000] numerical=3.329743449 shared_exact=True fallback_exact=0
[89/1000] numerical=3.230465387 shared_exact=True fallback_exact=0
[90/1000] numerical=3.178861031 shared_exact=True fallback_exact=0
[91/1000] numerical=2.334499799 shared_exact=True fallback_exact=0
[92/1000] numerical=3.106201504 shared_exact=True fallback_exact=0
[93/1000] numerical=3.407055865 shared_exact=True fallback_exact=0
[94/1000] numerical=3.306816495 shared_exact=True fallback_exact=0
[95/1000] numerical=2.414758920 shared_exact=True fallback_exact=0
[96/1000] numerical=3.069808078 shared_exact=True fallback_exact=0
[97/1000] numerical=2.862814899 shared_exact=True fallback_exact=0
[98/1000] numerical=1.799685263 shared_exact=True fallback_exact=0
[99/1000] numerical=2.884720905 shared_exact=True fallback_exact=0
[100/1000] numerical=3.328769391 shared_exact=True fallback_exact=0
[101/1000] numerical=3.093589815 shared_exact=True fallback_exact=0
[102/1000] numerical=2.692712909 shared_exact=True fallback_exact=0
[103/1000] numerical=1.969857451 shared_exact=True fallback_exact=0
[104/1000] numerical=1.887007257 shared_exact=True fallback_exact=0
[105/1000] numerical=1.129836389 shared_exact=True fallback_exact=0
[106/1000] numerical=2.025794788 shared_exact=True fallback_exact=0
[107/1000] numerical=2.673134125 shared_exact=True fallback_exact=0
[108/1000] numerical=2.843797652 shared_exact=True fallback_exact=0
[109/1000] numerical=2.434275867 shared_exact=True fallback_exact=0
[110/1000] numerical=2.674366541 shared_exact=True fallback_exact=0
[111/1000] numerical=2.885258679 shared_exact=True fallback_exact=0
[112/1000] numerical=2.470934494 shared_exact=True fallback_exact=0
[113/1000] numerical=2.793791903 shared_exact=True fallback_exact=0
[114/1000] numerical=2.556734150 shared_exact=True fallback_exact=0
[115/1000] numerical=1.427996045 shared_exact=True fallback_exact=0
[116/1000] numerical=3.750776974 shared_exact=True fallback_exact=0
[117/1000] numerical=3.761242571 shared_exact=True fallback_exact=0
[118/1000] numerical=3.869992990 shared_exact=True fallback_exact=0
[119/1000] numerical=3.870534011 shared_exact=True fallback_exact=0
[120/1000] numerical=3.750827055 shared_exact=True fallback_exact=0
[121/1000] numerical=3.876923205 shared_exact=True fallback_exact=0
[122/1000] numerical=3.699421223 shared_exact=True fallback_exact=0
[123/1000] numerical=2.663388583 shared_exact=True fallback_exact=0
[124/1000] numerical=2.789928338 shared_exact=True fallback_exact=0
[125/1000] numerical=1.682988203 shared_exact=True fallback_exact=0
[126/1000] numerical=3.699952409 shared_exact=True fallback_exact=0
[127/1000] numerical=3.912318751 shared_exact=True fallback_exact=0
[128/1000] numerical=3.905305257 shared_exact=True fallback_exact=0
[129/1000] numerical=3.866711751 shared_exact=True fallback_exact=0
[130/1000] numerical=3.937878245 shared_exact=True fallback_exact=0
[131/1000] numerical=3.837457710 shared_exact=True fallback_exact=0
[132/1000] numerical=2.932429103 shared_exact=True fallback_exact=0
[133/1000] numerical=3.125544009 shared_exact=True fallback_exact=0
[134/1000] numerical=2.288323266 shared_exact=True fallback_exact=0
[135/1000] numerical=2.914528818 shared_exact=True fallback_exact=0
[136/1000] numerical=3.855172119 shared_exact=True fallback_exact=0
[137/1000] numerical=3.954938916 shared_exact=True fallback_exact=0
[138/1000] numerical=3.699952201 shared_exact=True fallback_exact=0
[139/1000] numerical=3.966591101 shared_exact=True fallback_exact=0
[140/1000] numerical=3.803543984 shared_exact=True fallback_exact=0
[141/1000] numerical=2.793246185 shared_exact=True fallback_exact=0
[142/1000] numerical=3.786550513 shared_exact=True fallback_exact=0
[143/1000] numerical=3.755871401 shared_exact=True fallback_exact=0
[144/1000] numerical=2.949108012 shared_exact=True fallback_exact=0
[145/1000] numerical=3.912319922 shared_exact=True fallback_exact=0
[146/1000] numerical=3.662758714 shared_exact=True fallback_exact=0
[147/1000] numerical=3.868432892 shared_exact=True fallback_exact=0
[148/1000] numerical=3.204146336 shared_exact=True fallback_exact=0
[149/1000] numerical=3.905317850 shared_exact=True fallback_exact=0
[150/1000] numerical=3.790733683 shared_exact=True fallback_exact=0
[151/1000] numerical=4.029779954 shared_exact=True fallback_exact=0
[152/1000] numerical=3.383144945 shared_exact=True fallback_exact=0
[153/1000] numerical=3.937877371 shared_exact=True fallback_exact=0
[154/1000] numerical=3.837457720 shared_exact=True fallback_exact=0
[155/1000] numerical=2.932429103 shared_exact=True fallback_exact=0
[156/1000] numerical=3.316569881 shared_exact=True fallback_exact=0
[157/1000] numerical=3.990027479 shared_exact=True fallback_exact=0
[158/1000] numerical=3.891118631 shared_exact=True fallback_exact=0
[159/1000] numerical=3.225470936 shared_exact=True fallback_exact=0
[160/1000] numerical=2.988464475 shared_exact=True fallback_exact=0
[161/1000] numerical=2.893060203 shared_exact=True fallback_exact=0
[162/1000] numerical=1.814564499 shared_exact=True fallback_exact=0
[163/1000] numerical=2.944426352 shared_exact=True fallback_exact=0
[164/1000] numerical=3.061059897 shared_exact=True fallback_exact=0
[165/1000] numerical=2.456611783 shared_exact=True fallback_exact=0
[166/1000] numerical=3.235975889 shared_exact=True fallback_exact=0
[167/1000] numerical=2.639031869 shared_exact=True fallback_exact=0
[168/1000] numerical=3.125544009 shared_exact=True fallback_exact=0
[169/1000] numerical=2.288323266 shared_exact=True fallback_exact=0
[170/1000] numerical=3.189578520 shared_exact=True fallback_exact=0
[171/1000] numerical=3.150414522 shared_exact=True fallback_exact=0
[172/1000] numerical=2.382019210 shared_exact=True fallback_exact=0
[173/1000] numerical=2.317966358 shared_exact=True fallback_exact=0
[174/1000] numerical=3.193093708 shared_exact=True fallback_exact=0
[175/1000] numerical=2.160152207 shared_exact=True fallback_exact=0
[176/1000] numerical=2.256582719 shared_exact=True fallback_exact=0
[177/1000] numerical=3.354869614 shared_exact=True fallback_exact=0
[178/1000] numerical=2.448854303 shared_exact=True fallback_exact=0
[179/1000] numerical=2.656280519 shared_exact=True fallback_exact=0
[180/1000] numerical=3.407802565 shared_exact=True fallback_exact=0
[181/1000] numerical=2.401896778 shared_exact=True fallback_exact=0
[182/1000] numerical=3.304846837 shared_exact=True fallback_exact=0
[183/1000] numerical=3.372750190 shared_exact=True fallback_exact=0
[184/1000] numerical=2.712251430 shared_exact=True fallback_exact=0
[185/1000] numerical=3.642973764 shared_exact=True fallback_exact=0
[186/1000] numerical=2.995782850 shared_exact=True fallback_exact=0
[187/1000] numerical=3.354869614 shared_exact=True fallback_exact=0
[188/1000] numerical=2.448854303 shared_exact=True fallback_exact=0
[189/1000] numerical=3.571065794 shared_exact=True fallback_exact=0
[190/1000] numerical=3.472940011 shared_exact=True fallback_exact=0
[191/1000] numerical=2.806088277 shared_exact=True fallback_exact=0
[192/1000] numerical=2.571607352 shared_exact=True fallback_exact=0
[193/1000] numerical=2.511656537 shared_exact=True fallback_exact=0
[194/1000] numerical=2.543111478 shared_exact=True fallback_exact=0
[195/1000] numerical=2.857091557 shared_exact=True fallback_exact=0
[196/1000] numerical=2.656280519 shared_exact=True fallback_exact=0
[197/1000] numerical=2.752235294 shared_exact=True fallback_exact=0
[198/1000] numerical=2.715711898 shared_exact=True fallback_exact=0
[199/1000] numerical=1.886184303 shared_exact=True fallback_exact=0
[200/1000] numerical=2.116729276 shared_exact=True fallback_exact=0
[201/1000] numerical=2.324293389 shared_exact=True fallback_exact=0
[202/1000] numerical=2.605960072 shared_exact=True fallback_exact=0
[203/1000] numerical=2.324721979 shared_exact=True fallback_exact=0
[204/1000] numerical=2.858841647 shared_exact=True fallback_exact=0
[205/1000] numerical=2.324293389 shared_exact=True fallback_exact=0
[206/1000] numerical=2.719278227 shared_exact=True fallback_exact=0
[207/1000] numerical=2.622786847 shared_exact=True fallback_exact=0
[208/1000] numerical=1.724716670 shared_exact=True fallback_exact=0
[209/1000] numerical=1.826873744 shared_exact=True fallback_exact=0
[210/1000] numerical=1.741940965 shared_exact=True fallback_exact=0
[211/1000] numerical=2.953297206 shared_exact=True fallback_exact=0
[212/1000] numerical=3.134829466 shared_exact=True fallback_exact=0
[213/1000] numerical=2.698432730 shared_exact=True fallback_exact=0
[214/1000] numerical=2.927182963 shared_exact=True fallback_exact=0
[215/1000] numerical=2.692026197 shared_exact=True fallback_exact=0
[216/1000] numerical=3.424254791 shared_exact=True fallback_exact=0
[217/1000] numerical=3.108198229 shared_exact=True fallback_exact=0
[218/1000] numerical=3.066430988 shared_exact=True fallback_exact=0
[219/1000] numerical=2.942055973 shared_exact=True fallback_exact=0
[220/1000] numerical=1.772508548 shared_exact=True fallback_exact=0
[221/1000] numerical=2.107705840 shared_exact=True fallback_exact=0
[222/1000] numerical=2.599835298 shared_exact=True fallback_exact=0
[223/1000] numerical=2.069047474 shared_exact=True fallback_exact=0
[224/1000] numerical=1.875090718 shared_exact=True fallback_exact=0
[225/1000] numerical=2.600550812 shared_exact=True fallback_exact=0
[226/1000] numerical=2.444538862 shared_exact=True fallback_exact=0
[227/1000] numerical=2.135952230 shared_exact=True fallback_exact=0
[228/1000] numerical=1.899841189 shared_exact=True fallback_exact=0
[229/1000] numerical=1.835380527 shared_exact=True fallback_exact=0
[230/1000] numerical=1.796220788 shared_exact=True fallback_exact=0
[231/1000] numerical=1.394869970 shared_exact=True fallback_exact=0
[232/1000] numerical=1.143074658 shared_exact=True fallback_exact=0
[233/1000] numerical=3.028559014 shared_exact=True fallback_exact=0
[234/1000] numerical=2.978551390 shared_exact=True fallback_exact=0
[235/1000] numerical=2.683048600 shared_exact=True fallback_exact=0
[236/1000] numerical=2.434386265 shared_exact=True fallback_exact=0
[237/1000] numerical=2.666077151 shared_exact=True fallback_exact=0
[238/1000] numerical=3.247530277 shared_exact=True fallback_exact=0
[239/1000] numerical=2.876215801 shared_exact=True fallback_exact=0
[240/1000] numerical=2.755154428 shared_exact=True fallback_exact=0
[241/1000] numerical=1.904364712 shared_exact=True fallback_exact=0
[242/1000] numerical=2.793313675 shared_exact=True fallback_exact=0
[243/1000] numerical=2.242381284 shared_exact=True fallback_exact=0
[244/1000] numerical=2.130534039 shared_exact=True fallback_exact=0
[245/1000] numerical=3.083378729 shared_exact=True fallback_exact=0
[246/1000] numerical=3.662151809 shared_exact=True fallback_exact=0
[247/1000] numerical=3.313791343 shared_exact=True fallback_exact=0
[248/1000] numerical=3.165780953 shared_exact=True fallback_exact=0
[249/1000] numerical=2.375168547 shared_exact=True fallback_exact=0
[250/1000] numerical=2.576690271 shared_exact=True fallback_exact=0
[251/1000] numerical=2.215176068 shared_exact=True fallback_exact=0
[252/1000] numerical=2.057213176 shared_exact=True fallback_exact=0
[253/1000] numerical=3.162167676 shared_exact=True fallback_exact=0
[254/1000] numerical=2.735238960 shared_exact=True fallback_exact=0
[255/1000] numerical=2.696471724 shared_exact=True fallback_exact=0
[256/1000] numerical=1.888627703 shared_exact=True fallback_exact=0
[257/1000] numerical=2.776779651 shared_exact=True fallback_exact=0
[258/1000] numerical=3.103978048 shared_exact=True fallback_exact=0
[259/1000] numerical=3.095830989 shared_exact=True fallback_exact=0
[260/1000] numerical=2.307518228 shared_exact=True fallback_exact=0
[261/1000] numerical=3.062759440 shared_exact=True fallback_exact=0
[262/1000] numerical=2.869603860 shared_exact=True fallback_exact=0
[263/1000] numerical=2.078634860 shared_exact=True fallback_exact=0
[264/1000] numerical=2.624012478 shared_exact=True fallback_exact=0
[265/1000] numerical=2.458330378 shared_exact=True fallback_exact=0
[266/1000] numerical=1.929390886 shared_exact=True fallback_exact=0
[267/1000] numerical=1.491997480 shared_exact=True fallback_exact=0
[268/1000] numerical=3.171378038 shared_exact=True fallback_exact=0
[269/1000] numerical=3.966958580 shared_exact=True fallback_exact=0
[270/1000] numerical=3.762680085 shared_exact=True fallback_exact=0
[271/1000] numerical=3.115665714 shared_exact=True fallback_exact=0
[272/1000] numerical=3.269652332 shared_exact=True fallback_exact=0
[273/1000] numerical=3.175091032 shared_exact=True fallback_exact=0
[274/1000] numerical=2.511245178 shared_exact=True fallback_exact=0
[275/1000] numerical=3.661604405 shared_exact=True fallback_exact=0
[276/1000] numerical=3.827577091 shared_exact=True fallback_exact=0
[277/1000] numerical=3.336685705 shared_exact=True fallback_exact=0
[278/1000] numerical=4.279338370 shared_exact=True fallback_exact=0
[279/1000] numerical=3.377523242 shared_exact=True fallback_exact=0
[280/1000] numerical=3.055772687 shared_exact=True fallback_exact=0
[281/1000] numerical=3.405082791 shared_exact=True fallback_exact=0
[282/1000] numerical=3.150769567 shared_exact=True fallback_exact=0
[283/1000] numerical=2.881193481 shared_exact=True fallback_exact=0
[284/1000] numerical=3.368531754 shared_exact=True fallback_exact=0
[285/1000] numerical=3.646468118 shared_exact=True fallback_exact=0
[286/1000] numerical=3.838770252 shared_exact=True fallback_exact=0
[287/1000] numerical=3.263505328 shared_exact=True fallback_exact=0
[288/1000] numerical=3.597149846 shared_exact=True fallback_exact=0
[289/1000] numerical=3.214996283 shared_exact=True fallback_exact=0
[290/1000] numerical=3.092809069 shared_exact=True fallback_exact=0
[291/1000] numerical=4.003049192 shared_exact=True fallback_exact=0
[292/1000] numerical=2.945420484 shared_exact=True fallback_exact=0
[293/1000] numerical=3.787644892 shared_exact=True fallback_exact=0
[294/1000] numerical=3.322326941 shared_exact=True fallback_exact=0
[295/1000] numerical=3.235827147 shared_exact=True fallback_exact=0
[296/1000] numerical=3.076487570 shared_exact=True fallback_exact=0
[297/1000] numerical=3.838786294 shared_exact=True fallback_exact=0
[298/1000] numerical=2.563290730 shared_exact=True fallback_exact=0
[299/1000] numerical=3.496466543 shared_exact=True fallback_exact=0
[300/1000] numerical=3.432950583 shared_exact=True fallback_exact=0
[301/1000] numerical=3.385503074 shared_exact=True fallback_exact=0
[302/1000] numerical=2.961175537 shared_exact=True fallback_exact=0
[303/1000] numerical=3.849555994 shared_exact=True fallback_exact=0
[304/1000] numerical=3.370557163 shared_exact=True fallback_exact=0
[305/1000] numerical=3.589274642 shared_exact=True fallback_exact=0
[306/1000] numerical=3.035920443 shared_exact=True fallback_exact=0
[307/1000] numerical=3.353360532 shared_exact=True fallback_exact=0
[308/1000] numerical=2.863861277 shared_exact=True fallback_exact=0
[309/1000] numerical=2.771437475 shared_exact=True fallback_exact=0
[310/1000] numerical=3.284878588 shared_exact=True fallback_exact=0
[311/1000] numerical=2.926488413 shared_exact=True fallback_exact=0
[312/1000] numerical=2.278903809 shared_exact=True fallback_exact=0
[313/1000] numerical=2.792319806 shared_exact=True fallback_exact=0
[314/1000] numerical=3.197358932 shared_exact=True fallback_exact=0
[315/1000] numerical=2.684331613 shared_exact=True fallback_exact=0
[316/1000] numerical=2.863915987 shared_exact=True fallback_exact=0
[317/1000] numerical=2.286297053 shared_exact=True fallback_exact=0
[318/1000] numerical=2.945692233 shared_exact=True fallback_exact=0
[319/1000] numerical=2.992591979 shared_exact=True fallback_exact=0
[320/1000] numerical=3.516084797 shared_exact=True fallback_exact=0
[321/1000] numerical=3.079227534 shared_exact=True fallback_exact=0
[322/1000] numerical=2.872726095 shared_exact=True fallback_exact=0
[323/1000] numerical=3.811532451 shared_exact=True fallback_exact=0
[324/1000] numerical=3.072123616 shared_exact=True fallback_exact=0
[325/1000] numerical=3.211604789 shared_exact=True fallback_exact=0
[326/1000] numerical=2.609250266 shared_exact=True fallback_exact=0
[327/1000] numerical=3.022739024 shared_exact=True fallback_exact=0
[328/1000] numerical=2.414427714 shared_exact=True fallback_exact=0
[329/1000] numerical=2.336157852 shared_exact=True fallback_exact=0
[330/1000] numerical=3.300214543 shared_exact=True fallback_exact=0
[331/1000] numerical=2.444200925 shared_exact=True fallback_exact=0
[332/1000] numerical=2.573114913 shared_exact=True fallback_exact=0
[333/1000] numerical=1.963796449 shared_exact=True fallback_exact=0
[334/1000] numerical=2.931840343 shared_exact=True fallback_exact=0
[335/1000] numerical=3.011087318 shared_exact=True fallback_exact=0
[336/1000] numerical=2.814804030 shared_exact=True fallback_exact=0
[337/1000] numerical=3.362195753 shared_exact=True fallback_exact=0
[338/1000] numerical=2.558393442 shared_exact=True fallback_exact=0
[339/1000] numerical=3.950082743 shared_exact=True fallback_exact=0
[340/1000] numerical=3.508770236 shared_exact=True fallback_exact=0
[341/1000] numerical=3.528640176 shared_exact=True fallback_exact=0
[342/1000] numerical=4.249499109 shared_exact=True fallback_exact=0
[343/1000] numerical=3.648971629 shared_exact=True fallback_exact=0
[344/1000] numerical=3.791935539 shared_exact=True fallback_exact=0
[345/1000] numerical=3.190901349 shared_exact=True fallback_exact=0
[346/1000] numerical=2.898107049 shared_exact=True fallback_exact=0
[347/1000] numerical=2.267804254 shared_exact=True fallback_exact=0
[348/1000] numerical=3.198197924 shared_exact=True fallback_exact=0
[349/1000] numerical=2.802426929 shared_exact=True fallback_exact=0
[350/1000] numerical=2.858539346 shared_exact=True fallback_exact=0
[351/1000] numerical=2.479018428 shared_exact=True fallback_exact=0
[352/1000] numerical=3.191878950 shared_exact=True fallback_exact=0
[353/1000] numerical=3.221883185 shared_exact=True fallback_exact=0
[354/1000] numerical=3.070979000 shared_exact=True fallback_exact=0
[355/1000] numerical=3.321915173 shared_exact=True fallback_exact=0
[356/1000] numerical=2.784547228 shared_exact=True fallback_exact=0
[357/1000] numerical=2.195461092 shared_exact=True fallback_exact=0
[358/1000] numerical=2.352629697 shared_exact=True fallback_exact=0
[359/1000] numerical=1.697438716 shared_exact=True fallback_exact=0
[360/1000] numerical=2.690618067 shared_exact=True fallback_exact=0
[361/1000] numerical=2.537536581 shared_exact=True fallback_exact=0
[362/1000] numerical=2.441452709 shared_exact=True fallback_exact=0
[363/1000] numerical=2.685639821 shared_exact=True fallback_exact=0
[364/1000] numerical=2.145287149 shared_exact=True fallback_exact=0
[365/1000] numerical=2.668753695 shared_exact=True fallback_exact=0
[366/1000] numerical=3.330190573 shared_exact=True fallback_exact=0
[367/1000] numerical=3.482529487 shared_exact=True fallback_exact=0
[368/1000] numerical=2.928559892 shared_exact=True fallback_exact=0
[369/1000] numerical=3.737500527 shared_exact=True fallback_exact=0
[370/1000] numerical=3.663063502 shared_exact=True fallback_exact=0
[371/1000] numerical=3.646914807 shared_exact=True fallback_exact=0
[372/1000] numerical=3.871498281 shared_exact=True fallback_exact=0
[373/1000] numerical=3.319479875 shared_exact=True fallback_exact=0
[374/1000] numerical=3.066747856 shared_exact=True fallback_exact=0
[375/1000] numerical=2.492307757 shared_exact=True fallback_exact=0
[376/1000] numerical=2.604275090 shared_exact=True fallback_exact=0
[377/1000] numerical=3.442468537 shared_exact=True fallback_exact=0
[378/1000] numerical=2.677828267 shared_exact=True fallback_exact=0
[379/1000] numerical=2.873729949 shared_exact=True fallback_exact=0
[380/1000] numerical=2.306573402 shared_exact=True fallback_exact=0
[381/1000] numerical=2.981931753 shared_exact=True fallback_exact=0
[382/1000] numerical=3.124423587 shared_exact=True fallback_exact=0
[383/1000] numerical=3.511577467 shared_exact=True fallback_exact=0
[384/1000] numerical=3.009227736 shared_exact=True fallback_exact=0
[385/1000] numerical=3.125552767 shared_exact=True fallback_exact=0
[386/1000] numerical=2.468418724 shared_exact=True fallback_exact=0
[387/1000] numerical=2.862237375 shared_exact=True fallback_exact=0
[388/1000] numerical=2.382679410 shared_exact=True fallback_exact=0
[389/1000] numerical=2.885095931 shared_exact=True fallback_exact=0
[390/1000] numerical=2.714434981 shared_exact=True fallback_exact=0
[391/1000] numerical=3.148785788 shared_exact=True fallback_exact=0
[392/1000] numerical=2.685285765 shared_exact=True fallback_exact=0
[393/1000] numerical=3.646484311 shared_exact=True fallback_exact=0
[394/1000] numerical=3.846950925 shared_exact=True fallback_exact=0
[395/1000] numerical=3.278229012 shared_exact=True fallback_exact=0
[396/1000] numerical=2.479552325 shared_exact=True fallback_exact=0
[397/1000] numerical=3.132093776 shared_exact=True fallback_exact=0
[398/1000] numerical=3.320770519 shared_exact=True fallback_exact=0
[399/1000] numerical=2.231953215 shared_exact=True fallback_exact=0
[400/1000] numerical=2.749481808 shared_exact=True fallback_exact=0
[401/1000] numerical=3.088801065 shared_exact=True fallback_exact=0
[402/1000] numerical=3.315895312 shared_exact=True fallback_exact=0
[403/1000] numerical=3.101381230 shared_exact=True fallback_exact=0
[404/1000] numerical=3.151752664 shared_exact=True fallback_exact=0
[405/1000] numerical=2.934607107 shared_exact=True fallback_exact=0
[406/1000] numerical=3.160265357 shared_exact=True fallback_exact=0
[407/1000] numerical=2.831301899 shared_exact=True fallback_exact=0
[408/1000] numerical=2.666104188 shared_exact=True fallback_exact=0
[409/1000] numerical=1.661348148 shared_exact=True fallback_exact=0
[410/1000] numerical=3.472043507 shared_exact=True fallback_exact=0
[411/1000] numerical=3.257448153 shared_exact=True fallback_exact=0
[412/1000] numerical=2.639544606 shared_exact=True fallback_exact=0
[413/1000] numerical=3.670380277 shared_exact=True fallback_exact=0
[414/1000] numerical=3.007208382 shared_exact=True fallback_exact=0
[415/1000] numerical=3.267878951 shared_exact=True fallback_exact=0
[416/1000] numerical=3.395684551 shared_exact=True fallback_exact=0
[417/1000] numerical=3.338418967 shared_exact=True fallback_exact=0
[418/1000] numerical=2.482059670 shared_exact=True fallback_exact=0
[419/1000] numerical=2.912926392 shared_exact=True fallback_exact=0
[420/1000] numerical=3.245251856 shared_exact=True fallback_exact=0
[421/1000] numerical=2.554921624 shared_exact=True fallback_exact=0
[422/1000] numerical=3.167717657 shared_exact=True fallback_exact=0
[423/1000] numerical=3.031086797 shared_exact=True fallback_exact=0
[424/1000] numerical=2.465242133 shared_exact=True fallback_exact=0
[425/1000] numerical=2.893197711 shared_exact=True fallback_exact=0
[426/1000] numerical=2.791131761 shared_exact=True fallback_exact=0
[427/1000] numerical=2.747399413 shared_exact=True fallback_exact=0
[428/1000] numerical=1.913393252 shared_exact=True fallback_exact=0
[429/1000] numerical=1.818204084 shared_exact=True fallback_exact=0
[430/1000] numerical=2.617031841 shared_exact=True fallback_exact=0
[431/1000] numerical=1.988087177 shared_exact=True fallback_exact=0
[432/1000] numerical=3.259532687 shared_exact=True fallback_exact=0
[433/1000] numerical=3.076616561 shared_exact=True fallback_exact=0
[434/1000] numerical=3.156930794 shared_exact=True fallback_exact=0
[435/1000] numerical=2.837970605 shared_exact=True fallback_exact=0
[436/1000] numerical=3.129194884 shared_exact=True fallback_exact=0
[437/1000] numerical=3.108087366 shared_exact=True fallback_exact=0
[438/1000] numerical=3.345209569 shared_exact=True fallback_exact=0
[439/1000] numerical=2.858350535 shared_exact=True fallback_exact=0
[440/1000] numerical=2.678514111 shared_exact=True fallback_exact=0
[441/1000] numerical=1.653649328 shared_exact=True fallback_exact=0
[442/1000] numerical=2.785208443 shared_exact=True fallback_exact=0
[443/1000] numerical=2.717995594 shared_exact=True fallback_exact=0
[444/1000] numerical=2.527048020 shared_exact=True fallback_exact=0
[445/1000] numerical=2.794767668 shared_exact=True fallback_exact=0
[446/1000] numerical=2.549147351 shared_exact=True fallback_exact=0
[447/1000] numerical=2.737796675 shared_exact=True fallback_exact=0
[448/1000] numerical=2.415969398 shared_exact=True fallback_exact=0
[449/1000] numerical=2.220809789 shared_exact=True fallback_exact=0
[450/1000] numerical=1.165609330 shared_exact=True fallback_exact=0
[451/1000] numerical=2.919026884 shared_exact=True fallback_exact=0
[452/1000] numerical=2.691211701 shared_exact=True fallback_exact=0
[453/1000] numerical=2.913630922 shared_exact=True fallback_exact=0
[454/1000] numerical=2.186152379 shared_exact=True fallback_exact=0
[455/1000] numerical=3.089509541 shared_exact=True fallback_exact=0
[456/1000] numerical=2.724274275 shared_exact=True fallback_exact=0
[457/1000] numerical=3.214458945 shared_exact=True fallback_exact=0
[458/1000] numerical=2.812887093 shared_exact=True fallback_exact=0
[459/1000] numerical=2.740495406 shared_exact=True fallback_exact=0
[460/1000] numerical=1.876227888 shared_exact=True fallback_exact=0
[461/1000] numerical=3.482350068 shared_exact=True fallback_exact=0
[462/1000] numerical=3.661323267 shared_exact=True fallback_exact=0
[463/1000] numerical=3.171681587 shared_exact=True fallback_exact=0
[464/1000] numerical=3.583269489 shared_exact=True fallback_exact=0
[465/1000] numerical=3.529311384 shared_exact=True fallback_exact=0
[466/1000] numerical=3.553075434 shared_exact=True fallback_exact=0
[467/1000] numerical=3.756643405 shared_exact=True fallback_exact=0
[468/1000] numerical=3.133899575 shared_exact=True fallback_exact=0
[469/1000] numerical=3.911964392 shared_exact=True fallback_exact=0
[470/1000] numerical=3.740533426 shared_exact=True fallback_exact=0
[471/1000] numerical=2.701277526 shared_exact=True fallback_exact=0
[472/1000] numerical=3.603472147 shared_exact=True fallback_exact=0
[473/1000] numerical=3.856718143 shared_exact=True fallback_exact=0
[474/1000] numerical=3.413279876 shared_exact=True fallback_exact=0
[475/1000] numerical=3.939071840 shared_exact=True fallback_exact=0
[476/1000] numerical=3.734606193 shared_exact=True fallback_exact=0
[477/1000] numerical=3.684028667 shared_exact=True fallback_exact=0
[478/1000] numerical=3.596708872 shared_exact=True fallback_exact=0
[479/1000] numerical=2.721551939 shared_exact=True fallback_exact=0
[480/1000] numerical=3.611537678 shared_exact=True fallback_exact=0
[481/1000] numerical=3.624709779 shared_exact=True fallback_exact=0
[482/1000] numerical=3.798834659 shared_exact=True fallback_exact=0
[483/1000] numerical=3.385214208 shared_exact=True fallback_exact=0
[484/1000] numerical=3.173405361 shared_exact=True fallback_exact=0
[485/1000] numerical=2.094493359 shared_exact=True fallback_exact=0
[486/1000] numerical=3.652277761 shared_exact=True fallback_exact=0
[487/1000] numerical=3.582613948 shared_exact=True fallback_exact=0
[488/1000] numerical=3.323630788 shared_exact=True fallback_exact=0
[489/1000] numerical=3.697004395 shared_exact=True fallback_exact=0
[490/1000] numerical=3.863635306 shared_exact=True fallback_exact=0
[491/1000] numerical=3.166744687 shared_exact=True fallback_exact=0
[492/1000] numerical=3.842047734 shared_exact=True fallback_exact=0
[493/1000] numerical=3.095884400 shared_exact=True fallback_exact=0
[494/1000] numerical=3.292432471 shared_exact=True fallback_exact=0
[495/1000] numerical=2.639938597 shared_exact=True fallback_exact=0
[496/1000] numerical=3.714957790 shared_exact=True fallback_exact=0
[497/1000] numerical=3.598177778 shared_exact=True fallback_exact=0
[498/1000] numerical=2.687606382 shared_exact=True fallback_exact=0
[499/1000] numerical=2.892667245 shared_exact=True fallback_exact=0
[500/1000] numerical=3.580091615 shared_exact=True fallback_exact=0
checkpoint=/workspace/positive-square-energy/experiments/rank7_order8_chunk_020000_021000.r7o8g.xz.fragments/fragment-020000-020500.r7o8g.xz rows=500
[501/1000] numerical=3.488383411 shared_exact=True fallback_exact=0
[502/1000] numerical=2.807242369 shared_exact=True fallback_exact=0
[503/1000] numerical=2.584840366 shared_exact=True fallback_exact=0
[504/1000] numerical=1.886578132 shared_exact=True fallback_exact=0
[505/1000] numerical=1.119468002 shared_exact=True fallback_exact=0
[506/1000] numerical=1.971058733 shared_exact=True fallback_exact=0
[507/1000] numerical=2.655585464 shared_exact=True fallback_exact=0
[508/1000] numerical=2.814723175 shared_exact=True fallback_exact=0
[509/1000] numerical=2.428051821 shared_exact=True fallback_exact=0
[510/1000] numerical=2.773904819 shared_exact=True fallback_exact=0
[511/1000] numerical=2.436992352 shared_exact=True fallback_exact=0
[512/1000] numerical=2.821490607 shared_exact=True fallback_exact=0
[513/1000] numerical=2.462785811 shared_exact=True fallback_exact=0
[514/1000] numerical=2.355977446 shared_exact=True fallback_exact=0
[515/1000] numerical=1.448680693 shared_exact=True fallback_exact=0
[516/1000] numerical=2.654292019 shared_exact=True fallback_exact=0
[517/1000] numerical=3.321302449 shared_exact=True fallback_exact=0
[518/1000] numerical=2.551367253 shared_exact=True fallback_exact=0
[519/1000] numerical=3.083084737 shared_exact=True fallback_exact=0
[520/1000] numerical=2.690258362 shared_exact=True fallback_exact=0
[521/1000] numerical=3.091281949 shared_exact=True fallback_exact=0
[522/1000] numerical=2.926814640 shared_exact=True fallback_exact=0
[523/1000] numerical=3.445221549 shared_exact=True fallback_exact=0
[524/1000] numerical=2.730293231 shared_exact=True fallback_exact=0
[525/1000] numerical=2.820142005 shared_exact=True fallback_exact=0
[526/1000] numerical=2.808898042 shared_exact=True fallback_exact=0
[527/1000] numerical=3.510701611 shared_exact=True fallback_exact=0
[528/1000] numerical=3.010737665 shared_exact=True fallback_exact=0
[529/1000] numerical=3.201563124 shared_exact=True fallback_exact=0
[530/1000] numerical=3.068180651 shared_exact=True fallback_exact=0
[531/1000] numerical=2.132390213 shared_exact=True fallback_exact=0
[532/1000] numerical=2.428174910 shared_exact=True fallback_exact=0
[533/1000] numerical=2.676286426 shared_exact=True fallback_exact=0
[534/1000] numerical=2.644641392 shared_exact=True fallback_exact=0
[535/1000] numerical=2.843150871 shared_exact=True fallback_exact=0
[536/1000] numerical=2.695314367 shared_exact=True fallback_exact=0
[537/1000] numerical=2.751165632 shared_exact=True fallback_exact=0
[538/1000] numerical=2.587074989 shared_exact=True fallback_exact=0
[539/1000] numerical=2.703873482 shared_exact=True fallback_exact=0
[540/1000] numerical=2.676408906 shared_exact=True fallback_exact=0
[541/1000] numerical=2.478567267 shared_exact=True fallback_exact=0
[542/1000] numerical=2.267858661 shared_exact=True fallback_exact=0
[543/1000] numerical=1.177174162 shared_exact=True fallback_exact=0
[544/1000] numerical=2.715852109 shared_exact=True fallback_exact=0
[545/1000] numerical=2.935841862 shared_exact=True fallback_exact=0
[546/1000] numerical=2.688443742 shared_exact=True fallback_exact=0
[547/1000] numerical=3.011049920 shared_exact=True fallback_exact=0
[548/1000] numerical=2.256627034 shared_exact=True fallback_exact=0
[549/1000] numerical=2.807655661 shared_exact=True fallback_exact=0
[550/1000] numerical=3.469653415 shared_exact=True fallback_exact=0
[551/1000] numerical=3.126404027 shared_exact=True fallback_exact=0
[552/1000] numerical=3.086160229 shared_exact=True fallback_exact=0
[553/1000] numerical=2.953527237 shared_exact=True fallback_exact=0
[554/1000] numerical=2.018785782 shared_exact=True fallback_exact=0
[555/1000] numerical=3.181806567 shared_exact=True fallback_exact=0
[556/1000] numerical=3.308824149 shared_exact=True fallback_exact=0
[557/1000] numerical=2.822536765 shared_exact=True fallback_exact=0
[558/1000] numerical=3.104397645 shared_exact=True fallback_exact=0
[559/1000] numerical=3.018102216 shared_exact=True fallback_exact=0
[560/1000] numerical=2.861728970 shared_exact=True fallback_exact=0
[561/1000] numerical=3.383285232 shared_exact=True fallback_exact=0
[562/1000] numerical=2.821399790 shared_exact=True fallback_exact=0
[563/1000] numerical=3.505236621 shared_exact=True fallback_exact=0
[564/1000] numerical=3.409123327 shared_exact=True fallback_exact=0
[565/1000] numerical=2.505781020 shared_exact=True fallback_exact=0
[566/1000] numerical=3.367412439 shared_exact=True fallback_exact=0
[567/1000] numerical=3.092821201 shared_exact=True fallback_exact=0
[568/1000] numerical=2.934585635 shared_exact=True fallback_exact=0
[569/1000] numerical=2.992123174 shared_exact=True fallback_exact=0
[570/1000] numerical=3.099557859 shared_exact=True fallback_exact=0
[571/1000] numerical=3.086037042 shared_exact=True fallback_exact=0
[572/1000] numerical=3.098781378 shared_exact=True fallback_exact=0
[573/1000] numerical=2.330624460 shared_exact=True fallback_exact=0
[574/1000] numerical=2.911059549 shared_exact=True fallback_exact=0
[575/1000] numerical=3.180707704 shared_exact=True fallback_exact=0
[576/1000] numerical=3.367651792 shared_exact=True fallback_exact=0
[577/1000] numerical=2.892894439 shared_exact=True fallback_exact=0
[578/1000] numerical=2.785282105 shared_exact=True fallback_exact=0
[579/1000] numerical=1.879037385 shared_exact=True fallback_exact=0
[580/1000] numerical=2.697142094 shared_exact=True fallback_exact=0
[581/1000] numerical=2.841573951 shared_exact=True fallback_exact=0
[582/1000] numerical=3.077740605 shared_exact=True fallback_exact=0
[583/1000] numerical=2.252155622 shared_exact=True fallback_exact=0
[584/1000] numerical=2.647598650 shared_exact=True fallback_exact=0
[585/1000] numerical=2.088346452 shared_exact=True fallback_exact=0
[586/1000] numerical=2.610098350 shared_exact=True fallback_exact=0
[587/1000] numerical=2.806420253 shared_exact=True fallback_exact=0
[588/1000] numerical=3.087007725 shared_exact=True fallback_exact=0
[589/1000] numerical=2.486988946 shared_exact=True fallback_exact=0
[590/1000] numerical=2.970305014 shared_exact=True fallback_exact=0
[591/1000] numerical=2.986098142 shared_exact=True fallback_exact=0
[592/1000] numerical=2.219598723 shared_exact=True fallback_exact=0
[593/1000] numerical=2.106625976 shared_exact=True fallback_exact=0
[594/1000] numerical=2.868849045 shared_exact=True fallback_exact=0
[595/1000] numerical=2.863777201 shared_exact=True fallback_exact=0
[596/1000] numerical=2.045316633 shared_exact=True fallback_exact=0
[597/1000] numerical=2.079501996 shared_exact=True fallback_exact=0
[598/1000] numerical=1.116466431 shared_exact=True fallback_exact=0
[599/1000] numerical=2.000306455 shared_exact=True fallback_exact=0
[600/1000] numerical=2.381497838 shared_exact=True fallback_exact=0
[601/1000] numerical=2.455923842 shared_exact=True fallback_exact=0
[602/1000] numerical=2.019856623 shared_exact=True fallback_exact=0
[603/1000] numerical=1.478246659 shared_exact=True fallback_exact=0
[604/1000] numerical=2.291075353 shared_exact=True fallback_exact=0
[605/1000] numerical=2.038876905 shared_exact=True fallback_exact=0
[606/1000] numerical=1.886856398 shared_exact=True fallback_exact=0
[607/1000] numerical=1.866434918 shared_exact=True fallback_exact=0
[608/1000] numerical=1.067078079 shared_exact=True fallback_exact=0
[609/1000] numerical=3.883335634 shared_exact=True fallback_exact=0
[610/1000] numerical=3.394647298 shared_exact=True fallback_exact=0
[611/1000] numerical=3.272985823 shared_exact=True fallback_exact=0
[612/1000] numerical=4.118476958 shared_exact=True fallback_exact=0
[613/1000] numerical=3.241488648 shared_exact=True fallback_exact=0
[614/1000] numerical=3.671188710 shared_exact=True fallback_exact=0
[615/1000] numerical=4.118151084 shared_exact=True fallback_exact=0
[616/1000] numerical=3.241484130 shared_exact=True fallback_exact=0
[617/1000] numerical=3.671260015 shared_exact=True fallback_exact=0
[618/1000] numerical=2.612621613 shared_exact=True fallback_exact=0
[619/1000] numerical=4.641406552 shared_exact=True fallback_exact=0
[620/1000] numerical=4.349145761 shared_exact=True fallback_exact=0
[621/1000] numerical=3.844332382 shared_exact=True fallback_exact=0
[622/1000] numerical=4.018410201 shared_exact=True fallback_exact=0
[623/1000] numerical=4.240901636 shared_exact=True fallback_exact=0
[624/1000] numerical=4.173344829 shared_exact=True fallback_exact=0
[625/1000] numerical=3.301202083 shared_exact=True fallback_exact=0
[626/1000] numerical=3.715353127 shared_exact=True fallback_exact=0
[627/1000] numerical=3.151791865 shared_exact=True fallback_exact=0
[628/1000] numerical=3.151740797 shared_exact=True fallback_exact=0
[629/1000] numerical=3.753523805 shared_exact=True fallback_exact=0
[630/1000] numerical=3.003775944 shared_exact=True fallback_exact=0
[631/1000] numerical=4.352386002 shared_exact=True fallback_exact=0
[632/1000] numerical=4.060049311 shared_exact=True fallback_exact=0
[633/1000] numerical=3.551976342 shared_exact=True fallback_exact=0
[634/1000] numerical=3.729269690 shared_exact=True fallback_exact=0
[635/1000] numerical=3.948627433 shared_exact=True fallback_exact=0
[636/1000] numerical=3.881895862 shared_exact=True fallback_exact=0
[637/1000] numerical=3.010960057 shared_exact=True fallback_exact=0
[638/1000] numerical=3.344374127 shared_exact=True fallback_exact=0
[639/1000] numerical=2.622177513 shared_exact=True fallback_exact=0
[640/1000] numerical=3.403720129 shared_exact=True fallback_exact=0
[641/1000] numerical=3.101312895 shared_exact=True fallback_exact=0
[642/1000] numerical=3.151297065 shared_exact=True fallback_exact=0
[643/1000] numerical=2.853344020 shared_exact=True fallback_exact=0
[644/1000] numerical=3.528868530 shared_exact=True fallback_exact=0
[645/1000] numerical=3.356208307 shared_exact=True fallback_exact=0
[646/1000] numerical=2.346435432 shared_exact=True fallback_exact=0
[647/1000] numerical=3.850422000 shared_exact=True fallback_exact=0
[648/1000] numerical=3.548729597 shared_exact=True fallback_exact=0
[649/1000] numerical=3.514951040 shared_exact=True fallback_exact=0
[650/1000] numerical=3.291545373 shared_exact=True fallback_exact=0
[651/1000] numerical=3.893043751 shared_exact=True fallback_exact=0
[652/1000] numerical=3.727708734 shared_exact=True fallback_exact=0
[653/1000] numerical=2.737772503 shared_exact=True fallback_exact=0
[654/1000] numerical=4.352386002 shared_exact=True fallback_exact=0
[655/1000] numerical=4.060049311 shared_exact=True fallback_exact=0
[656/1000] numerical=3.552033587 shared_exact=True fallback_exact=0
[657/1000] numerical=3.729265043 shared_exact=True fallback_exact=0
[658/1000] numerical=3.948627231 shared_exact=True fallback_exact=0
[659/1000] numerical=3.881899050 shared_exact=True fallback_exact=0
[660/1000] numerical=3.010960052 shared_exact=True fallback_exact=0
[661/1000] numerical=3.403713285 shared_exact=True fallback_exact=0
[662/1000] numerical=3.101304376 shared_exact=True fallback_exact=0
[663/1000] numerical=3.151297063 shared_exact=True fallback_exact=0
[664/1000] numerical=2.853343084 shared_exact=True fallback_exact=0
[665/1000] numerical=3.528884974 shared_exact=True fallback_exact=0
[666/1000] numerical=3.355315639 shared_exact=True fallback_exact=0
[667/1000] numerical=2.346435432 shared_exact=True fallback_exact=0
[668/1000] numerical=3.850423933 shared_exact=True fallback_exact=0
[669/1000] numerical=3.548730211 shared_exact=True fallback_exact=0
[670/1000] numerical=3.514951598 shared_exact=True fallback_exact=0
[671/1000] numerical=3.291546503 shared_exact=True fallback_exact=0
[672/1000] numerical=3.893251220 shared_exact=True fallback_exact=0
[673/1000] numerical=3.727791862 shared_exact=True fallback_exact=0
[674/1000] numerical=2.737772503 shared_exact=True fallback_exact=0
[675/1000] numerical=2.665031195 shared_exact=True fallback_exact=0
[676/1000] numerical=2.381677741 shared_exact=True fallback_exact=0
[677/1000] numerical=2.873539005 shared_exact=True fallback_exact=0
[678/1000] numerical=2.137481894 shared_exact=True fallback_exact=0
[679/1000] numerical=3.245332679 shared_exact=True fallback_exact=0
[680/1000] numerical=3.052216516 shared_exact=True fallback_exact=0
[681/1000] numerical=1.963424348 shared_exact=True fallback_exact=0
[682/1000] numerical=4.133501713 shared_exact=True fallback_exact=0
[683/1000] numerical=3.768932614 shared_exact=True fallback_exact=0
[684/1000] numerical=3.657817885 shared_exact=True fallback_exact=0
[685/1000] numerical=4.113018959 shared_exact=True fallback_exact=0
[686/1000] numerical=4.179769624 shared_exact=True fallback_exact=0
[687/1000] numerical=4.226523898 shared_exact=True fallback_exact=0
[688/1000] numerical=3.452596659 shared_exact=True fallback_exact=0
[689/1000] numerical=3.903501884 shared_exact=True fallback_exact=0
[690/1000] numerical=3.942982688 shared_exact=True fallback_exact=0
[691/1000] numerical=3.169189297 shared_exact=True fallback_exact=0
[692/1000] numerical=4.250260752 shared_exact=True fallback_exact=0
[693/1000] numerical=4.422126144 shared_exact=True fallback_exact=0
[694/1000] numerical=3.635658987 shared_exact=True fallback_exact=0
[695/1000] numerical=3.857938940 shared_exact=True fallback_exact=0
[696/1000] numerical=3.698920384 shared_exact=True fallback_exact=0
[697/1000] numerical=2.705634393 shared_exact=True fallback_exact=0
[698/1000] numerical=4.209784917 shared_exact=True fallback_exact=0
[699/1000] numerical=4.794559376 shared_exact=True fallback_exact=0
[700/1000] numerical=4.602457393 shared_exact=True fallback_exact=0
[701/1000] numerical=4.090727254 shared_exact=True fallback_exact=0
[702/1000] numerical=3.515984247 shared_exact=True fallback_exact=0
[703/1000] numerical=3.729025519 shared_exact=True fallback_exact=0
[704/1000] numerical=3.438265268 shared_exact=True fallback_exact=0
[705/1000] numerical=2.825855814 shared_exact=True fallback_exact=0
[706/1000] numerical=3.210034381 shared_exact=True fallback_exact=0
[707/1000] numerical=3.438265169 shared_exact=True fallback_exact=0
[708/1000] numerical=2.825853187 shared_exact=True fallback_exact=0
[709/1000] numerical=3.210035793 shared_exact=True fallback_exact=0
[710/1000] numerical=2.481038794 shared_exact=True fallback_exact=0
[711/1000] numerical=3.740066730 shared_exact=True fallback_exact=0
[712/1000] numerical=3.236488481 shared_exact=True fallback_exact=0
[713/1000] numerical=3.343504610 shared_exact=True fallback_exact=0
[714/1000] numerical=2.677526070 shared_exact=True fallback_exact=0
[715/1000] numerical=4.225978068 shared_exact=True fallback_exact=0
[716/1000] numerical=4.031536900 shared_exact=True fallback_exact=0
[717/1000] numerical=2.998895050 shared_exact=True fallback_exact=0
[718/1000] numerical=3.419071909 shared_exact=True fallback_exact=0
[719/1000] numerical=3.274673889 shared_exact=True fallback_exact=0
[720/1000] numerical=3.274673889 shared_exact=True fallback_exact=0
[721/1000] numerical=3.547047798 shared_exact=True fallback_exact=0
[722/1000] numerical=3.461505845 shared_exact=True fallback_exact=0
[723/1000] numerical=3.252616841 shared_exact=True fallback_exact=0
[724/1000] numerical=3.174023252 shared_exact=True fallback_exact=0
[725/1000] numerical=3.474032538 shared_exact=True fallback_exact=0
[726/1000] numerical=2.998861429 shared_exact=True fallback_exact=0
[727/1000] numerical=3.791053282 shared_exact=True fallback_exact=0
[728/1000] numerical=3.142009833 shared_exact=True fallback_exact=0
[729/1000] numerical=3.325110621 shared_exact=True fallback_exact=0
[730/1000] numerical=3.928697012 shared_exact=True fallback_exact=0
[731/1000] numerical=3.012668511 shared_exact=True fallback_exact=0
[732/1000] numerical=3.496988447 shared_exact=True fallback_exact=0
[733/1000] numerical=3.331368098 shared_exact=True fallback_exact=0
[734/1000] numerical=2.780833680 shared_exact=True fallback_exact=0
[735/1000] numerical=2.949945137 shared_exact=True fallback_exact=0
[736/1000] numerical=3.475468807 shared_exact=True fallback_exact=0
[737/1000] numerical=2.638731598 shared_exact=True fallback_exact=0
[738/1000] numerical=3.163624498 shared_exact=True fallback_exact=0
[739/1000] numerical=3.198479792 shared_exact=True fallback_exact=0
[740/1000] numerical=2.696861065 shared_exact=True fallback_exact=0
[741/1000] numerical=3.255224182 shared_exact=True fallback_exact=0
[742/1000] numerical=2.435556925 shared_exact=True fallback_exact=0
[743/1000] numerical=3.725687246 shared_exact=True fallback_exact=0
[744/1000] numerical=2.707771261 shared_exact=True fallback_exact=0
[745/1000] numerical=3.107562532 shared_exact=True fallback_exact=0
[746/1000] numerical=3.250297614 shared_exact=True fallback_exact=0
[747/1000] numerical=2.206914304 shared_exact=True fallback_exact=0
[748/1000] numerical=2.657642757 shared_exact=True fallback_exact=0
[749/1000] numerical=2.853224557 shared_exact=True fallback_exact=0
[750/1000] numerical=2.018874162 shared_exact=True fallback_exact=0
[751/1000] numerical=2.398419024 shared_exact=True fallback_exact=0
[752/1000] numerical=3.023781657 shared_exact=True fallback_exact=0
[753/1000] numerical=1.879337982 shared_exact=True fallback_exact=0
[754/1000] numerical=2.568498835 shared_exact=True fallback_exact=0
[755/1000] numerical=2.765319092 shared_exact=True fallback_exact=0
[756/1000] numerical=3.425253209 shared_exact=True fallback_exact=0
[757/1000] numerical=3.755789786 shared_exact=True fallback_exact=0
[758/1000] numerical=3.149701497 shared_exact=True fallback_exact=0
[759/1000] numerical=3.131508499 shared_exact=True fallback_exact=0
[760/1000] numerical=2.711370738 shared_exact=True fallback_exact=0
[761/1000] numerical=2.909919121 shared_exact=True fallback_exact=0
[762/1000] numerical=2.891425643 shared_exact=True fallback_exact=0
[763/1000] numerical=2.100511553 shared_exact=True fallback_exact=0
[764/1000] numerical=3.621286091 shared_exact=True fallback_exact=0
[765/1000] numerical=3.613783485 shared_exact=True fallback_exact=0
[766/1000] numerical=2.830121263 shared_exact=True fallback_exact=0
[767/1000] numerical=3.474032744 shared_exact=True fallback_exact=0
[768/1000] numerical=2.998861429 shared_exact=True fallback_exact=0
[769/1000] numerical=3.791053282 shared_exact=True fallback_exact=0
[770/1000] numerical=3.142030716 shared_exact=True fallback_exact=0
[771/1000] numerical=3.325110631 shared_exact=True fallback_exact=0
[772/1000] numerical=2.435556925 shared_exact=True fallback_exact=0
[773/1000] numerical=3.725687246 shared_exact=True fallback_exact=0
[774/1000] numerical=2.707771261 shared_exact=True fallback_exact=0
[775/1000] numerical=3.107562533 shared_exact=True fallback_exact=0
[776/1000] numerical=3.331368098 shared_exact=True fallback_exact=0
[777/1000] numerical=2.780833680 shared_exact=True fallback_exact=0
[778/1000] numerical=2.949945210 shared_exact=True fallback_exact=0
[779/1000] numerical=3.250297614 shared_exact=True fallback_exact=0
[780/1000] numerical=2.206914304 shared_exact=True fallback_exact=0
[781/1000] numerical=2.657642757 shared_exact=True fallback_exact=0
[782/1000] numerical=2.853224557 shared_exact=True fallback_exact=0
[783/1000] numerical=2.018874162 shared_exact=True fallback_exact=0
[784/1000] numerical=2.398419024 shared_exact=True fallback_exact=0
[785/1000] numerical=3.928697012 shared_exact=True fallback_exact=0
[786/1000] numerical=3.012663312 shared_exact=True fallback_exact=0
[787/1000] numerical=3.496997518 shared_exact=True fallback_exact=0
[788/1000] numerical=3.475468807 shared_exact=True fallback_exact=0
[789/1000] numerical=2.638731596 shared_exact=True fallback_exact=0
[790/1000] numerical=3.163625427 shared_exact=True fallback_exact=0
[791/1000] numerical=3.198479792 shared_exact=True fallback_exact=0
[792/1000] numerical=2.696861391 shared_exact=True fallback_exact=0
[793/1000] numerical=3.255224182 shared_exact=True fallback_exact=0
[794/1000] numerical=3.023781657 shared_exact=True fallback_exact=0
[795/1000] numerical=1.879337982 shared_exact=True fallback_exact=0
[796/1000] numerical=2.568498827 shared_exact=True fallback_exact=0
[797/1000] numerical=2.765319092 shared_exact=True fallback_exact=0
[798/1000] numerical=3.131508498 shared_exact=True fallback_exact=0
[799/1000] numerical=2.711370738 shared_exact=True fallback_exact=0
[800/1000] numerical=3.425689787 shared_exact=True fallback_exact=0
[801/1000] numerical=3.755789786 shared_exact=True fallback_exact=0
[802/1000] numerical=3.149701497 shared_exact=True fallback_exact=0
[803/1000] numerical=2.909919120 shared_exact=True fallback_exact=0
[804/1000] numerical=2.891425643 shared_exact=True fallback_exact=0
[805/1000] numerical=2.100511553 shared_exact=True fallback_exact=0
[806/1000] numerical=3.621286090 shared_exact=True fallback_exact=0
[807/1000] numerical=3.613783485 shared_exact=True fallback_exact=0
[808/1000] numerical=2.830121263 shared_exact=True fallback_exact=0
[809/1000] numerical=3.063461916 shared_exact=True fallback_exact=0
[810/1000] numerical=3.802094741 shared_exact=True fallback_exact=0
[811/1000] numerical=3.609396201 shared_exact=True fallback_exact=0
[812/1000] numerical=3.402985696 shared_exact=True fallback_exact=0
[813/1000] numerical=3.433888958 shared_exact=True fallback_exact=0
[814/1000] numerical=3.063464559 shared_exact=True fallback_exact=0
[815/1000] numerical=3.802089675 shared_exact=True fallback_exact=0
[816/1000] numerical=3.402997537 shared_exact=True fallback_exact=0
[817/1000] numerical=3.433888958 shared_exact=True fallback_exact=0
[818/1000] numerical=3.113629607 shared_exact=True fallback_exact=0
[819/1000] numerical=3.370915973 shared_exact=True fallback_exact=0
[820/1000] numerical=3.732486631 shared_exact=True fallback_exact=0
[821/1000] numerical=3.370915973 shared_exact=True fallback_exact=0
[822/1000] numerical=3.732486631 shared_exact=True fallback_exact=0
[823/1000] numerical=3.065247013 shared_exact=True fallback_exact=0
[824/1000] numerical=4.427726329 shared_exact=True fallback_exact=0
[825/1000] numerical=4.285479959 shared_exact=True fallback_exact=0
[826/1000] numerical=3.343069486 shared_exact=True fallback_exact=0
[827/1000] numerical=3.294069458 shared_exact=True fallback_exact=0
[828/1000] numerical=3.398276210 shared_exact=True fallback_exact=0
[829/1000] numerical=2.780235373 shared_exact=True fallback_exact=0
[830/1000] numerical=4.167037030 shared_exact=True fallback_exact=0
[831/1000] numerical=3.687457508 shared_exact=True fallback_exact=0
[832/1000] numerical=3.208122003 shared_exact=True fallback_exact=0
[833/1000] numerical=3.217719192 shared_exact=True fallback_exact=0
[834/1000] numerical=3.033096544 shared_exact=True fallback_exact=0
[835/1000] numerical=3.271238796 shared_exact=True fallback_exact=0
[836/1000] numerical=2.910513041 shared_exact=True fallback_exact=0
[837/1000] numerical=3.511794152 shared_exact=True fallback_exact=0
[838/1000] numerical=2.402906758 shared_exact=True fallback_exact=0
[839/1000] numerical=4.029428526 shared_exact=True fallback_exact=0
[840/1000] numerical=3.792460533 shared_exact=True fallback_exact=0
[841/1000] numerical=2.671733743 shared_exact=True fallback_exact=0
[842/1000] numerical=3.294058340 shared_exact=True fallback_exact=0
[843/1000] numerical=3.687457792 shared_exact=True fallback_exact=0
[844/1000] numerical=3.208131934 shared_exact=True fallback_exact=0
[845/1000] numerical=2.802907147 shared_exact=True fallback_exact=0
[846/1000] numerical=3.183269344 shared_exact=True fallback_exact=0
[847/1000] numerical=2.802891060 shared_exact=True fallback_exact=0
[848/1000] numerical=3.183356242 shared_exact=True fallback_exact=0
[849/1000] numerical=2.591776143 shared_exact=True fallback_exact=0
[850/1000] numerical=4.004358614 shared_exact=True fallback_exact=0
[851/1000] numerical=3.887359830 shared_exact=True fallback_exact=0
[852/1000] numerical=2.978840978 shared_exact=True fallback_exact=0
[853/1000] numerical=2.427472737 shared_exact=True fallback_exact=0
[854/1000] numerical=2.709660674 shared_exact=True fallback_exact=0
[855/1000] numerical=2.333372839 shared_exact=True fallback_exact=0
[856/1000] numerical=2.963994309 shared_exact=True fallback_exact=0
[857/1000] numerical=1.863344712 shared_exact=True fallback_exact=0
[858/1000] numerical=3.560397171 shared_exact=True fallback_exact=0
[859/1000] numerical=3.330488145 shared_exact=True fallback_exact=0
[860/1000] numerical=2.224722778 shared_exact=True fallback_exact=0
[861/1000] numerical=2.301205096 shared_exact=True fallback_exact=0
[862/1000] numerical=2.535389048 shared_exact=True fallback_exact=0
[863/1000] numerical=2.201941976 shared_exact=True fallback_exact=0
[864/1000] numerical=2.783135904 shared_exact=True fallback_exact=0
[865/1000] numerical=1.955698560 shared_exact=True fallback_exact=0
[866/1000] numerical=3.589297211 shared_exact=True fallback_exact=0
[867/1000] numerical=3.451340735 shared_exact=True fallback_exact=0
[868/1000] numerical=2.492029661 shared_exact=True fallback_exact=0
[869/1000] numerical=3.398276140 shared_exact=True fallback_exact=0
[870/1000] numerical=2.780237451 shared_exact=True fallback_exact=0
[871/1000] numerical=3.217721170 shared_exact=True fallback_exact=0
[872/1000] numerical=2.910513021 shared_exact=True fallback_exact=0
[873/1000] numerical=3.511794147 shared_exact=True fallback_exact=0
[874/1000] numerical=3.033096545 shared_exact=True fallback_exact=0
[875/1000] numerical=3.271238798 shared_exact=True fallback_exact=0
[876/1000] numerical=2.402931014 shared_exact=True fallback_exact=0
[877/1000] numerical=4.029427928 shared_exact=True fallback_exact=0
[878/1000] numerical=3.792483652 shared_exact=True fallback_exact=0
[879/1000] numerical=2.671733743 shared_exact=True fallback_exact=0
[880/1000] numerical=2.333372839 shared_exact=True fallback_exact=0
[881/1000] numerical=2.963992427 shared_exact=True fallback_exact=0
[882/1000] numerical=2.427472737 shared_exact=True fallback_exact=0
[883/1000] numerical=2.709660676 shared_exact=True fallback_exact=0
[884/1000] numerical=1.863344712 shared_exact=True fallback_exact=0
[885/1000] numerical=3.560397409 shared_exact=True fallback_exact=0
[886/1000] numerical=3.330512418 shared_exact=True fallback_exact=0
[887/1000] numerical=2.224722778 shared_exact=True fallback_exact=0
[888/1000] numerical=2.201941976 shared_exact=True fallback_exact=0
[889/1000] numerical=2.783135905 shared_exact=True fallback_exact=0
[890/1000] numerical=2.301205096 shared_exact=True fallback_exact=0
[891/1000] numerical=2.535389048 shared_exact=True fallback_exact=0
[892/1000] numerical=1.955698561 shared_exact=True fallback_exact=0
[893/1000] numerical=3.589296197 shared_exact=True fallback_exact=0
[894/1000] numerical=3.451340802 shared_exact=True fallback_exact=0
[895/1000] numerical=2.492029609 shared_exact=True fallback_exact=0
[896/1000] numerical=1.768906337 shared_exact=True fallback_exact=0
[897/1000] numerical=2.244357598 shared_exact=True fallback_exact=0
[898/1000] numerical=1.768906337 shared_exact=True fallback_exact=0
[899/1000] numerical=2.244357611 shared_exact=True fallback_exact=0
[900/1000] numerical=1.139679419 shared_exact=True fallback_exact=0
[901/1000] numerical=3.042360655 shared_exact=True fallback_exact=0
[902/1000] numerical=2.797189280 shared_exact=True fallback_exact=0
[903/1000] numerical=1.660307344 shared_exact=True fallback_exact=0
[904/1000] numerical=3.222942639 shared_exact=True fallback_exact=0
[905/1000] numerical=3.099854555 shared_exact=True fallback_exact=0
[906/1000] numerical=2.462613670 shared_exact=True fallback_exact=0
[907/1000] numerical=2.326294852 shared_exact=True fallback_exact=0
[908/1000] numerical=2.778877819 shared_exact=True fallback_exact=0
[909/1000] numerical=2.761207930 shared_exact=True fallback_exact=0
[910/1000] numerical=1.970419543 shared_exact=True fallback_exact=0
[911/1000] numerical=3.161004644 shared_exact=True fallback_exact=0
[912/1000] numerical=3.184918759 shared_exact=True fallback_exact=0
[913/1000] numerical=2.435522476 shared_exact=True fallback_exact=0
[914/1000] numerical=2.778877816 shared_exact=True fallback_exact=0
[915/1000] numerical=2.761207930 shared_exact=True fallback_exact=0
[916/1000] numerical=1.970419543 shared_exact=True fallback_exact=0
[917/1000] numerical=3.161005641 shared_exact=True fallback_exact=0
[918/1000] numerical=3.184918759 shared_exact=True fallback_exact=0
[919/1000] numerical=2.435522476 shared_exact=True fallback_exact=0
[920/1000] numerical=2.537613785 shared_exact=True fallback_exact=0
[921/1000] numerical=2.373302979 shared_exact=True fallback_exact=0
[922/1000] numerical=1.405926325 shared_exact=True fallback_exact=0
[923/1000] numerical=4.160503309 shared_exact=True fallback_exact=0
[924/1000] numerical=4.007358609 shared_exact=True fallback_exact=0
[925/1000] numerical=3.450342223 shared_exact=True fallback_exact=0
[926/1000] numerical=3.051685488 shared_exact=True fallback_exact=0
[927/1000] numerical=3.494085722 shared_exact=True fallback_exact=0
[928/1000] numerical=3.389004569 shared_exact=True fallback_exact=0
[929/1000] numerical=3.826944897 shared_exact=True fallback_exact=0
[930/1000] numerical=3.673184935 shared_exact=True fallback_exact=0
[931/1000] numerical=3.130385416 shared_exact=True fallback_exact=0
[932/1000] numerical=3.572706641 shared_exact=True fallback_exact=0
[933/1000] numerical=3.350069305 shared_exact=True fallback_exact=0
[934/1000] numerical=4.195930345 shared_exact=True fallback_exact=0
[935/1000] numerical=3.801193036 shared_exact=True fallback_exact=0
[936/1000] numerical=3.258113779 shared_exact=True fallback_exact=0
[937/1000] numerical=3.954413966 shared_exact=True fallback_exact=0
[938/1000] numerical=3.896947318 shared_exact=True fallback_exact=0
[939/1000] numerical=3.595942138 shared_exact=True fallback_exact=0
[940/1000] numerical=4.195939607 shared_exact=True fallback_exact=0
[941/1000] numerical=3.888318691 shared_exact=True fallback_exact=0
[942/1000] numerical=3.990178098 shared_exact=True fallback_exact=0
[943/1000] numerical=3.364115816 shared_exact=True fallback_exact=0
[944/1000] numerical=3.352760814 shared_exact=True fallback_exact=0
[945/1000] numerical=3.803145936 shared_exact=True fallback_exact=0
[946/1000] numerical=3.456607310 shared_exact=True fallback_exact=0
[947/1000] numerical=3.099317103 shared_exact=True fallback_exact=0
[948/1000] numerical=3.001562576 shared_exact=True fallback_exact=0
[949/1000] numerical=3.174270911 shared_exact=True fallback_exact=0
[950/1000] numerical=3.352764165 shared_exact=True fallback_exact=0
[951/1000] numerical=3.325767245 shared_exact=True fallback_exact=0
[952/1000] numerical=3.442154105 shared_exact=True fallback_exact=0
[953/1000] numerical=2.826495227 shared_exact=True fallback_exact=0
[954/1000] numerical=3.779940465 shared_exact=True fallback_exact=0
[955/1000] numerical=3.258249009 shared_exact=True fallback_exact=0
[956/1000] numerical=3.050143594 shared_exact=True fallback_exact=0
[957/1000] numerical=2.728269839 shared_exact=True fallback_exact=0
[958/1000] numerical=3.526553086 shared_exact=True fallback_exact=0
[959/1000] numerical=3.434047904 shared_exact=True fallback_exact=0
[960/1000] numerical=3.542231232 shared_exact=True fallback_exact=0
[961/1000] numerical=3.780046399 shared_exact=True fallback_exact=0
[962/1000] numerical=3.708507493 shared_exact=True fallback_exact=0
[963/1000] numerical=3.823284392 shared_exact=True fallback_exact=0
[964/1000] numerical=3.206342763 shared_exact=True fallback_exact=0
[965/1000] numerical=3.352780653 shared_exact=True fallback_exact=0
[966/1000] numerical=2.720975405 shared_exact=True fallback_exact=0
[967/1000] numerical=3.099444347 shared_exact=True fallback_exact=0
[968/1000] numerical=3.001562770 shared_exact=True fallback_exact=0
[969/1000] numerical=3.174346062 shared_exact=True fallback_exact=0
[970/1000] numerical=3.353031850 shared_exact=True fallback_exact=0
[971/1000] numerical=3.325728173 shared_exact=True fallback_exact=0
[972/1000] numerical=3.442201379 shared_exact=True fallback_exact=0
[973/1000] numerical=2.826495514 shared_exact=True fallback_exact=0
[974/1000] numerical=2.478997785 shared_exact=True fallback_exact=0
[975/1000] numerical=2.360161842 shared_exact=True fallback_exact=0
[976/1000] numerical=2.889210994 shared_exact=True fallback_exact=0
[977/1000] numerical=2.720975393 shared_exact=True fallback_exact=0
[978/1000] numerical=2.967271554 shared_exact=True fallback_exact=0
[979/1000] numerical=3.092349472 shared_exact=True fallback_exact=0
[980/1000] numerical=2.483061388 shared_exact=True fallback_exact=0
[981/1000] numerical=4.195942511 shared_exact=True fallback_exact=0
[982/1000] numerical=3.779926294 shared_exact=True fallback_exact=0
[983/1000] numerical=4.243579780 shared_exact=True fallback_exact=0
[984/1000] numerical=4.186015227 shared_exact=True fallback_exact=0
[985/1000] numerical=3.888507831 shared_exact=True fallback_exact=0
[986/1000] numerical=4.485257868 shared_exact=True fallback_exact=0
[987/1000] numerical=4.179896491 shared_exact=True fallback_exact=0
[988/1000] numerical=4.281936505 shared_exact=True fallback_exact=0
[989/1000] numerical=3.655904924 shared_exact=True fallback_exact=0
[990/1000] numerical=3.954414639 shared_exact=True fallback_exact=0
[991/1000] numerical=3.896947527 shared_exact=True fallback_exact=0
[992/1000] numerical=3.595947485 shared_exact=True fallback_exact=0
[993/1000] numerical=4.195930447 shared_exact=True fallback_exact=0
[994/1000] numerical=3.888330153 shared_exact=True fallback_exact=0
[995/1000] numerical=3.990257764 shared_exact=True fallback_exact=0
[996/1000] numerical=3.364117791 shared_exact=True fallback_exact=0
[997/1000] numerical=3.526447834 shared_exact=True fallback_exact=0
[998/1000] numerical=3.434045616 shared_exact=True fallback_exact=0
[999/1000] numerical=3.542190002 shared_exact=True fallback_exact=0
[1000/1000] numerical=3.779928526 shared_exact=True fallback_exact=0
checkpoint=/workspace/positive-square-energy/experiments/rank7_order8_chunk_020000_021000.r7o8g.xz.fragments/fragment-020500-021000.r7o8g.xz rows=500
attempts=1000 shared_exact=1000 templates=0 fallback_exact=0 structural=0 atoms=0 balanced=0 unresolved_targets=0
fragments=2 checkpoint_rows=500
raw_bytes=446701 xz_bytes=294200 elapsed_seconds=898.506035
sha256=5b38b8459ffa703afa36f0ab16e3b3f694aab42fc85f72c87898c90ca230ea4f
full_theorem=false
[2026-08-15T06:17:24.974758+00:00] exit: 0
[2026-08-15T06:17:24.974874+00:00] exec: /opt/kortix/pyfloor/bin/python3 -u /workspace/positive-square-energy/experiments/rank7_order8_exact_rational.py --verify-pack /workspace/positive-square-energy/experiments/rank7_order8_chunk_020000_021000.r7o8g.xz --census-cache positive-square-energy/experiments/rank7_order8_rational_search_cache.r7o8c.xz
attempts=1000 shared_exact=1000 templates=0 fallback_exact=0 structural=0 atoms=0 balanced=0 exact_audit=true census_seconds=50.200985
full_theorem=false
[2026-08-15T06:19:35.373533+00:00] exit: 0
[2026-08-15T06:19:35.374421+00:00] shard=020000_021000 exact_audit=true sha256=5b38b8459ffa703afa36f0ab16e3b3f694aab42fc85f72c87898c90ca230ea4f
