[2026-08-15T06:01:32.166818+00:00] shard=017000_018000 adopted_fragments=0
[2026-08-15T06:01:32.166894+00:00] exec: /opt/kortix/pyfloor/bin/python3 -u /workspace/positive-square-energy/experiments/rank7_order8_exact_rational.py --output /workspace/positive-square-energy/experiments/rank7_order8_chunk_017000_018000.r7o8g.xz --fragment-directory /workspace/positive-square-energy/experiments/rank7_order8_chunk_017000_018000.r7o8g.xz.fragments --census-cache positive-square-energy/experiments/rank7_order8_rational_search_cache.r7o8c.xz --start 17000 --count 1000 --checkpoint-rows 500 --progress
[1/1000] numerical=3.000000000 shared_exact=True fallback_exact=0
[2/1000] numerical=3.265580271 shared_exact=True fallback_exact=0
[3/1000] numerical=2.888146035 shared_exact=True fallback_exact=0
[4/1000] numerical=3.120587856 shared_exact=True fallback_exact=0
[5/1000] numerical=2.382264515 shared_exact=True fallback_exact=0
[6/1000] numerical=2.888146398 shared_exact=True fallback_exact=0
[7/1000] numerical=3.120587856 shared_exact=True fallback_exact=0
[8/1000] numerical=3.265580347 shared_exact=True fallback_exact=0
[9/1000] numerical=2.382307242 shared_exact=True fallback_exact=0
[10/1000] numerical=3.654859442 shared_exact=True fallback_exact=0
[11/1000] numerical=3.490572031 shared_exact=True fallback_exact=0
[12/1000] numerical=2.472176980 shared_exact=True fallback_exact=0
[13/1000] numerical=3.361809285 shared_exact=True fallback_exact=0
[14/1000] numerical=2.612625243 shared_exact=True fallback_exact=0
[15/1000] numerical=3.361809285 shared_exact=True fallback_exact=0
[16/1000] numerical=2.612625243 shared_exact=True fallback_exact=0
[17/1000] numerical=3.007181311 shared_exact=True fallback_exact=0
[18/1000] numerical=2.794650180 shared_exact=True fallback_exact=0
[19/1000] numerical=2.794650179 shared_exact=True fallback_exact=0
[20/1000] numerical=3.143275622 shared_exact=True fallback_exact=0
[21/1000] numerical=2.902425085 shared_exact=True fallback_exact=0
[22/1000] numerical=2.463160281 shared_exact=True fallback_exact=0
[23/1000] numerical=2.218709027 shared_exact=True fallback_exact=0
[24/1000] numerical=3.938478589 shared_exact=True fallback_exact=0
[25/1000] numerical=2.804813291 shared_exact=True fallback_exact=0
[26/1000] numerical=3.294592517 shared_exact=True fallback_exact=0
[27/1000] numerical=3.801619483 shared_exact=True fallback_exact=0
[28/1000] numerical=3.224871537 shared_exact=True fallback_exact=0
[29/1000] numerical=3.838708856 shared_exact=True fallback_exact=0
[30/1000] numerical=3.253735165 shared_exact=True fallback_exact=0
[31/1000] numerical=3.576356970 shared_exact=True fallback_exact=0
[32/1000] numerical=3.744589813 shared_exact=True fallback_exact=0
[33/1000] numerical=2.979677834 shared_exact=True fallback_exact=0
[34/1000] numerical=3.438618290 shared_exact=True fallback_exact=0
[35/1000] numerical=3.938478589 shared_exact=True fallback_exact=0
[36/1000] numerical=2.804813291 shared_exact=True fallback_exact=0
[37/1000] numerical=3.294592517 shared_exact=True fallback_exact=0
[38/1000] numerical=2.875306482 shared_exact=True fallback_exact=0
[39/1000] numerical=3.992786624 shared_exact=True fallback_exact=0
[40/1000] numerical=3.978137578 shared_exact=True fallback_exact=0
[41/1000] numerical=3.158049092 shared_exact=True fallback_exact=0
[42/1000] numerical=3.526817125 shared_exact=True fallback_exact=0
[43/1000] numerical=2.900481218 shared_exact=True fallback_exact=0
[44/1000] numerical=3.042373666 shared_exact=True fallback_exact=0
[45/1000] numerical=2.903376014 shared_exact=True fallback_exact=0
[46/1000] numerical=1.974234264 shared_exact=True fallback_exact=0
[47/1000] numerical=3.393887021 shared_exact=True fallback_exact=0
[48/1000] numerical=3.285115185 shared_exact=True fallback_exact=0
[49/1000] numerical=2.398759173 shared_exact=True fallback_exact=0
[50/1000] numerical=3.161199414 shared_exact=True fallback_exact=0
[51/1000] numerical=2.141110599 shared_exact=True fallback_exact=0
[52/1000] numerical=2.434477055 shared_exact=True fallback_exact=0
[53/1000] numerical=3.938478589 shared_exact=True fallback_exact=0
[54/1000] numerical=2.804813290 shared_exact=True fallback_exact=0
[55/1000] numerical=3.294592517 shared_exact=True fallback_exact=0
[56/1000] numerical=3.801619483 shared_exact=True fallback_exact=0
[57/1000] numerical=3.224871536 shared_exact=True fallback_exact=0
[58/1000] numerical=3.744589813 shared_exact=True fallback_exact=0
[59/1000] numerical=2.979677834 shared_exact=True fallback_exact=0
[60/1000] numerical=3.438618291 shared_exact=True fallback_exact=0
[61/1000] numerical=3.838708857 shared_exact=True fallback_exact=0
[62/1000] numerical=3.253737153 shared_exact=True fallback_exact=0
[63/1000] numerical=3.576578192 shared_exact=True fallback_exact=0
[64/1000] numerical=3.938478589 shared_exact=True fallback_exact=0
[65/1000] numerical=2.804813290 shared_exact=True fallback_exact=0
[66/1000] numerical=3.294592517 shared_exact=True fallback_exact=0
[67/1000] numerical=2.875306482 shared_exact=True fallback_exact=0
[68/1000] numerical=3.526817125 shared_exact=True fallback_exact=0
[69/1000] numerical=2.900481218 shared_exact=True fallback_exact=0
[70/1000] numerical=3.992786680 shared_exact=True fallback_exact=0
[71/1000] numerical=3.978137578 shared_exact=True fallback_exact=0
[72/1000] numerical=3.158049092 shared_exact=True fallback_exact=0
[73/1000] numerical=3.042373670 shared_exact=True fallback_exact=0
[74/1000] numerical=2.903376014 shared_exact=True fallback_exact=0
[75/1000] numerical=1.974234264 shared_exact=True fallback_exact=0
[76/1000] numerical=3.393887082 shared_exact=True fallback_exact=0
[77/1000] numerical=3.285115350 shared_exact=True fallback_exact=0
[78/1000] numerical=2.398759173 shared_exact=True fallback_exact=0
[79/1000] numerical=3.161199415 shared_exact=True fallback_exact=0
[80/1000] numerical=2.141110601 shared_exact=True fallback_exact=0
[81/1000] numerical=2.434478061 shared_exact=True fallback_exact=0
[82/1000] numerical=4.224544321 shared_exact=True fallback_exact=0
[83/1000] numerical=4.224544319 shared_exact=True fallback_exact=0
[84/1000] numerical=3.776833747 shared_exact=True fallback_exact=0
[85/1000] numerical=2.852106028 shared_exact=True fallback_exact=0
[86/1000] numerical=3.289630553 shared_exact=True fallback_exact=0
[87/1000] numerical=2.852102921 shared_exact=True fallback_exact=0
[88/1000] numerical=3.289630833 shared_exact=True fallback_exact=0
[89/1000] numerical=2.212346495 shared_exact=True fallback_exact=0
[90/1000] numerical=3.959053888 shared_exact=True fallback_exact=0
[91/1000] numerical=3.706522924 shared_exact=True fallback_exact=0
[92/1000] numerical=2.562668009 shared_exact=True fallback_exact=0
[93/1000] numerical=2.753294957 shared_exact=True fallback_exact=0
[94/1000] numerical=2.763176973 shared_exact=True fallback_exact=0
[95/1000] numerical=3.218321904 shared_exact=True fallback_exact=0
[96/1000] numerical=3.218321915 shared_exact=True fallback_exact=0
[97/1000] numerical=3.937516054 shared_exact=True fallback_exact=0
[98/1000] numerical=3.696149456 shared_exact=True fallback_exact=0
[99/1000] numerical=4.224544372 shared_exact=True fallback_exact=0
[100/1000] numerical=3.405919289 shared_exact=True fallback_exact=0
[101/1000] numerical=2.674852629 shared_exact=True fallback_exact=0
[102/1000] numerical=3.051762557 shared_exact=True fallback_exact=0
[103/1000] numerical=3.381637974 shared_exact=True fallback_exact=0
[104/1000] numerical=3.012181881 shared_exact=True fallback_exact=0
[105/1000] numerical=3.476314911 shared_exact=True fallback_exact=0
[106/1000] numerical=2.741912269 shared_exact=True fallback_exact=0
[107/1000] numerical=4.380364757 shared_exact=True fallback_exact=0
[108/1000] numerical=4.258421884 shared_exact=True fallback_exact=0
[109/1000] numerical=3.342413244 shared_exact=True fallback_exact=0
[110/1000] numerical=4.224544319 shared_exact=True fallback_exact=0
[111/1000] numerical=3.405919289 shared_exact=True fallback_exact=0
[112/1000] numerical=2.674852629 shared_exact=True fallback_exact=0
[113/1000] numerical=3.012181881 shared_exact=True fallback_exact=0
[114/1000] numerical=3.476314912 shared_exact=True fallback_exact=0
[115/1000] numerical=3.051762557 shared_exact=True fallback_exact=0
[116/1000] numerical=3.381637974 shared_exact=True fallback_exact=0
[117/1000] numerical=2.741912270 shared_exact=True fallback_exact=0
[118/1000] numerical=4.380364437 shared_exact=True fallback_exact=0
[119/1000] numerical=4.258421875 shared_exact=True fallback_exact=0
[120/1000] numerical=3.342413244 shared_exact=True fallback_exact=0
[121/1000] numerical=2.852103059 shared_exact=True fallback_exact=0
[122/1000] numerical=3.289630555 shared_exact=True fallback_exact=0
[123/1000] numerical=2.852104723 shared_exact=True fallback_exact=0
[124/1000] numerical=3.289630611 shared_exact=True fallback_exact=0
[125/1000] numerical=2.212450145 shared_exact=True fallback_exact=0
[126/1000] numerical=3.959053629 shared_exact=True fallback_exact=0
[127/1000] numerical=3.706521140 shared_exact=True fallback_exact=0
[128/1000] numerical=2.562668009 shared_exact=True fallback_exact=0
[129/1000] numerical=3.361249300 shared_exact=True fallback_exact=0
[130/1000] numerical=3.120027708 shared_exact=True fallback_exact=0
[131/1000] numerical=2.748087691 shared_exact=True fallback_exact=0
[132/1000] numerical=2.503557560 shared_exact=True fallback_exact=0
[133/1000] numerical=3.278328928 shared_exact=True fallback_exact=0
[134/1000] numerical=3.127224317 shared_exact=True fallback_exact=0
[135/1000] numerical=2.183215580 shared_exact=True fallback_exact=0
[136/1000] numerical=3.635278450 shared_exact=True fallback_exact=0
[137/1000] numerical=3.503146384 shared_exact=True fallback_exact=0
[138/1000] numerical=2.588892844 shared_exact=True fallback_exact=0
[139/1000] numerical=3.278231086 shared_exact=True fallback_exact=0
[140/1000] numerical=3.127421382 shared_exact=True fallback_exact=0
[141/1000] numerical=2.183215563 shared_exact=True fallback_exact=0
[142/1000] numerical=3.635451033 shared_exact=True fallback_exact=0
[143/1000] numerical=3.503145668 shared_exact=True fallback_exact=0
[144/1000] numerical=2.588892844 shared_exact=True fallback_exact=0
[145/1000] numerical=2.766340899 shared_exact=True fallback_exact=0
[146/1000] numerical=2.511418993 shared_exact=True fallback_exact=0
[147/1000] numerical=1.365361692 shared_exact=True fallback_exact=0
[148/1000] numerical=3.691516016 shared_exact=True fallback_exact=0
[149/1000] numerical=4.079995348 shared_exact=True fallback_exact=0
[150/1000] numerical=3.827710387 shared_exact=True fallback_exact=0
[151/1000] numerical=3.468695915 shared_exact=True fallback_exact=0
[152/1000] numerical=2.684093293 shared_exact=True fallback_exact=0
[153/1000] numerical=3.423954897 shared_exact=True fallback_exact=0
[154/1000] numerical=3.423954906 shared_exact=True fallback_exact=0
[155/1000] numerical=2.753300196 shared_exact=True fallback_exact=0
[156/1000] numerical=2.485311844 shared_exact=True fallback_exact=0
[157/1000] numerical=2.828796026 shared_exact=True fallback_exact=0
[158/1000] numerical=2.485324598 shared_exact=True fallback_exact=0
[159/1000] numerical=2.828795250 shared_exact=True fallback_exact=0
[160/1000] numerical=1.876073988 shared_exact=True fallback_exact=0
[161/1000] numerical=3.340317214 shared_exact=True fallback_exact=0
[162/1000] numerical=3.088325249 shared_exact=True fallback_exact=0
[163/1000] numerical=1.944975145 shared_exact=True fallback_exact=0
[164/1000] numerical=3.216599419 shared_exact=True fallback_exact=0
[165/1000] numerical=3.190706081 shared_exact=True fallback_exact=0
[166/1000] numerical=2.945789115 shared_exact=True fallback_exact=0
[167/1000] numerical=3.077407080 shared_exact=True fallback_exact=0
[168/1000] numerical=2.745660737 shared_exact=True fallback_exact=0
[169/1000] numerical=3.275656540 shared_exact=True fallback_exact=0
[170/1000] numerical=3.142531093 shared_exact=True fallback_exact=0
[171/1000] numerical=2.674137554 shared_exact=True fallback_exact=0
[172/1000] numerical=2.710225071 shared_exact=True fallback_exact=0
[173/1000] numerical=2.691486334 shared_exact=True fallback_exact=0
[174/1000] numerical=2.117060574 shared_exact=True fallback_exact=0
[175/1000] numerical=3.320863878 shared_exact=True fallback_exact=0
[176/1000] numerical=3.166202919 shared_exact=True fallback_exact=0
[177/1000] numerical=3.168838504 shared_exact=True fallback_exact=0
[178/1000] numerical=2.925313808 shared_exact=True fallback_exact=0
[179/1000] numerical=2.983509878 shared_exact=True fallback_exact=0
[180/1000] numerical=3.175689025 shared_exact=True fallback_exact=0
[181/1000] numerical=3.166985524 shared_exact=True fallback_exact=0
[182/1000] numerical=3.075511809 shared_exact=True fallback_exact=0
[183/1000] numerical=2.975537195 shared_exact=True fallback_exact=0
[184/1000] numerical=2.078001672 shared_exact=True fallback_exact=0
[185/1000] numerical=2.207320278 shared_exact=True fallback_exact=0
[186/1000] numerical=2.864264827 shared_exact=True fallback_exact=0
[187/1000] numerical=3.433618310 shared_exact=True fallback_exact=0
[188/1000] numerical=3.860418659 shared_exact=True fallback_exact=0
[189/1000] numerical=3.583517120 shared_exact=True fallback_exact=0
[190/1000] numerical=3.615259627 shared_exact=True fallback_exact=0
[191/1000] numerical=3.742772689 shared_exact=True fallback_exact=0
[192/1000] numerical=3.582112292 shared_exact=True fallback_exact=0
[193/1000] numerical=2.554740542 shared_exact=True fallback_exact=0
[194/1000] numerical=2.831570953 shared_exact=True fallback_exact=0
[195/1000] numerical=2.792170254 shared_exact=True fallback_exact=0
[196/1000] numerical=2.800456547 shared_exact=True fallback_exact=0
[197/1000] numerical=2.323806015 shared_exact=True fallback_exact=0
[198/1000] numerical=3.726956949 shared_exact=True fallback_exact=0
[199/1000] numerical=3.588879526 shared_exact=True fallback_exact=0
[200/1000] numerical=3.222044651 shared_exact=True fallback_exact=0
[201/1000] numerical=3.753100024 shared_exact=True fallback_exact=0
[202/1000] numerical=3.595539996 shared_exact=True fallback_exact=0
[203/1000] numerical=3.598990381 shared_exact=True fallback_exact=0
[204/1000] numerical=2.788348350 shared_exact=True fallback_exact=0
[205/1000] numerical=3.697321296 shared_exact=True fallback_exact=0
[206/1000] numerical=3.443031801 shared_exact=True fallback_exact=0
[207/1000] numerical=3.874047058 shared_exact=True fallback_exact=0
[208/1000] numerical=3.769519120 shared_exact=True fallback_exact=0
[209/1000] numerical=2.794976032 shared_exact=True fallback_exact=0
[210/1000] numerical=3.357056720 shared_exact=True fallback_exact=0
[211/1000] numerical=3.193151767 shared_exact=True fallback_exact=0
[212/1000] numerical=2.210313349 shared_exact=True fallback_exact=0
[213/1000] numerical=2.635384287 shared_exact=True fallback_exact=0
[214/1000] numerical=3.035176212 shared_exact=True fallback_exact=0
[215/1000] numerical=2.361177774 shared_exact=True fallback_exact=0
[216/1000] numerical=3.697101513 shared_exact=True fallback_exact=0
[217/1000] numerical=3.714865000 shared_exact=True fallback_exact=0
[218/1000] numerical=3.311093516 shared_exact=True fallback_exact=0
[219/1000] numerical=3.000034479 shared_exact=True fallback_exact=0
[220/1000] numerical=3.787001385 shared_exact=True fallback_exact=0
[221/1000] numerical=2.795373824 shared_exact=True fallback_exact=0
[222/1000] numerical=3.668196174 shared_exact=True fallback_exact=0
[223/1000] numerical=3.581755288 shared_exact=True fallback_exact=0
[224/1000] numerical=2.635766322 shared_exact=True fallback_exact=0
[225/1000] numerical=2.539310564 shared_exact=True fallback_exact=0
[226/1000] numerical=3.577729964 shared_exact=True fallback_exact=0
[227/1000] numerical=3.096497807 shared_exact=True fallback_exact=0
[228/1000] numerical=3.866519829 shared_exact=True fallback_exact=0
[229/1000] numerical=3.678415657 shared_exact=True fallback_exact=0
[230/1000] numerical=3.716196938 shared_exact=True fallback_exact=0
[231/1000] numerical=3.993152442 shared_exact=True fallback_exact=0
[232/1000] numerical=3.425488277 shared_exact=True fallback_exact=0
[233/1000] numerical=4.110097205 shared_exact=True fallback_exact=0
[234/1000] numerical=3.957632732 shared_exact=True fallback_exact=0
[235/1000] numerical=2.964891165 shared_exact=True fallback_exact=0
[236/1000] numerical=3.172158820 shared_exact=True fallback_exact=0
[237/1000] numerical=3.830173663 shared_exact=True fallback_exact=0
[238/1000] numerical=3.558759304 shared_exact=True fallback_exact=0
[239/1000] numerical=3.355970100 shared_exact=True fallback_exact=0
[240/1000] numerical=3.820520824 shared_exact=True fallback_exact=0
[241/1000] numerical=3.235506425 shared_exact=True fallback_exact=0
[242/1000] numerical=3.736025636 shared_exact=True fallback_exact=0
[243/1000] numerical=3.667383269 shared_exact=True fallback_exact=0
[244/1000] numerical=2.784855699 shared_exact=True fallback_exact=0
[245/1000] numerical=2.642433503 shared_exact=True fallback_exact=0
[246/1000] numerical=3.613090620 shared_exact=True fallback_exact=0
[247/1000] numerical=3.366468218 shared_exact=True fallback_exact=0
[248/1000] numerical=3.097869940 shared_exact=True fallback_exact=0
[249/1000] numerical=3.013929269 shared_exact=True fallback_exact=0
[250/1000] numerical=3.456230411 shared_exact=True fallback_exact=0
[251/1000] numerical=2.866589063 shared_exact=True fallback_exact=0
[252/1000] numerical=3.561803492 shared_exact=True fallback_exact=0
[253/1000] numerical=3.569859970 shared_exact=True fallback_exact=0
[254/1000] numerical=2.791646278 shared_exact=True fallback_exact=0
[255/1000] numerical=2.902320191 shared_exact=True fallback_exact=0
[256/1000] numerical=3.566352269 shared_exact=True fallback_exact=0
[257/1000] numerical=3.166165702 shared_exact=True fallback_exact=0
[258/1000] numerical=3.060799330 shared_exact=True fallback_exact=0
[259/1000] numerical=3.614793206 shared_exact=True fallback_exact=0
[260/1000] numerical=2.806477318 shared_exact=True fallback_exact=0
[261/1000] numerical=3.791299137 shared_exact=True fallback_exact=0
[262/1000] numerical=3.785057039 shared_exact=True fallback_exact=0
[263/1000] numerical=2.958306710 shared_exact=True fallback_exact=0
[264/1000] numerical=3.074924414 shared_exact=True fallback_exact=0
[265/1000] numerical=3.129422731 shared_exact=True fallback_exact=0
[266/1000] numerical=2.685578005 shared_exact=True fallback_exact=0
[267/1000] numerical=2.369551302 shared_exact=True fallback_exact=0
[268/1000] numerical=3.277960812 shared_exact=True fallback_exact=0
[269/1000] numerical=2.323096441 shared_exact=True fallback_exact=0
[270/1000] numerical=3.211026084 shared_exact=True fallback_exact=0
[271/1000] numerical=3.187297441 shared_exact=True fallback_exact=0
[272/1000] numerical=2.377316710 shared_exact=True fallback_exact=0
[273/1000] numerical=2.419532120 shared_exact=True fallback_exact=0
[274/1000] numerical=3.179199814 shared_exact=True fallback_exact=0
[275/1000] numerical=4.043242006 shared_exact=True fallback_exact=0
[276/1000] numerical=3.622065736 shared_exact=True fallback_exact=0
[277/1000] numerical=3.477549208 shared_exact=True fallback_exact=0
[278/1000] numerical=4.095486959 shared_exact=True fallback_exact=0
[279/1000] numerical=3.186643034 shared_exact=True fallback_exact=0
[280/1000] numerical=4.258329574 shared_exact=True fallback_exact=0
[281/1000] numerical=4.211780717 shared_exact=True fallback_exact=0
[282/1000] numerical=3.345351827 shared_exact=True fallback_exact=0
[283/1000] numerical=3.448005242 shared_exact=True fallback_exact=0
[284/1000] numerical=3.637067367 shared_exact=True fallback_exact=0
[285/1000] numerical=3.456809148 shared_exact=True fallback_exact=0
[286/1000] numerical=3.417236019 shared_exact=True fallback_exact=0
[287/1000] numerical=3.740102491 shared_exact=True fallback_exact=0
[288/1000] numerical=3.330112332 shared_exact=True fallback_exact=0
[289/1000] numerical=3.834255965 shared_exact=True fallback_exact=0
[290/1000] numerical=3.826871702 shared_exact=True fallback_exact=0
[291/1000] numerical=3.036280194 shared_exact=True fallback_exact=0
[292/1000] numerical=3.147557522 shared_exact=True fallback_exact=0
[293/1000] numerical=3.522800609 shared_exact=True fallback_exact=0
[294/1000] numerical=3.978036916 shared_exact=True fallback_exact=0
[295/1000] numerical=3.997854405 shared_exact=True fallback_exact=0
[296/1000] numerical=4.315083234 shared_exact=True fallback_exact=0
[297/1000] numerical=3.710510971 shared_exact=True fallback_exact=0
[298/1000] numerical=4.417732004 shared_exact=True fallback_exact=0
[299/1000] numerical=4.265027285 shared_exact=True fallback_exact=0
[300/1000] numerical=3.290844729 shared_exact=True fallback_exact=0
[301/1000] numerical=3.866375744 shared_exact=True fallback_exact=0
[302/1000] numerical=3.912513648 shared_exact=True fallback_exact=0
[303/1000] numerical=3.828004579 shared_exact=True fallback_exact=0
[304/1000] numerical=3.952404287 shared_exact=True fallback_exact=0
[305/1000] numerical=4.147079662 shared_exact=True fallback_exact=0
[306/1000] numerical=3.435546287 shared_exact=True fallback_exact=0
[307/1000] numerical=3.698738196 shared_exact=True fallback_exact=0
[308/1000] numerical=3.860721484 shared_exact=True fallback_exact=0
[309/1000] numerical=3.137279378 shared_exact=True fallback_exact=0
[310/1000] numerical=3.863320123 shared_exact=True fallback_exact=0
[311/1000] numerical=4.277581325 shared_exact=True fallback_exact=0
[312/1000] numerical=4.482943930 shared_exact=True fallback_exact=0
[313/1000] numerical=3.769903892 shared_exact=True fallback_exact=0
[314/1000] numerical=4.009166648 shared_exact=True fallback_exact=0
[315/1000] numerical=3.841852676 shared_exact=True fallback_exact=0
[316/1000] numerical=2.827120734 shared_exact=True fallback_exact=0
[317/1000] numerical=3.629615717 shared_exact=True fallback_exact=0
[318/1000] numerical=4.297514417 shared_exact=True fallback_exact=0
[319/1000] numerical=4.199819396 shared_exact=True fallback_exact=0
[320/1000] numerical=3.536355205 shared_exact=True fallback_exact=0
[321/1000] numerical=3.312492805 shared_exact=True fallback_exact=0
[322/1000] numerical=3.466553950 shared_exact=True fallback_exact=0
[323/1000] numerical=3.383157967 shared_exact=True fallback_exact=0
[324/1000] numerical=2.859636331 shared_exact=True fallback_exact=0
[325/1000] numerical=3.712538902 shared_exact=True fallback_exact=0
[326/1000] numerical=3.085893549 shared_exact=True fallback_exact=0
[327/1000] numerical=3.353777390 shared_exact=True fallback_exact=0
[328/1000] numerical=3.333948718 shared_exact=True fallback_exact=0
[329/1000] numerical=2.528600254 shared_exact=True fallback_exact=0
[330/1000] numerical=3.287841507 shared_exact=True fallback_exact=0
[331/1000] numerical=3.594673128 shared_exact=True fallback_exact=0
[332/1000] numerical=3.546291769 shared_exact=True fallback_exact=0
[333/1000] numerical=3.138650214 shared_exact=True fallback_exact=0
[334/1000] numerical=3.637504697 shared_exact=True fallback_exact=0
[335/1000] numerical=3.683734331 shared_exact=True fallback_exact=0
[336/1000] numerical=3.292374037 shared_exact=True fallback_exact=0
[337/1000] numerical=3.708570751 shared_exact=True fallback_exact=0
[338/1000] numerical=3.626216009 shared_exact=True fallback_exact=0
[339/1000] numerical=3.405345185 shared_exact=True fallback_exact=0
[340/1000] numerical=3.750110517 shared_exact=True fallback_exact=0
[341/1000] numerical=3.591223525 shared_exact=True fallback_exact=0
[342/1000] numerical=3.678487776 shared_exact=True fallback_exact=0
[343/1000] numerical=2.947148258 shared_exact=True fallback_exact=0
[344/1000] numerical=3.752104137 shared_exact=True fallback_exact=0
[345/1000] numerical=3.659680238 shared_exact=True fallback_exact=0
[346/1000] numerical=3.894453127 shared_exact=True fallback_exact=0
[347/1000] numerical=3.848793864 shared_exact=True fallback_exact=0
[348/1000] numerical=2.980228097 shared_exact=True fallback_exact=0
[349/1000] numerical=3.584632823 shared_exact=True fallback_exact=0
[350/1000] numerical=3.463824797 shared_exact=True fallback_exact=0
[351/1000] numerical=2.537288818 shared_exact=True fallback_exact=0
[352/1000] numerical=2.831789672 shared_exact=True fallback_exact=0
[353/1000] numerical=2.169764014 shared_exact=True fallback_exact=0
[354/1000] numerical=3.164690299 shared_exact=True fallback_exact=0
[355/1000] numerical=2.348196568 shared_exact=True fallback_exact=0
[356/1000] numerical=2.704169784 shared_exact=True fallback_exact=0
[357/1000] numerical=2.894171122 shared_exact=True fallback_exact=0
[358/1000] numerical=2.157426391 shared_exact=True fallback_exact=0
[359/1000] numerical=3.094051549 shared_exact=True fallback_exact=0
[360/1000] numerical=2.150143990 shared_exact=True fallback_exact=0
[361/1000] numerical=2.776212850 shared_exact=True fallback_exact=0
[362/1000] numerical=1.995567363 shared_exact=True fallback_exact=0
[363/1000] numerical=2.415479801 shared_exact=True fallback_exact=0
[364/1000] numerical=4.000000001 shared_exact=True fallback_exact=0
[365/1000] numerical=4.253997060 shared_exact=True fallback_exact=0
[366/1000] numerical=3.859360240 shared_exact=True fallback_exact=0
[367/1000] numerical=3.566759054 shared_exact=True fallback_exact=0
[368/1000] numerical=4.258700471 shared_exact=True fallback_exact=0
[369/1000] numerical=3.380600998 shared_exact=True fallback_exact=0
[370/1000] numerical=4.171650052 shared_exact=True fallback_exact=0
[371/1000] numerical=4.116544727 shared_exact=True fallback_exact=0
[372/1000] numerical=3.232415064 shared_exact=True fallback_exact=0
[373/1000] numerical=3.094613744 shared_exact=True fallback_exact=0
[374/1000] numerical=3.352260468 shared_exact=True fallback_exact=0
[375/1000] numerical=3.646960448 shared_exact=True fallback_exact=0
[376/1000] numerical=4.087009111 shared_exact=True fallback_exact=0
[377/1000] numerical=3.753461158 shared_exact=True fallback_exact=0
[378/1000] numerical=3.628740355 shared_exact=True fallback_exact=0
[379/1000] numerical=4.176808324 shared_exact=True fallback_exact=0
[380/1000] numerical=3.446623922 shared_exact=True fallback_exact=0
[381/1000] numerical=4.263625700 shared_exact=True fallback_exact=0
[382/1000] numerical=4.270686716 shared_exact=True fallback_exact=0
[383/1000] numerical=3.480571800 shared_exact=True fallback_exact=0
[384/1000] numerical=3.578486594 shared_exact=True fallback_exact=0
[385/1000] numerical=3.087178622 shared_exact=True fallback_exact=0
[386/1000] numerical=3.628099418 shared_exact=True fallback_exact=0
[387/1000] numerical=3.418181030 shared_exact=True fallback_exact=0
[388/1000] numerical=4.090416793 shared_exact=True fallback_exact=0
[389/1000] numerical=3.171640629 shared_exact=True fallback_exact=0
[390/1000] numerical=4.088831238 shared_exact=True fallback_exact=0
[391/1000] numerical=4.000000001 shared_exact=True fallback_exact=0
[392/1000] numerical=3.105483640 shared_exact=True fallback_exact=0
[393/1000] numerical=3.668688556 shared_exact=True fallback_exact=0
[394/1000] numerical=3.301393860 shared_exact=True fallback_exact=0
[395/1000] numerical=3.235365977 shared_exact=True fallback_exact=0
[396/1000] numerical=3.545648652 shared_exact=True fallback_exact=0
[397/1000] numerical=3.634200475 shared_exact=True fallback_exact=0
[398/1000] numerical=2.905011878 shared_exact=True fallback_exact=0
[399/1000] numerical=3.140977578 shared_exact=True fallback_exact=0
[400/1000] numerical=3.431677519 shared_exact=True fallback_exact=0
[401/1000] numerical=2.830527223 shared_exact=True fallback_exact=0
[402/1000] numerical=3.393380332 shared_exact=True fallback_exact=0
[403/1000] numerical=4.000002757 shared_exact=True fallback_exact=0
[404/1000] numerical=4.122552451 shared_exact=True fallback_exact=0
[405/1000] numerical=3.413800655 shared_exact=True fallback_exact=0
[406/1000] numerical=3.424138128 shared_exact=True fallback_exact=0
[407/1000] numerical=3.304580294 shared_exact=True fallback_exact=0
[408/1000] numerical=2.380909114 shared_exact=True fallback_exact=0
[409/1000] numerical=3.365023057 shared_exact=True fallback_exact=0
[410/1000] numerical=4.127302567 shared_exact=True fallback_exact=0
[411/1000] numerical=4.115386462 shared_exact=True fallback_exact=0
[412/1000] numerical=3.304409169 shared_exact=True fallback_exact=0
[413/1000] numerical=3.317683441 shared_exact=True fallback_exact=0
[414/1000] numerical=3.070452080 shared_exact=True fallback_exact=0
[415/1000] numerical=2.817358967 shared_exact=True fallback_exact=0
[416/1000] numerical=2.157655311 shared_exact=True fallback_exact=0
[417/1000] numerical=2.580291363 shared_exact=True fallback_exact=0
[418/1000] numerical=3.325752528 shared_exact=True fallback_exact=0
[419/1000] numerical=2.593257054 shared_exact=True fallback_exact=0
[420/1000] numerical=3.337605124 shared_exact=True fallback_exact=0
[421/1000] numerical=3.392610777 shared_exact=True fallback_exact=0
[422/1000] numerical=2.652632964 shared_exact=True fallback_exact=0
[423/1000] numerical=3.544738687 shared_exact=True fallback_exact=0
[424/1000] numerical=3.102788332 shared_exact=True fallback_exact=0
[425/1000] numerical=2.687367274 shared_exact=True fallback_exact=0
[426/1000] numerical=1.977182431 shared_exact=True fallback_exact=0
[427/1000] numerical=2.365981921 shared_exact=True fallback_exact=0
[428/1000] numerical=3.268427680 shared_exact=True fallback_exact=0
[429/1000] numerical=2.322498383 shared_exact=True fallback_exact=0
[430/1000] numerical=3.175335918 shared_exact=True fallback_exact=0
[431/1000] numerical=3.140822762 shared_exact=True fallback_exact=0
[432/1000] numerical=2.318937962 shared_exact=True fallback_exact=0
[433/1000] numerical=1.926335425 shared_exact=True fallback_exact=0
[434/1000] numerical=2.357129952 shared_exact=True fallback_exact=0
[435/1000] numerical=3.699169892 shared_exact=True fallback_exact=0
[436/1000] numerical=3.677808298 shared_exact=True fallback_exact=0
[437/1000] numerical=3.095311897 shared_exact=True fallback_exact=0
[438/1000] numerical=4.563282453 shared_exact=True fallback_exact=0
[439/1000] numerical=4.370381826 shared_exact=True fallback_exact=0
[440/1000] numerical=3.607275017 shared_exact=True fallback_exact=0
[441/1000] numerical=4.290892602 shared_exact=True fallback_exact=0
[442/1000] numerical=4.662200513 shared_exact=True fallback_exact=0
[443/1000] numerical=4.131946546 shared_exact=True fallback_exact=0
[444/1000] numerical=4.680014699 shared_exact=True fallback_exact=0
[445/1000] numerical=4.565658391 shared_exact=True fallback_exact=0
[446/1000] numerical=3.631604822 shared_exact=True fallback_exact=0
[447/1000] numerical=3.395493389 shared_exact=True fallback_exact=0
[448/1000] numerical=3.645982397 shared_exact=True fallback_exact=0
[449/1000] numerical=2.667062189 shared_exact=True fallback_exact=0
[450/1000] numerical=3.396202670 shared_exact=True fallback_exact=0
[451/1000] numerical=3.645982615 shared_exact=True fallback_exact=0
[452/1000] numerical=2.667062189 shared_exact=True fallback_exact=0
[453/1000] numerical=2.820865644 shared_exact=True fallback_exact=0
[454/1000] numerical=3.661833139 shared_exact=True fallback_exact=0
[455/1000] numerical=3.661835991 shared_exact=True fallback_exact=0
[456/1000] numerical=4.370487065 shared_exact=True fallback_exact=0
[457/1000] numerical=3.607360771 shared_exact=True fallback_exact=0
[458/1000] numerical=4.290705098 shared_exact=True fallback_exact=0
[459/1000] numerical=4.662215763 shared_exact=True fallback_exact=0
[460/1000] numerical=4.131929768 shared_exact=True fallback_exact=0
[461/1000] numerical=4.681288795 shared_exact=True fallback_exact=0
[462/1000] numerical=4.565678618 shared_exact=True fallback_exact=0
[463/1000] numerical=3.631606100 shared_exact=True fallback_exact=0
[464/1000] numerical=4.269047677 shared_exact=True fallback_exact=0
[465/1000] numerical=3.321827288 shared_exact=True fallback_exact=0
[466/1000] numerical=4.219686874 shared_exact=True fallback_exact=0
[467/1000] numerical=4.140148827 shared_exact=True fallback_exact=0
[468/1000] numerical=3.382685004 shared_exact=True fallback_exact=0
[469/1000] numerical=4.269777699 shared_exact=True fallback_exact=0
[470/1000] numerical=4.406399002 shared_exact=True fallback_exact=0
[471/1000] numerical=3.321827359 shared_exact=True fallback_exact=0
[472/1000] numerical=3.663461426 shared_exact=True fallback_exact=0
[473/1000] numerical=4.096153693 shared_exact=True fallback_exact=0
[474/1000] numerical=4.269280753 shared_exact=True fallback_exact=0
[475/1000] numerical=3.563966493 shared_exact=True fallback_exact=0
[476/1000] numerical=4.296030019 shared_exact=True fallback_exact=0
[477/1000] numerical=4.565312601 shared_exact=True fallback_exact=0
[478/1000] numerical=4.709434546 shared_exact=True fallback_exact=0
[479/1000] numerical=3.926865825 shared_exact=True fallback_exact=0
[480/1000] numerical=4.336210854 shared_exact=True fallback_exact=0
[481/1000] numerical=4.166573146 shared_exact=True fallback_exact=0
[482/1000] numerical=3.097963352 shared_exact=True fallback_exact=0
[483/1000] numerical=3.961940319 shared_exact=True fallback_exact=0
[484/1000] numerical=4.662655238 shared_exact=True fallback_exact=0
[485/1000] numerical=4.563281505 shared_exact=True fallback_exact=0
[486/1000] numerical=3.883785672 shared_exact=True fallback_exact=0
[487/1000] numerical=3.631603133 shared_exact=True fallback_exact=0
[488/1000] numerical=3.395373015 shared_exact=True fallback_exact=0
[489/1000] numerical=3.645983476 shared_exact=True fallback_exact=0
[490/1000] numerical=2.667062189 shared_exact=True fallback_exact=0
[491/1000] numerical=3.269733641 shared_exact=True fallback_exact=0
[492/1000] numerical=3.345491938 shared_exact=True fallback_exact=0
[493/1000] numerical=3.348545377 shared_exact=True fallback_exact=0
[494/1000] numerical=3.545834463 shared_exact=True fallback_exact=0
[495/1000] numerical=2.815614403 shared_exact=True fallback_exact=0
[496/1000] numerical=3.293221998 shared_exact=True fallback_exact=0
[497/1000] numerical=2.567574903 shared_exact=True fallback_exact=0
[498/1000] numerical=3.846322740 shared_exact=True fallback_exact=0
[499/1000] numerical=3.083345162 shared_exact=True fallback_exact=0
[500/1000] numerical=3.272828077 shared_exact=True fallback_exact=0
checkpoint=/workspace/positive-square-energy/experiments/rank7_order8_chunk_017000_018000.r7o8g.xz.fragments/fragment-017000-017500.r7o8g.xz rows=500
[501/1000] numerical=2.201345623 shared_exact=True fallback_exact=0
[502/1000] numerical=3.680966074 shared_exact=True fallback_exact=0
[503/1000] numerical=3.565835576 shared_exact=True fallback_exact=0
[504/1000] numerical=2.925894117 shared_exact=True fallback_exact=0
[505/1000] numerical=2.635118622 shared_exact=True fallback_exact=0
[506/1000] numerical=3.395909954 shared_exact=True fallback_exact=0
[507/1000] numerical=3.645984622 shared_exact=True fallback_exact=0
[508/1000] numerical=2.667062189 shared_exact=True fallback_exact=0
[509/1000] numerical=3.269732488 shared_exact=True fallback_exact=0
[510/1000] numerical=3.345491947 shared_exact=True fallback_exact=0
[511/1000] numerical=3.348559816 shared_exact=True fallback_exact=0
[512/1000] numerical=3.545834497 shared_exact=True fallback_exact=0
[513/1000] numerical=2.815614403 shared_exact=True fallback_exact=0
[514/1000] numerical=3.293222154 shared_exact=True fallback_exact=0
[515/1000] numerical=2.567574903 shared_exact=True fallback_exact=0
[516/1000] numerical=3.846322968 shared_exact=True fallback_exact=0
[517/1000] numerical=3.083345122 shared_exact=True fallback_exact=0
[518/1000] numerical=3.272827630 shared_exact=True fallback_exact=0
[519/1000] numerical=2.201345623 shared_exact=True fallback_exact=0
[520/1000] numerical=3.684851036 shared_exact=True fallback_exact=0
[521/1000] numerical=3.565834164 shared_exact=True fallback_exact=0
[522/1000] numerical=2.926681828 shared_exact=True fallback_exact=0
[523/1000] numerical=2.635118622 shared_exact=True fallback_exact=0
[524/1000] numerical=2.821010370 shared_exact=True fallback_exact=0
[525/1000] numerical=2.756357255 shared_exact=True fallback_exact=0
[526/1000] numerical=2.281372757 shared_exact=True fallback_exact=0
[527/1000] numerical=3.051104638 shared_exact=True fallback_exact=0
[528/1000] numerical=2.435441057 shared_exact=True fallback_exact=0
[529/1000] numerical=2.677594006 shared_exact=True fallback_exact=0
[530/1000] numerical=2.606706601 shared_exact=True fallback_exact=0
[531/1000] numerical=1.728415811 shared_exact=True fallback_exact=0
[532/1000] numerical=3.607269636 shared_exact=True fallback_exact=0
[533/1000] numerical=4.085759460 shared_exact=True fallback_exact=0
[534/1000] numerical=3.186597425 shared_exact=True fallback_exact=0
[535/1000] numerical=3.137296103 shared_exact=True fallback_exact=0
[536/1000] numerical=3.137296103 shared_exact=True fallback_exact=0
[537/1000] numerical=3.607269635 shared_exact=True fallback_exact=0
[538/1000] numerical=4.085756442 shared_exact=True fallback_exact=0
[539/1000] numerical=3.186597425 shared_exact=True fallback_exact=0
[540/1000] numerical=3.559861180 shared_exact=True fallback_exact=0
[541/1000] numerical=3.216993819 shared_exact=True fallback_exact=0
[542/1000] numerical=3.559861194 shared_exact=True fallback_exact=0
[543/1000] numerical=3.608691416 shared_exact=True fallback_exact=0
[544/1000] numerical=2.822791553 shared_exact=True fallback_exact=0
[545/1000] numerical=3.363299015 shared_exact=True fallback_exact=0
[546/1000] numerical=2.726433974 shared_exact=True fallback_exact=0
[547/1000] numerical=4.183131064 shared_exact=True fallback_exact=0
[548/1000] numerical=3.424900086 shared_exact=True fallback_exact=0
[549/1000] numerical=3.111441835 shared_exact=True fallback_exact=0
[550/1000] numerical=2.073713056 shared_exact=True fallback_exact=0
[551/1000] numerical=4.159019299 shared_exact=True fallback_exact=0
[552/1000] numerical=4.085740119 shared_exact=True fallback_exact=0
[553/1000] numerical=3.360303557 shared_exact=True fallback_exact=0
[554/1000] numerical=3.186597425 shared_exact=True fallback_exact=0
[555/1000] numerical=3.137296103 shared_exact=True fallback_exact=0
[556/1000] numerical=2.696392969 shared_exact=True fallback_exact=0
[557/1000] numerical=2.363408834 shared_exact=True fallback_exact=0
[558/1000] numerical=3.326358977 shared_exact=True fallback_exact=0
[559/1000] numerical=2.244096779 shared_exact=True fallback_exact=0
[560/1000] numerical=3.164058372 shared_exact=True fallback_exact=0
[561/1000] numerical=3.085998360 shared_exact=True fallback_exact=0
[562/1000] numerical=2.200020883 shared_exact=True fallback_exact=0
[563/1000] numerical=3.137296103 shared_exact=True fallback_exact=0
[564/1000] numerical=2.696392969 shared_exact=True fallback_exact=0
[565/1000] numerical=2.363408834 shared_exact=True fallback_exact=0
[566/1000] numerical=3.326374522 shared_exact=True fallback_exact=0
[567/1000] numerical=2.244096779 shared_exact=True fallback_exact=0
[568/1000] numerical=3.164367942 shared_exact=True fallback_exact=0
[569/1000] numerical=3.085998358 shared_exact=True fallback_exact=0
[570/1000] numerical=2.200020883 shared_exact=True fallback_exact=0
[571/1000] numerical=2.158917634 shared_exact=True fallback_exact=0
[572/1000] numerical=3.045548302 shared_exact=True fallback_exact=0
[573/1000] numerical=2.760681790 shared_exact=True fallback_exact=0
[574/1000] numerical=3.175660880 shared_exact=True fallback_exact=0
[575/1000] numerical=3.115184822 shared_exact=True fallback_exact=0
[576/1000] numerical=2.903222804 shared_exact=True fallback_exact=0
[577/1000] numerical=3.143907258 shared_exact=True fallback_exact=0
[578/1000] numerical=3.262841631 shared_exact=True fallback_exact=0
[579/1000] numerical=2.641919280 shared_exact=True fallback_exact=0
[580/1000] numerical=2.718223790 shared_exact=True fallback_exact=0
[581/1000] numerical=2.707761842 shared_exact=True fallback_exact=0
[582/1000] numerical=2.120464220 shared_exact=True fallback_exact=0
[583/1000] numerical=3.400063967 shared_exact=True fallback_exact=0
[584/1000] numerical=2.919998658 shared_exact=True fallback_exact=0
[585/1000] numerical=3.593042061 shared_exact=True fallback_exact=0
[586/1000] numerical=3.725793254 shared_exact=True fallback_exact=0
[587/1000] numerical=3.182974736 shared_exact=True fallback_exact=0
[588/1000] numerical=2.945043271 shared_exact=True fallback_exact=0
[589/1000] numerical=3.773702522 shared_exact=True fallback_exact=0
[590/1000] numerical=3.603246986 shared_exact=True fallback_exact=0
[591/1000] numerical=3.676644216 shared_exact=True fallback_exact=0
[592/1000] numerical=3.638866677 shared_exact=True fallback_exact=0
[593/1000] numerical=3.536838188 shared_exact=True fallback_exact=0
[594/1000] numerical=2.626748152 shared_exact=True fallback_exact=0
[595/1000] numerical=3.379466856 shared_exact=True fallback_exact=0
[596/1000] numerical=3.129337298 shared_exact=True fallback_exact=0
[597/1000] numerical=3.164626006 shared_exact=True fallback_exact=0
[598/1000] numerical=3.225963877 shared_exact=True fallback_exact=0
[599/1000] numerical=3.104029764 shared_exact=True fallback_exact=0
[600/1000] numerical=2.936096163 shared_exact=True fallback_exact=0
[601/1000] numerical=3.254299993 shared_exact=True fallback_exact=0
[602/1000] numerical=3.062594113 shared_exact=True fallback_exact=0
[603/1000] numerical=1.976982426 shared_exact=True fallback_exact=0
[604/1000] numerical=2.910162625 shared_exact=True fallback_exact=0
[605/1000] numerical=2.710776528 shared_exact=True fallback_exact=0
[606/1000] numerical=2.329064573 shared_exact=True fallback_exact=0
[607/1000] numerical=3.587136605 shared_exact=True fallback_exact=0
[608/1000] numerical=3.789425881 shared_exact=True fallback_exact=0
[609/1000] numerical=3.774920272 shared_exact=True fallback_exact=0
[610/1000] numerical=2.893285074 shared_exact=True fallback_exact=0
[611/1000] numerical=3.817672960 shared_exact=True fallback_exact=0
[612/1000] numerical=3.382130269 shared_exact=True fallback_exact=0
[613/1000] numerical=3.720550208 shared_exact=True fallback_exact=0
[614/1000] numerical=3.598910853 shared_exact=True fallback_exact=0
[615/1000] numerical=2.590933720 shared_exact=True fallback_exact=0
[616/1000] numerical=3.462719336 shared_exact=True fallback_exact=0
[617/1000] numerical=3.263644420 shared_exact=True fallback_exact=0
[618/1000] numerical=2.171773198 shared_exact=True fallback_exact=0
[619/1000] numerical=2.828158739 shared_exact=True fallback_exact=0
[620/1000] numerical=2.282038056 shared_exact=True fallback_exact=0
[621/1000] numerical=3.046578708 shared_exact=True fallback_exact=0
[622/1000] numerical=2.547759416 shared_exact=True fallback_exact=0
[623/1000] numerical=2.400295306 shared_exact=True fallback_exact=0
[624/1000] numerical=3.719012369 shared_exact=True fallback_exact=0
[625/1000] numerical=3.868236367 shared_exact=True fallback_exact=0
[626/1000] numerical=3.838602587 shared_exact=True fallback_exact=0
[627/1000] numerical=3.692040066 shared_exact=True fallback_exact=0
[628/1000] numerical=3.578006972 shared_exact=True fallback_exact=0
[629/1000] numerical=3.098144864 shared_exact=True fallback_exact=0
[630/1000] numerical=3.290845951 shared_exact=True fallback_exact=0
[631/1000] numerical=2.984851963 shared_exact=True fallback_exact=0
[632/1000] numerical=3.734430038 shared_exact=True fallback_exact=0
[633/1000] numerical=2.785488911 shared_exact=True fallback_exact=0
[634/1000] numerical=3.631065769 shared_exact=True fallback_exact=0
[635/1000] numerical=3.582377947 shared_exact=True fallback_exact=0
[636/1000] numerical=2.688071777 shared_exact=True fallback_exact=0
[637/1000] numerical=3.693172542 shared_exact=True fallback_exact=0
[638/1000] numerical=3.554511641 shared_exact=True fallback_exact=0
[639/1000] numerical=4.025700576 shared_exact=True fallback_exact=0
[640/1000] numerical=3.548726534 shared_exact=True fallback_exact=0
[641/1000] numerical=3.987299693 shared_exact=True fallback_exact=0
[642/1000] numerical=3.936527271 shared_exact=True fallback_exact=0
[643/1000] numerical=3.092316131 shared_exact=True fallback_exact=0
[644/1000] numerical=3.658310214 shared_exact=True fallback_exact=0
[645/1000] numerical=3.409230882 shared_exact=True fallback_exact=0
[646/1000] numerical=3.931790318 shared_exact=True fallback_exact=0
[647/1000] numerical=3.312145662 shared_exact=True fallback_exact=0
[648/1000] numerical=3.796127572 shared_exact=True fallback_exact=0
[649/1000] numerical=3.683363911 shared_exact=True fallback_exact=0
[650/1000] numerical=2.705084009 shared_exact=True fallback_exact=0
[651/1000] numerical=2.539775043 shared_exact=True fallback_exact=0
[652/1000] numerical=3.158356651 shared_exact=True fallback_exact=0
[653/1000] numerical=2.634492462 shared_exact=True fallback_exact=0
[654/1000] numerical=3.503335678 shared_exact=True fallback_exact=0
[655/1000] numerical=3.371093977 shared_exact=True fallback_exact=0
[656/1000] numerical=4.043105066 shared_exact=True fallback_exact=0
[657/1000] numerical=3.566494517 shared_exact=True fallback_exact=0
[658/1000] numerical=3.131893293 shared_exact=True fallback_exact=0
[659/1000] numerical=3.645448689 shared_exact=True fallback_exact=0
[660/1000] numerical=3.996240981 shared_exact=True fallback_exact=0
[661/1000] numerical=3.843926613 shared_exact=True fallback_exact=0
[662/1000] numerical=4.351483787 shared_exact=True fallback_exact=0
[663/1000] numerical=3.814474940 shared_exact=True fallback_exact=0
[664/1000] numerical=4.308330214 shared_exact=True fallback_exact=0
[665/1000] numerical=4.251023919 shared_exact=True fallback_exact=0
[666/1000] numerical=3.394898611 shared_exact=True fallback_exact=0
[667/1000] numerical=3.615617119 shared_exact=True fallback_exact=0
[668/1000] numerical=3.144760337 shared_exact=True fallback_exact=0
[669/1000] numerical=3.166829164 shared_exact=True fallback_exact=0
[670/1000] numerical=3.503306647 shared_exact=True fallback_exact=0
[671/1000] numerical=2.793777238 shared_exact=True fallback_exact=0
[672/1000] numerical=3.722243356 shared_exact=True fallback_exact=0
[673/1000] numerical=3.578396859 shared_exact=True fallback_exact=0
[674/1000] numerical=2.552757609 shared_exact=True fallback_exact=0
[675/1000] numerical=3.168333081 shared_exact=True fallback_exact=0
[676/1000] numerical=3.638085882 shared_exact=True fallback_exact=0
[677/1000] numerical=3.500481935 shared_exact=True fallback_exact=0
[678/1000] numerical=4.097303535 shared_exact=True fallback_exact=0
[679/1000] numerical=3.176160389 shared_exact=True fallback_exact=0
[680/1000] numerical=4.282924792 shared_exact=True fallback_exact=0
[681/1000] numerical=4.206851144 shared_exact=True fallback_exact=0
[682/1000] numerical=3.297466185 shared_exact=True fallback_exact=0
[683/1000] numerical=3.210361075 shared_exact=True fallback_exact=0
[684/1000] numerical=3.118188261 shared_exact=True fallback_exact=0
[685/1000] numerical=3.659977498 shared_exact=True fallback_exact=0
[686/1000] numerical=2.769801320 shared_exact=True fallback_exact=0
[687/1000] numerical=3.871150615 shared_exact=True fallback_exact=0
[688/1000] numerical=3.769285030 shared_exact=True fallback_exact=0
[689/1000] numerical=2.804541144 shared_exact=True fallback_exact=0
[690/1000] numerical=2.615601221 shared_exact=True fallback_exact=0
[691/1000] numerical=2.469602574 shared_exact=True fallback_exact=0
[692/1000] numerical=3.203368827 shared_exact=True fallback_exact=0
[693/1000] numerical=2.115326129 shared_exact=True fallback_exact=0
[694/1000] numerical=3.306551811 shared_exact=True fallback_exact=0
[695/1000] numerical=3.176730053 shared_exact=True fallback_exact=0
[696/1000] numerical=2.239507589 shared_exact=True fallback_exact=0
[697/1000] numerical=3.503830306 shared_exact=True fallback_exact=0
[698/1000] numerical=3.613079926 shared_exact=True fallback_exact=0
[699/1000] numerical=3.782632187 shared_exact=True fallback_exact=0
[700/1000] numerical=3.240482362 shared_exact=True fallback_exact=0
[701/1000] numerical=4.002281875 shared_exact=True fallback_exact=0
[702/1000] numerical=3.852085978 shared_exact=True fallback_exact=0
[703/1000] numerical=2.813967637 shared_exact=True fallback_exact=0
[704/1000] numerical=3.866558025 shared_exact=True fallback_exact=0
[705/1000] numerical=3.759801834 shared_exact=True fallback_exact=0
[706/1000] numerical=3.642458800 shared_exact=True fallback_exact=0
[707/1000] numerical=3.948694740 shared_exact=True fallback_exact=0
[708/1000] numerical=3.969077908 shared_exact=True fallback_exact=0
[709/1000] numerical=3.188222643 shared_exact=True fallback_exact=0
[710/1000] numerical=3.807326023 shared_exact=True fallback_exact=0
[711/1000] numerical=3.878334130 shared_exact=True fallback_exact=0
[712/1000] numerical=3.144711605 shared_exact=True fallback_exact=0
[713/1000] numerical=3.877963283 shared_exact=True fallback_exact=0
[714/1000] numerical=4.260542191 shared_exact=True fallback_exact=0
[715/1000] numerical=4.293367918 shared_exact=True fallback_exact=0
[716/1000] numerical=3.518526009 shared_exact=True fallback_exact=0
[717/1000] numerical=3.846133814 shared_exact=True fallback_exact=0
[718/1000] numerical=3.686674898 shared_exact=True fallback_exact=0
[719/1000] numerical=2.702319124 shared_exact=True fallback_exact=0
[720/1000] numerical=3.692875419 shared_exact=True fallback_exact=0
[721/1000] numerical=4.326230192 shared_exact=True fallback_exact=0
[722/1000] numerical=4.203418726 shared_exact=True fallback_exact=0
[723/1000] numerical=3.584872530 shared_exact=True fallback_exact=0
[724/1000] numerical=3.277855633 shared_exact=True fallback_exact=0
[725/1000] numerical=3.440804850 shared_exact=True fallback_exact=0
[726/1000] numerical=2.872936288 shared_exact=True fallback_exact=0
[727/1000] numerical=3.428604193 shared_exact=True fallback_exact=0
[728/1000] numerical=3.037481220 shared_exact=True fallback_exact=0
[729/1000] numerical=2.394173575 shared_exact=True fallback_exact=0
[730/1000] numerical=3.142812453 shared_exact=True fallback_exact=0
[731/1000] numerical=3.130176274 shared_exact=True fallback_exact=0
[732/1000] numerical=3.104756223 shared_exact=True fallback_exact=0
[733/1000] numerical=3.420178956 shared_exact=True fallback_exact=0
[734/1000] numerical=2.730011193 shared_exact=True fallback_exact=0
[735/1000] numerical=3.530754126 shared_exact=True fallback_exact=0
[736/1000] numerical=3.351576063 shared_exact=True fallback_exact=0
[737/1000] numerical=2.341374271 shared_exact=True fallback_exact=0
[738/1000] numerical=1.905567531 shared_exact=True fallback_exact=0
[739/1000] numerical=1.848832283 shared_exact=True fallback_exact=0
[740/1000] numerical=1.887779593 shared_exact=True fallback_exact=0
[741/1000] numerical=1.716652471 shared_exact=True fallback_exact=0
[742/1000] numerical=1.391762961 shared_exact=True fallback_exact=0
[743/1000] numerical=1.141526634 shared_exact=True fallback_exact=0
[744/1000] numerical=2.638310740 shared_exact=True fallback_exact=0
[745/1000] numerical=2.984572231 shared_exact=True fallback_exact=0
[746/1000] numerical=2.330555472 shared_exact=True fallback_exact=0
[747/1000] numerical=2.648045497 shared_exact=True fallback_exact=0
[748/1000] numerical=2.461905131 shared_exact=True fallback_exact=0
[749/1000] numerical=2.845558405 shared_exact=True fallback_exact=0
[750/1000] numerical=2.749480893 shared_exact=True fallback_exact=0
[751/1000] numerical=2.700929279 shared_exact=True fallback_exact=0
[752/1000] numerical=2.621033598 shared_exact=True fallback_exact=0
[753/1000] numerical=2.779927578 shared_exact=True fallback_exact=0
[754/1000] numerical=2.293330121 shared_exact=True fallback_exact=0
[755/1000] numerical=2.260278643 shared_exact=True fallback_exact=0
[756/1000] numerical=2.092244205 shared_exact=True fallback_exact=0
[757/1000] numerical=1.972027406 shared_exact=True fallback_exact=0
[758/1000] numerical=2.625492372 shared_exact=True fallback_exact=0
[759/1000] numerical=2.664333775 shared_exact=True fallback_exact=0
[760/1000] numerical=1.937283000 shared_exact=True fallback_exact=0
[761/1000] numerical=2.664359269 shared_exact=True fallback_exact=0
[762/1000] numerical=1.865576418 shared_exact=True fallback_exact=0
[763/1000] numerical=1.944138519 shared_exact=True fallback_exact=0
[764/1000] numerical=1.247104546 shared_exact=True fallback_exact=0
[765/1000] numerical=2.322385773 shared_exact=True fallback_exact=0
[766/1000] numerical=2.242705788 shared_exact=True fallback_exact=0
[767/1000] numerical=1.513153756 shared_exact=True fallback_exact=0
[768/1000] numerical=2.143851631 shared_exact=True fallback_exact=0
[769/1000] numerical=2.042164776 shared_exact=True fallback_exact=0
[770/1000] numerical=1.399760313 shared_exact=True fallback_exact=0
[771/1000] numerical=1.171913476 shared_exact=True fallback_exact=0
[772/1000] numerical=3.333037900 shared_exact=True fallback_exact=0
[773/1000] numerical=2.926417864 shared_exact=True fallback_exact=0
[774/1000] numerical=3.228144021 shared_exact=True fallback_exact=0
[775/1000] numerical=2.998863154 shared_exact=True fallback_exact=0
[776/1000] numerical=2.844150629 shared_exact=True fallback_exact=0
[777/1000] numerical=2.516104457 shared_exact=True fallback_exact=0
[778/1000] numerical=2.112203414 shared_exact=True fallback_exact=0
[779/1000] numerical=3.061323008 shared_exact=True fallback_exact=0
[780/1000] numerical=2.405483224 shared_exact=True fallback_exact=0
[781/1000] numerical=2.539684605 shared_exact=True fallback_exact=0
[782/1000] numerical=1.933611953 shared_exact=True fallback_exact=0
[783/1000] numerical=3.497851451 shared_exact=True fallback_exact=0
[784/1000] numerical=2.901507501 shared_exact=True fallback_exact=0
[785/1000] numerical=3.034593928 shared_exact=True fallback_exact=0
[786/1000] numerical=3.378935421 shared_exact=True fallback_exact=0
[787/1000] numerical=3.070013794 shared_exact=True fallback_exact=0
[788/1000] numerical=3.548971532 shared_exact=True fallback_exact=0
[789/1000] numerical=2.875698181 shared_exact=True fallback_exact=0
[790/1000] numerical=3.140021333 shared_exact=True fallback_exact=0
[791/1000] numerical=3.495978860 shared_exact=True fallback_exact=0
[792/1000] numerical=3.637965707 shared_exact=True fallback_exact=0
[793/1000] numerical=3.552267614 shared_exact=True fallback_exact=0
[794/1000] numerical=2.626660992 shared_exact=True fallback_exact=0
[795/1000] numerical=2.332647149 shared_exact=True fallback_exact=0
[796/1000] numerical=3.042436388 shared_exact=True fallback_exact=0
[797/1000] numerical=2.385452735 shared_exact=True fallback_exact=0
[798/1000] numerical=2.950243351 shared_exact=True fallback_exact=0
[799/1000] numerical=3.208611739 shared_exact=True fallback_exact=0
[800/1000] numerical=3.415429453 shared_exact=True fallback_exact=0
[801/1000] numerical=2.849146371 shared_exact=True fallback_exact=0
[802/1000] numerical=3.318373272 shared_exact=True fallback_exact=0
[803/1000] numerical=3.244975582 shared_exact=True fallback_exact=0
[804/1000] numerical=3.488600779 shared_exact=True fallback_exact=0
[805/1000] numerical=2.725911674 shared_exact=True fallback_exact=0
[806/1000] numerical=2.985913848 shared_exact=True fallback_exact=0
[807/1000] numerical=2.715552283 shared_exact=True fallback_exact=0
[808/1000] numerical=2.437724814 shared_exact=True fallback_exact=0
[809/1000] numerical=2.672836546 shared_exact=True fallback_exact=0
[810/1000] numerical=2.516614340 shared_exact=True fallback_exact=0
[811/1000] numerical=3.101540394 shared_exact=True fallback_exact=0
[812/1000] numerical=2.808326282 shared_exact=True fallback_exact=0
[813/1000] numerical=3.062740189 shared_exact=True fallback_exact=0
[814/1000] numerical=2.529721605 shared_exact=True fallback_exact=0
[815/1000] numerical=2.588460527 shared_exact=True fallback_exact=0
[816/1000] numerical=3.012881898 shared_exact=True fallback_exact=0
[817/1000] numerical=3.003401578 shared_exact=True fallback_exact=0
[818/1000] numerical=2.325683803 shared_exact=True fallback_exact=0
[819/1000] numerical=3.290781138 shared_exact=True fallback_exact=0
[820/1000] numerical=2.806849413 shared_exact=True fallback_exact=0
[821/1000] numerical=2.988114051 shared_exact=True fallback_exact=0
[822/1000] numerical=2.412506809 shared_exact=True fallback_exact=0
[823/1000] numerical=2.120187820 shared_exact=True fallback_exact=0
[824/1000] numerical=1.894356698 shared_exact=True fallback_exact=0
[825/1000] numerical=2.318683034 shared_exact=True fallback_exact=0
[826/1000] numerical=1.848341423 shared_exact=True fallback_exact=0
[827/1000] numerical=1.711322998 shared_exact=True fallback_exact=0
[828/1000] numerical=2.090984572 shared_exact=True fallback_exact=0
[829/1000] numerical=2.573883197 shared_exact=True fallback_exact=0
[830/1000] numerical=2.130431091 shared_exact=True fallback_exact=0
[831/1000] numerical=2.449661121 shared_exact=True fallback_exact=0
[832/1000] numerical=1.099570198 shared_exact=True fallback_exact=0
[833/1000] numerical=1.705067328 shared_exact=True fallback_exact=0
[834/1000] numerical=1.294461718 shared_exact=True fallback_exact=0
[835/1000] numerical=2.404539149 shared_exact=True fallback_exact=0
[836/1000] numerical=2.668171367 shared_exact=True fallback_exact=0
[837/1000] numerical=2.139243176 shared_exact=True fallback_exact=0
[838/1000] numerical=1.742488208 shared_exact=True fallback_exact=0
[839/1000] numerical=2.355825099 shared_exact=True fallback_exact=0
[840/1000] numerical=2.589504287 shared_exact=True fallback_exact=0
[841/1000] numerical=1.434401158 shared_exact=True fallback_exact=0
[842/1000] numerical=2.044898229 shared_exact=True fallback_exact=0
[843/1000] numerical=1.908024148 shared_exact=True fallback_exact=0
[844/1000] numerical=1.834778439 shared_exact=True fallback_exact=0
[845/1000] numerical=1.719126404 shared_exact=True fallback_exact=0
[846/1000] numerical=1.997139736 shared_exact=True fallback_exact=0
[847/1000] numerical=1.127582580 shared_exact=True fallback_exact=0
[848/1000] numerical=2.749343854 shared_exact=True fallback_exact=0
[849/1000] numerical=2.804552044 shared_exact=True fallback_exact=0
[850/1000] numerical=2.654479224 shared_exact=True fallback_exact=0
[851/1000] numerical=2.670476851 shared_exact=True fallback_exact=0
[852/1000] numerical=2.584959153 shared_exact=True fallback_exact=0
[853/1000] numerical=2.998353411 shared_exact=True fallback_exact=0
[854/1000] numerical=2.454265047 shared_exact=True fallback_exact=0
[855/1000] numerical=2.326204646 shared_exact=True fallback_exact=0
[856/1000] numerical=2.784829810 shared_exact=True fallback_exact=0
[857/1000] numerical=2.082795302 shared_exact=True fallback_exact=0
[858/1000] numerical=2.622555095 shared_exact=True fallback_exact=0
[859/1000] numerical=2.081227565 shared_exact=True fallback_exact=0
[860/1000] numerical=2.421979254 shared_exact=True fallback_exact=0
[861/1000] numerical=1.858956791 shared_exact=True fallback_exact=0
[862/1000] numerical=2.026309360 shared_exact=True fallback_exact=0
[863/1000] numerical=1.369121861 shared_exact=True fallback_exact=0
[864/1000] numerical=2.697499887 shared_exact=True fallback_exact=0
[865/1000] numerical=2.608573606 shared_exact=True fallback_exact=0
[866/1000] numerical=1.744073355 shared_exact=True fallback_exact=0
[867/1000] numerical=2.109568065 shared_exact=True fallback_exact=0
[868/1000] numerical=2.046549090 shared_exact=True fallback_exact=0
[869/1000] numerical=1.207341673 shared_exact=True fallback_exact=0
[870/1000] numerical=3.102648174 shared_exact=True fallback_exact=0
[871/1000] numerical=3.191749246 shared_exact=True fallback_exact=0
[872/1000] numerical=2.755029590 shared_exact=True fallback_exact=0
[873/1000] numerical=2.869404297 shared_exact=True fallback_exact=0
[874/1000] numerical=3.102737089 shared_exact=True fallback_exact=0
[875/1000] numerical=2.740115401 shared_exact=True fallback_exact=0
[876/1000] numerical=1.951329780 shared_exact=True fallback_exact=0
[877/1000] numerical=2.241677359 shared_exact=True fallback_exact=0
[878/1000] numerical=2.456529730 shared_exact=True fallback_exact=0
[879/1000] numerical=2.412072747 shared_exact=True fallback_exact=0
[880/1000] numerical=1.595057787 shared_exact=True fallback_exact=0
[881/1000] numerical=2.726160121 shared_exact=True fallback_exact=0
[882/1000] numerical=3.353016058 shared_exact=True fallback_exact=0
[883/1000] numerical=3.451832234 shared_exact=True fallback_exact=0
[884/1000] numerical=2.653866029 shared_exact=True fallback_exact=0
[885/1000] numerical=2.926061074 shared_exact=True fallback_exact=0
[886/1000] numerical=3.164168120 shared_exact=True fallback_exact=0
[887/1000] numerical=3.120432612 shared_exact=True fallback_exact=0
[888/1000] numerical=3.322844705 shared_exact=True fallback_exact=0
[889/1000] numerical=2.525964350 shared_exact=True fallback_exact=0
[890/1000] numerical=3.406859238 shared_exact=True fallback_exact=0
[891/1000] numerical=2.798301624 shared_exact=True fallback_exact=0
[892/1000] numerical=1.962044616 shared_exact=True fallback_exact=0
[893/1000] numerical=3.108011947 shared_exact=True fallback_exact=0
[894/1000] numerical=2.425137314 shared_exact=True fallback_exact=0
[895/1000] numerical=2.039354857 shared_exact=True fallback_exact=0
[896/1000] numerical=2.076521006 shared_exact=True fallback_exact=0
[897/1000] numerical=2.879143243 shared_exact=True fallback_exact=0
[898/1000] numerical=2.809911374 shared_exact=True fallback_exact=0
[899/1000] numerical=1.969128109 shared_exact=True fallback_exact=0
[900/1000] numerical=3.355628892 shared_exact=True fallback_exact=0
[901/1000] numerical=2.710071783 shared_exact=True fallback_exact=0
[902/1000] numerical=2.890920747 shared_exact=True fallback_exact=0
[903/1000] numerical=3.350643948 shared_exact=True fallback_exact=0
[904/1000] numerical=3.426444337 shared_exact=True fallback_exact=0
[905/1000] numerical=2.206698507 shared_exact=True fallback_exact=0
[906/1000] numerical=3.174948625 shared_exact=True fallback_exact=0
[907/1000] numerical=2.604045720 shared_exact=True fallback_exact=0
[908/1000] numerical=2.293975638 shared_exact=True fallback_exact=0
[909/1000] numerical=2.468619194 shared_exact=True fallback_exact=0
[910/1000] numerical=3.219367584 shared_exact=True fallback_exact=0
[911/1000] numerical=3.271722509 shared_exact=True fallback_exact=0
[912/1000] numerical=2.537596745 shared_exact=True fallback_exact=0
[913/1000] numerical=2.464360121 shared_exact=True fallback_exact=0
[914/1000] numerical=3.418088140 shared_exact=True fallback_exact=0
[915/1000] numerical=2.973426421 shared_exact=True fallback_exact=0
[916/1000] numerical=2.181827948 shared_exact=True fallback_exact=0
[917/1000] numerical=2.649929948 shared_exact=True fallback_exact=0
[918/1000] numerical=2.826767466 shared_exact=True fallback_exact=0
[919/1000] numerical=2.855068997 shared_exact=True fallback_exact=0
[920/1000] numerical=2.114942050 shared_exact=True fallback_exact=0
[921/1000] numerical=1.941540630 shared_exact=True fallback_exact=0
[922/1000] numerical=1.759917078 shared_exact=True fallback_exact=0
[923/1000] numerical=1.943345609 shared_exact=True fallback_exact=0
[924/1000] numerical=1.558980693 shared_exact=True fallback_exact=0
[925/1000] numerical=2.475430304 shared_exact=True fallback_exact=0
[926/1000] numerical=2.908526820 shared_exact=True fallback_exact=0
[927/1000] numerical=2.371959989 shared_exact=True fallback_exact=0
[928/1000] numerical=1.907274361 shared_exact=True fallback_exact=0
[929/1000] numerical=2.301504904 shared_exact=True fallback_exact=0
[930/1000] numerical=1.770269149 shared_exact=True fallback_exact=0
[931/1000] numerical=1.089169886 shared_exact=True fallback_exact=0
[932/1000] numerical=1.567028059 shared_exact=True fallback_exact=0
[933/1000] numerical=1.065247953 shared_exact=True fallback_exact=0
[934/1000] numerical=2.053190699 shared_exact=True fallback_exact=0
[935/1000] numerical=2.113492795 shared_exact=True fallback_exact=0
[936/1000] numerical=1.400114931 shared_exact=True fallback_exact=0
[937/1000] numerical=2.361361566 shared_exact=True fallback_exact=0
[938/1000] numerical=2.446418074 shared_exact=True fallback_exact=0
[939/1000] numerical=1.490380725 shared_exact=True fallback_exact=0
[940/1000] numerical=1.754205343 shared_exact=True fallback_exact=0
[941/1000] numerical=2.486818467 shared_exact=True fallback_exact=0
[942/1000] numerical=2.345385648 shared_exact=True fallback_exact=0
[943/1000] numerical=1.773380883 shared_exact=True fallback_exact=0
[944/1000] numerical=2.650474666 shared_exact=True fallback_exact=0
[945/1000] numerical=2.254459081 shared_exact=True fallback_exact=0
[946/1000] numerical=1.959901444 shared_exact=True fallback_exact=0
[947/1000] numerical=2.416631940 shared_exact=True fallback_exact=0
[948/1000] numerical=2.209120607 shared_exact=True fallback_exact=0
[949/1000] numerical=1.805122947 shared_exact=True fallback_exact=0
[950/1000] numerical=2.430037618 shared_exact=True fallback_exact=0
[951/1000] numerical=2.707924154 shared_exact=True fallback_exact=0
[952/1000] numerical=1.885004947 shared_exact=True fallback_exact=0
[953/1000] numerical=1.767930214 shared_exact=True fallback_exact=0
[954/1000] numerical=1.988384214 shared_exact=True fallback_exact=0
[955/1000] numerical=1.125687868 shared_exact=True fallback_exact=0
[956/1000] numerical=2.911232961 shared_exact=True fallback_exact=0
[957/1000] numerical=2.741629850 shared_exact=True fallback_exact=0
[958/1000] numerical=2.272085949 shared_exact=True fallback_exact=0
[959/1000] numerical=3.342699942 shared_exact=True fallback_exact=0
[960/1000] numerical=2.271200524 shared_exact=True fallback_exact=0
[961/1000] numerical=3.099453452 shared_exact=True fallback_exact=0
[962/1000] numerical=3.125167621 shared_exact=True fallback_exact=0
[963/1000] numerical=2.970784058 shared_exact=True fallback_exact=0
[964/1000] numerical=3.046655105 shared_exact=True fallback_exact=0
[965/1000] numerical=2.842348009 shared_exact=True fallback_exact=0
[966/1000] numerical=1.740177959 shared_exact=True fallback_exact=0
[967/1000] numerical=2.795850700 shared_exact=True fallback_exact=0
[968/1000] numerical=2.740178625 shared_exact=True fallback_exact=0
[969/1000] numerical=2.695447401 shared_exact=True fallback_exact=0
[970/1000] numerical=3.135071105 shared_exact=True fallback_exact=0
[971/1000] numerical=1.968503568 shared_exact=True fallback_exact=0
[972/1000] numerical=3.152628556 shared_exact=True fallback_exact=0
[973/1000] numerical=3.025306087 shared_exact=True fallback_exact=0
[974/1000] numerical=3.461451644 shared_exact=True fallback_exact=0
[975/1000] numerical=2.953073629 shared_exact=True fallback_exact=0
[976/1000] numerical=2.871554594 shared_exact=True fallback_exact=0
[977/1000] numerical=2.006879564 shared_exact=True fallback_exact=0
[978/1000] numerical=3.033666139 shared_exact=True fallback_exact=0
[979/1000] numerical=3.103632779 shared_exact=True fallback_exact=0
[980/1000] numerical=2.412169271 shared_exact=True fallback_exact=0
[981/1000] numerical=3.020066978 shared_exact=True fallback_exact=0
[982/1000] numerical=2.770407536 shared_exact=True fallback_exact=0
[983/1000] numerical=2.606781940 shared_exact=True fallback_exact=0
[984/1000] numerical=2.480036794 shared_exact=True fallback_exact=0
[985/1000] numerical=2.002576201 shared_exact=True fallback_exact=0
[986/1000] numerical=1.973548929 shared_exact=True fallback_exact=0
[987/1000] numerical=3.516999698 shared_exact=True fallback_exact=0
[988/1000] numerical=3.145789863 shared_exact=True fallback_exact=0
[989/1000] numerical=3.059869702 shared_exact=True fallback_exact=0
[990/1000] numerical=2.368610442 shared_exact=True fallback_exact=0
[991/1000] numerical=2.650484126 shared_exact=True fallback_exact=0
[992/1000] numerical=1.952928308 shared_exact=True fallback_exact=0
[993/1000] numerical=2.910705817 shared_exact=True fallback_exact=0
[994/1000] numerical=2.895369270 shared_exact=True fallback_exact=0
[995/1000] numerical=2.420856544 shared_exact=True fallback_exact=0
[996/1000] numerical=2.740724969 shared_exact=True fallback_exact=0
[997/1000] numerical=2.856732695 shared_exact=True fallback_exact=0
[998/1000] numerical=2.159514888 shared_exact=True fallback_exact=0
[999/1000] numerical=3.001087568 shared_exact=True fallback_exact=0
[1000/1000] numerical=2.874206220 shared_exact=True fallback_exact=0
checkpoint=/workspace/positive-square-energy/experiments/rank7_order8_chunk_017000_018000.r7o8g.xz.fragments/fragment-017500-018000.r7o8g.xz rows=500
attempts=1000 shared_exact=1000 templates=0 fallback_exact=0 structural=0 atoms=0 balanced=0 unresolved_targets=0
fragments=2 checkpoint_rows=500
raw_bytes=455856 xz_bytes=294840 elapsed_seconds=880.701846
sha256=e0f42c942e4fc3bc6ec2e9d7306bfb3a20c4bf131cdc92334c41b8cbd25f0c0d
full_theorem=false
[2026-08-15T06:17:06.272707+00:00] exit: 0
[2026-08-15T06:17:06.272812+00:00] exec: /opt/kortix/pyfloor/bin/python3 -u /workspace/positive-square-energy/experiments/rank7_order8_exact_rational.py --verify-pack /workspace/positive-square-energy/experiments/rank7_order8_chunk_017000_018000.r7o8g.xz --census-cache positive-square-energy/experiments/rank7_order8_rational_search_cache.r7o8c.xz
attempts=1000 shared_exact=1000 templates=0 fallback_exact=0 structural=0 atoms=0 balanced=0 exact_audit=true census_seconds=60.603089
full_theorem=false
[2026-08-15T06:19:29.366037+00:00] exit: 0
[2026-08-15T06:19:29.367221+00:00] shard=017000_018000 exact_audit=true sha256=e0f42c942e4fc3bc6ec2e9d7306bfb3a20c4bf131cdc92334c41b8cbd25f0c0d
