[2026-08-17T06:47:33.935728+00:00] shard=026000_027000 adopted_fragments=0
[2026-08-17T06:47:33.935791+00:00] exec: /opt/kortix/pyfloor/bin/python3 -u /workspace/positive-square-energy/experiments/rank7_order8_exact_rational.py --output /workspace/positive-square-energy/experiments/rank7_order8_chunk_026000_027000.r7o8g.xz --fragment-directory /workspace/positive-square-energy/experiments/rank7_order8_chunk_026000_027000.r7o8g.xz.fragments --census-cache positive-square-energy/experiments/rank7_order8_rational_search_cache.r7o8c.xz --start 26000 --count 1000 --checkpoint-rows 500 --progress
[1/1000] numerical=4.000000670 shared_exact=True fallback_exact=0
[2/1000] numerical=4.196787453 shared_exact=True fallback_exact=0
[3/1000] numerical=3.626276320 shared_exact=True fallback_exact=0
[4/1000] numerical=3.198187987 shared_exact=True fallback_exact=0
[5/1000] numerical=3.198187993 shared_exact=True fallback_exact=0
[6/1000] numerical=4.000017822 shared_exact=True fallback_exact=0
[7/1000] numerical=4.196787238 shared_exact=True fallback_exact=0
[8/1000] numerical=3.626275717 shared_exact=True fallback_exact=0
[9/1000] numerical=3.355569467 shared_exact=True fallback_exact=0
[10/1000] numerical=4.000505152 shared_exact=True fallback_exact=0
[11/1000] numerical=4.197388356 shared_exact=True fallback_exact=0
[12/1000] numerical=3.093123497 shared_exact=True fallback_exact=0
[13/1000] numerical=3.626443583 shared_exact=True fallback_exact=0
[14/1000] numerical=3.198188138 shared_exact=True fallback_exact=0
[15/1000] numerical=3.055505288 shared_exact=True fallback_exact=0
[16/1000] numerical=3.235062903 shared_exact=True fallback_exact=0
[17/1000] numerical=3.198187985 shared_exact=True fallback_exact=0
[18/1000] numerical=3.055482534 shared_exact=True fallback_exact=0
[19/1000] numerical=3.235037818 shared_exact=True fallback_exact=0
[20/1000] numerical=4.626281764 shared_exact=True fallback_exact=0
[21/1000] numerical=4.626274743 shared_exact=True fallback_exact=0
[22/1000] numerical=4.092628852 shared_exact=True fallback_exact=0
[23/1000] numerical=4.626274743 shared_exact=True fallback_exact=0
[24/1000] numerical=4.178846623 shared_exact=True fallback_exact=0
[25/1000] numerical=3.626274746 shared_exact=True fallback_exact=0
[26/1000] numerical=3.626275169 shared_exact=True fallback_exact=0
[27/1000] numerical=4.626274744 shared_exact=True fallback_exact=0
[28/1000] numerical=4.092628852 shared_exact=True fallback_exact=0
[29/1000] numerical=4.626274743 shared_exact=True fallback_exact=0
[30/1000] numerical=4.178846623 shared_exact=True fallback_exact=0
[31/1000] numerical=3.626274743 shared_exact=True fallback_exact=0
[32/1000] numerical=3.626274836 shared_exact=True fallback_exact=0
[33/1000] numerical=4.092628852 shared_exact=True fallback_exact=0
[34/1000] numerical=4.626274743 shared_exact=True fallback_exact=0
[35/1000] numerical=4.178846623 shared_exact=True fallback_exact=0
[36/1000] numerical=3.711805077 shared_exact=True fallback_exact=0
[37/1000] numerical=4.092654349 shared_exact=True fallback_exact=0
[38/1000] numerical=4.626274744 shared_exact=True fallback_exact=0
[39/1000] numerical=3.000062256 shared_exact=True fallback_exact=0
[40/1000] numerical=4.178846623 shared_exact=True fallback_exact=0
[41/1000] numerical=3.626274761 shared_exact=True fallback_exact=0
[42/1000] numerical=3.126149343 shared_exact=True fallback_exact=0
[43/1000] numerical=3.629482858 shared_exact=True fallback_exact=0
[44/1000] numerical=3.179465324 shared_exact=True fallback_exact=0
[45/1000] numerical=3.626274746 shared_exact=True fallback_exact=0
[46/1000] numerical=3.125190626 shared_exact=True fallback_exact=0
[47/1000] numerical=3.629432996 shared_exact=True fallback_exact=0
[48/1000] numerical=3.179605580 shared_exact=True fallback_exact=0
[49/1000] numerical=2.706061829 shared_exact=True fallback_exact=0
[50/1000] numerical=3.626287030 shared_exact=True fallback_exact=0
[51/1000] numerical=3.626295949 shared_exact=True fallback_exact=0
[52/1000] numerical=3.626284339 shared_exact=True fallback_exact=0
[53/1000] numerical=3.129234932 shared_exact=True fallback_exact=0
[54/1000] numerical=3.630855969 shared_exact=True fallback_exact=0
[55/1000] numerical=3.179902494 shared_exact=True fallback_exact=0
[56/1000] numerical=2.706062735 shared_exact=True fallback_exact=0
[57/1000] numerical=4.537613785 shared_exact=True fallback_exact=0
[58/1000] numerical=4.537613785 shared_exact=True fallback_exact=0
[59/1000] numerical=3.537613785 shared_exact=True fallback_exact=0
[60/1000] numerical=4.354361898 shared_exact=True fallback_exact=0
[61/1000] numerical=3.354361898 shared_exact=True fallback_exact=0
[62/1000] numerical=3.824478098 shared_exact=True fallback_exact=0
[63/1000] numerical=3.268807364 shared_exact=True fallback_exact=0
[64/1000] numerical=3.641226211 shared_exact=True fallback_exact=0
[65/1000] numerical=3.354361898 shared_exact=True fallback_exact=0
[66/1000] numerical=4.171110010 shared_exact=True fallback_exact=0
[67/1000] numerical=4.830359705 shared_exact=True fallback_exact=0
[68/1000] numerical=3.830359705 shared_exact=True fallback_exact=0
[69/1000] numerical=4.647107818 shared_exact=True fallback_exact=0
[70/1000] numerical=4.117224018 shared_exact=True fallback_exact=0
[71/1000] numerical=4.354361898 shared_exact=True fallback_exact=0
[72/1000] numerical=4.354361958 shared_exact=True fallback_exact=0
[73/1000] numerical=3.389432382 shared_exact=True fallback_exact=0
[74/1000] numerical=4.171810666 shared_exact=True fallback_exact=0
[75/1000] numerical=3.641226211 shared_exact=True fallback_exact=0
[76/1000] numerical=3.269187918 shared_exact=True fallback_exact=0
[77/1000] numerical=4.231612888 shared_exact=True fallback_exact=0
[78/1000] numerical=4.830359706 shared_exact=True fallback_exact=0
[79/1000] numerical=4.830359705 shared_exact=True fallback_exact=0
[80/1000] numerical=3.830359743 shared_exact=True fallback_exact=0
[81/1000] numerical=3.832726194 shared_exact=True fallback_exact=0
[82/1000] numerical=4.647107861 shared_exact=True fallback_exact=0
[83/1000] numerical=4.647107824 shared_exact=True fallback_exact=0
[84/1000] numerical=3.665343114 shared_exact=True fallback_exact=0
[85/1000] numerical=4.117224019 shared_exact=True fallback_exact=0
[86/1000] numerical=4.117224018 shared_exact=True fallback_exact=0
[87/1000] numerical=3.117225331 shared_exact=True fallback_exact=0
[88/1000] numerical=3.563160794 shared_exact=True fallback_exact=0
[89/1000] numerical=2.645066420 shared_exact=True fallback_exact=0
[90/1000] numerical=4.354361898 shared_exact=True fallback_exact=0
[91/1000] numerical=4.354361898 shared_exact=True fallback_exact=0
[92/1000] numerical=3.354504659 shared_exact=True fallback_exact=0
[93/1000] numerical=4.171110010 shared_exact=True fallback_exact=0
[94/1000] numerical=3.179489590 shared_exact=True fallback_exact=0
[95/1000] numerical=3.641226211 shared_exact=True fallback_exact=0
[96/1000] numerical=3.085742647 shared_exact=True fallback_exact=0
[97/1000] numerical=3.830360114 shared_exact=True fallback_exact=0
[98/1000] numerical=3.389432937 shared_exact=True fallback_exact=0
[99/1000] numerical=3.830370722 shared_exact=True fallback_exact=0
[100/1000] numerical=3.833271524 shared_exact=True fallback_exact=0
[101/1000] numerical=2.914713161 shared_exact=True fallback_exact=0
[102/1000] numerical=3.665355803 shared_exact=True fallback_exact=0
[103/1000] numerical=2.789146264 shared_exact=True fallback_exact=0
[104/1000] numerical=3.117225654 shared_exact=True fallback_exact=0
[105/1000] numerical=2.645066469 shared_exact=True fallback_exact=0
[106/1000] numerical=3.354852735 shared_exact=True fallback_exact=0
[107/1000] numerical=3.179562584 shared_exact=True fallback_exact=0
[108/1000] numerical=4.127918736 shared_exact=True fallback_exact=0
[109/1000] numerical=4.647118550 shared_exact=True fallback_exact=0
[110/1000] numerical=4.647131851 shared_exact=True fallback_exact=0
[111/1000] numerical=5.123105627 shared_exact=True fallback_exact=0
[112/1000] numerical=5.123105626 shared_exact=True fallback_exact=0
[113/1000] numerical=4.127025113 shared_exact=True fallback_exact=0
[114/1000] numerical=4.647107818 shared_exact=True fallback_exact=0
[115/1000] numerical=3.647731626 shared_exact=True fallback_exact=0
[116/1000] numerical=4.647107818 shared_exact=True fallback_exact=0
[117/1000] numerical=3.647793551 shared_exact=True fallback_exact=0
[118/1000] numerical=4.171110010 shared_exact=True fallback_exact=0
[119/1000] numerical=4.231612888 shared_exact=True fallback_exact=0
[120/1000] numerical=4.171110012 shared_exact=True fallback_exact=0
[121/1000] numerical=4.647107818 shared_exact=True fallback_exact=0
[122/1000] numerical=3.647118077 shared_exact=True fallback_exact=0
[123/1000] numerical=4.171110010 shared_exact=True fallback_exact=0
[124/1000] numerical=3.171124113 shared_exact=True fallback_exact=0
[125/1000] numerical=3.561552813 shared_exact=True fallback_exact=0
[126/1000] numerical=2.562640252 shared_exact=True fallback_exact=0
[127/1000] numerical=3.085555005 shared_exact=True fallback_exact=0
[128/1000] numerical=3.561552813 shared_exact=True fallback_exact=0
[129/1000] numerical=3.647172459 shared_exact=True fallback_exact=0
[130/1000] numerical=5.123105626 shared_exact=True fallback_exact=0
[131/1000] numerical=4.127004775 shared_exact=True fallback_exact=0
[132/1000] numerical=4.123105626 shared_exact=True fallback_exact=0
[133/1000] numerical=2.562640248 shared_exact=True fallback_exact=0
[134/1000] numerical=4.647107818 shared_exact=True fallback_exact=0
[135/1000] numerical=3.647711237 shared_exact=True fallback_exact=0
[136/1000] numerical=3.647107818 shared_exact=True fallback_exact=0
[137/1000] numerical=3.171110154 shared_exact=True fallback_exact=0
[138/1000] numerical=3.647713788 shared_exact=True fallback_exact=0
[139/1000] numerical=3.647107818 shared_exact=True fallback_exact=0
[140/1000] numerical=4.171110010 shared_exact=True fallback_exact=0
[141/1000] numerical=3.171110010 shared_exact=True fallback_exact=0
[142/1000] numerical=3.209165487 shared_exact=True fallback_exact=0
[143/1000] numerical=2.667265689 shared_exact=True fallback_exact=0
[144/1000] numerical=3.123105626 shared_exact=True fallback_exact=0
[145/1000] numerical=2.649016514 shared_exact=True fallback_exact=0
[146/1000] numerical=5.000066507 shared_exact=True fallback_exact=0
[147/1000] numerical=4.052582329 shared_exact=True fallback_exact=0
[148/1000] numerical=4.052581333 shared_exact=True fallback_exact=0
[149/1000] numerical=5.000074350 shared_exact=True fallback_exact=0
[150/1000] numerical=4.085735795 shared_exact=True fallback_exact=0
[151/1000] numerical=5.000000043 shared_exact=True fallback_exact=0
[152/1000] numerical=5.000200447 shared_exact=True fallback_exact=0
[153/1000] numerical=4.000000000 shared_exact=True fallback_exact=0
[154/1000] numerical=4.099498652 shared_exact=True fallback_exact=0
[155/1000] numerical=4.000049446 shared_exact=True fallback_exact=0
[156/1000] numerical=4.000000049 shared_exact=True fallback_exact=0
[157/1000] numerical=4.052581333 shared_exact=True fallback_exact=0
[158/1000] numerical=3.210495716 shared_exact=True fallback_exact=0
[159/1000] numerical=4.000174314 shared_exact=True fallback_exact=0
[160/1000] numerical=4.085735134 shared_exact=True fallback_exact=0
[161/1000] numerical=4.000000003 shared_exact=True fallback_exact=0
[162/1000] numerical=4.085735134 shared_exact=True fallback_exact=0
[163/1000] numerical=3.304832294 shared_exact=True fallback_exact=0
[164/1000] numerical=3.108017004 shared_exact=True fallback_exact=0
[165/1000] numerical=4.000069402 shared_exact=True fallback_exact=0
[166/1000] numerical=4.085735157 shared_exact=True fallback_exact=0
[167/1000] numerical=4.000002081 shared_exact=True fallback_exact=0
[168/1000] numerical=4.085735134 shared_exact=True fallback_exact=0
[169/1000] numerical=3.304720530 shared_exact=True fallback_exact=0
[170/1000] numerical=3.108017004 shared_exact=True fallback_exact=0
[171/1000] numerical=3.304312374 shared_exact=True fallback_exact=0
[172/1000] numerical=4.052581333 shared_exact=True fallback_exact=0
[173/1000] numerical=4.000145284 shared_exact=True fallback_exact=0
[174/1000] numerical=4.000000000 shared_exact=True fallback_exact=0
[175/1000] numerical=4.052581337 shared_exact=True fallback_exact=0
[176/1000] numerical=3.210504522 shared_exact=True fallback_exact=0
[177/1000] numerical=3.194407862 shared_exact=True fallback_exact=0
[178/1000] numerical=3.108017004 shared_exact=True fallback_exact=0
[179/1000] numerical=3.108017004 shared_exact=True fallback_exact=0
[180/1000] numerical=4.061440831 shared_exact=True fallback_exact=0
[181/1000] numerical=4.000000000 shared_exact=True fallback_exact=0
[182/1000] numerical=4.000000000 shared_exact=True fallback_exact=0
[183/1000] numerical=5.000056803 shared_exact=True fallback_exact=0
[184/1000] numerical=4.052581415 shared_exact=True fallback_exact=0
[185/1000] numerical=5.000322748 shared_exact=True fallback_exact=0
[186/1000] numerical=5.000000000 shared_exact=True fallback_exact=0
[187/1000] numerical=4.069161714 shared_exact=True fallback_exact=0
[188/1000] numerical=4.000000000 shared_exact=True fallback_exact=0
[189/1000] numerical=4.052581333 shared_exact=True fallback_exact=0
[190/1000] numerical=4.052581333 shared_exact=True fallback_exact=0
[191/1000] numerical=4.000000000 shared_exact=True fallback_exact=0
[192/1000] numerical=3.058028495 shared_exact=True fallback_exact=0
[193/1000] numerical=4.061440831 shared_exact=True fallback_exact=0
[194/1000] numerical=5.000000001 shared_exact=True fallback_exact=0
[195/1000] numerical=5.000251776 shared_exact=True fallback_exact=0
[196/1000] numerical=4.000000000 shared_exact=True fallback_exact=0
[197/1000] numerical=4.099469987 shared_exact=True fallback_exact=0
[198/1000] numerical=4.061441102 shared_exact=True fallback_exact=0
[199/1000] numerical=5.000067298 shared_exact=True fallback_exact=0
[200/1000] numerical=5.000062495 shared_exact=True fallback_exact=0
[201/1000] numerical=4.052581346 shared_exact=True fallback_exact=0
[202/1000] numerical=4.085735159 shared_exact=True fallback_exact=0
[203/1000] numerical=4.000000665 shared_exact=True fallback_exact=0
[204/1000] numerical=4.052581333 shared_exact=True fallback_exact=0
[205/1000] numerical=3.210495702 shared_exact=True fallback_exact=0
[206/1000] numerical=4.052581339 shared_exact=True fallback_exact=0
[207/1000] numerical=4.000060773 shared_exact=True fallback_exact=0
[208/1000] numerical=3.194407862 shared_exact=True fallback_exact=0
[209/1000] numerical=3.101205303 shared_exact=True fallback_exact=0
[210/1000] numerical=4.000101985 shared_exact=True fallback_exact=0
[211/1000] numerical=4.052581333 shared_exact=True fallback_exact=0
[212/1000] numerical=4.000000000 shared_exact=True fallback_exact=0
[213/1000] numerical=3.058028488 shared_exact=True fallback_exact=0
[214/1000] numerical=3.000000000 shared_exact=True fallback_exact=0
[215/1000] numerical=4.000000007 shared_exact=True fallback_exact=0
[216/1000] numerical=4.085735134 shared_exact=True fallback_exact=0
[217/1000] numerical=3.304785065 shared_exact=True fallback_exact=0
[218/1000] numerical=4.000117794 shared_exact=True fallback_exact=0
[219/1000] numerical=4.085735134 shared_exact=True fallback_exact=0
[220/1000] numerical=3.071575567 shared_exact=True fallback_exact=0
[221/1000] numerical=3.304312374 shared_exact=True fallback_exact=0
[222/1000] numerical=3.108017004 shared_exact=True fallback_exact=0
[223/1000] numerical=3.068114678 shared_exact=True fallback_exact=0
[224/1000] numerical=3.096597221 shared_exact=True fallback_exact=0
[225/1000] numerical=2.304642176 shared_exact=True fallback_exact=0
[226/1000] numerical=4.000069947 shared_exact=True fallback_exact=0
[227/1000] numerical=4.052581333 shared_exact=True fallback_exact=0
[228/1000] numerical=4.000000001 shared_exact=True fallback_exact=0
[229/1000] numerical=3.058028543 shared_exact=True fallback_exact=0
[230/1000] numerical=3.000000019 shared_exact=True fallback_exact=0
[231/1000] numerical=4.000000129 shared_exact=True fallback_exact=0
[232/1000] numerical=4.085735134 shared_exact=True fallback_exact=0
[233/1000] numerical=3.304717008 shared_exact=True fallback_exact=0
[234/1000] numerical=4.000128699 shared_exact=True fallback_exact=0
[235/1000] numerical=4.085735135 shared_exact=True fallback_exact=0
[236/1000] numerical=3.071575570 shared_exact=True fallback_exact=0
[237/1000] numerical=3.304312374 shared_exact=True fallback_exact=0
[238/1000] numerical=3.108017004 shared_exact=True fallback_exact=0
[239/1000] numerical=3.068117739 shared_exact=True fallback_exact=0
[240/1000] numerical=3.096597222 shared_exact=True fallback_exact=0
[241/1000] numerical=2.304642176 shared_exact=True fallback_exact=0
[242/1000] numerical=3.058028483 shared_exact=True fallback_exact=0
[243/1000] numerical=3.304312374 shared_exact=True fallback_exact=0
[244/1000] numerical=3.075020943 shared_exact=True fallback_exact=0
[245/1000] numerical=3.304312375 shared_exact=True fallback_exact=0
[246/1000] numerical=2.618874645 shared_exact=True fallback_exact=0
[247/1000] numerical=2.336589810 shared_exact=True fallback_exact=0
[248/1000] numerical=4.052581333 shared_exact=True fallback_exact=0
[249/1000] numerical=4.052581334 shared_exact=True fallback_exact=0
[250/1000] numerical=4.000000000 shared_exact=True fallback_exact=0
[251/1000] numerical=3.058028560 shared_exact=True fallback_exact=0
[252/1000] numerical=3.058028484 shared_exact=True fallback_exact=0
[253/1000] numerical=4.000000000 shared_exact=True fallback_exact=0
[254/1000] numerical=4.052581333 shared_exact=True fallback_exact=0
[255/1000] numerical=3.210497135 shared_exact=True fallback_exact=0
[256/1000] numerical=4.052581338 shared_exact=True fallback_exact=0
[257/1000] numerical=4.000111116 shared_exact=True fallback_exact=0
[258/1000] numerical=3.194407862 shared_exact=True fallback_exact=0
[259/1000] numerical=3.101205713 shared_exact=True fallback_exact=0
[260/1000] numerical=3.194407862 shared_exact=True fallback_exact=0
[261/1000] numerical=3.194408598 shared_exact=True fallback_exact=0
[262/1000] numerical=3.066023783 shared_exact=True fallback_exact=0
[263/1000] numerical=3.000000000 shared_exact=True fallback_exact=0
[264/1000] numerical=3.108017004 shared_exact=True fallback_exact=0
[265/1000] numerical=3.068114674 shared_exact=True fallback_exact=0
[266/1000] numerical=3.096597221 shared_exact=True fallback_exact=0
[267/1000] numerical=2.304642177 shared_exact=True fallback_exact=0
[268/1000] numerical=3.000000000 shared_exact=True fallback_exact=0
[269/1000] numerical=3.108017004 shared_exact=True fallback_exact=0
[270/1000] numerical=3.068114689 shared_exact=True fallback_exact=0
[271/1000] numerical=3.096597221 shared_exact=True fallback_exact=0
[272/1000] numerical=2.211761368 shared_exact=True fallback_exact=0
[273/1000] numerical=4.331073162 shared_exact=True fallback_exact=0
[274/1000] numerical=3.352696550 shared_exact=True fallback_exact=0
[275/1000] numerical=3.523045849 shared_exact=True fallback_exact=0
[276/1000] numerical=3.352861561 shared_exact=True fallback_exact=0
[277/1000] numerical=4.179347260 shared_exact=True fallback_exact=0
[278/1000] numerical=4.179111939 shared_exact=True fallback_exact=0
[279/1000] numerical=4.607075656 shared_exact=True fallback_exact=0
[280/1000] numerical=4.565637470 shared_exact=True fallback_exact=0
[281/1000] numerical=4.607230644 shared_exact=True fallback_exact=0
[282/1000] numerical=4.634455805 shared_exact=True fallback_exact=0
[283/1000] numerical=3.780914631 shared_exact=True fallback_exact=0
[284/1000] numerical=3.847750335 shared_exact=True fallback_exact=0
[285/1000] numerical=3.018689736 shared_exact=True fallback_exact=0
[286/1000] numerical=3.780909714 shared_exact=True fallback_exact=0
[287/1000] numerical=3.007234168 shared_exact=True fallback_exact=0
[288/1000] numerical=3.018689737 shared_exact=True fallback_exact=0
[289/1000] numerical=3.725123517 shared_exact=True fallback_exact=0
[290/1000] numerical=4.210478991 shared_exact=True fallback_exact=0
[291/1000] numerical=3.353446470 shared_exact=True fallback_exact=0
[292/1000] numerical=3.457933742 shared_exact=True fallback_exact=0
[293/1000] numerical=3.353446468 shared_exact=True fallback_exact=0
[294/1000] numerical=3.807861611 shared_exact=True fallback_exact=0
[295/1000] numerical=3.809064647 shared_exact=True fallback_exact=0
[296/1000] numerical=3.401034462 shared_exact=True fallback_exact=0
[297/1000] numerical=4.270412496 shared_exact=True fallback_exact=0
[298/1000] numerical=3.270414050 shared_exact=True fallback_exact=0
[299/1000] numerical=3.387293604 shared_exact=True fallback_exact=0
[300/1000] numerical=4.339138398 shared_exact=True fallback_exact=0
[301/1000] numerical=3.442752381 shared_exact=True fallback_exact=0
[302/1000] numerical=4.270415868 shared_exact=True fallback_exact=0
[303/1000] numerical=4.270486376 shared_exact=True fallback_exact=0
[304/1000] numerical=3.270414117 shared_exact=True fallback_exact=0
[305/1000] numerical=3.334757538 shared_exact=True fallback_exact=0
[306/1000] numerical=3.546722926 shared_exact=True fallback_exact=0
[307/1000] numerical=3.387294519 shared_exact=True fallback_exact=0
[308/1000] numerical=3.387293600 shared_exact=True fallback_exact=0
[309/1000] numerical=2.413652579 shared_exact=True fallback_exact=0
[310/1000] numerical=3.270414055 shared_exact=True fallback_exact=0
[311/1000] numerical=3.442752358 shared_exact=True fallback_exact=0
[312/1000] numerical=3.270414729 shared_exact=True fallback_exact=0
[313/1000] numerical=3.334757539 shared_exact=True fallback_exact=0
[314/1000] numerical=2.502604718 shared_exact=True fallback_exact=0
[315/1000] numerical=2.413652579 shared_exact=True fallback_exact=0
[316/1000] numerical=4.111932572 shared_exact=True fallback_exact=0
[317/1000] numerical=4.179111886 shared_exact=True fallback_exact=0
[318/1000] numerical=4.111933331 shared_exact=True fallback_exact=0
[319/1000] numerical=4.086293458 shared_exact=True fallback_exact=0
[320/1000] numerical=3.114976707 shared_exact=True fallback_exact=0
[321/1000] numerical=3.163702964 shared_exact=True fallback_exact=0
[322/1000] numerical=2.226293839 shared_exact=True fallback_exact=0
[323/1000] numerical=3.114976713 shared_exact=True fallback_exact=0
[324/1000] numerical=2.093156231 shared_exact=True fallback_exact=0
[325/1000] numerical=2.226488693 shared_exact=True fallback_exact=0
[326/1000] numerical=4.086293250 shared_exact=True fallback_exact=0
[327/1000] numerical=4.179254729 shared_exact=True fallback_exact=0
[328/1000] numerical=4.086312027 shared_exact=True fallback_exact=0
[329/1000] numerical=4.095449990 shared_exact=True fallback_exact=0
[330/1000] numerical=3.207470925 shared_exact=True fallback_exact=0
[331/1000] numerical=3.204680656 shared_exact=True fallback_exact=0
[332/1000] numerical=2.364541780 shared_exact=True fallback_exact=0
[333/1000] numerical=3.207470925 shared_exact=True fallback_exact=0
[334/1000] numerical=2.418871112 shared_exact=True fallback_exact=0
[335/1000] numerical=2.364541780 shared_exact=True fallback_exact=0
[336/1000] numerical=3.639243562 shared_exact=True fallback_exact=0
[337/1000] numerical=4.615289205 shared_exact=True fallback_exact=0
[338/1000] numerical=4.568822113 shared_exact=True fallback_exact=0
[339/1000] numerical=4.568966239 shared_exact=True fallback_exact=0
[340/1000] numerical=3.628110679 shared_exact=True fallback_exact=0
[341/1000] numerical=3.713474646 shared_exact=True fallback_exact=0
[342/1000] numerical=2.739084302 shared_exact=True fallback_exact=0
[343/1000] numerical=3.838477311 shared_exact=True fallback_exact=0
[344/1000] numerical=4.615326560 shared_exact=True fallback_exact=0
[345/1000] numerical=4.607070517 shared_exact=True fallback_exact=0
[346/1000] numerical=3.616314830 shared_exact=True fallback_exact=0
[347/1000] numerical=3.639243554 shared_exact=True fallback_exact=0
[348/1000] numerical=4.569139253 shared_exact=True fallback_exact=0
[349/1000] numerical=4.568817746 shared_exact=True fallback_exact=0
[350/1000] numerical=3.628113685 shared_exact=True fallback_exact=0
[351/1000] numerical=3.568830001 shared_exact=True fallback_exact=0
[352/1000] numerical=3.783308290 shared_exact=True fallback_exact=0
[353/1000] numerical=2.809327641 shared_exact=True fallback_exact=0
[354/1000] numerical=3.713480517 shared_exact=True fallback_exact=0
[355/1000] numerical=3.713474143 shared_exact=True fallback_exact=0
[356/1000] numerical=2.739084710 shared_exact=True fallback_exact=0
[357/1000] numerical=2.721665322 shared_exact=True fallback_exact=0
[358/1000] numerical=3.628110694 shared_exact=True fallback_exact=0
[359/1000] numerical=2.783423096 shared_exact=True fallback_exact=0
[360/1000] numerical=2.739084302 shared_exact=True fallback_exact=0
[361/1000] numerical=3.616315176 shared_exact=True fallback_exact=0
[362/1000] numerical=2.632455577 shared_exact=True fallback_exact=0
[363/1000] numerical=3.628112370 shared_exact=True fallback_exact=0
[364/1000] numerical=3.568830001 shared_exact=True fallback_exact=0
[365/1000] numerical=2.783423528 shared_exact=True fallback_exact=0
[366/1000] numerical=2.631616857 shared_exact=True fallback_exact=0
[367/1000] numerical=2.809335046 shared_exact=True fallback_exact=0
[368/1000] numerical=2.739084588 shared_exact=True fallback_exact=0
[369/1000] numerical=2.721665322 shared_exact=True fallback_exact=0
[370/1000] numerical=1.829236881 shared_exact=True fallback_exact=0
[371/1000] numerical=3.580512117 shared_exact=True fallback_exact=0
[372/1000] numerical=3.729597097 shared_exact=True fallback_exact=0
[373/1000] numerical=3.580512624 shared_exact=True fallback_exact=0
[374/1000] numerical=3.580550664 shared_exact=True fallback_exact=0
[375/1000] numerical=2.642801084 shared_exact=True fallback_exact=0
[376/1000] numerical=2.577074659 shared_exact=True fallback_exact=0
[377/1000] numerical=2.642803454 shared_exact=True fallback_exact=0
[378/1000] numerical=3.097582770 shared_exact=True fallback_exact=0
[379/1000] numerical=2.119992737 shared_exact=True fallback_exact=0
[380/1000] numerical=2.000000308 shared_exact=True fallback_exact=0
[381/1000] numerical=2.119992737 shared_exact=True fallback_exact=0
[382/1000] numerical=3.117091360 shared_exact=True fallback_exact=0
[383/1000] numerical=2.249629128 shared_exact=True fallback_exact=0
[384/1000] numerical=2.071969008 shared_exact=True fallback_exact=0
[385/1000] numerical=2.249629128 shared_exact=True fallback_exact=0
[386/1000] numerical=4.086331882 shared_exact=True fallback_exact=0
[387/1000] numerical=3.144150555 shared_exact=True fallback_exact=0
[388/1000] numerical=3.163698541 shared_exact=True fallback_exact=0
[389/1000] numerical=4.179111834 shared_exact=True fallback_exact=0
[390/1000] numerical=3.185856736 shared_exact=True fallback_exact=0
[391/1000] numerical=4.086342263 shared_exact=True fallback_exact=0
[392/1000] numerical=4.086293010 shared_exact=True fallback_exact=0
[393/1000] numerical=3.144151378 shared_exact=True fallback_exact=0
[394/1000] numerical=3.086294259 shared_exact=True fallback_exact=0
[395/1000] numerical=3.396392818 shared_exact=True fallback_exact=0
[396/1000] numerical=3.163699039 shared_exact=True fallback_exact=0
[397/1000] numerical=3.163698618 shared_exact=True fallback_exact=0
[398/1000] numerical=2.174491138 shared_exact=True fallback_exact=0
[399/1000] numerical=3.144150557 shared_exact=True fallback_exact=0
[400/1000] numerical=3.185856748 shared_exact=True fallback_exact=0
[401/1000] numerical=3.144151706 shared_exact=True fallback_exact=0
[402/1000] numerical=3.086294259 shared_exact=True fallback_exact=0
[403/1000] numerical=2.152072318 shared_exact=True fallback_exact=0
[404/1000] numerical=2.174491138 shared_exact=True fallback_exact=0
[405/1000] numerical=4.617796534 shared_exact=True fallback_exact=0
[406/1000] numerical=3.672581348 shared_exact=True fallback_exact=0
[407/1000] numerical=4.101810155 shared_exact=True fallback_exact=0
[408/1000] numerical=4.617796534 shared_exact=True fallback_exact=0
[409/1000] numerical=3.672584974 shared_exact=True fallback_exact=0
[410/1000] numerical=4.101809960 shared_exact=True fallback_exact=0
[411/1000] numerical=3.144593179 shared_exact=True fallback_exact=0
[412/1000] numerical=4.681696484 shared_exact=True fallback_exact=0
[413/1000] numerical=4.915786842 shared_exact=True fallback_exact=0
[414/1000] numerical=4.701201711 shared_exact=True fallback_exact=0
[415/1000] numerical=3.628105099 shared_exact=True fallback_exact=0
[416/1000] numerical=3.826234638 shared_exact=True fallback_exact=0
[417/1000] numerical=3.826234601 shared_exact=True fallback_exact=0
[418/1000] numerical=3.855353783 shared_exact=True fallback_exact=0
[419/1000] numerical=3.955779325 shared_exact=True fallback_exact=0
[420/1000] numerical=2.895564843 shared_exact=True fallback_exact=0
[421/1000] numerical=2.960917391 shared_exact=True fallback_exact=0
[422/1000] numerical=3.592280986 shared_exact=True fallback_exact=0
[423/1000] numerical=3.592280986 shared_exact=True fallback_exact=0
[424/1000] numerical=4.074580241 shared_exact=True fallback_exact=0
[425/1000] numerical=3.870923724 shared_exact=True fallback_exact=0
[426/1000] numerical=3.388289843 shared_exact=True fallback_exact=0
[427/1000] numerical=3.076845760 shared_exact=True fallback_exact=0
[428/1000] numerical=3.319099469 shared_exact=True fallback_exact=0
[429/1000] numerical=3.107425946 shared_exact=True fallback_exact=0
[430/1000] numerical=4.617796534 shared_exact=True fallback_exact=0
[431/1000] numerical=4.356303725 shared_exact=True fallback_exact=0
[432/1000] numerical=4.617796560 shared_exact=True fallback_exact=0
[433/1000] numerical=3.952530036 shared_exact=True fallback_exact=0
[434/1000] numerical=3.656775781 shared_exact=True fallback_exact=0
[435/1000] numerical=2.957629015 shared_exact=True fallback_exact=0
[436/1000] numerical=4.049746089 shared_exact=True fallback_exact=0
[437/1000] numerical=3.438265976 shared_exact=True fallback_exact=0
[438/1000] numerical=3.672582174 shared_exact=True fallback_exact=0
[439/1000] numerical=3.737397237 shared_exact=True fallback_exact=0
[440/1000] numerical=3.672578238 shared_exact=True fallback_exact=0
[441/1000] numerical=2.809977452 shared_exact=True fallback_exact=0
[442/1000] numerical=2.673118524 shared_exact=True fallback_exact=0
[443/1000] numerical=1.814542856 shared_exact=True fallback_exact=0
[444/1000] numerical=4.101810111 shared_exact=True fallback_exact=0
[445/1000] numerical=4.124501586 shared_exact=True fallback_exact=0
[446/1000] numerical=4.101809954 shared_exact=True fallback_exact=0
[447/1000] numerical=3.285990338 shared_exact=True fallback_exact=0
[448/1000] numerical=3.105331889 shared_exact=True fallback_exact=0
[449/1000] numerical=4.617796534 shared_exact=True fallback_exact=0
[450/1000] numerical=4.356272838 shared_exact=True fallback_exact=0
[451/1000] numerical=4.617796534 shared_exact=True fallback_exact=0
[452/1000] numerical=3.952530036 shared_exact=True fallback_exact=0
[453/1000] numerical=3.656775781 shared_exact=True fallback_exact=0
[454/1000] numerical=2.957629015 shared_exact=True fallback_exact=0
[455/1000] numerical=3.672584245 shared_exact=True fallback_exact=0
[456/1000] numerical=3.737397237 shared_exact=True fallback_exact=0
[457/1000] numerical=3.672578238 shared_exact=True fallback_exact=0
[458/1000] numerical=2.809977452 shared_exact=True fallback_exact=0
[459/1000] numerical=2.673118524 shared_exact=True fallback_exact=0
[460/1000] numerical=1.814542856 shared_exact=True fallback_exact=0
[461/1000] numerical=4.101810003 shared_exact=True fallback_exact=0
[462/1000] numerical=4.124501587 shared_exact=True fallback_exact=0
[463/1000] numerical=4.101809954 shared_exact=True fallback_exact=0
[464/1000] numerical=3.285990338 shared_exact=True fallback_exact=0
[465/1000] numerical=3.105331898 shared_exact=True fallback_exact=0
[466/1000] numerical=3.144535482 shared_exact=True fallback_exact=0
[467/1000] numerical=3.355149673 shared_exact=True fallback_exact=0
[468/1000] numerical=3.123771329 shared_exact=True fallback_exact=0
[469/1000] numerical=2.000000000 shared_exact=True fallback_exact=0
[470/1000] numerical=2.147402410 shared_exact=True fallback_exact=0
[471/1000] numerical=3.855353806 shared_exact=True fallback_exact=0
[472/1000] numerical=4.915268409 shared_exact=True fallback_exact=0
[473/1000] numerical=4.701237177 shared_exact=True fallback_exact=0
[474/1000] numerical=3.628101996 shared_exact=True fallback_exact=0
[475/1000] numerical=4.429718298 shared_exact=True fallback_exact=0
[476/1000] numerical=4.908412640 shared_exact=True fallback_exact=0
[477/1000] numerical=4.681701405 shared_exact=True fallback_exact=0
[478/1000] numerical=4.256909541 shared_exact=True fallback_exact=0
[479/1000] numerical=3.561552813 shared_exact=True fallback_exact=0
[480/1000] numerical=3.826234699 shared_exact=True fallback_exact=0
[481/1000] numerical=3.916017106 shared_exact=True fallback_exact=0
[482/1000] numerical=3.703812599 shared_exact=True fallback_exact=0
[483/1000] numerical=2.636990966 shared_exact=True fallback_exact=0
[484/1000] numerical=2.960917391 shared_exact=True fallback_exact=0
[485/1000] numerical=3.076845760 shared_exact=True fallback_exact=0
[486/1000] numerical=3.656775781 shared_exact=True fallback_exact=0
[487/1000] numerical=2.957629015 shared_exact=True fallback_exact=0
[488/1000] numerical=2.815438480 shared_exact=True fallback_exact=0
[489/1000] numerical=2.673118524 shared_exact=True fallback_exact=0
[490/1000] numerical=1.814542856 shared_exact=True fallback_exact=0
[491/1000] numerical=1.753702515 shared_exact=True fallback_exact=0
[492/1000] numerical=3.105331889 shared_exact=True fallback_exact=0
[493/1000] numerical=3.656775781 shared_exact=True fallback_exact=0
[494/1000] numerical=2.957629015 shared_exact=True fallback_exact=0
[495/1000] numerical=2.815438480 shared_exact=True fallback_exact=0
[496/1000] numerical=2.673118524 shared_exact=True fallback_exact=0
[497/1000] numerical=1.814542856 shared_exact=True fallback_exact=0
[498/1000] numerical=1.753702515 shared_exact=True fallback_exact=0
[499/1000] numerical=3.105331889 shared_exact=True fallback_exact=0
[500/1000] numerical=2.147402410 shared_exact=True fallback_exact=0
checkpoint=/workspace/positive-square-energy/experiments/rank7_order8_chunk_026000_027000.r7o8g.xz.fragments/fragment-026000-026500.r7o8g.xz rows=500
[501/1000] numerical=3.826234593 shared_exact=True fallback_exact=0
[502/1000] numerical=3.916017106 shared_exact=True fallback_exact=0
[503/1000] numerical=3.703812598 shared_exact=True fallback_exact=0
[504/1000] numerical=2.636990453 shared_exact=True fallback_exact=0
[505/1000] numerical=2.696533526 shared_exact=True fallback_exact=0
[506/1000] numerical=3.874075802 shared_exact=True fallback_exact=0
[507/1000] numerical=3.769989460 shared_exact=True fallback_exact=0
[508/1000] numerical=3.115790783 shared_exact=True fallback_exact=0
[509/1000] numerical=2.919579669 shared_exact=True fallback_exact=0
[510/1000] numerical=3.896054101 shared_exact=True fallback_exact=0
[511/1000] numerical=3.016581587 shared_exact=True fallback_exact=0
[512/1000] numerical=2.940011633 shared_exact=True fallback_exact=0
[513/1000] numerical=3.563966492 shared_exact=True fallback_exact=0
[514/1000] numerical=3.810323158 shared_exact=True fallback_exact=0
[515/1000] numerical=3.613436772 shared_exact=True fallback_exact=0
[516/1000] numerical=3.135850181 shared_exact=True fallback_exact=0
[517/1000] numerical=2.873950713 shared_exact=True fallback_exact=0
[518/1000] numerical=3.363303122 shared_exact=True fallback_exact=0
[519/1000] numerical=3.127643076 shared_exact=True fallback_exact=0
[520/1000] numerical=3.699318482 shared_exact=True fallback_exact=0
[521/1000] numerical=4.269279369 shared_exact=True fallback_exact=0
[522/1000] numerical=4.269411638 shared_exact=True fallback_exact=0
[523/1000] numerical=4.106616767 shared_exact=True fallback_exact=0
[524/1000] numerical=3.881220383 shared_exact=True fallback_exact=0
[525/1000] numerical=3.791081551 shared_exact=True fallback_exact=0
[526/1000] numerical=3.117505351 shared_exact=True fallback_exact=0
[527/1000] numerical=2.992193378 shared_exact=True fallback_exact=0
[528/1000] numerical=3.699318438 shared_exact=True fallback_exact=0
[529/1000] numerical=3.699169907 shared_exact=True fallback_exact=0
[530/1000] numerical=3.699318341 shared_exact=True fallback_exact=0
[531/1000] numerical=2.917725958 shared_exact=True fallback_exact=0
[532/1000] numerical=2.703869044 shared_exact=True fallback_exact=0
[533/1000] numerical=1.931877306 shared_exact=True fallback_exact=0
[534/1000] numerical=3.563966492 shared_exact=True fallback_exact=0
[535/1000] numerical=4.269279418 shared_exact=True fallback_exact=0
[536/1000] numerical=4.414333297 shared_exact=True fallback_exact=0
[537/1000] numerical=4.330774767 shared_exact=True fallback_exact=0
[538/1000] numerical=3.406258035 shared_exact=True fallback_exact=0
[539/1000] numerical=3.493775362 shared_exact=True fallback_exact=0
[540/1000] numerical=2.582473146 shared_exact=True fallback_exact=0
[541/1000] numerical=3.380031364 shared_exact=True fallback_exact=0
[542/1000] numerical=3.158128754 shared_exact=True fallback_exact=0
[543/1000] numerical=4.269383411 shared_exact=True fallback_exact=0
[544/1000] numerical=4.106616765 shared_exact=True fallback_exact=0
[545/1000] numerical=3.699318368 shared_exact=True fallback_exact=0
[546/1000] numerical=4.269386933 shared_exact=True fallback_exact=0
[547/1000] numerical=4.106616764 shared_exact=True fallback_exact=0
[548/1000] numerical=3.563966505 shared_exact=True fallback_exact=0
[549/1000] numerical=3.127637911 shared_exact=True fallback_exact=0
[550/1000] numerical=3.269356179 shared_exact=True fallback_exact=0
[551/1000] numerical=3.110352969 shared_exact=True fallback_exact=0
[552/1000] numerical=2.565365420 shared_exact=True fallback_exact=0
[553/1000] numerical=2.919548348 shared_exact=True fallback_exact=0
[554/1000] numerical=2.940011631 shared_exact=True fallback_exact=0
[555/1000] numerical=2.875619449 shared_exact=True fallback_exact=0
[556/1000] numerical=2.992193272 shared_exact=True fallback_exact=0
[557/1000] numerical=2.703869044 shared_exact=True fallback_exact=0
[558/1000] numerical=1.931877306 shared_exact=True fallback_exact=0
[559/1000] numerical=1.802165697 shared_exact=True fallback_exact=0
[560/1000] numerical=3.493775361 shared_exact=True fallback_exact=0
[561/1000] numerical=2.582468729 shared_exact=True fallback_exact=0
[562/1000] numerical=2.735062359 shared_exact=True fallback_exact=0
[563/1000] numerical=3.269485867 shared_exact=True fallback_exact=0
[564/1000] numerical=3.110352815 shared_exact=True fallback_exact=0
[565/1000] numerical=2.565365934 shared_exact=True fallback_exact=0
[566/1000] numerical=2.340320404 shared_exact=True fallback_exact=0
[567/1000] numerical=4.048940903 shared_exact=True fallback_exact=0
[568/1000] numerical=4.106052003 shared_exact=True fallback_exact=0
[569/1000] numerical=4.489641481 shared_exact=True fallback_exact=0
[570/1000] numerical=4.267749650 shared_exact=True fallback_exact=0
[571/1000] numerical=4.222310085 shared_exact=True fallback_exact=0
[572/1000] numerical=4.106658028 shared_exact=True fallback_exact=0
[573/1000] numerical=3.704016743 shared_exact=True fallback_exact=0
[574/1000] numerical=4.103330298 shared_exact=True fallback_exact=0
[575/1000] numerical=3.616787575 shared_exact=True fallback_exact=0
[576/1000] numerical=3.106320023 shared_exact=True fallback_exact=0
[577/1000] numerical=2.623443590 shared_exact=True fallback_exact=0
[578/1000] numerical=4.097121126 shared_exact=True fallback_exact=0
[579/1000] numerical=3.641557962 shared_exact=True fallback_exact=0
[580/1000] numerical=4.489879722 shared_exact=True fallback_exact=0
[581/1000] numerical=4.331017149 shared_exact=True fallback_exact=0
[582/1000] numerical=4.543347049 shared_exact=True fallback_exact=0
[583/1000] numerical=3.980242584 shared_exact=True fallback_exact=0
[584/1000] numerical=3.699538607 shared_exact=True fallback_exact=0
[585/1000] numerical=3.131731138 shared_exact=True fallback_exact=0
[586/1000] numerical=4.267749190 shared_exact=True fallback_exact=0
[587/1000] numerical=4.085740123 shared_exact=True fallback_exact=0
[588/1000] numerical=4.267749358 shared_exact=True fallback_exact=0
[589/1000] numerical=3.689341616 shared_exact=True fallback_exact=0
[590/1000] numerical=3.272059216 shared_exact=True fallback_exact=0
[591/1000] numerical=3.961928645 shared_exact=True fallback_exact=0
[592/1000] numerical=4.103327751 shared_exact=True fallback_exact=0
[593/1000] numerical=3.667639071 shared_exact=True fallback_exact=0
[594/1000] numerical=4.563572264 shared_exact=True fallback_exact=0
[595/1000] numerical=4.267749247 shared_exact=True fallback_exact=0
[596/1000] numerical=4.810298510 shared_exact=True fallback_exact=0
[597/1000] numerical=4.623712487 shared_exact=True fallback_exact=0
[598/1000] numerical=4.859708401 shared_exact=True fallback_exact=0
[599/1000] numerical=4.306984184 shared_exact=True fallback_exact=0
[600/1000] numerical=4.012501351 shared_exact=True fallback_exact=0
[601/1000] numerical=4.166688300 shared_exact=True fallback_exact=0
[602/1000] numerical=3.961928187 shared_exact=True fallback_exact=0
[603/1000] numerical=3.677808298 shared_exact=True fallback_exact=0
[604/1000] numerical=3.961927496 shared_exact=True fallback_exact=0
[605/1000] numerical=3.427418846 shared_exact=True fallback_exact=0
[606/1000] numerical=2.973981444 shared_exact=True fallback_exact=0
[607/1000] numerical=2.446410575 shared_exact=True fallback_exact=0
[608/1000] numerical=4.103326639 shared_exact=True fallback_exact=0
[609/1000] numerical=3.703897175 shared_exact=True fallback_exact=0
[610/1000] numerical=4.103324413 shared_exact=True fallback_exact=0
[611/1000] numerical=3.616786052 shared_exact=True fallback_exact=0
[612/1000] numerical=3.126827668 shared_exact=True fallback_exact=0
[613/1000] numerical=2.651671248 shared_exact=True fallback_exact=0
[614/1000] numerical=3.667561473 shared_exact=True fallback_exact=0
[615/1000] numerical=3.095311483 shared_exact=True fallback_exact=0
[616/1000] numerical=3.654919086 shared_exact=True fallback_exact=0
[617/1000] numerical=3.220850952 shared_exact=True fallback_exact=0
[618/1000] numerical=2.668560713 shared_exact=True fallback_exact=0
[619/1000] numerical=3.631603134 shared_exact=True fallback_exact=0
[620/1000] numerical=4.563459794 shared_exact=True fallback_exact=0
[621/1000] numerical=4.131993631 shared_exact=True fallback_exact=0
[622/1000] numerical=4.563387949 shared_exact=True fallback_exact=0
[623/1000] numerical=4.087016366 shared_exact=True fallback_exact=0
[624/1000] numerical=3.627735279 shared_exact=True fallback_exact=0
[625/1000] numerical=4.267749408 shared_exact=True fallback_exact=0
[626/1000] numerical=4.085740122 shared_exact=True fallback_exact=0
[627/1000] numerical=4.267749146 shared_exact=True fallback_exact=0
[628/1000] numerical=3.689339771 shared_exact=True fallback_exact=0
[629/1000] numerical=3.284465864 shared_exact=True fallback_exact=0
[630/1000] numerical=4.048940911 shared_exact=True fallback_exact=0
[631/1000] numerical=4.623876787 shared_exact=True fallback_exact=0
[632/1000] numerical=4.858388737 shared_exact=True fallback_exact=0
[633/1000] numerical=4.306800210 shared_exact=True fallback_exact=0
[634/1000] numerical=3.961931143 shared_exact=True fallback_exact=0
[635/1000] numerical=3.655025082 shared_exact=True fallback_exact=0
[636/1000] numerical=4.563388577 shared_exact=True fallback_exact=0
[637/1000] numerical=4.810350813 shared_exact=True fallback_exact=0
[638/1000] numerical=3.631610836 shared_exact=True fallback_exact=0
[639/1000] numerical=4.267820762 shared_exact=True fallback_exact=0
[640/1000] numerical=4.012485313 shared_exact=True fallback_exact=0
[641/1000] numerical=3.631073938 shared_exact=True fallback_exact=0
[642/1000] numerical=3.863905102 shared_exact=True fallback_exact=0
[643/1000] numerical=3.309818189 shared_exact=True fallback_exact=0
[644/1000] numerical=3.106715780 shared_exact=True fallback_exact=0
[645/1000] numerical=2.623702397 shared_exact=True fallback_exact=0
[646/1000] numerical=2.144589697 shared_exact=True fallback_exact=0
[647/1000] numerical=3.699538343 shared_exact=True fallback_exact=0
[648/1000] numerical=3.131735311 shared_exact=True fallback_exact=0
[649/1000] numerical=2.929884325 shared_exact=True fallback_exact=0
[650/1000] numerical=3.272060758 shared_exact=True fallback_exact=0
[651/1000] numerical=4.012492889 shared_exact=True fallback_exact=0
[652/1000] numerical=2.973981444 shared_exact=True fallback_exact=0
[653/1000] numerical=2.446410575 shared_exact=True fallback_exact=0
[654/1000] numerical=2.091647935 shared_exact=True fallback_exact=0
[655/1000] numerical=3.126827795 shared_exact=True fallback_exact=0
[656/1000] numerical=2.651671827 shared_exact=True fallback_exact=0
[657/1000] numerical=2.265735073 shared_exact=True fallback_exact=0
[658/1000] numerical=2.668560713 shared_exact=True fallback_exact=0
[659/1000] numerical=3.628366101 shared_exact=True fallback_exact=0
[660/1000] numerical=3.284465864 shared_exact=True fallback_exact=0
[661/1000] numerical=4.012493634 shared_exact=True fallback_exact=0
[662/1000] numerical=3.631042771 shared_exact=True fallback_exact=0
[663/1000] numerical=3.863835791 shared_exact=True fallback_exact=0
[664/1000] numerical=3.309813309 shared_exact=True fallback_exact=0
[665/1000] numerical=2.812732739 shared_exact=True fallback_exact=0
[666/1000] numerical=3.756559329 shared_exact=True fallback_exact=0
[667/1000] numerical=3.693208735 shared_exact=True fallback_exact=0
[668/1000] numerical=3.250545307 shared_exact=True fallback_exact=0
[669/1000] numerical=4.254217352 shared_exact=True fallback_exact=0
[670/1000] numerical=3.658520225 shared_exact=True fallback_exact=0
[671/1000] numerical=3.187889437 shared_exact=True fallback_exact=0
[672/1000] numerical=4.154247321 shared_exact=True fallback_exact=0
[673/1000] numerical=3.447783606 shared_exact=True fallback_exact=0
[674/1000] numerical=4.000001235 shared_exact=True fallback_exact=0
[675/1000] numerical=4.231230215 shared_exact=True fallback_exact=0
[676/1000] numerical=4.114681952 shared_exact=True fallback_exact=0
[677/1000] numerical=3.093559509 shared_exact=True fallback_exact=0
[678/1000] numerical=3.342618263 shared_exact=True fallback_exact=0
[679/1000] numerical=3.348444966 shared_exact=True fallback_exact=0
[680/1000] numerical=3.674800676 shared_exact=True fallback_exact=0
[681/1000] numerical=3.839599801 shared_exact=True fallback_exact=0
[682/1000] numerical=3.572550660 shared_exact=True fallback_exact=0
[683/1000] numerical=3.331573667 shared_exact=True fallback_exact=0
[684/1000] numerical=3.683130824 shared_exact=True fallback_exact=0
[685/1000] numerical=3.638509411 shared_exact=True fallback_exact=0
[686/1000] numerical=3.613862073 shared_exact=True fallback_exact=0
[687/1000] numerical=3.543782340 shared_exact=True fallback_exact=0
[688/1000] numerical=2.623027571 shared_exact=True fallback_exact=0
[689/1000] numerical=2.642994567 shared_exact=True fallback_exact=0
[690/1000] numerical=1.779138282 shared_exact=True fallback_exact=0
[691/1000] numerical=3.537840770 shared_exact=True fallback_exact=0
[692/1000] numerical=3.290662713 shared_exact=True fallback_exact=0
[693/1000] numerical=3.656890339 shared_exact=True fallback_exact=0
[694/1000] numerical=3.697637643 shared_exact=True fallback_exact=0
[695/1000] numerical=3.591552003 shared_exact=True fallback_exact=0
[696/1000] numerical=2.635666923 shared_exact=True fallback_exact=0
[697/1000] numerical=2.727996373 shared_exact=True fallback_exact=0
[698/1000] numerical=1.705424457 shared_exact=True fallback_exact=0
[699/1000] numerical=3.189465672 shared_exact=True fallback_exact=0
[700/1000] numerical=3.245073380 shared_exact=True fallback_exact=0
[701/1000] numerical=3.113495571 shared_exact=True fallback_exact=0
[702/1000] numerical=2.116724877 shared_exact=True fallback_exact=0
[703/1000] numerical=2.235777850 shared_exact=True fallback_exact=0
[704/1000] numerical=3.537926301 shared_exact=True fallback_exact=0
[705/1000] numerical=3.290233345 shared_exact=True fallback_exact=0
[706/1000] numerical=3.214732783 shared_exact=True fallback_exact=0
[707/1000] numerical=4.000000515 shared_exact=True fallback_exact=0
[708/1000] numerical=3.079137008 shared_exact=True fallback_exact=0
[709/1000] numerical=4.157984797 shared_exact=True fallback_exact=0
[710/1000] numerical=4.260405454 shared_exact=True fallback_exact=0
[711/1000] numerical=4.121878187 shared_exact=True fallback_exact=0
[712/1000] numerical=3.091506415 shared_exact=True fallback_exact=0
[713/1000] numerical=3.255383382 shared_exact=True fallback_exact=0
[714/1000] numerical=3.700316421 shared_exact=True fallback_exact=0
[715/1000] numerical=3.453107814 shared_exact=True fallback_exact=0
[716/1000] numerical=3.860112463 shared_exact=True fallback_exact=0
[717/1000] numerical=3.629120661 shared_exact=True fallback_exact=0
[718/1000] numerical=3.866131246 shared_exact=True fallback_exact=0
[719/1000] numerical=3.171063229 shared_exact=True fallback_exact=0
[720/1000] numerical=3.007801948 shared_exact=True fallback_exact=0
[721/1000] numerical=2.328921630 shared_exact=True fallback_exact=0
[722/1000] numerical=3.332665097 shared_exact=True fallback_exact=0
[723/1000] numerical=3.114448119 shared_exact=True fallback_exact=0
[724/1000] numerical=3.325451931 shared_exact=True fallback_exact=0
[725/1000] numerical=2.643247160 shared_exact=True fallback_exact=0
[726/1000] numerical=2.523779930 shared_exact=True fallback_exact=0
[727/1000] numerical=3.318697738 shared_exact=True fallback_exact=0
[728/1000] numerical=4.258712957 shared_exact=True fallback_exact=0
[729/1000] numerical=4.089596381 shared_exact=True fallback_exact=0
[730/1000] numerical=4.274826617 shared_exact=True fallback_exact=0
[731/1000] numerical=3.561230508 shared_exact=True fallback_exact=0
[732/1000] numerical=3.457001737 shared_exact=True fallback_exact=0
[733/1000] numerical=3.600021712 shared_exact=True fallback_exact=0
[734/1000] numerical=3.357898127 shared_exact=True fallback_exact=0
[735/1000] numerical=3.467206281 shared_exact=True fallback_exact=0
[736/1000] numerical=2.729919528 shared_exact=True fallback_exact=0
[737/1000] numerical=2.527643197 shared_exact=True fallback_exact=0
[738/1000] numerical=3.591351898 shared_exact=True fallback_exact=0
[739/1000] numerical=4.088113172 shared_exact=True fallback_exact=0
[740/1000] numerical=4.256067702 shared_exact=True fallback_exact=0
[741/1000] numerical=3.503329571 shared_exact=True fallback_exact=0
[742/1000] numerical=3.085212046 shared_exact=True fallback_exact=0
[743/1000] numerical=4.000006839 shared_exact=True fallback_exact=0
[744/1000] numerical=4.112477039 shared_exact=True fallback_exact=0
[745/1000] numerical=3.069164071 shared_exact=True fallback_exact=0
[746/1000] numerical=3.364044964 shared_exact=True fallback_exact=0
[747/1000] numerical=3.502822217 shared_exact=True fallback_exact=0
[748/1000] numerical=3.104347869 shared_exact=True fallback_exact=0
[749/1000] numerical=3.136973872 shared_exact=True fallback_exact=0
[750/1000] numerical=2.343075468 shared_exact=True fallback_exact=0
[751/1000] numerical=2.631405209 shared_exact=True fallback_exact=0
[752/1000] numerical=1.718595983 shared_exact=True fallback_exact=0
[753/1000] numerical=1.580516544 shared_exact=True fallback_exact=0
[754/1000] numerical=2.832156009 shared_exact=True fallback_exact=0
[755/1000] numerical=1.866169234 shared_exact=True fallback_exact=0
[756/1000] numerical=1.850543328 shared_exact=True fallback_exact=0
[757/1000] numerical=2.125043204 shared_exact=True fallback_exact=0
[758/1000] numerical=3.374726052 shared_exact=True fallback_exact=0
[759/1000] numerical=3.101916178 shared_exact=True fallback_exact=0
[760/1000] numerical=2.412015676 shared_exact=True fallback_exact=0
[761/1000] numerical=2.128145108 shared_exact=True fallback_exact=0
[762/1000] numerical=2.332717413 shared_exact=True fallback_exact=0
[763/1000] numerical=3.510006158 shared_exact=True fallback_exact=0
[764/1000] numerical=2.834031754 shared_exact=True fallback_exact=0
[765/1000] numerical=3.432833586 shared_exact=True fallback_exact=0
[766/1000] numerical=3.148498637 shared_exact=True fallback_exact=0
[767/1000] numerical=3.229307954 shared_exact=True fallback_exact=0
[768/1000] numerical=2.363185080 shared_exact=True fallback_exact=0
[769/1000] numerical=2.128836119 shared_exact=True fallback_exact=0
[770/1000] numerical=4.485855365 shared_exact=True fallback_exact=0
[771/1000] numerical=4.302932684 shared_exact=True fallback_exact=0
[772/1000] numerical=4.302603498 shared_exact=True fallback_exact=0
[773/1000] numerical=4.259506157 shared_exact=True fallback_exact=0
[774/1000] numerical=3.786388424 shared_exact=True fallback_exact=0
[775/1000] numerical=4.259514693 shared_exact=True fallback_exact=0
[776/1000] numerical=3.786383718 shared_exact=True fallback_exact=0
[777/1000] numerical=4.253036733 shared_exact=True fallback_exact=0
[778/1000] numerical=3.917202566 shared_exact=True fallback_exact=0
[779/1000] numerical=3.171850964 shared_exact=True fallback_exact=0
[780/1000] numerical=3.961059537 shared_exact=True fallback_exact=0
[781/1000] numerical=3.493969248 shared_exact=True fallback_exact=0
[782/1000] numerical=3.859893778 shared_exact=True fallback_exact=0
[783/1000] numerical=3.961053468 shared_exact=True fallback_exact=0
[784/1000] numerical=3.494059854 shared_exact=True fallback_exact=0
[785/1000] numerical=3.859982689 shared_exact=True fallback_exact=0
[786/1000] numerical=3.231613759 shared_exact=True fallback_exact=0
[787/1000] numerical=4.310919664 shared_exact=True fallback_exact=0
[788/1000] numerical=4.778601342 shared_exact=True fallback_exact=0
[789/1000] numerical=4.778601516 shared_exact=True fallback_exact=0
[790/1000] numerical=3.830182651 shared_exact=True fallback_exact=0
[791/1000] numerical=4.302603481 shared_exact=True fallback_exact=0
[792/1000] numerical=4.499186058 shared_exact=True fallback_exact=0
[793/1000] numerical=4.355485982 shared_exact=True fallback_exact=0
[794/1000] numerical=4.201230394 shared_exact=True fallback_exact=0
[795/1000] numerical=4.059375384 shared_exact=True fallback_exact=0
[796/1000] numerical=3.113151395 shared_exact=True fallback_exact=0
[797/1000] numerical=2.993207587 shared_exact=True fallback_exact=0
[798/1000] numerical=3.574474895 shared_exact=True fallback_exact=0
[799/1000] numerical=3.449132672 shared_exact=True fallback_exact=0
[800/1000] numerical=4.201221661 shared_exact=True fallback_exact=0
[801/1000] numerical=4.059375888 shared_exact=True fallback_exact=0
[802/1000] numerical=3.113151393 shared_exact=True fallback_exact=0
[803/1000] numerical=2.993207587 shared_exact=True fallback_exact=0
[804/1000] numerical=3.574504230 shared_exact=True fallback_exact=0
[805/1000] numerical=3.449135001 shared_exact=True fallback_exact=0
[806/1000] numerical=2.382542287 shared_exact=True fallback_exact=0
[807/1000] numerical=2.291996237 shared_exact=True fallback_exact=0
[808/1000] numerical=3.264440820 shared_exact=True fallback_exact=0
[809/1000] numerical=3.830621365 shared_exact=True fallback_exact=0
[810/1000] numerical=3.943808753 shared_exact=True fallback_exact=0
[811/1000] numerical=3.201430259 shared_exact=True fallback_exact=0
[812/1000] numerical=3.658468183 shared_exact=True fallback_exact=0
[813/1000] numerical=3.853025319 shared_exact=True fallback_exact=0
[814/1000] numerical=3.172145691 shared_exact=True fallback_exact=0
[815/1000] numerical=3.175276856 shared_exact=True fallback_exact=0
[816/1000] numerical=2.964370236 shared_exact=True fallback_exact=0
[817/1000] numerical=3.917189894 shared_exact=True fallback_exact=0
[818/1000] numerical=3.171843747 shared_exact=True fallback_exact=0
[819/1000] numerical=3.832238301 shared_exact=True fallback_exact=0
[820/1000] numerical=3.490737367 shared_exact=True fallback_exact=0
[821/1000] numerical=3.852039973 shared_exact=True fallback_exact=0
[822/1000] numerical=3.832237539 shared_exact=True fallback_exact=0
[823/1000] numerical=3.490630024 shared_exact=True fallback_exact=0
[824/1000] numerical=3.852208470 shared_exact=True fallback_exact=0
[825/1000] numerical=3.231612888 shared_exact=True fallback_exact=0
[826/1000] numerical=4.302869766 shared_exact=True fallback_exact=0
[827/1000] numerical=4.794737218 shared_exact=True fallback_exact=0
[828/1000] numerical=4.778601286 shared_exact=True fallback_exact=0
[829/1000] numerical=3.781600644 shared_exact=True fallback_exact=0
[830/1000] numerical=4.302603477 shared_exact=True fallback_exact=0
[831/1000] numerical=3.458986112 shared_exact=True fallback_exact=0
[832/1000] numerical=3.330988852 shared_exact=True fallback_exact=0
[833/1000] numerical=3.330988586 shared_exact=True fallback_exact=0
[834/1000] numerical=3.332938729 shared_exact=True fallback_exact=0
[835/1000] numerical=2.563513619 shared_exact=True fallback_exact=0
[836/1000] numerical=4.002737478 shared_exact=True fallback_exact=0
[837/1000] numerical=4.496822805 shared_exact=True fallback_exact=0
[838/1000] numerical=4.478418945 shared_exact=True fallback_exact=0
[839/1000] numerical=3.482618007 shared_exact=True fallback_exact=0
[840/1000] numerical=4.002421081 shared_exact=True fallback_exact=0
[841/1000] numerical=3.934196999 shared_exact=True fallback_exact=0
[842/1000] numerical=3.359551084 shared_exact=True fallback_exact=0
[843/1000] numerical=2.893886015 shared_exact=True fallback_exact=0
[844/1000] numerical=3.407766573 shared_exact=True fallback_exact=0
[845/1000] numerical=3.359816600 shared_exact=True fallback_exact=0
[846/1000] numerical=2.384087120 shared_exact=True fallback_exact=0
[847/1000] numerical=2.883554843 shared_exact=True fallback_exact=0
[848/1000] numerical=3.360378355 shared_exact=True fallback_exact=0
[849/1000] numerical=3.869538652 shared_exact=True fallback_exact=0
[850/1000] numerical=3.830359874 shared_exact=True fallback_exact=0
[851/1000] numerical=2.847998047 shared_exact=True fallback_exact=0
[852/1000] numerical=3.354363039 shared_exact=True fallback_exact=0
[853/1000] numerical=4.002694665 shared_exact=True fallback_exact=0
[854/1000] numerical=4.496779129 shared_exact=True fallback_exact=0
[855/1000] numerical=4.478418867 shared_exact=True fallback_exact=0
[856/1000] numerical=3.482618007 shared_exact=True fallback_exact=0
[857/1000] numerical=4.002421059 shared_exact=True fallback_exact=0
[858/1000] numerical=2.893680522 shared_exact=True fallback_exact=0
[859/1000] numerical=3.407764444 shared_exact=True fallback_exact=0
[860/1000] numerical=3.359554074 shared_exact=True fallback_exact=0
[861/1000] numerical=2.384087120 shared_exact=True fallback_exact=0
[862/1000] numerical=2.883553388 shared_exact=True fallback_exact=0
[863/1000] numerical=3.360975568 shared_exact=True fallback_exact=0
[864/1000] numerical=3.869588562 shared_exact=True fallback_exact=0
[865/1000] numerical=3.830363475 shared_exact=True fallback_exact=0
[866/1000] numerical=2.847998047 shared_exact=True fallback_exact=0
[867/1000] numerical=3.354389599 shared_exact=True fallback_exact=0
[868/1000] numerical=2.137970956 shared_exact=True fallback_exact=0
[869/1000] numerical=2.672772986 shared_exact=True fallback_exact=0
[870/1000] numerical=2.563543497 shared_exact=True fallback_exact=0
[871/1000] numerical=1.640207238 shared_exact=True fallback_exact=0
[872/1000] numerical=2.085768802 shared_exact=True fallback_exact=0
[873/1000] numerical=3.240429949 shared_exact=True fallback_exact=0
[874/1000] numerical=2.668678121 shared_exact=True fallback_exact=0
[875/1000] numerical=3.877269962 shared_exact=True fallback_exact=0
[876/1000] numerical=3.699382898 shared_exact=True fallback_exact=0
[877/1000] numerical=2.655604998 shared_exact=True fallback_exact=0
[878/1000] numerical=3.565501975 shared_exact=True fallback_exact=0
[879/1000] numerical=4.234153112 shared_exact=True fallback_exact=0
[880/1000] numerical=4.125090728 shared_exact=True fallback_exact=0
[881/1000] numerical=3.473595177 shared_exact=True fallback_exact=0
[882/1000] numerical=3.201638871 shared_exact=True fallback_exact=0
[883/1000] numerical=2.666048804 shared_exact=True fallback_exact=0
[884/1000] numerical=3.728228643 shared_exact=True fallback_exact=0
[885/1000] numerical=3.647321800 shared_exact=True fallback_exact=0
[886/1000] numerical=2.760383307 shared_exact=True fallback_exact=0
[887/1000] numerical=3.742788408 shared_exact=True fallback_exact=0
[888/1000] numerical=4.247693100 shared_exact=True fallback_exact=0
[889/1000] numerical=3.791223608 shared_exact=True fallback_exact=0
[890/1000] numerical=3.833895989 shared_exact=True fallback_exact=0
[891/1000] numerical=3.630289898 shared_exact=True fallback_exact=0
[892/1000] numerical=3.214641887 shared_exact=True fallback_exact=0
[893/1000] numerical=4.000000006 shared_exact=True fallback_exact=0
[894/1000] numerical=3.538331718 shared_exact=True fallback_exact=0
[895/1000] numerical=3.323862742 shared_exact=True fallback_exact=0
[896/1000] numerical=3.290480436 shared_exact=True fallback_exact=0
[897/1000] numerical=4.358507407 shared_exact=True fallback_exact=0
[898/1000] numerical=4.128476376 shared_exact=True fallback_exact=0
[899/1000] numerical=4.262853209 shared_exact=True fallback_exact=0
[900/1000] numerical=3.513244615 shared_exact=True fallback_exact=0
[901/1000] numerical=3.252595568 shared_exact=True fallback_exact=0
[902/1000] numerical=3.702858766 shared_exact=True fallback_exact=0
[903/1000] numerical=3.720074708 shared_exact=True fallback_exact=0
[904/1000] numerical=3.251439012 shared_exact=True fallback_exact=0
[905/1000] numerical=4.247693095 shared_exact=True fallback_exact=0
[906/1000] numerical=3.702789405 shared_exact=True fallback_exact=0
[907/1000] numerical=3.357849916 shared_exact=True fallback_exact=0
[908/1000] numerical=3.251420565 shared_exact=True fallback_exact=0
[909/1000] numerical=4.081586657 shared_exact=True fallback_exact=0
[910/1000] numerical=4.081604493 shared_exact=True fallback_exact=0
[911/1000] numerical=4.000000361 shared_exact=True fallback_exact=0
[912/1000] numerical=3.100843961 shared_exact=True fallback_exact=0
[913/1000] numerical=3.100843962 shared_exact=True fallback_exact=0
[914/1000] numerical=3.538331781 shared_exact=True fallback_exact=0
[915/1000] numerical=3.833895987 shared_exact=True fallback_exact=0
[916/1000] numerical=3.290469720 shared_exact=True fallback_exact=0
[917/1000] numerical=3.912077037 shared_exact=True fallback_exact=0
[918/1000] numerical=3.636550837 shared_exact=True fallback_exact=0
[919/1000] numerical=3.847919608 shared_exact=True fallback_exact=0
[920/1000] numerical=3.144532825 shared_exact=True fallback_exact=0
[921/1000] numerical=2.852995008 shared_exact=True fallback_exact=0
[922/1000] numerical=2.204847883 shared_exact=True fallback_exact=0
[923/1000] numerical=3.618870165 shared_exact=True fallback_exact=0
[924/1000] numerical=3.618874071 shared_exact=True fallback_exact=0
[925/1000] numerical=3.543768208 shared_exact=True fallback_exact=0
[926/1000] numerical=2.653088645 shared_exact=True fallback_exact=0
[927/1000] numerical=2.653088645 shared_exact=True fallback_exact=0
[928/1000] numerical=1.860939856 shared_exact=True fallback_exact=0
[929/1000] numerical=3.462907721 shared_exact=True fallback_exact=0
[930/1000] numerical=3.158003347 shared_exact=True fallback_exact=0
[931/1000] numerical=3.335881428 shared_exact=True fallback_exact=0
[932/1000] numerical=2.591756865 shared_exact=True fallback_exact=0
[933/1000] numerical=2.324684603 shared_exact=True fallback_exact=0
[934/1000] numerical=3.791223608 shared_exact=True fallback_exact=0
[935/1000] numerical=3.323862755 shared_exact=True fallback_exact=0
[936/1000] numerical=3.630289898 shared_exact=True fallback_exact=0
[937/1000] numerical=4.128474269 shared_exact=True fallback_exact=0
[938/1000] numerical=4.358507410 shared_exact=True fallback_exact=0
[939/1000] numerical=4.262853236 shared_exact=True fallback_exact=0
[940/1000] numerical=3.252595558 shared_exact=True fallback_exact=0
[941/1000] numerical=3.513245057 shared_exact=True fallback_exact=0
[942/1000] numerical=3.636525820 shared_exact=True fallback_exact=0
[943/1000] numerical=3.912077066 shared_exact=True fallback_exact=0
[944/1000] numerical=3.847919609 shared_exact=True fallback_exact=0
[945/1000] numerical=2.852994900 shared_exact=True fallback_exact=0
[946/1000] numerical=3.144532826 shared_exact=True fallback_exact=0
[947/1000] numerical=2.204847822 shared_exact=True fallback_exact=0
[948/1000] numerical=3.502340228 shared_exact=True fallback_exact=0
[949/1000] numerical=3.502605963 shared_exact=True fallback_exact=0
[950/1000] numerical=3.736063257 shared_exact=True fallback_exact=0
[951/1000] numerical=3.033409866 shared_exact=True fallback_exact=0
[952/1000] numerical=3.033409866 shared_exact=True fallback_exact=0
[953/1000] numerical=3.158003197 shared_exact=True fallback_exact=0
[954/1000] numerical=3.462907723 shared_exact=True fallback_exact=0
[955/1000] numerical=3.335881431 shared_exact=True fallback_exact=0
[956/1000] numerical=2.324684603 shared_exact=True fallback_exact=0
[957/1000] numerical=2.591756865 shared_exact=True fallback_exact=0
[958/1000] numerical=3.113315827 shared_exact=True fallback_exact=0
[959/1000] numerical=4.000001522 shared_exact=True fallback_exact=0
[960/1000] numerical=4.117809801 shared_exact=True fallback_exact=0
[961/1000] numerical=3.360336159 shared_exact=True fallback_exact=0
[962/1000] numerical=3.113315819 shared_exact=True fallback_exact=0
[963/1000] numerical=4.117834467 shared_exact=True fallback_exact=0
[964/1000] numerical=4.280739300 shared_exact=True fallback_exact=0
[965/1000] numerical=3.109042396 shared_exact=True fallback_exact=0
[966/1000] numerical=3.531822969 shared_exact=True fallback_exact=0
[967/1000] numerical=3.109042405 shared_exact=True fallback_exact=0
[968/1000] numerical=3.360336461 shared_exact=True fallback_exact=0
[969/1000] numerical=3.531822969 shared_exact=True fallback_exact=0
[970/1000] numerical=2.810810613 shared_exact=True fallback_exact=0
[971/1000] numerical=3.511106663 shared_exact=True fallback_exact=0
[972/1000] numerical=3.143895992 shared_exact=True fallback_exact=0
[973/1000] numerical=3.101669663 shared_exact=True fallback_exact=0
[974/1000] numerical=2.449787716 shared_exact=True fallback_exact=0
[975/1000] numerical=2.200884194 shared_exact=True fallback_exact=0
[976/1000] numerical=2.625444992 shared_exact=True fallback_exact=0
[977/1000] numerical=1.848545109 shared_exact=True fallback_exact=0
[978/1000] numerical=1.848545109 shared_exact=True fallback_exact=0
[979/1000] numerical=2.324752114 shared_exact=True fallback_exact=0
[980/1000] numerical=3.511117799 shared_exact=True fallback_exact=0
[981/1000] numerical=3.101669663 shared_exact=True fallback_exact=0
[982/1000] numerical=2.200873398 shared_exact=True fallback_exact=0
[983/1000] numerical=2.449787716 shared_exact=True fallback_exact=0
[984/1000] numerical=2.968345916 shared_exact=True fallback_exact=0
[985/1000] numerical=2.324752114 shared_exact=True fallback_exact=0
[986/1000] numerical=3.129157699 shared_exact=True fallback_exact=0
[987/1000] numerical=3.129157700 shared_exact=True fallback_exact=0
[988/1000] numerical=3.238057436 shared_exact=True fallback_exact=0
[989/1000] numerical=2.521536204 shared_exact=True fallback_exact=0
[990/1000] numerical=2.521536204 shared_exact=True fallback_exact=0
[991/1000] numerical=3.522047215 shared_exact=True fallback_exact=0
[992/1000] numerical=4.046662533 shared_exact=True fallback_exact=0
[993/1000] numerical=3.860812125 shared_exact=True fallback_exact=0
[994/1000] numerical=4.467137819 shared_exact=True fallback_exact=0
[995/1000] numerical=4.093827470 shared_exact=True fallback_exact=0
[996/1000] numerical=3.525478359 shared_exact=True fallback_exact=0
[997/1000] numerical=3.153287284 shared_exact=True fallback_exact=0
[998/1000] numerical=3.752457581 shared_exact=True fallback_exact=0
[999/1000] numerical=4.467142856 shared_exact=True fallback_exact=0
[1000/1000] numerical=4.331071876 shared_exact=True fallback_exact=0
checkpoint=/workspace/positive-square-energy/experiments/rank7_order8_chunk_026000_027000.r7o8g.xz.fragments/fragment-026500-027000.r7o8g.xz rows=500
attempts=1000 shared_exact=1000 templates=0 fallback_exact=0 structural=0 atoms=0 balanced=0 unresolved_targets=0
fragments=2 checkpoint_rows=500
raw_bytes=484866 xz_bytes=293228 elapsed_seconds=476.603803
sha256=556662b76d1123952e32a718e663f7345d390328e8282b9d9024f3ad1882f575
full_theorem=false
[2026-08-17T06:55:56.924679+00:00] exit: 0
[2026-08-17T06:55:56.924859+00:00] exec: /opt/kortix/pyfloor/bin/python3 -u /workspace/positive-square-energy/experiments/rank7_order8_exact_rational.py --verify-pack /workspace/positive-square-energy/experiments/rank7_order8_chunk_026000_027000.r7o8g.xz --census-cache positive-square-energy/experiments/rank7_order8_rational_search_cache.r7o8c.xz
attempts=1000 shared_exact=1000 templates=0 fallback_exact=0 structural=0 atoms=0 balanced=0 exact_audit=true census_seconds=96.004494
full_theorem=false
[2026-08-17T07:00:16.132060+00:00] exit: 0
[2026-08-17T07:00:16.132894+00:00] shard=026000_027000 exact_audit=true sha256=556662b76d1123952e32a718e663f7345d390328e8282b9d9024f3ad1882f575
