[2026-08-17T06:20:01.134519+00:00] shard=023000_024000 adopted_fragments=0
[2026-08-17T06:20:01.134585+00:00] exec: /opt/kortix/pyfloor/bin/python3 -u /workspace/positive-square-energy/experiments/rank7_order8_exact_rational.py --output /workspace/positive-square-energy/experiments/rank7_order8_chunk_023000_024000.r7o8g.xz --fragment-directory /workspace/positive-square-energy/experiments/rank7_order8_chunk_023000_024000.r7o8g.xz.fragments --census-cache positive-square-energy/experiments/rank7_order8_rational_search_cache.r7o8c.xz --start 23000 --count 1000 --checkpoint-rows 500 --progress
[1/1000] numerical=4.000000000 shared_exact=True fallback_exact=0
[2/1000] numerical=4.171660255 shared_exact=True fallback_exact=0
[3/1000] numerical=4.253997089 shared_exact=True fallback_exact=0
[4/1000] numerical=4.116553573 shared_exact=True fallback_exact=0
[5/1000] numerical=3.094609395 shared_exact=True fallback_exact=0
[6/1000] numerical=3.232417459 shared_exact=True fallback_exact=0
[7/1000] numerical=3.352260381 shared_exact=True fallback_exact=0
[8/1000] numerical=3.750125627 shared_exact=True fallback_exact=0
[9/1000] numerical=3.752113924 shared_exact=True fallback_exact=0
[10/1000] numerical=3.659682707 shared_exact=True fallback_exact=0
[11/1000] numerical=3.637504697 shared_exact=True fallback_exact=0
[12/1000] numerical=3.591224104 shared_exact=True fallback_exact=0
[13/1000] numerical=3.708579358 shared_exact=True fallback_exact=0
[14/1000] numerical=3.678487882 shared_exact=True fallback_exact=0
[15/1000] numerical=2.831789672 shared_exact=True fallback_exact=0
[16/1000] numerical=2.947148298 shared_exact=True fallback_exact=0
[17/1000] numerical=2.169764014 shared_exact=True fallback_exact=0
[18/1000] numerical=2.894171126 shared_exact=True fallback_exact=0
[19/1000] numerical=1.995567363 shared_exact=True fallback_exact=0
[20/1000] numerical=2.157426391 shared_exact=True fallback_exact=0
[21/1000] numerical=3.683756283 shared_exact=True fallback_exact=0
[22/1000] numerical=3.894998272 shared_exact=True fallback_exact=0
[23/1000] numerical=3.626772258 shared_exact=True fallback_exact=0
[24/1000] numerical=3.848793940 shared_exact=True fallback_exact=0
[25/1000] numerical=3.164690299 shared_exact=True fallback_exact=0
[26/1000] numerical=2.980228097 shared_exact=True fallback_exact=0
[27/1000] numerical=2.348196568 shared_exact=True fallback_exact=0
[28/1000] numerical=3.094051546 shared_exact=True fallback_exact=0
[29/1000] numerical=2.415479801 shared_exact=True fallback_exact=0
[30/1000] numerical=2.150167552 shared_exact=True fallback_exact=0
[31/1000] numerical=3.292374037 shared_exact=True fallback_exact=0
[32/1000] numerical=3.584627370 shared_exact=True fallback_exact=0
[33/1000] numerical=3.405530072 shared_exact=True fallback_exact=0
[34/1000] numerical=3.463824787 shared_exact=True fallback_exact=0
[35/1000] numerical=2.704169784 shared_exact=True fallback_exact=0
[36/1000] numerical=2.537288819 shared_exact=True fallback_exact=0
[37/1000] numerical=2.776212790 shared_exact=True fallback_exact=0
[38/1000] numerical=3.668751477 shared_exact=True fallback_exact=0
[39/1000] numerical=3.301393843 shared_exact=True fallback_exact=0
[40/1000] numerical=3.235365977 shared_exact=True fallback_exact=0
[41/1000] numerical=3.393396489 shared_exact=True fallback_exact=0
[42/1000] numerical=4.176809345 shared_exact=True fallback_exact=0
[43/1000] numerical=4.000000083 shared_exact=True fallback_exact=0
[44/1000] numerical=4.090436072 shared_exact=True fallback_exact=0
[45/1000] numerical=4.122552457 shared_exact=True fallback_exact=0
[46/1000] numerical=3.325752465 shared_exact=True fallback_exact=0
[47/1000] numerical=3.413800760 shared_exact=True fallback_exact=0
[48/1000] numerical=3.268423465 shared_exact=True fallback_exact=0
[49/1000] numerical=3.753461738 shared_exact=True fallback_exact=0
[50/1000] numerical=3.545648622 shared_exact=True fallback_exact=0
[51/1000] numerical=3.628119423 shared_exact=True fallback_exact=0
[52/1000] numerical=3.634200475 shared_exact=True fallback_exact=0
[53/1000] numerical=2.817358967 shared_exact=True fallback_exact=0
[54/1000] numerical=2.905011878 shared_exact=True fallback_exact=0
[55/1000] numerical=2.157655311 shared_exact=True fallback_exact=0
[56/1000] numerical=2.687367274 shared_exact=True fallback_exact=0
[57/1000] numerical=1.926335425 shared_exact=True fallback_exact=0
[58/1000] numerical=1.977182431 shared_exact=True fallback_exact=0
[59/1000] numerical=3.628924102 shared_exact=True fallback_exact=0
[60/1000] numerical=3.140977721 shared_exact=True fallback_exact=0
[61/1000] numerical=3.418181030 shared_exact=True fallback_exact=0
[62/1000] numerical=3.431898914 shared_exact=True fallback_exact=0
[63/1000] numerical=2.580270113 shared_exact=True fallback_exact=0
[64/1000] numerical=2.830521624 shared_exact=True fallback_exact=0
[65/1000] numerical=2.365981921 shared_exact=True fallback_exact=0
[66/1000] numerical=3.446623573 shared_exact=True fallback_exact=0
[67/1000] numerical=3.424138097 shared_exact=True fallback_exact=0
[68/1000] numerical=3.171686679 shared_exact=True fallback_exact=0
[69/1000] numerical=3.304580294 shared_exact=True fallback_exact=0
[70/1000] numerical=2.593257054 shared_exact=True fallback_exact=0
[71/1000] numerical=2.380909114 shared_exact=True fallback_exact=0
[72/1000] numerical=2.322498383 shared_exact=True fallback_exact=0
[73/1000] numerical=3.646960260 shared_exact=True fallback_exact=0
[74/1000] numerical=4.263638050 shared_exact=True fallback_exact=0
[75/1000] numerical=4.087121373 shared_exact=True fallback_exact=0
[76/1000] numerical=4.270647904 shared_exact=True fallback_exact=0
[77/1000] numerical=3.578483544 shared_exact=True fallback_exact=0
[78/1000] numerical=3.480571669 shared_exact=True fallback_exact=0
[79/1000] numerical=3.365023110 shared_exact=True fallback_exact=0
[80/1000] numerical=4.088831283 shared_exact=True fallback_exact=0
[81/1000] numerical=4.127302483 shared_exact=True fallback_exact=0
[82/1000] numerical=3.337605114 shared_exact=True fallback_exact=0
[83/1000] numerical=3.087178617 shared_exact=True fallback_exact=0
[84/1000] numerical=4.000000580 shared_exact=True fallback_exact=0
[85/1000] numerical=4.115388949 shared_exact=True fallback_exact=0
[86/1000] numerical=3.070452075 shared_exact=True fallback_exact=0
[87/1000] numerical=3.392771024 shared_exact=True fallback_exact=0
[88/1000] numerical=3.304409234 shared_exact=True fallback_exact=0
[89/1000] numerical=3.105500490 shared_exact=True fallback_exact=0
[90/1000] numerical=3.317832120 shared_exact=True fallback_exact=0
[91/1000] numerical=2.652633078 shared_exact=True fallback_exact=0
[92/1000] numerical=3.544737576 shared_exact=True fallback_exact=0
[93/1000] numerical=3.175332348 shared_exact=True fallback_exact=0
[94/1000] numerical=3.102788334 shared_exact=True fallback_exact=0
[95/1000] numerical=3.140822762 shared_exact=True fallback_exact=0
[96/1000] numerical=2.357129952 shared_exact=True fallback_exact=0
[97/1000] numerical=2.318937962 shared_exact=True fallback_exact=0
[98/1000] numerical=4.537613785 shared_exact=True fallback_exact=0
[99/1000] numerical=4.537613785 shared_exact=True fallback_exact=0
[100/1000] numerical=4.537613785 shared_exact=True fallback_exact=0
[101/1000] numerical=3.537613785 shared_exact=True fallback_exact=0
[102/1000] numerical=4.354361898 shared_exact=True fallback_exact=0
[103/1000] numerical=3.354361898 shared_exact=True fallback_exact=0
[104/1000] numerical=3.824478098 shared_exact=True fallback_exact=0
[105/1000] numerical=3.268807272 shared_exact=True fallback_exact=0
[106/1000] numerical=4.354361898 shared_exact=True fallback_exact=0
[107/1000] numerical=3.354361898 shared_exact=True fallback_exact=0
[108/1000] numerical=4.171110010 shared_exact=True fallback_exact=0
[109/1000] numerical=3.641226211 shared_exact=True fallback_exact=0
[110/1000] numerical=3.824478098 shared_exact=True fallback_exact=0
[111/1000] numerical=3.641226211 shared_exact=True fallback_exact=0
[112/1000] numerical=3.268806892 shared_exact=True fallback_exact=0
[113/1000] numerical=3.537614634 shared_exact=True fallback_exact=0
[114/1000] numerical=3.354361911 shared_exact=True fallback_exact=0
[115/1000] numerical=3.354363267 shared_exact=True fallback_exact=0
[116/1000] numerical=4.830359705 shared_exact=True fallback_exact=0
[117/1000] numerical=3.830359711 shared_exact=True fallback_exact=0
[118/1000] numerical=4.647107818 shared_exact=True fallback_exact=0
[119/1000] numerical=4.117224018 shared_exact=True fallback_exact=0
[120/1000] numerical=4.354361898 shared_exact=True fallback_exact=0
[121/1000] numerical=4.354365318 shared_exact=True fallback_exact=0
[122/1000] numerical=3.389432408 shared_exact=True fallback_exact=0
[123/1000] numerical=4.171750001 shared_exact=True fallback_exact=0
[124/1000] numerical=3.641226211 shared_exact=True fallback_exact=0
[125/1000] numerical=4.231612888 shared_exact=True fallback_exact=0
[126/1000] numerical=4.830359707 shared_exact=True fallback_exact=0
[127/1000] numerical=4.830359705 shared_exact=True fallback_exact=0
[128/1000] numerical=3.830359705 shared_exact=True fallback_exact=0
[129/1000] numerical=3.832764947 shared_exact=True fallback_exact=0
[130/1000] numerical=4.647107820 shared_exact=True fallback_exact=0
[131/1000] numerical=4.647107837 shared_exact=True fallback_exact=0
[132/1000] numerical=3.665344132 shared_exact=True fallback_exact=0
[133/1000] numerical=4.117224022 shared_exact=True fallback_exact=0
[134/1000] numerical=4.117224018 shared_exact=True fallback_exact=0
[135/1000] numerical=3.117226364 shared_exact=True fallback_exact=0
[136/1000] numerical=3.563049886 shared_exact=True fallback_exact=0
[137/1000] numerical=2.645066420 shared_exact=True fallback_exact=0
[138/1000] numerical=3.269199183 shared_exact=True fallback_exact=0
[139/1000] numerical=4.354361898 shared_exact=True fallback_exact=0
[140/1000] numerical=4.354361898 shared_exact=True fallback_exact=0
[141/1000] numerical=3.354474503 shared_exact=True fallback_exact=0
[142/1000] numerical=4.171110010 shared_exact=True fallback_exact=0
[143/1000] numerical=3.179489392 shared_exact=True fallback_exact=0
[144/1000] numerical=3.641226211 shared_exact=True fallback_exact=0
[145/1000] numerical=3.085674659 shared_exact=True fallback_exact=0
[146/1000] numerical=3.830360933 shared_exact=True fallback_exact=0
[147/1000] numerical=3.389432384 shared_exact=True fallback_exact=0
[148/1000] numerical=3.830361492 shared_exact=True fallback_exact=0
[149/1000] numerical=3.833153722 shared_exact=True fallback_exact=0
[150/1000] numerical=2.914713161 shared_exact=True fallback_exact=0
[151/1000] numerical=3.665368330 shared_exact=True fallback_exact=0
[152/1000] numerical=2.789146264 shared_exact=True fallback_exact=0
[153/1000] numerical=3.117224981 shared_exact=True fallback_exact=0
[154/1000] numerical=2.645066539 shared_exact=True fallback_exact=0
[155/1000] numerical=3.354752750 shared_exact=True fallback_exact=0
[156/1000] numerical=3.179522265 shared_exact=True fallback_exact=0
[157/1000] numerical=4.830359705 shared_exact=True fallback_exact=0
[158/1000] numerical=3.830359710 shared_exact=True fallback_exact=0
[159/1000] numerical=4.354361898 shared_exact=True fallback_exact=0
[160/1000] numerical=4.647107818 shared_exact=True fallback_exact=0
[161/1000] numerical=4.117224018 shared_exact=True fallback_exact=0
[162/1000] numerical=4.231612888 shared_exact=True fallback_exact=0
[163/1000] numerical=4.354362423 shared_exact=True fallback_exact=0
[164/1000] numerical=3.389432538 shared_exact=True fallback_exact=0
[165/1000] numerical=4.830359740 shared_exact=True fallback_exact=0
[166/1000] numerical=4.830359705 shared_exact=True fallback_exact=0
[167/1000] numerical=3.830359706 shared_exact=True fallback_exact=0
[168/1000] numerical=3.832766390 shared_exact=True fallback_exact=0
[169/1000] numerical=3.269410546 shared_exact=True fallback_exact=0
[170/1000] numerical=4.354361899 shared_exact=True fallback_exact=0
[171/1000] numerical=4.354361898 shared_exact=True fallback_exact=0
[172/1000] numerical=3.354534940 shared_exact=True fallback_exact=0
[173/1000] numerical=4.171674172 shared_exact=True fallback_exact=0
[174/1000] numerical=4.647107823 shared_exact=True fallback_exact=0
[175/1000] numerical=4.647107818 shared_exact=True fallback_exact=0
[176/1000] numerical=3.665344457 shared_exact=True fallback_exact=0
[177/1000] numerical=4.171110010 shared_exact=True fallback_exact=0
[178/1000] numerical=3.179495296 shared_exact=True fallback_exact=0
[179/1000] numerical=3.641226211 shared_exact=True fallback_exact=0
[180/1000] numerical=4.117224021 shared_exact=True fallback_exact=0
[181/1000] numerical=4.117224018 shared_exact=True fallback_exact=0
[182/1000] numerical=3.117228562 shared_exact=True fallback_exact=0
[183/1000] numerical=3.641226211 shared_exact=True fallback_exact=0
[184/1000] numerical=3.562933717 shared_exact=True fallback_exact=0
[185/1000] numerical=2.645066420 shared_exact=True fallback_exact=0
[186/1000] numerical=3.085597465 shared_exact=True fallback_exact=0
[187/1000] numerical=3.830359752 shared_exact=True fallback_exact=0
[188/1000] numerical=3.389434488 shared_exact=True fallback_exact=0
[189/1000] numerical=3.830360962 shared_exact=True fallback_exact=0
[190/1000] numerical=3.833159126 shared_exact=True fallback_exact=0
[191/1000] numerical=2.914713161 shared_exact=True fallback_exact=0
[192/1000] numerical=3.354729320 shared_exact=True fallback_exact=0
[193/1000] numerical=3.665342628 shared_exact=True fallback_exact=0
[194/1000] numerical=2.789146264 shared_exact=True fallback_exact=0
[195/1000] numerical=3.179488658 shared_exact=True fallback_exact=0
[196/1000] numerical=3.117274194 shared_exact=True fallback_exact=0
[197/1000] numerical=2.645066420 shared_exact=True fallback_exact=0
[198/1000] numerical=4.128066286 shared_exact=True fallback_exact=0
[199/1000] numerical=4.647111849 shared_exact=True fallback_exact=0
[200/1000] numerical=4.647183860 shared_exact=True fallback_exact=0
[201/1000] numerical=5.123105631 shared_exact=True fallback_exact=0
[202/1000] numerical=5.123105626 shared_exact=True fallback_exact=0
[203/1000] numerical=4.127037742 shared_exact=True fallback_exact=0
[204/1000] numerical=4.647107818 shared_exact=True fallback_exact=0
[205/1000] numerical=3.647831185 shared_exact=True fallback_exact=0
[206/1000] numerical=4.647107818 shared_exact=True fallback_exact=0
[207/1000] numerical=3.647767714 shared_exact=True fallback_exact=0
[208/1000] numerical=4.171110010 shared_exact=True fallback_exact=0
[209/1000] numerical=4.231612888 shared_exact=True fallback_exact=0
[210/1000] numerical=3.561552813 shared_exact=True fallback_exact=0
[211/1000] numerical=4.171110014 shared_exact=True fallback_exact=0
[212/1000] numerical=4.647167469 shared_exact=True fallback_exact=0
[213/1000] numerical=4.647107818 shared_exact=True fallback_exact=0
[214/1000] numerical=3.647107819 shared_exact=True fallback_exact=0
[215/1000] numerical=4.171110010 shared_exact=True fallback_exact=0
[216/1000] numerical=3.171110284 shared_exact=True fallback_exact=0
[217/1000] numerical=4.231612888 shared_exact=True fallback_exact=0
[218/1000] numerical=3.561555798 shared_exact=True fallback_exact=0
[219/1000] numerical=4.647195091 shared_exact=True fallback_exact=0
[220/1000] numerical=4.647107818 shared_exact=True fallback_exact=0
[221/1000] numerical=3.647135769 shared_exact=True fallback_exact=0
[222/1000] numerical=4.127747177 shared_exact=True fallback_exact=0
[223/1000] numerical=5.123105713 shared_exact=True fallback_exact=0
[224/1000] numerical=5.123105626 shared_exact=True fallback_exact=0
[225/1000] numerical=4.127037721 shared_exact=True fallback_exact=0
[226/1000] numerical=4.123105627 shared_exact=True fallback_exact=0
[227/1000] numerical=3.561564377 shared_exact=True fallback_exact=0
[228/1000] numerical=2.562640248 shared_exact=True fallback_exact=0
[229/1000] numerical=4.647107825 shared_exact=True fallback_exact=0
[230/1000] numerical=4.647107818 shared_exact=True fallback_exact=0
[231/1000] numerical=3.647757549 shared_exact=True fallback_exact=0
[232/1000] numerical=3.647107818 shared_exact=True fallback_exact=0
[233/1000] numerical=3.561552813 shared_exact=True fallback_exact=0
[234/1000] numerical=2.562640249 shared_exact=True fallback_exact=0
[235/1000] numerical=3.085555005 shared_exact=True fallback_exact=0
[236/1000] numerical=4.171110010 shared_exact=True fallback_exact=0
[237/1000] numerical=3.171111987 shared_exact=True fallback_exact=0
[238/1000] numerical=4.647107851 shared_exact=True fallback_exact=0
[239/1000] numerical=4.647107818 shared_exact=True fallback_exact=0
[240/1000] numerical=3.647796132 shared_exact=True fallback_exact=0
[241/1000] numerical=3.647107818 shared_exact=True fallback_exact=0
[242/1000] numerical=3.085555011 shared_exact=True fallback_exact=0
[243/1000] numerical=4.171110011 shared_exact=True fallback_exact=0
[244/1000] numerical=4.171110010 shared_exact=True fallback_exact=0
[245/1000] numerical=3.171110010 shared_exact=True fallback_exact=0
[246/1000] numerical=4.127270996 shared_exact=True fallback_exact=0
[247/1000] numerical=3.209165487 shared_exact=True fallback_exact=0
[248/1000] numerical=3.647867408 shared_exact=True fallback_exact=0
[249/1000] numerical=3.648419092 shared_exact=True fallback_exact=0
[250/1000] numerical=3.647133912 shared_exact=True fallback_exact=0
[251/1000] numerical=2.667265515 shared_exact=True fallback_exact=0
[252/1000] numerical=3.171113236 shared_exact=True fallback_exact=0
[253/1000] numerical=3.647194682 shared_exact=True fallback_exact=0
[254/1000] numerical=2.667265507 shared_exact=True fallback_exact=0
[255/1000] numerical=4.127212795 shared_exact=True fallback_exact=0
[256/1000] numerical=4.123106066 shared_exact=True fallback_exact=0
[257/1000] numerical=3.209165487 shared_exact=True fallback_exact=0
[258/1000] numerical=3.123105626 shared_exact=True fallback_exact=0
[259/1000] numerical=2.562697200 shared_exact=True fallback_exact=0
[260/1000] numerical=3.648752063 shared_exact=True fallback_exact=0
[261/1000] numerical=3.647108306 shared_exact=True fallback_exact=0
[262/1000] numerical=2.649016514 shared_exact=True fallback_exact=0
[263/1000] numerical=2.562640248 shared_exact=True fallback_exact=0
[264/1000] numerical=3.171110204 shared_exact=True fallback_exact=0
[265/1000] numerical=3.648215924 shared_exact=True fallback_exact=0
[266/1000] numerical=3.647108016 shared_exact=True fallback_exact=0
[267/1000] numerical=2.649016514 shared_exact=True fallback_exact=0
[268/1000] numerical=3.171110011 shared_exact=True fallback_exact=0
[269/1000] numerical=4.000001264 shared_exact=True fallback_exact=0
[270/1000] numerical=4.102624400 shared_exact=True fallback_exact=0
[271/1000] numerical=4.102624203 shared_exact=True fallback_exact=0
[272/1000] numerical=4.102624177 shared_exact=True fallback_exact=0
[273/1000] numerical=4.102626889 shared_exact=True fallback_exact=0
[274/1000] numerical=4.124514924 shared_exact=True fallback_exact=0
[275/1000] numerical=3.320690747 shared_exact=True fallback_exact=0
[276/1000] numerical=3.320690747 shared_exact=True fallback_exact=0
[277/1000] numerical=2.464884383 shared_exact=True fallback_exact=0
[278/1000] numerical=3.320690747 shared_exact=True fallback_exact=0
[279/1000] numerical=2.597200419 shared_exact=True fallback_exact=0
[280/1000] numerical=2.516457954 shared_exact=True fallback_exact=0
[281/1000] numerical=3.320690747 shared_exact=True fallback_exact=0
[282/1000] numerical=2.516457954 shared_exact=True fallback_exact=0
[283/1000] numerical=2.597200419 shared_exact=True fallback_exact=0
[284/1000] numerical=2.464884383 shared_exact=True fallback_exact=0
[285/1000] numerical=4.102624667 shared_exact=True fallback_exact=0
[286/1000] numerical=4.102624178 shared_exact=True fallback_exact=0
[287/1000] numerical=4.102625738 shared_exact=True fallback_exact=0
[288/1000] numerical=4.102671838 shared_exact=True fallback_exact=0
[289/1000] numerical=4.124515095 shared_exact=True fallback_exact=0
[290/1000] numerical=3.320690747 shared_exact=True fallback_exact=0
[291/1000] numerical=3.320691165 shared_exact=True fallback_exact=0
[292/1000] numerical=2.597200419 shared_exact=True fallback_exact=0
[293/1000] numerical=3.320690768 shared_exact=True fallback_exact=0
[294/1000] numerical=2.464884383 shared_exact=True fallback_exact=0
[295/1000] numerical=2.516457958 shared_exact=True fallback_exact=0
[296/1000] numerical=3.320690751 shared_exact=True fallback_exact=0
[297/1000] numerical=2.516457954 shared_exact=True fallback_exact=0
[298/1000] numerical=2.464884384 shared_exact=True fallback_exact=0
[299/1000] numerical=2.597200419 shared_exact=True fallback_exact=0
[300/1000] numerical=3.218342985 shared_exact=True fallback_exact=0
[301/1000] numerical=4.106871334 shared_exact=True fallback_exact=0
[302/1000] numerical=4.106871329 shared_exact=True fallback_exact=0
[303/1000] numerical=4.000011302 shared_exact=True fallback_exact=0
[304/1000] numerical=4.118156482 shared_exact=True fallback_exact=0
[305/1000] numerical=3.401084989 shared_exact=True fallback_exact=0
[306/1000] numerical=3.306588861 shared_exact=True fallback_exact=0
[307/1000] numerical=2.653700561 shared_exact=True fallback_exact=0
[308/1000] numerical=3.306588861 shared_exact=True fallback_exact=0
[309/1000] numerical=2.653700561 shared_exact=True fallback_exact=0
[310/1000] numerical=2.480442216 shared_exact=True fallback_exact=0
[311/1000] numerical=3.218342985 shared_exact=True fallback_exact=0
[312/1000] numerical=4.000000031 shared_exact=True fallback_exact=0
[313/1000] numerical=4.106871338 shared_exact=True fallback_exact=0
[314/1000] numerical=4.118156506 shared_exact=True fallback_exact=0
[315/1000] numerical=3.306588863 shared_exact=True fallback_exact=0
[316/1000] numerical=3.401085026 shared_exact=True fallback_exact=0
[317/1000] numerical=2.653700563 shared_exact=True fallback_exact=0
[318/1000] numerical=3.218343054 shared_exact=True fallback_exact=0
[319/1000] numerical=4.106872510 shared_exact=True fallback_exact=0
[320/1000] numerical=4.118156632 shared_exact=True fallback_exact=0
[321/1000] numerical=3.306588861 shared_exact=True fallback_exact=0
[322/1000] numerical=3.218342985 shared_exact=True fallback_exact=0
[323/1000] numerical=4.118160637 shared_exact=True fallback_exact=0
[324/1000] numerical=4.226046929 shared_exact=True fallback_exact=0
[325/1000] numerical=3.198493475 shared_exact=True fallback_exact=0
[326/1000] numerical=3.503818194 shared_exact=True fallback_exact=0
[327/1000] numerical=3.198493504 shared_exact=True fallback_exact=0
[328/1000] numerical=2.334047269 shared_exact=True fallback_exact=0
[329/1000] numerical=3.306660150 shared_exact=True fallback_exact=0
[330/1000] numerical=3.503819524 shared_exact=True fallback_exact=0
[331/1000] numerical=2.334047269 shared_exact=True fallback_exact=0
[332/1000] numerical=2.839941331 shared_exact=True fallback_exact=0
[333/1000] numerical=3.198493475 shared_exact=True fallback_exact=0
[334/1000] numerical=2.334047269 shared_exact=True fallback_exact=0
[335/1000] numerical=2.488999404 shared_exact=True fallback_exact=0
[336/1000] numerical=3.401084990 shared_exact=True fallback_exact=0
[337/1000] numerical=2.653700561 shared_exact=True fallback_exact=0
[338/1000] numerical=3.306600732 shared_exact=True fallback_exact=0
[339/1000] numerical=3.503818343 shared_exact=True fallback_exact=0
[340/1000] numerical=2.334047269 shared_exact=True fallback_exact=0
[341/1000] numerical=2.839940850 shared_exact=True fallback_exact=0
[342/1000] numerical=2.488999404 shared_exact=True fallback_exact=0
[343/1000] numerical=2.480802845 shared_exact=True fallback_exact=0
[344/1000] numerical=2.782792184 shared_exact=True fallback_exact=0
[345/1000] numerical=2.174230916 shared_exact=True fallback_exact=0
[346/1000] numerical=3.198493475 shared_exact=True fallback_exact=0
[347/1000] numerical=2.488999404 shared_exact=True fallback_exact=0
[348/1000] numerical=2.334047269 shared_exact=True fallback_exact=0
[349/1000] numerical=2.334047269 shared_exact=True fallback_exact=0
[350/1000] numerical=3.306588861 shared_exact=True fallback_exact=0
[351/1000] numerical=2.480447593 shared_exact=True fallback_exact=0
[352/1000] numerical=2.653700566 shared_exact=True fallback_exact=0
[353/1000] numerical=3.306589252 shared_exact=True fallback_exact=0
[354/1000] numerical=2.480445160 shared_exact=True fallback_exact=0
[355/1000] numerical=3.401086144 shared_exact=True fallback_exact=0
[356/1000] numerical=3.503821436 shared_exact=True fallback_exact=0
[357/1000] numerical=2.488999404 shared_exact=True fallback_exact=0
[358/1000] numerical=2.782792542 shared_exact=True fallback_exact=0
[359/1000] numerical=2.334047496 shared_exact=True fallback_exact=0
[360/1000] numerical=2.653707534 shared_exact=True fallback_exact=0
[361/1000] numerical=2.839963429 shared_exact=True fallback_exact=0
[362/1000] numerical=2.174309421 shared_exact=True fallback_exact=0
[363/1000] numerical=2.334047269 shared_exact=True fallback_exact=0
[364/1000] numerical=2.653700567 shared_exact=True fallback_exact=0
[365/1000] numerical=2.653701742 shared_exact=True fallback_exact=0
[366/1000] numerical=2.839945343 shared_exact=True fallback_exact=0
[367/1000] numerical=2.174246639 shared_exact=True fallback_exact=0
[368/1000] numerical=2.174181494 shared_exact=True fallback_exact=0
[369/1000] numerical=4.269056124 shared_exact=True fallback_exact=0
[370/1000] numerical=3.323945536 shared_exact=True fallback_exact=0
[371/1000] numerical=3.321827504 shared_exact=True fallback_exact=0
[372/1000] numerical=3.323946237 shared_exact=True fallback_exact=0
[373/1000] numerical=4.193328839 shared_exact=True fallback_exact=0
[374/1000] numerical=3.206445218 shared_exact=True fallback_exact=0
[375/1000] numerical=4.095979855 shared_exact=True fallback_exact=0
[376/1000] numerical=3.379747350 shared_exact=True fallback_exact=0
[377/1000] numerical=3.206445240 shared_exact=True fallback_exact=0
[378/1000] numerical=3.559862869 shared_exact=True fallback_exact=0
[379/1000] numerical=3.216609863 shared_exact=True fallback_exact=0
[380/1000] numerical=4.296007571 shared_exact=True fallback_exact=0
[381/1000] numerical=4.670616237 shared_exact=True fallback_exact=0
[382/1000] numerical=4.562528003 shared_exact=True fallback_exact=0
[383/1000] numerical=4.670771593 shared_exact=True fallback_exact=0
[384/1000] numerical=4.662192596 shared_exact=True fallback_exact=0
[385/1000] numerical=3.671641198 shared_exact=True fallback_exact=0
[386/1000] numerical=3.883785869 shared_exact=True fallback_exact=0
[387/1000] numerical=2.883921037 shared_exact=True fallback_exact=0
[388/1000] numerical=3.671644409 shared_exact=True fallback_exact=0
[389/1000] numerical=2.688438113 shared_exact=True fallback_exact=0
[390/1000] numerical=2.883921051 shared_exact=True fallback_exact=0
[391/1000] numerical=4.159017398 shared_exact=True fallback_exact=0
[392/1000] numerical=3.173632112 shared_exact=True fallback_exact=0
[393/1000] numerical=3.360278757 shared_exact=True fallback_exact=0
[394/1000] numerical=3.173647195 shared_exact=True fallback_exact=0
[395/1000] numerical=3.758430930 shared_exact=True fallback_exact=0
[396/1000] numerical=4.370342943 shared_exact=True fallback_exact=0
[397/1000] numerical=3.396348371 shared_exact=True fallback_exact=0
[398/1000] numerical=3.607269671 shared_exact=True fallback_exact=0
[399/1000] numerical=4.348410661 shared_exact=True fallback_exact=0
[400/1000] numerical=3.554493097 shared_exact=True fallback_exact=0
[401/1000] numerical=4.370354193 shared_exact=True fallback_exact=0
[402/1000] numerical=4.409248865 shared_exact=True fallback_exact=0
[403/1000] numerical=3.396462305 shared_exact=True fallback_exact=0
[404/1000] numerical=3.587594300 shared_exact=True fallback_exact=0
[405/1000] numerical=3.376170149 shared_exact=True fallback_exact=0
[406/1000] numerical=3.607272550 shared_exact=True fallback_exact=0
[407/1000] numerical=3.625139854 shared_exact=True fallback_exact=0
[408/1000] numerical=2.773918368 shared_exact=True fallback_exact=0
[409/1000] numerical=3.396366128 shared_exact=True fallback_exact=0
[410/1000] numerical=3.554411930 shared_exact=True fallback_exact=0
[411/1000] numerical=3.396580203 shared_exact=True fallback_exact=0
[412/1000] numerical=3.587576229 shared_exact=True fallback_exact=0
[413/1000] numerical=2.872777968 shared_exact=True fallback_exact=0
[414/1000] numerical=2.773918367 shared_exact=True fallback_exact=0
[415/1000] numerical=4.269277763 shared_exact=True fallback_exact=0
[416/1000] numerical=4.166136913 shared_exact=True fallback_exact=0
[417/1000] numerical=4.269289180 shared_exact=True fallback_exact=0
[418/1000] numerical=4.295838737 shared_exact=True fallback_exact=0
[419/1000] numerical=3.459052691 shared_exact=True fallback_exact=0
[420/1000] numerical=3.574824439 shared_exact=True fallback_exact=0
[421/1000] numerical=2.710176392 shared_exact=True fallback_exact=0
[422/1000] numerical=3.459052684 shared_exact=True fallback_exact=0
[423/1000] numerical=2.733100470 shared_exact=True fallback_exact=0
[424/1000] numerical=2.710176392 shared_exact=True fallback_exact=0
[425/1000] numerical=3.607301186 shared_exact=True fallback_exact=0
[426/1000] numerical=3.636416947 shared_exact=True fallback_exact=0
[427/1000] numerical=3.607418751 shared_exact=True fallback_exact=0
[428/1000] numerical=3.657959215 shared_exact=True fallback_exact=0
[429/1000] numerical=2.848843135 shared_exact=True fallback_exact=0
[430/1000] numerical=2.826047391 shared_exact=True fallback_exact=0
[431/1000] numerical=2.849129350 shared_exact=True fallback_exact=0
[432/1000] numerical=3.377577901 shared_exact=True fallback_exact=0
[433/1000] numerical=2.520444493 shared_exact=True fallback_exact=0
[434/1000] numerical=2.731634511 shared_exact=True fallback_exact=0
[435/1000] numerical=2.520444493 shared_exact=True fallback_exact=0
[436/1000] numerical=3.749706887 shared_exact=True fallback_exact=0
[437/1000] numerical=3.134602328 shared_exact=True fallback_exact=0
[438/1000] numerical=4.131900854 shared_exact=True fallback_exact=0
[439/1000] numerical=4.324315766 shared_exact=True fallback_exact=0
[440/1000] numerical=4.131910572 shared_exact=True fallback_exact=0
[441/1000] numerical=4.183352963 shared_exact=True fallback_exact=0
[442/1000] numerical=3.375693925 shared_exact=True fallback_exact=0
[443/1000] numerical=3.165198030 shared_exact=True fallback_exact=0
[444/1000] numerical=2.374445069 shared_exact=True fallback_exact=0
[445/1000] numerical=3.375689322 shared_exact=True fallback_exact=0
[446/1000] numerical=2.672021877 shared_exact=True fallback_exact=0
[447/1000] numerical=2.374445025 shared_exact=True fallback_exact=0
[448/1000] numerical=3.626541898 shared_exact=True fallback_exact=0
[449/1000] numerical=4.662207163 shared_exact=True fallback_exact=0
[450/1000] numerical=4.611753302 shared_exact=True fallback_exact=0
[451/1000] numerical=4.563286063 shared_exact=True fallback_exact=0
[452/1000] numerical=3.616713210 shared_exact=True fallback_exact=0
[453/1000] numerical=3.631623782 shared_exact=True fallback_exact=0
[454/1000] numerical=2.661928234 shared_exact=True fallback_exact=0
[455/1000] numerical=3.974917511 shared_exact=True fallback_exact=0
[456/1000] numerical=4.662390359 shared_exact=True fallback_exact=0
[457/1000] numerical=4.703197828 shared_exact=True fallback_exact=0
[458/1000] numerical=3.883057312 shared_exact=True fallback_exact=0
[459/1000] numerical=3.626495170 shared_exact=True fallback_exact=0
[460/1000] numerical=4.563310624 shared_exact=True fallback_exact=0
[461/1000] numerical=4.641168470 shared_exact=True fallback_exact=0
[462/1000] numerical=3.616698300 shared_exact=True fallback_exact=0
[463/1000] numerical=3.847150307 shared_exact=True fallback_exact=0
[464/1000] numerical=3.904391485 shared_exact=True fallback_exact=0
[465/1000] numerical=3.057250446 shared_exact=True fallback_exact=0
[466/1000] numerical=3.631734496 shared_exact=True fallback_exact=0
[467/1000] numerical=3.676917197 shared_exact=True fallback_exact=0
[468/1000] numerical=2.662503135 shared_exact=True fallback_exact=0
[469/1000] numerical=2.862367988 shared_exact=True fallback_exact=0
[470/1000] numerical=3.616729935 shared_exact=True fallback_exact=0
[471/1000] numerical=2.563414575 shared_exact=True fallback_exact=0
[472/1000] numerical=2.661971135 shared_exact=True fallback_exact=0
[473/1000] numerical=3.882904467 shared_exact=True fallback_exact=0
[474/1000] numerical=3.168462548 shared_exact=True fallback_exact=0
[475/1000] numerical=3.617309720 shared_exact=True fallback_exact=0
[476/1000] numerical=3.847153550 shared_exact=True fallback_exact=0
[477/1000] numerical=2.563414581 shared_exact=True fallback_exact=0
[478/1000] numerical=3.147491781 shared_exact=True fallback_exact=0
[479/1000] numerical=3.057250351 shared_exact=True fallback_exact=0
[480/1000] numerical=2.662212924 shared_exact=True fallback_exact=0
[481/1000] numerical=2.862368886 shared_exact=True fallback_exact=0
[482/1000] numerical=2.152969594 shared_exact=True fallback_exact=0
[483/1000] numerical=3.133196483 shared_exact=True fallback_exact=0
[484/1000] numerical=2.313078718 shared_exact=True fallback_exact=0
[485/1000] numerical=2.086741122 shared_exact=True fallback_exact=0
[486/1000] numerical=2.313078718 shared_exact=True fallback_exact=0
[487/1000] numerical=4.085740856 shared_exact=True fallback_exact=0
[488/1000] numerical=3.140728759 shared_exact=True fallback_exact=0
[489/1000] numerical=3.186612221 shared_exact=True fallback_exact=0
[490/1000] numerical=4.205844592 shared_exact=True fallback_exact=0
[491/1000] numerical=3.390879369 shared_exact=True fallback_exact=0
[492/1000] numerical=4.085741616 shared_exact=True fallback_exact=0
[493/1000] numerical=4.165233745 shared_exact=True fallback_exact=0
[494/1000] numerical=3.140844075 shared_exact=True fallback_exact=0
[495/1000] numerical=3.371152316 shared_exact=True fallback_exact=0
[496/1000] numerical=3.383900091 shared_exact=True fallback_exact=0
[497/1000] numerical=3.186622056 shared_exact=True fallback_exact=0
[498/1000] numerical=3.225131667 shared_exact=True fallback_exact=0
[499/1000] numerical=2.403292064 shared_exact=True fallback_exact=0
[500/1000] numerical=3.140709837 shared_exact=True fallback_exact=0
checkpoint=/workspace/positive-square-energy/experiments/rank7_order8_chunk_023000_024000.r7o8g.xz.fragments/fragment-023000-023500.r7o8g.xz rows=500
[501/1000] numerical=3.391136202 shared_exact=True fallback_exact=0
[502/1000] numerical=3.140704542 shared_exact=True fallback_exact=0
[503/1000] numerical=3.371153185 shared_exact=True fallback_exact=0
[504/1000] numerical=2.671493855 shared_exact=True fallback_exact=0
[505/1000] numerical=2.403292004 shared_exact=True fallback_exact=0
[506/1000] numerical=4.269058166 shared_exact=True fallback_exact=0
[507/1000] numerical=3.321827386 shared_exact=True fallback_exact=0
[508/1000] numerical=4.193329025 shared_exact=True fallback_exact=0
[509/1000] numerical=4.095987798 shared_exact=True fallback_exact=0
[510/1000] numerical=3.379747350 shared_exact=True fallback_exact=0
[511/1000] numerical=3.559898859 shared_exact=True fallback_exact=0
[512/1000] numerical=3.216609863 shared_exact=True fallback_exact=0
[513/1000] numerical=3.323943954 shared_exact=True fallback_exact=0
[514/1000] numerical=3.206445216 shared_exact=True fallback_exact=0
[515/1000] numerical=3.323944949 shared_exact=True fallback_exact=0
[516/1000] numerical=3.206445216 shared_exact=True fallback_exact=0
[517/1000] numerical=4.672095511 shared_exact=True fallback_exact=0
[518/1000] numerical=4.672421450 shared_exact=True fallback_exact=0
[519/1000] numerical=4.296007509 shared_exact=True fallback_exact=0
[520/1000] numerical=4.562518981 shared_exact=True fallback_exact=0
[521/1000] numerical=4.662190892 shared_exact=True fallback_exact=0
[522/1000] numerical=3.883784104 shared_exact=True fallback_exact=0
[523/1000] numerical=4.159019731 shared_exact=True fallback_exact=0
[524/1000] numerical=3.360278719 shared_exact=True fallback_exact=0
[525/1000] numerical=3.671636731 shared_exact=True fallback_exact=0
[526/1000] numerical=2.883921032 shared_exact=True fallback_exact=0
[527/1000] numerical=3.173629850 shared_exact=True fallback_exact=0
[528/1000] numerical=3.671636711 shared_exact=True fallback_exact=0
[529/1000] numerical=2.883921032 shared_exact=True fallback_exact=0
[530/1000] numerical=3.173629845 shared_exact=True fallback_exact=0
[531/1000] numerical=2.688438113 shared_exact=True fallback_exact=0
[532/1000] numerical=4.370414822 shared_exact=True fallback_exact=0
[533/1000] numerical=3.607269847 shared_exact=True fallback_exact=0
[534/1000] numerical=4.269281282 shared_exact=True fallback_exact=0
[535/1000] numerical=3.607404173 shared_exact=True fallback_exact=0
[536/1000] numerical=3.396335804 shared_exact=True fallback_exact=0
[537/1000] numerical=3.396337128 shared_exact=True fallback_exact=0
[538/1000] numerical=4.370346188 shared_exact=True fallback_exact=0
[539/1000] numerical=3.607270207 shared_exact=True fallback_exact=0
[540/1000] numerical=4.269284482 shared_exact=True fallback_exact=0
[541/1000] numerical=3.608071011 shared_exact=True fallback_exact=0
[542/1000] numerical=3.758647892 shared_exact=True fallback_exact=0
[543/1000] numerical=4.348459657 shared_exact=True fallback_exact=0
[544/1000] numerical=4.410010138 shared_exact=True fallback_exact=0
[545/1000] numerical=3.376162068 shared_exact=True fallback_exact=0
[546/1000] numerical=3.625147221 shared_exact=True fallback_exact=0
[547/1000] numerical=4.171207625 shared_exact=True fallback_exact=0
[548/1000] numerical=4.296323129 shared_exact=True fallback_exact=0
[549/1000] numerical=3.574863399 shared_exact=True fallback_exact=0
[550/1000] numerical=3.636184993 shared_exact=True fallback_exact=0
[551/1000] numerical=3.658896818 shared_exact=True fallback_exact=0
[552/1000] numerical=2.826045512 shared_exact=True fallback_exact=0
[553/1000] numerical=3.377958835 shared_exact=True fallback_exact=0
[554/1000] numerical=2.731723563 shared_exact=True fallback_exact=0
[555/1000] numerical=3.396335836 shared_exact=True fallback_exact=0
[556/1000] numerical=3.554420593 shared_exact=True fallback_exact=0
[557/1000] numerical=3.587576530 shared_exact=True fallback_exact=0
[558/1000] numerical=2.773918366 shared_exact=True fallback_exact=0
[559/1000] numerical=3.459053025 shared_exact=True fallback_exact=0
[560/1000] numerical=2.710176392 shared_exact=True fallback_exact=0
[561/1000] numerical=2.848493518 shared_exact=True fallback_exact=0
[562/1000] numerical=2.520444494 shared_exact=True fallback_exact=0
[563/1000] numerical=3.396335865 shared_exact=True fallback_exact=0
[564/1000] numerical=3.554413322 shared_exact=True fallback_exact=0
[565/1000] numerical=3.587705659 shared_exact=True fallback_exact=0
[566/1000] numerical=2.773918366 shared_exact=True fallback_exact=0
[567/1000] numerical=3.459095462 shared_exact=True fallback_exact=0
[568/1000] numerical=2.710176392 shared_exact=True fallback_exact=0
[569/1000] numerical=2.849084573 shared_exact=True fallback_exact=0
[570/1000] numerical=2.520445772 shared_exact=True fallback_exact=0
[571/1000] numerical=2.872743778 shared_exact=True fallback_exact=0
[572/1000] numerical=2.733101601 shared_exact=True fallback_exact=0
[573/1000] numerical=4.611788969 shared_exact=True fallback_exact=0
[574/1000] numerical=4.131941091 shared_exact=True fallback_exact=0
[575/1000] numerical=4.662195335 shared_exact=True fallback_exact=0
[576/1000] numerical=4.563280390 shared_exact=True fallback_exact=0
[577/1000] numerical=3.631620912 shared_exact=True fallback_exact=0
[578/1000] numerical=4.085740124 shared_exact=True fallback_exact=0
[579/1000] numerical=3.186597968 shared_exact=True fallback_exact=0
[580/1000] numerical=3.616748307 shared_exact=True fallback_exact=0
[581/1000] numerical=2.661918665 shared_exact=True fallback_exact=0
[582/1000] numerical=3.140700780 shared_exact=True fallback_exact=0
[583/1000] numerical=3.617018653 shared_exact=True fallback_exact=0
[584/1000] numerical=2.661918798 shared_exact=True fallback_exact=0
[585/1000] numerical=3.140754259 shared_exact=True fallback_exact=0
[586/1000] numerical=2.563414575 shared_exact=True fallback_exact=0
[587/1000] numerical=3.626839191 shared_exact=True fallback_exact=0
[588/1000] numerical=3.626495697 shared_exact=True fallback_exact=0
[589/1000] numerical=4.131960405 shared_exact=True fallback_exact=0
[590/1000] numerical=4.662211377 shared_exact=True fallback_exact=0
[591/1000] numerical=4.563281254 shared_exact=True fallback_exact=0
[592/1000] numerical=3.631617966 shared_exact=True fallback_exact=0
[593/1000] numerical=4.085741449 shared_exact=True fallback_exact=0
[594/1000] numerical=3.186631358 shared_exact=True fallback_exact=0
[595/1000] numerical=3.750942742 shared_exact=True fallback_exact=0
[596/1000] numerical=3.134833984 shared_exact=True fallback_exact=0
[597/1000] numerical=4.324977607 shared_exact=True fallback_exact=0
[598/1000] numerical=4.185158710 shared_exact=True fallback_exact=0
[599/1000] numerical=3.165218854 shared_exact=True fallback_exact=0
[600/1000] numerical=3.975081988 shared_exact=True fallback_exact=0
[601/1000] numerical=4.704462862 shared_exact=True fallback_exact=0
[602/1000] numerical=4.641485534 shared_exact=True fallback_exact=0
[603/1000] numerical=3.904429958 shared_exact=True fallback_exact=0
[604/1000] numerical=3.676919839 shared_exact=True fallback_exact=0
[605/1000] numerical=3.133274177 shared_exact=True fallback_exact=0
[606/1000] numerical=2.086741122 shared_exact=True fallback_exact=0
[607/1000] numerical=4.207205594 shared_exact=True fallback_exact=0
[608/1000] numerical=4.165162959 shared_exact=True fallback_exact=0
[609/1000] numerical=3.383904357 shared_exact=True fallback_exact=0
[610/1000] numerical=3.225127485 shared_exact=True fallback_exact=0
[611/1000] numerical=3.616856952 shared_exact=True fallback_exact=0
[612/1000] numerical=2.661919789 shared_exact=True fallback_exact=0
[613/1000] numerical=3.140706025 shared_exact=True fallback_exact=0
[614/1000] numerical=3.375840589 shared_exact=True fallback_exact=0
[615/1000] numerical=2.374445096 shared_exact=True fallback_exact=0
[616/1000] numerical=3.883047978 shared_exact=True fallback_exact=0
[617/1000] numerical=3.847155340 shared_exact=True fallback_exact=0
[618/1000] numerical=3.057250025 shared_exact=True fallback_exact=0
[619/1000] numerical=2.862367190 shared_exact=True fallback_exact=0
[620/1000] numerical=2.313078903 shared_exact=True fallback_exact=0
[621/1000] numerical=3.390683253 shared_exact=True fallback_exact=0
[622/1000] numerical=3.371152401 shared_exact=True fallback_exact=0
[623/1000] numerical=2.403291450 shared_exact=True fallback_exact=0
[624/1000] numerical=3.617172841 shared_exact=True fallback_exact=0
[625/1000] numerical=2.661918569 shared_exact=True fallback_exact=0
[626/1000] numerical=3.140705542 shared_exact=True fallback_exact=0
[627/1000] numerical=3.376841370 shared_exact=True fallback_exact=0
[628/1000] numerical=2.374445090 shared_exact=True fallback_exact=0
[629/1000] numerical=3.883221291 shared_exact=True fallback_exact=0
[630/1000] numerical=3.847156733 shared_exact=True fallback_exact=0
[631/1000] numerical=3.057250023 shared_exact=True fallback_exact=0
[632/1000] numerical=2.862367165 shared_exact=True fallback_exact=0
[633/1000] numerical=2.313106929 shared_exact=True fallback_exact=0
[634/1000] numerical=3.391005153 shared_exact=True fallback_exact=0
[635/1000] numerical=3.371152882 shared_exact=True fallback_exact=0
[636/1000] numerical=2.403291449 shared_exact=True fallback_exact=0
[637/1000] numerical=2.563414575 shared_exact=True fallback_exact=0
[638/1000] numerical=2.672253924 shared_exact=True fallback_exact=0
[639/1000] numerical=3.168975542 shared_exact=True fallback_exact=0
[640/1000] numerical=3.147491622 shared_exact=True fallback_exact=0
[641/1000] numerical=2.152969335 shared_exact=True fallback_exact=0
[642/1000] numerical=2.671493956 shared_exact=True fallback_exact=0
[643/1000] numerical=2.973450830 shared_exact=True fallback_exact=0
[644/1000] numerical=2.795031443 shared_exact=True fallback_exact=0
[645/1000] numerical=2.996668598 shared_exact=True fallback_exact=0
[646/1000] numerical=2.858039933 shared_exact=True fallback_exact=0
[647/1000] numerical=2.968573647 shared_exact=True fallback_exact=0
[648/1000] numerical=2.790761034 shared_exact=True fallback_exact=0
[649/1000] numerical=2.957013665 shared_exact=True fallback_exact=0
[650/1000] numerical=2.805843602 shared_exact=True fallback_exact=0
[651/1000] numerical=2.380797739 shared_exact=True fallback_exact=0
[652/1000] numerical=2.181817013 shared_exact=True fallback_exact=0
[653/1000] numerical=3.784498074 shared_exact=True fallback_exact=0
[654/1000] numerical=3.697063025 shared_exact=True fallback_exact=0
[655/1000] numerical=3.370667365 shared_exact=True fallback_exact=0
[656/1000] numerical=3.224089709 shared_exact=True fallback_exact=0
[657/1000] numerical=4.073173347 shared_exact=True fallback_exact=0
[658/1000] numerical=3.984951881 shared_exact=True fallback_exact=0
[659/1000] numerical=3.368026247 shared_exact=True fallback_exact=0
[660/1000] numerical=3.219361168 shared_exact=True fallback_exact=0
[661/1000] numerical=3.823846357 shared_exact=True fallback_exact=0
[662/1000] numerical=3.728370514 shared_exact=True fallback_exact=0
[663/1000] numerical=3.552521024 shared_exact=True fallback_exact=0
[664/1000] numerical=3.355101950 shared_exact=True fallback_exact=0
[665/1000] numerical=4.101279587 shared_exact=True fallback_exact=0
[666/1000] numerical=4.008423180 shared_exact=True fallback_exact=0
[667/1000] numerical=3.457759526 shared_exact=True fallback_exact=0
[668/1000] numerical=3.314073774 shared_exact=True fallback_exact=0
[669/1000] numerical=3.388969745 shared_exact=True fallback_exact=0
[670/1000] numerical=3.960339785 shared_exact=True fallback_exact=0
[671/1000] numerical=3.893053771 shared_exact=True fallback_exact=0
[672/1000] numerical=2.934371249 shared_exact=True fallback_exact=0
[673/1000] numerical=3.752595867 shared_exact=True fallback_exact=0
[674/1000] numerical=3.675033213 shared_exact=True fallback_exact=0
[675/1000] numerical=2.723976045 shared_exact=True fallback_exact=0
[676/1000] numerical=3.229026005 shared_exact=True fallback_exact=0
[677/1000] numerical=2.563658651 shared_exact=True fallback_exact=0
[678/1000] numerical=3.265673887 shared_exact=True fallback_exact=0
[679/1000] numerical=3.708569234 shared_exact=True fallback_exact=0
[680/1000] numerical=3.448889885 shared_exact=True fallback_exact=0
[681/1000] numerical=3.395014071 shared_exact=True fallback_exact=0
[682/1000] numerical=3.035991789 shared_exact=True fallback_exact=0
[683/1000] numerical=3.612009424 shared_exact=True fallback_exact=0
[684/1000] numerical=3.415314644 shared_exact=True fallback_exact=0
[685/1000] numerical=2.319800512 shared_exact=True fallback_exact=0
[686/1000] numerical=2.910478001 shared_exact=True fallback_exact=0
[687/1000] numerical=3.292331019 shared_exact=True fallback_exact=0
[688/1000] numerical=3.260738228 shared_exact=True fallback_exact=0
[689/1000] numerical=3.252384035 shared_exact=True fallback_exact=0
[690/1000] numerical=2.667305768 shared_exact=True fallback_exact=0
[691/1000] numerical=3.439187621 shared_exact=True fallback_exact=0
[692/1000] numerical=3.564304782 shared_exact=True fallback_exact=0
[693/1000] numerical=3.675140096 shared_exact=True fallback_exact=0
[694/1000] numerical=2.955950920 shared_exact=True fallback_exact=0
[695/1000] numerical=3.435510142 shared_exact=True fallback_exact=0
[696/1000] numerical=3.321622096 shared_exact=True fallback_exact=0
[697/1000] numerical=2.405357372 shared_exact=True fallback_exact=0
[698/1000] numerical=2.821914018 shared_exact=True fallback_exact=0
[699/1000] numerical=3.278537125 shared_exact=True fallback_exact=0
[700/1000] numerical=3.141925753 shared_exact=True fallback_exact=0
[701/1000] numerical=3.319762476 shared_exact=True fallback_exact=0
[702/1000] numerical=3.452202586 shared_exact=True fallback_exact=0
[703/1000] numerical=2.756155468 shared_exact=True fallback_exact=0
[704/1000] numerical=2.930608501 shared_exact=True fallback_exact=0
[705/1000] numerical=3.483918346 shared_exact=True fallback_exact=0
[706/1000] numerical=2.871433359 shared_exact=True fallback_exact=0
[707/1000] numerical=2.970599103 shared_exact=True fallback_exact=0
[708/1000] numerical=3.385430074 shared_exact=True fallback_exact=0
[709/1000] numerical=3.323085557 shared_exact=True fallback_exact=0
[710/1000] numerical=2.468294815 shared_exact=True fallback_exact=0
[711/1000] numerical=2.818005615 shared_exact=True fallback_exact=0
[712/1000] numerical=2.679633600 shared_exact=True fallback_exact=0
[713/1000] numerical=3.060230477 shared_exact=True fallback_exact=0
[714/1000] numerical=2.962040296 shared_exact=True fallback_exact=0
[715/1000] numerical=2.066339034 shared_exact=True fallback_exact=0
[716/1000] numerical=2.428578800 shared_exact=True fallback_exact=0
[717/1000] numerical=4.072103935 shared_exact=True fallback_exact=0
[718/1000] numerical=3.666192977 shared_exact=True fallback_exact=0
[719/1000] numerical=3.718731463 shared_exact=True fallback_exact=0
[720/1000] numerical=3.387082456 shared_exact=True fallback_exact=0
[721/1000] numerical=4.104917936 shared_exact=True fallback_exact=0
[722/1000] numerical=3.233383169 shared_exact=True fallback_exact=0
[723/1000] numerical=3.360193786 shared_exact=True fallback_exact=0
[724/1000] numerical=3.945525312 shared_exact=True fallback_exact=0
[725/1000] numerical=3.880105348 shared_exact=True fallback_exact=0
[726/1000] numerical=2.936641121 shared_exact=True fallback_exact=0
[727/1000] numerical=3.425570907 shared_exact=True fallback_exact=0
[728/1000] numerical=3.170800322 shared_exact=True fallback_exact=0
[729/1000] numerical=3.052291474 shared_exact=True fallback_exact=0
[730/1000] numerical=3.722057833 shared_exact=True fallback_exact=0
[731/1000] numerical=2.666182094 shared_exact=True fallback_exact=0
[732/1000] numerical=3.344973890 shared_exact=True fallback_exact=0
[733/1000] numerical=3.848393589 shared_exact=True fallback_exact=0
[734/1000] numerical=3.711061299 shared_exact=True fallback_exact=0
[735/1000] numerical=2.763689043 shared_exact=True fallback_exact=0
[736/1000] numerical=3.210545619 shared_exact=True fallback_exact=0
[737/1000] numerical=3.663499027 shared_exact=True fallback_exact=0
[738/1000] numerical=4.113172656 shared_exact=True fallback_exact=0
[739/1000] numerical=3.839436885 shared_exact=True fallback_exact=0
[740/1000] numerical=4.390105836 shared_exact=True fallback_exact=0
[741/1000] numerical=3.753018249 shared_exact=True fallback_exact=0
[742/1000] numerical=3.653861736 shared_exact=True fallback_exact=0
[743/1000] numerical=4.243453654 shared_exact=True fallback_exact=0
[744/1000] numerical=4.172127879 shared_exact=True fallback_exact=0
[745/1000] numerical=3.216259244 shared_exact=True fallback_exact=0
[746/1000] numerical=3.717035315 shared_exact=True fallback_exact=0
[747/1000] numerical=3.268111193 shared_exact=True fallback_exact=0
[748/1000] numerical=2.932938144 shared_exact=True fallback_exact=0
[749/1000] numerical=3.843931407 shared_exact=True fallback_exact=0
[750/1000] numerical=2.921331103 shared_exact=True fallback_exact=0
[751/1000] numerical=3.358743125 shared_exact=True fallback_exact=0
[752/1000] numerical=3.742216974 shared_exact=True fallback_exact=0
[753/1000] numerical=3.719067156 shared_exact=True fallback_exact=0
[754/1000] numerical=2.909066706 shared_exact=True fallback_exact=0
[755/1000] numerical=3.216666808 shared_exact=True fallback_exact=0
[756/1000] numerical=4.082010988 shared_exact=True fallback_exact=0
[757/1000] numerical=3.763733515 shared_exact=True fallback_exact=0
[758/1000] numerical=3.663060301 shared_exact=True fallback_exact=0
[759/1000] numerical=3.466479408 shared_exact=True fallback_exact=0
[760/1000] numerical=3.880113745 shared_exact=True fallback_exact=0
[761/1000] numerical=3.940292613 shared_exact=True fallback_exact=0
[762/1000] numerical=3.171920773 shared_exact=True fallback_exact=0
[763/1000] numerical=3.479131159 shared_exact=True fallback_exact=0
[764/1000] numerical=3.743095358 shared_exact=True fallback_exact=0
[765/1000] numerical=3.762679865 shared_exact=True fallback_exact=0
[766/1000] numerical=4.080484031 shared_exact=True fallback_exact=0
[767/1000] numerical=3.459054471 shared_exact=True fallback_exact=0
[768/1000] numerical=3.563310854 shared_exact=True fallback_exact=0
[769/1000] numerical=3.979156385 shared_exact=True fallback_exact=0
[770/1000] numerical=3.765504484 shared_exact=True fallback_exact=0
[771/1000] numerical=4.171689260 shared_exact=True fallback_exact=0
[772/1000] numerical=4.226846106 shared_exact=True fallback_exact=0
[773/1000] numerical=3.456035119 shared_exact=True fallback_exact=0
[774/1000] numerical=3.760965197 shared_exact=True fallback_exact=0
[775/1000] numerical=3.322000363 shared_exact=True fallback_exact=0
[776/1000] numerical=3.859325168 shared_exact=True fallback_exact=0
[777/1000] numerical=3.713818248 shared_exact=True fallback_exact=0
[778/1000] numerical=2.758180418 shared_exact=True fallback_exact=0
[779/1000] numerical=3.224425683 shared_exact=True fallback_exact=0
[780/1000] numerical=3.664743685 shared_exact=True fallback_exact=0
[781/1000] numerical=3.284646657 shared_exact=True fallback_exact=0
[782/1000] numerical=4.265584018 shared_exact=True fallback_exact=0
[783/1000] numerical=4.233176945 shared_exact=True fallback_exact=0
[784/1000] numerical=3.354145967 shared_exact=True fallback_exact=0
[785/1000] numerical=3.772401823 shared_exact=True fallback_exact=0
[786/1000] numerical=4.560441990 shared_exact=True fallback_exact=0
[787/1000] numerical=4.517311267 shared_exact=True fallback_exact=0
[788/1000] numerical=3.725983470 shared_exact=True fallback_exact=0
[789/1000] numerical=3.611087620 shared_exact=True fallback_exact=0
[790/1000] numerical=3.270869011 shared_exact=True fallback_exact=0
[791/1000] numerical=4.030055004 shared_exact=True fallback_exact=0
[792/1000] numerical=3.983113184 shared_exact=True fallback_exact=0
[793/1000] numerical=3.065442591 shared_exact=True fallback_exact=0
[794/1000] numerical=3.345728395 shared_exact=True fallback_exact=0
[795/1000] numerical=3.104299968 shared_exact=True fallback_exact=0
[796/1000] numerical=2.871727405 shared_exact=True fallback_exact=0
[797/1000] numerical=3.166970556 shared_exact=True fallback_exact=0
[798/1000] numerical=3.282037636 shared_exact=True fallback_exact=0
[799/1000] numerical=2.687496782 shared_exact=True fallback_exact=0
[800/1000] numerical=2.598462187 shared_exact=True fallback_exact=0
[801/1000] numerical=2.903637418 shared_exact=True fallback_exact=0
[802/1000] numerical=2.141539518 shared_exact=True fallback_exact=0
[803/1000] numerical=3.573458489 shared_exact=True fallback_exact=0
[804/1000] numerical=3.763442356 shared_exact=True fallback_exact=0
[805/1000] numerical=3.332772400 shared_exact=True fallback_exact=0
[806/1000] numerical=3.246520996 shared_exact=True fallback_exact=0
[807/1000] numerical=2.799646949 shared_exact=True fallback_exact=0
[808/1000] numerical=3.599019794 shared_exact=True fallback_exact=0
[809/1000] numerical=3.862827684 shared_exact=True fallback_exact=0
[810/1000] numerical=3.687559638 shared_exact=True fallback_exact=0
[811/1000] numerical=2.683126748 shared_exact=True fallback_exact=0
[812/1000] numerical=2.944849447 shared_exact=True fallback_exact=0
[813/1000] numerical=3.770763912 shared_exact=True fallback_exact=0
[814/1000] numerical=3.983166382 shared_exact=True fallback_exact=0
[815/1000] numerical=3.413001175 shared_exact=True fallback_exact=0
[816/1000] numerical=2.909414264 shared_exact=True fallback_exact=0
[817/1000] numerical=3.071819863 shared_exact=True fallback_exact=0
[818/1000] numerical=3.693531394 shared_exact=True fallback_exact=0
[819/1000] numerical=3.637112799 shared_exact=True fallback_exact=0
[820/1000] numerical=3.590206371 shared_exact=True fallback_exact=0
[821/1000] numerical=2.739195534 shared_exact=True fallback_exact=0
[822/1000] numerical=2.547451931 shared_exact=True fallback_exact=0
[823/1000] numerical=3.369513736 shared_exact=True fallback_exact=0
[824/1000] numerical=3.727254445 shared_exact=True fallback_exact=0
[825/1000] numerical=3.240290522 shared_exact=True fallback_exact=0
[826/1000] numerical=2.580164725 shared_exact=True fallback_exact=0
[827/1000] numerical=2.751021727 shared_exact=True fallback_exact=0
[828/1000] numerical=3.138048467 shared_exact=True fallback_exact=0
[829/1000] numerical=3.178765595 shared_exact=True fallback_exact=0
[830/1000] numerical=3.133705654 shared_exact=True fallback_exact=0
[831/1000] numerical=2.309325908 shared_exact=True fallback_exact=0
[832/1000] numerical=2.313859557 shared_exact=True fallback_exact=0
[833/1000] numerical=3.413612533 shared_exact=True fallback_exact=0
[834/1000] numerical=3.310723341 shared_exact=True fallback_exact=0
[835/1000] numerical=3.118128449 shared_exact=True fallback_exact=0
[836/1000] numerical=3.271123367 shared_exact=True fallback_exact=0
[837/1000] numerical=2.718634130 shared_exact=True fallback_exact=0
[838/1000] numerical=2.755218670 shared_exact=True fallback_exact=0
[839/1000] numerical=2.654655404 shared_exact=True fallback_exact=0
[840/1000] numerical=3.119318723 shared_exact=True fallback_exact=0
[841/1000] numerical=2.372982247 shared_exact=True fallback_exact=0
[842/1000] numerical=3.920277457 shared_exact=True fallback_exact=0
[843/1000] numerical=3.727754142 shared_exact=True fallback_exact=0
[844/1000] numerical=3.583246309 shared_exact=True fallback_exact=0
[845/1000] numerical=3.733201955 shared_exact=True fallback_exact=0
[846/1000] numerical=3.713166532 shared_exact=True fallback_exact=0
[847/1000] numerical=3.390054847 shared_exact=True fallback_exact=0
[848/1000] numerical=3.707924576 shared_exact=True fallback_exact=0
[849/1000] numerical=3.585570121 shared_exact=True fallback_exact=0
[850/1000] numerical=3.658337694 shared_exact=True fallback_exact=0
[851/1000] numerical=2.904629562 shared_exact=True fallback_exact=0
[852/1000] numerical=2.676206433 shared_exact=True fallback_exact=0
[853/1000] numerical=3.675304306 shared_exact=True fallback_exact=0
[854/1000] numerical=3.853947559 shared_exact=True fallback_exact=0
[855/1000] numerical=3.679089423 shared_exact=True fallback_exact=0
[856/1000] numerical=2.692070394 shared_exact=True fallback_exact=0
[857/1000] numerical=2.890297153 shared_exact=True fallback_exact=0
[858/1000] numerical=3.180847189 shared_exact=True fallback_exact=0
[859/1000] numerical=3.301564400 shared_exact=True fallback_exact=0
[860/1000] numerical=3.142029094 shared_exact=True fallback_exact=0
[861/1000] numerical=2.173421577 shared_exact=True fallback_exact=0
[862/1000] numerical=2.313129912 shared_exact=True fallback_exact=0
[863/1000] numerical=3.747451921 shared_exact=True fallback_exact=0
[864/1000] numerical=3.673064144 shared_exact=True fallback_exact=0
[865/1000] numerical=3.129419703 shared_exact=True fallback_exact=0
[866/1000] numerical=2.965613928 shared_exact=True fallback_exact=0
[867/1000] numerical=2.714034065 shared_exact=True fallback_exact=0
[868/1000] numerical=3.606976225 shared_exact=True fallback_exact=0
[869/1000] numerical=3.763971347 shared_exact=True fallback_exact=0
[870/1000] numerical=3.653190328 shared_exact=True fallback_exact=0
[871/1000] numerical=2.758816837 shared_exact=True fallback_exact=0
[872/1000] numerical=2.892746079 shared_exact=True fallback_exact=0
[873/1000] numerical=3.515958795 shared_exact=True fallback_exact=0
[874/1000] numerical=2.585731392 shared_exact=True fallback_exact=0
[875/1000] numerical=3.135490425 shared_exact=True fallback_exact=0
[876/1000] numerical=2.672648782 shared_exact=True fallback_exact=0
[877/1000] numerical=3.174836844 shared_exact=True fallback_exact=0
[878/1000] numerical=2.758122887 shared_exact=True fallback_exact=0
[879/1000] numerical=2.907142805 shared_exact=True fallback_exact=0
[880/1000] numerical=2.428185084 shared_exact=True fallback_exact=0
[881/1000] numerical=3.459645444 shared_exact=True fallback_exact=0
[882/1000] numerical=3.825439200 shared_exact=True fallback_exact=0
[883/1000] numerical=3.725568017 shared_exact=True fallback_exact=0
[884/1000] numerical=2.821252919 shared_exact=True fallback_exact=0
[885/1000] numerical=3.089240754 shared_exact=True fallback_exact=0
[886/1000] numerical=3.574740268 shared_exact=True fallback_exact=0
[887/1000] numerical=3.649648942 shared_exact=True fallback_exact=0
[888/1000] numerical=3.086915771 shared_exact=True fallback_exact=0
[889/1000] numerical=2.446129088 shared_exact=True fallback_exact=0
[890/1000] numerical=2.770356274 shared_exact=True fallback_exact=0
[891/1000] numerical=3.120958149 shared_exact=True fallback_exact=0
[892/1000] numerical=3.147686270 shared_exact=True fallback_exact=0
[893/1000] numerical=3.165199920 shared_exact=True fallback_exact=0
[894/1000] numerical=2.408473251 shared_exact=True fallback_exact=0
[895/1000] numerical=2.393030212 shared_exact=True fallback_exact=0
[896/1000] numerical=3.358144369 shared_exact=True fallback_exact=0
[897/1000] numerical=4.119513955 shared_exact=True fallback_exact=0
[898/1000] numerical=3.606750362 shared_exact=True fallback_exact=0
[899/1000] numerical=3.500890016 shared_exact=True fallback_exact=0
[900/1000] numerical=3.126326094 shared_exact=True fallback_exact=0
[901/1000] numerical=4.148673753 shared_exact=True fallback_exact=0
[902/1000] numerical=4.238496570 shared_exact=True fallback_exact=0
[903/1000] numerical=4.100706667 shared_exact=True fallback_exact=0
[904/1000] numerical=3.173574025 shared_exact=True fallback_exact=0
[905/1000] numerical=3.266678714 shared_exact=True fallback_exact=0
[906/1000] numerical=3.810555179 shared_exact=True fallback_exact=0
[907/1000] numerical=3.577402046 shared_exact=True fallback_exact=0
[908/1000] numerical=3.634938222 shared_exact=True fallback_exact=0
[909/1000] numerical=3.509655643 shared_exact=True fallback_exact=0
[910/1000] numerical=4.351287568 shared_exact=True fallback_exact=0
[911/1000] numerical=4.146797118 shared_exact=True fallback_exact=0
[912/1000] numerical=4.430731105 shared_exact=True fallback_exact=0
[913/1000] numerical=3.764348791 shared_exact=True fallback_exact=0
[914/1000] numerical=3.656700627 shared_exact=True fallback_exact=0
[915/1000] numerical=3.772128847 shared_exact=True fallback_exact=0
[916/1000] numerical=3.678432992 shared_exact=True fallback_exact=0
[917/1000] numerical=3.966874785 shared_exact=True fallback_exact=0
[918/1000] numerical=3.330990757 shared_exact=True fallback_exact=0
[919/1000] numerical=3.254289706 shared_exact=True fallback_exact=0
[920/1000] numerical=3.362718325 shared_exact=True fallback_exact=0
[921/1000] numerical=3.177294155 shared_exact=True fallback_exact=0
[922/1000] numerical=3.555906799 shared_exact=True fallback_exact=0
[923/1000] numerical=2.984816995 shared_exact=True fallback_exact=0
[924/1000] numerical=2.817150664 shared_exact=True fallback_exact=0
[925/1000] numerical=3.423221317 shared_exact=True fallback_exact=0
[926/1000] numerical=3.784440291 shared_exact=True fallback_exact=0
[927/1000] numerical=3.728594115 shared_exact=True fallback_exact=0
[928/1000] numerical=2.850786756 shared_exact=True fallback_exact=0
[929/1000] numerical=3.095248638 shared_exact=True fallback_exact=0
[930/1000] numerical=3.000000002 shared_exact=True fallback_exact=0
[931/1000] numerical=4.127354773 shared_exact=True fallback_exact=0
[932/1000] numerical=4.051500058 shared_exact=True fallback_exact=0
[933/1000] numerical=3.160537719 shared_exact=True fallback_exact=0
[934/1000] numerical=3.507170058 shared_exact=True fallback_exact=0
[935/1000] numerical=4.276067081 shared_exact=True fallback_exact=0
[936/1000] numerical=4.262624616 shared_exact=True fallback_exact=0
[937/1000] numerical=3.449477582 shared_exact=True fallback_exact=0
[938/1000] numerical=3.448306516 shared_exact=True fallback_exact=0
[939/1000] numerical=3.000000002 shared_exact=True fallback_exact=0
[940/1000] numerical=3.465432079 shared_exact=True fallback_exact=0
[941/1000] numerical=3.529318108 shared_exact=True fallback_exact=0
[942/1000] numerical=2.782599392 shared_exact=True fallback_exact=0
[943/1000] numerical=3.182480056 shared_exact=True fallback_exact=0
[944/1000] numerical=3.150829769 shared_exact=True fallback_exact=0
[945/1000] numerical=2.889983834 shared_exact=True fallback_exact=0
[946/1000] numerical=2.666654720 shared_exact=True fallback_exact=0
[947/1000] numerical=3.083460715 shared_exact=True fallback_exact=0
[948/1000] numerical=3.182388575 shared_exact=True fallback_exact=0
[949/1000] numerical=3.071465796 shared_exact=True fallback_exact=0
[950/1000] numerical=2.878681417 shared_exact=True fallback_exact=0
[951/1000] numerical=2.834527383 shared_exact=True fallback_exact=0
[952/1000] numerical=2.581187070 shared_exact=True fallback_exact=0
[953/1000] numerical=2.387704254 shared_exact=True fallback_exact=0
[954/1000] numerical=2.169097305 shared_exact=True fallback_exact=0
[955/1000] numerical=3.745017205 shared_exact=True fallback_exact=0
[956/1000] numerical=3.731827829 shared_exact=True fallback_exact=0
[957/1000] numerical=3.754400853 shared_exact=True fallback_exact=0
[958/1000] numerical=3.596404963 shared_exact=True fallback_exact=0
[959/1000] numerical=3.320830052 shared_exact=True fallback_exact=0
[960/1000] numerical=3.186161517 shared_exact=True fallback_exact=0
[961/1000] numerical=3.345151267 shared_exact=True fallback_exact=0
[962/1000] numerical=3.163401859 shared_exact=True fallback_exact=0
[963/1000] numerical=3.119595578 shared_exact=True fallback_exact=0
[964/1000] numerical=2.596357078 shared_exact=True fallback_exact=0
[965/1000] numerical=2.593910891 shared_exact=True fallback_exact=0
[966/1000] numerical=2.407031871 shared_exact=True fallback_exact=0
[967/1000] numerical=2.715052279 shared_exact=True fallback_exact=0
[968/1000] numerical=3.071941322 shared_exact=True fallback_exact=0
[969/1000] numerical=3.055862823 shared_exact=True fallback_exact=0
[970/1000] numerical=2.831921842 shared_exact=True fallback_exact=0
[971/1000] numerical=3.585503030 shared_exact=True fallback_exact=0
[972/1000] numerical=3.591517506 shared_exact=True fallback_exact=0
[973/1000] numerical=3.776613502 shared_exact=True fallback_exact=0
[974/1000] numerical=3.654891862 shared_exact=True fallback_exact=0
[975/1000] numerical=2.743103685 shared_exact=True fallback_exact=0
[976/1000] numerical=2.901397465 shared_exact=True fallback_exact=0
[977/1000] numerical=3.721807695 shared_exact=True fallback_exact=0
[978/1000] numerical=3.685211215 shared_exact=True fallback_exact=0
[979/1000] numerical=3.641563465 shared_exact=True fallback_exact=0
[980/1000] numerical=3.588252290 shared_exact=True fallback_exact=0
[981/1000] numerical=2.730440332 shared_exact=True fallback_exact=0
[982/1000] numerical=2.547412925 shared_exact=True fallback_exact=0
[983/1000] numerical=3.613716670 shared_exact=True fallback_exact=0
[984/1000] numerical=3.419864413 shared_exact=True fallback_exact=0
[985/1000] numerical=3.399608956 shared_exact=True fallback_exact=0
[986/1000] numerical=3.184722505 shared_exact=True fallback_exact=0
[987/1000] numerical=3.052479720 shared_exact=True fallback_exact=0
[988/1000] numerical=3.491493021 shared_exact=True fallback_exact=0
[989/1000] numerical=3.253802457 shared_exact=True fallback_exact=0
[990/1000] numerical=2.857672879 shared_exact=True fallback_exact=0
[991/1000] numerical=2.124574317 shared_exact=True fallback_exact=0
[992/1000] numerical=2.632615594 shared_exact=True fallback_exact=0
[993/1000] numerical=2.405374666 shared_exact=True fallback_exact=0
[994/1000] numerical=3.919404406 shared_exact=True fallback_exact=0
[995/1000] numerical=3.763173269 shared_exact=True fallback_exact=0
[996/1000] numerical=3.580387724 shared_exact=True fallback_exact=0
[997/1000] numerical=3.601949449 shared_exact=True fallback_exact=0
[998/1000] numerical=3.498462296 shared_exact=True fallback_exact=0
[999/1000] numerical=3.206069560 shared_exact=True fallback_exact=0
[1000/1000] numerical=3.963631833 shared_exact=True fallback_exact=0
checkpoint=/workspace/positive-square-energy/experiments/rank7_order8_chunk_023000_024000.r7o8g.xz.fragments/fragment-023500-024000.r7o8g.xz rows=500
attempts=1000 shared_exact=1000 templates=0 fallback_exact=0 structural=0 atoms=0 balanced=0 unresolved_targets=0
fragments=2 checkpoint_rows=500
raw_bytes=477605 xz_bytes=298348 elapsed_seconds=652.088755
sha256=8770ac2bcaf5525c27ded483173fc55aa3be10a9b850f5eebe525def5e8bc77c
full_theorem=false
[2026-08-17T06:31:28.530771+00:00] exit: 0
[2026-08-17T06:31:28.530941+00:00] exec: /opt/kortix/pyfloor/bin/python3 -u /workspace/positive-square-energy/experiments/rank7_order8_exact_rational.py --verify-pack /workspace/positive-square-energy/experiments/rank7_order8_chunk_023000_024000.r7o8g.xz --census-cache positive-square-energy/experiments/rank7_order8_rational_search_cache.r7o8c.xz
attempts=1000 shared_exact=1000 templates=0 fallback_exact=0 structural=0 atoms=0 balanced=0 exact_audit=true census_seconds=42.296677
full_theorem=false
[2026-08-17T06:33:32.237279+00:00] exit: 0
[2026-08-17T06:33:32.323326+00:00] shard=023000_024000 exact_audit=true sha256=8770ac2bcaf5525c27ded483173fc55aa3be10a9b850f5eebe525def5e8bc77c
