[2026-08-14T12:37:31.023005+00:00] shard=007000_008000 adopted_fragments=0
[2026-08-14T12:37:31.023068+00:00] exec: /opt/kortix/pyfloor/bin/python3 -u /workspace/positive-square-energy/experiments/rank7_order8_exact_rational.py --output /workspace/positive-square-energy/experiments/rank7_order8_chunk_007000_008000.r7o8g.xz --fragment-directory /workspace/positive-square-energy/experiments/rank7_order8_chunk_007000_008000.r7o8g.xz.fragments --census-cache /workspace/positive-square-energy/experiments/rank7_order8_rational_search_cache.r7o8c.xz --start 7000 --count 1000 --checkpoint-rows 500 --progress
[1/1000] numerical=4.000158959 shared_exact=True fallback_exact=0
[2/1000] numerical=3.285597297 shared_exact=True fallback_exact=0
[3/1000] numerical=3.104880406 shared_exact=True fallback_exact=0
[4/1000] numerical=3.286806724 shared_exact=True fallback_exact=0
[5/1000] numerical=3.105177902 shared_exact=True fallback_exact=0
[6/1000] numerical=2.067048878 shared_exact=True fallback_exact=0
[7/1000] numerical=3.000033026 shared_exact=True fallback_exact=0
[8/1000] numerical=3.104961179 shared_exact=True fallback_exact=0
[9/1000] numerical=3.104998666 shared_exact=True fallback_exact=0
[10/1000] numerical=3.063125879 shared_exact=True fallback_exact=0
[11/1000] numerical=2.218854583 shared_exact=True fallback_exact=0
[12/1000] numerical=4.000143917 shared_exact=True fallback_exact=0
[13/1000] numerical=4.079603750 shared_exact=True fallback_exact=0
[14/1000] numerical=4.079603748 shared_exact=True fallback_exact=0
[15/1000] numerical=4.000000038 shared_exact=True fallback_exact=0
[16/1000] numerical=3.092628852 shared_exact=True fallback_exact=0
[17/1000] numerical=3.092632047 shared_exact=True fallback_exact=0
[18/1000] numerical=3.000000000 shared_exact=True fallback_exact=0
[19/1000] numerical=3.000000821 shared_exact=True fallback_exact=0
[20/1000] numerical=4.079603747 shared_exact=True fallback_exact=0
[21/1000] numerical=4.079603747 shared_exact=True fallback_exact=0
[22/1000] numerical=4.000000000 shared_exact=True fallback_exact=0
[23/1000] numerical=3.092628852 shared_exact=True fallback_exact=0
[24/1000] numerical=3.092634368 shared_exact=True fallback_exact=0
[25/1000] numerical=4.000000180 shared_exact=True fallback_exact=0
[26/1000] numerical=4.079603747 shared_exact=True fallback_exact=0
[27/1000] numerical=3.286541826 shared_exact=True fallback_exact=0
[28/1000] numerical=3.285597297 shared_exact=True fallback_exact=0
[29/1000] numerical=4.079603785 shared_exact=True fallback_exact=0
[30/1000] numerical=4.000078726 shared_exact=True fallback_exact=0
[31/1000] numerical=3.285597297 shared_exact=True fallback_exact=0
[32/1000] numerical=3.104880405 shared_exact=True fallback_exact=0
[33/1000] numerical=3.286966705 shared_exact=True fallback_exact=0
[34/1000] numerical=3.104885563 shared_exact=True fallback_exact=0
[35/1000] numerical=2.067048878 shared_exact=True fallback_exact=0
[36/1000] numerical=3.000000000 shared_exact=True fallback_exact=0
[37/1000] numerical=3.104961179 shared_exact=True fallback_exact=0
[38/1000] numerical=3.104961180 shared_exact=True fallback_exact=0
[39/1000] numerical=3.063125871 shared_exact=True fallback_exact=0
[40/1000] numerical=2.218853700 shared_exact=True fallback_exact=0
[41/1000] numerical=2.218853700 shared_exact=True fallback_exact=0
[42/1000] numerical=3.000000019 shared_exact=True fallback_exact=0
[43/1000] numerical=3.104961179 shared_exact=True fallback_exact=0
[44/1000] numerical=3.104962713 shared_exact=True fallback_exact=0
[45/1000] numerical=3.063125872 shared_exact=True fallback_exact=0
[46/1000] numerical=2.218853700 shared_exact=True fallback_exact=0
[47/1000] numerical=2.218853767 shared_exact=True fallback_exact=0
[48/1000] numerical=2.229479379 shared_exact=True fallback_exact=0
[49/1000] numerical=4.000000003 shared_exact=True fallback_exact=0
[50/1000] numerical=4.105694136 shared_exact=True fallback_exact=0
[51/1000] numerical=4.105694134 shared_exact=True fallback_exact=0
[52/1000] numerical=4.065042510 shared_exact=True fallback_exact=0
[53/1000] numerical=3.222792651 shared_exact=True fallback_exact=0
[54/1000] numerical=3.222792653 shared_exact=True fallback_exact=0
[55/1000] numerical=2.250263623 shared_exact=True fallback_exact=0
[56/1000] numerical=2.402631075 shared_exact=True fallback_exact=0
[57/1000] numerical=2.402631075 shared_exact=True fallback_exact=0
[58/1000] numerical=2.402631075 shared_exact=True fallback_exact=0
[59/1000] numerical=4.073760285 shared_exact=True fallback_exact=0
[60/1000] numerical=4.159207493 shared_exact=True fallback_exact=0
[61/1000] numerical=4.159207513 shared_exact=True fallback_exact=0
[62/1000] numerical=4.090002170 shared_exact=True fallback_exact=0
[63/1000] numerical=3.220708433 shared_exact=True fallback_exact=0
[64/1000] numerical=3.220708438 shared_exact=True fallback_exact=0
[65/1000] numerical=2.221130035 shared_exact=True fallback_exact=0
[66/1000] numerical=3.286683680 shared_exact=True fallback_exact=0
[67/1000] numerical=2.385447335 shared_exact=True fallback_exact=0
[68/1000] numerical=2.385447496 shared_exact=True fallback_exact=0
[69/1000] numerical=3.317655660 shared_exact=True fallback_exact=0
[70/1000] numerical=2.466978190 shared_exact=True fallback_exact=0
[71/1000] numerical=2.466978190 shared_exact=True fallback_exact=0
[72/1000] numerical=2.588436790 shared_exact=True fallback_exact=0
[73/1000] numerical=3.403755347 shared_exact=True fallback_exact=0
[74/1000] numerical=4.000000000 shared_exact=True fallback_exact=0
[75/1000] numerical=3.107193108 shared_exact=True fallback_exact=0
[76/1000] numerical=2.079061168 shared_exact=True fallback_exact=0
[77/1000] numerical=2.185257705 shared_exact=True fallback_exact=0
[78/1000] numerical=2.185257705 shared_exact=True fallback_exact=0
[79/1000] numerical=1.118890877 shared_exact=True fallback_exact=0
[80/1000] numerical=3.143186559 shared_exact=True fallback_exact=0
[81/1000] numerical=3.183675923 shared_exact=True fallback_exact=0
[82/1000] numerical=2.583224826 shared_exact=True fallback_exact=0
[83/1000] numerical=3.734213289 shared_exact=True fallback_exact=0
[84/1000] numerical=3.082476778 shared_exact=True fallback_exact=0
[85/1000] numerical=3.700163620 shared_exact=True fallback_exact=0
[86/1000] numerical=3.700163621 shared_exact=True fallback_exact=0
[87/1000] numerical=3.587264122 shared_exact=True fallback_exact=0
[88/1000] numerical=2.651214527 shared_exact=True fallback_exact=0
[89/1000] numerical=2.651221242 shared_exact=True fallback_exact=0
[90/1000] numerical=3.076727479 shared_exact=True fallback_exact=0
[91/1000] numerical=2.846988403 shared_exact=True fallback_exact=0
[92/1000] numerical=3.579238847 shared_exact=True fallback_exact=0
[93/1000] numerical=3.344278527 shared_exact=True fallback_exact=0
[94/1000] numerical=3.191981496 shared_exact=True fallback_exact=0
[95/1000] numerical=3.749505359 shared_exact=True fallback_exact=0
[96/1000] numerical=2.731577563 shared_exact=True fallback_exact=0
[97/1000] numerical=3.689286120 shared_exact=True fallback_exact=0
[98/1000] numerical=3.689286153 shared_exact=True fallback_exact=0
[99/1000] numerical=3.675589008 shared_exact=True fallback_exact=0
[100/1000] numerical=2.888228548 shared_exact=True fallback_exact=0
[101/1000] numerical=2.888228708 shared_exact=True fallback_exact=0
[102/1000] numerical=2.110394388 shared_exact=True fallback_exact=0
[103/1000] numerical=3.368424947 shared_exact=True fallback_exact=0
[104/1000] numerical=2.457188771 shared_exact=True fallback_exact=0
[105/1000] numerical=3.640235958 shared_exact=True fallback_exact=0
[106/1000] numerical=2.763310210 shared_exact=True fallback_exact=0
[107/1000] numerical=3.176866563 shared_exact=True fallback_exact=0
[108/1000] numerical=3.176866964 shared_exact=True fallback_exact=0
[109/1000] numerical=3.134928828 shared_exact=True fallback_exact=0
[110/1000] numerical=2.315372638 shared_exact=True fallback_exact=0
[111/1000] numerical=2.315373059 shared_exact=True fallback_exact=0
[112/1000] numerical=3.297032097 shared_exact=True fallback_exact=0
[113/1000] numerical=2.602041447 shared_exact=True fallback_exact=0
[114/1000] numerical=3.119056461 shared_exact=True fallback_exact=0
[115/1000] numerical=2.537613785 shared_exact=True fallback_exact=0
[116/1000] numerical=3.730670818 shared_exact=True fallback_exact=0
[117/1000] numerical=3.730670843 shared_exact=True fallback_exact=0
[118/1000] numerical=3.812446235 shared_exact=True fallback_exact=0
[119/1000] numerical=3.100354736 shared_exact=True fallback_exact=0
[120/1000] numerical=3.100354736 shared_exact=True fallback_exact=0
[121/1000] numerical=4.046249612 shared_exact=True fallback_exact=0
[122/1000] numerical=4.159207493 shared_exact=True fallback_exact=0
[123/1000] numerical=4.100830741 shared_exact=True fallback_exact=0
[124/1000] numerical=3.269310008 shared_exact=True fallback_exact=0
[125/1000] numerical=4.063952446 shared_exact=True fallback_exact=0
[126/1000] numerical=4.264839634 shared_exact=True fallback_exact=0
[127/1000] numerical=3.578384862 shared_exact=True fallback_exact=0
[128/1000] numerical=3.419590893 shared_exact=True fallback_exact=0
[129/1000] numerical=3.468486267 shared_exact=True fallback_exact=0
[130/1000] numerical=4.273066532 shared_exact=True fallback_exact=0
[131/1000] numerical=3.466833618 shared_exact=True fallback_exact=0
[132/1000] numerical=2.472135955 shared_exact=True fallback_exact=0
[133/1000] numerical=3.400684295 shared_exact=True fallback_exact=0
[134/1000] numerical=3.485909491 shared_exact=True fallback_exact=0
[135/1000] numerical=3.383726037 shared_exact=True fallback_exact=0
[136/1000] numerical=3.383726011 shared_exact=True fallback_exact=0
[137/1000] numerical=3.205674191 shared_exact=True fallback_exact=0
[138/1000] numerical=3.764738189 shared_exact=True fallback_exact=0
[139/1000] numerical=3.764738191 shared_exact=True fallback_exact=0
[140/1000] numerical=3.675789837 shared_exact=True fallback_exact=0
[141/1000] numerical=3.538132261 shared_exact=True fallback_exact=0
[142/1000] numerical=3.378320105 shared_exact=True fallback_exact=0
[143/1000] numerical=3.645011724 shared_exact=True fallback_exact=0
[144/1000] numerical=3.630016131 shared_exact=True fallback_exact=0
[145/1000] numerical=2.842483477 shared_exact=True fallback_exact=0
[146/1000] numerical=2.868076598 shared_exact=True fallback_exact=0
[147/1000] numerical=2.129604541 shared_exact=True fallback_exact=0
[148/1000] numerical=2.968068172 shared_exact=True fallback_exact=0
[149/1000] numerical=3.548632020 shared_exact=True fallback_exact=0
[150/1000] numerical=2.698097075 shared_exact=True fallback_exact=0
[151/1000] numerical=2.639333082 shared_exact=True fallback_exact=0
[152/1000] numerical=1.866878983 shared_exact=True fallback_exact=0
[153/1000] numerical=1.868759899 shared_exact=True fallback_exact=0
[154/1000] numerical=2.570052033 shared_exact=True fallback_exact=0
[155/1000] numerical=3.494395835 shared_exact=True fallback_exact=0
[156/1000] numerical=4.234098605 shared_exact=True fallback_exact=0
[157/1000] numerical=4.130754419 shared_exact=True fallback_exact=0
[158/1000] numerical=3.931112578 shared_exact=True fallback_exact=0
[159/1000] numerical=4.234101153 shared_exact=True fallback_exact=0
[160/1000] numerical=4.080607271 shared_exact=True fallback_exact=0
[161/1000] numerical=3.889657894 shared_exact=True fallback_exact=0
[162/1000] numerical=3.889657886 shared_exact=True fallback_exact=0
[163/1000] numerical=4.087476779 shared_exact=True fallback_exact=0
[164/1000] numerical=3.520171089 shared_exact=True fallback_exact=0
[165/1000] numerical=3.520170975 shared_exact=True fallback_exact=0
[166/1000] numerical=4.123082246 shared_exact=True fallback_exact=0
[167/1000] numerical=3.939454016 shared_exact=True fallback_exact=0
[168/1000] numerical=4.059412239 shared_exact=True fallback_exact=0
[169/1000] numerical=3.848988972 shared_exact=True fallback_exact=0
[170/1000] numerical=3.848989837 shared_exact=True fallback_exact=0
[171/1000] numerical=4.117492668 shared_exact=True fallback_exact=0
[172/1000] numerical=3.590093019 shared_exact=True fallback_exact=0
[173/1000] numerical=3.590091553 shared_exact=True fallback_exact=0
[174/1000] numerical=3.957072980 shared_exact=True fallback_exact=0
[175/1000] numerical=4.165836903 shared_exact=True fallback_exact=0
[176/1000] numerical=3.605260650 shared_exact=True fallback_exact=0
[177/1000] numerical=3.102695484 shared_exact=True fallback_exact=0
[178/1000] numerical=3.219440524 shared_exact=True fallback_exact=0
[179/1000] numerical=3.681413322 shared_exact=True fallback_exact=0
[180/1000] numerical=3.223493506 shared_exact=True fallback_exact=0
[181/1000] numerical=2.739796713 shared_exact=True fallback_exact=0
[182/1000] numerical=2.760628050 shared_exact=True fallback_exact=0
[183/1000] numerical=3.956877202 shared_exact=True fallback_exact=0
[184/1000] numerical=3.433183842 shared_exact=True fallback_exact=0
[185/1000] numerical=2.873851713 shared_exact=True fallback_exact=0
[186/1000] numerical=3.075883611 shared_exact=True fallback_exact=0
[187/1000] numerical=3.388145349 shared_exact=True fallback_exact=0
[188/1000] numerical=3.406743035 shared_exact=True fallback_exact=0
[189/1000] numerical=2.636743589 shared_exact=True fallback_exact=0
[190/1000] numerical=2.924489572 shared_exact=True fallback_exact=0
[191/1000] numerical=2.407184891 shared_exact=True fallback_exact=0
[192/1000] numerical=3.791712850 shared_exact=True fallback_exact=0
[193/1000] numerical=3.839540547 shared_exact=True fallback_exact=0
[194/1000] numerical=3.791815890 shared_exact=True fallback_exact=0
[195/1000] numerical=3.852822095 shared_exact=True fallback_exact=0
[196/1000] numerical=3.840294332 shared_exact=True fallback_exact=0
[197/1000] numerical=3.840294185 shared_exact=True fallback_exact=0
[198/1000] numerical=3.725457454 shared_exact=True fallback_exact=0
[199/1000] numerical=2.796382583 shared_exact=True fallback_exact=0
[200/1000] numerical=2.796406186 shared_exact=True fallback_exact=0
[201/1000] numerical=1.711121655 shared_exact=True fallback_exact=0
[202/1000] numerical=3.713031859 shared_exact=True fallback_exact=0
[203/1000] numerical=2.792387642 shared_exact=True fallback_exact=0
[204/1000] numerical=3.908645173 shared_exact=True fallback_exact=0
[205/1000] numerical=3.665110074 shared_exact=True fallback_exact=0
[206/1000] numerical=3.974828893 shared_exact=True fallback_exact=0
[207/1000] numerical=3.974833341 shared_exact=True fallback_exact=0
[208/1000] numerical=3.989397650 shared_exact=True fallback_exact=0
[209/1000] numerical=3.213695519 shared_exact=True fallback_exact=0
[210/1000] numerical=3.213695629 shared_exact=True fallback_exact=0
[211/1000] numerical=2.335123413 shared_exact=True fallback_exact=0
[212/1000] numerical=3.869852610 shared_exact=True fallback_exact=0
[213/1000] numerical=3.771931110 shared_exact=True fallback_exact=0
[214/1000] numerical=2.867797823 shared_exact=True fallback_exact=0
[215/1000] numerical=1.822129514 shared_exact=True fallback_exact=0
[216/1000] numerical=3.728706389 shared_exact=True fallback_exact=0
[217/1000] numerical=3.913368733 shared_exact=True fallback_exact=0
[218/1000] numerical=3.238294000 shared_exact=True fallback_exact=0
[219/1000] numerical=3.070088282 shared_exact=True fallback_exact=0
[220/1000] numerical=2.461518050 shared_exact=True fallback_exact=0
[221/1000] numerical=3.121026729 shared_exact=True fallback_exact=0
[222/1000] numerical=3.931058259 shared_exact=True fallback_exact=0
[223/1000] numerical=3.158723935 shared_exact=True fallback_exact=0
[224/1000] numerical=2.284399417 shared_exact=True fallback_exact=0
[225/1000] numerical=3.191051268 shared_exact=True fallback_exact=0
[226/1000] numerical=2.256059415 shared_exact=True fallback_exact=0
[227/1000] numerical=2.256059423 shared_exact=True fallback_exact=0
[228/1000] numerical=3.287792650 shared_exact=True fallback_exact=0
[229/1000] numerical=3.580607313 shared_exact=True fallback_exact=0
[230/1000] numerical=2.800895393 shared_exact=True fallback_exact=0
[231/1000] numerical=2.800895394 shared_exact=True fallback_exact=0
[232/1000] numerical=3.378160382 shared_exact=True fallback_exact=0
[233/1000] numerical=2.483120375 shared_exact=True fallback_exact=0
[234/1000] numerical=3.392465691 shared_exact=True fallback_exact=0
[235/1000] numerical=2.724734931 shared_exact=True fallback_exact=0
[236/1000] numerical=2.545027889 shared_exact=True fallback_exact=0
[237/1000] numerical=3.417051457 shared_exact=True fallback_exact=0
[238/1000] numerical=2.651171428 shared_exact=True fallback_exact=0
[239/1000] numerical=1.784021691 shared_exact=True fallback_exact=0
[240/1000] numerical=2.063527764 shared_exact=True fallback_exact=0
[241/1000] numerical=2.742343042 shared_exact=True fallback_exact=0
[242/1000] numerical=2.582123162 shared_exact=True fallback_exact=0
[243/1000] numerical=2.300870417 shared_exact=True fallback_exact=0
[244/1000] numerical=2.343509284 shared_exact=True fallback_exact=0
[245/1000] numerical=1.594306830 shared_exact=True fallback_exact=0
[246/1000] numerical=3.372136546 shared_exact=True fallback_exact=0
[247/1000] numerical=3.636590076 shared_exact=True fallback_exact=0
[248/1000] numerical=3.541001056 shared_exact=True fallback_exact=0
[249/1000] numerical=3.239843161 shared_exact=True fallback_exact=0
[250/1000] numerical=4.000010813 shared_exact=True fallback_exact=0
[251/1000] numerical=4.228862085 shared_exact=True fallback_exact=0
[252/1000] numerical=3.901835084 shared_exact=True fallback_exact=0
[253/1000] numerical=3.666981315 shared_exact=True fallback_exact=0
[254/1000] numerical=3.639601082 shared_exact=True fallback_exact=0
[255/1000] numerical=4.405186529 shared_exact=True fallback_exact=0
[256/1000] numerical=4.405238364 shared_exact=True fallback_exact=0
[257/1000] numerical=4.403854623 shared_exact=True fallback_exact=0
[258/1000] numerical=3.600802687 shared_exact=True fallback_exact=0
[259/1000] numerical=3.600802692 shared_exact=True fallback_exact=0
[260/1000] numerical=3.867333781 shared_exact=True fallback_exact=0
[261/1000] numerical=2.909500111 shared_exact=True fallback_exact=0
[262/1000] numerical=3.601700437 shared_exact=True fallback_exact=0
[263/1000] numerical=3.144102372 shared_exact=True fallback_exact=0
[264/1000] numerical=3.372136546 shared_exact=True fallback_exact=0
[265/1000] numerical=3.807361793 shared_exact=True fallback_exact=0
[266/1000] numerical=3.603317718 shared_exact=True fallback_exact=0
[267/1000] numerical=3.436013066 shared_exact=True fallback_exact=0
[268/1000] numerical=3.436013066 shared_exact=True fallback_exact=0
[269/1000] numerical=3.374364047 shared_exact=True fallback_exact=0
[270/1000] numerical=2.513991945 shared_exact=True fallback_exact=0
[271/1000] numerical=2.513991945 shared_exact=True fallback_exact=0
[272/1000] numerical=1.526129571 shared_exact=True fallback_exact=0
[273/1000] numerical=3.636589969 shared_exact=True fallback_exact=0
[274/1000] numerical=3.541001023 shared_exact=True fallback_exact=0
[275/1000] numerical=3.239843161 shared_exact=True fallback_exact=0
[276/1000] numerical=3.644449296 shared_exact=True fallback_exact=0
[277/1000] numerical=3.644449432 shared_exact=True fallback_exact=0
[278/1000] numerical=3.539398035 shared_exact=True fallback_exact=0
[279/1000] numerical=2.627371696 shared_exact=True fallback_exact=0
[280/1000] numerical=2.627372967 shared_exact=True fallback_exact=0
[281/1000] numerical=1.572853965 shared_exact=True fallback_exact=0
[282/1000] numerical=3.619728098 shared_exact=True fallback_exact=0
[283/1000] numerical=3.619728104 shared_exact=True fallback_exact=0
[284/1000] numerical=3.568639107 shared_exact=True fallback_exact=0
[285/1000] numerical=2.720533636 shared_exact=True fallback_exact=0
[286/1000] numerical=2.720533638 shared_exact=True fallback_exact=0
[287/1000] numerical=1.748483665 shared_exact=True fallback_exact=0
[288/1000] numerical=3.242758976 shared_exact=True fallback_exact=0
[289/1000] numerical=3.242758976 shared_exact=True fallback_exact=0
[290/1000] numerical=3.133606515 shared_exact=True fallback_exact=0
[291/1000] numerical=2.216826245 shared_exact=True fallback_exact=0
[292/1000] numerical=2.216826245 shared_exact=True fallback_exact=0
[293/1000] numerical=4.000001595 shared_exact=True fallback_exact=0
[294/1000] numerical=3.544822721 shared_exact=True fallback_exact=0
[295/1000] numerical=3.212429939 shared_exact=True fallback_exact=0
[296/1000] numerical=3.094946657 shared_exact=True fallback_exact=0
[297/1000] numerical=4.115433633 shared_exact=True fallback_exact=0
[298/1000] numerical=4.115435641 shared_exact=True fallback_exact=0
[299/1000] numerical=4.090441866 shared_exact=True fallback_exact=0
[300/1000] numerical=3.270364311 shared_exact=True fallback_exact=0
[301/1000] numerical=3.270365029 shared_exact=True fallback_exact=0
[302/1000] numerical=3.902231186 shared_exact=True fallback_exact=0
[303/1000] numerical=3.666981315 shared_exact=True fallback_exact=0
[304/1000] numerical=3.639601081 shared_exact=True fallback_exact=0
[305/1000] numerical=4.405296318 shared_exact=True fallback_exact=0
[306/1000] numerical=4.405125688 shared_exact=True fallback_exact=0
[307/1000] numerical=4.403840570 shared_exact=True fallback_exact=0
[308/1000] numerical=3.600802744 shared_exact=True fallback_exact=0
[309/1000] numerical=3.600804063 shared_exact=True fallback_exact=0
[310/1000] numerical=4.084486247 shared_exact=True fallback_exact=0
[311/1000] numerical=4.084486911 shared_exact=True fallback_exact=0
[312/1000] numerical=4.082918158 shared_exact=True fallback_exact=0
[313/1000] numerical=3.278635103 shared_exact=True fallback_exact=0
[314/1000] numerical=3.278635104 shared_exact=True fallback_exact=0
[315/1000] numerical=2.347731183 shared_exact=True fallback_exact=0
[316/1000] numerical=3.707953695 shared_exact=True fallback_exact=0
[317/1000] numerical=3.707953702 shared_exact=True fallback_exact=0
[318/1000] numerical=3.629305405 shared_exact=True fallback_exact=0
[319/1000] numerical=2.748733323 shared_exact=True fallback_exact=0
[320/1000] numerical=2.748733327 shared_exact=True fallback_exact=0
[321/1000] numerical=3.708512093 shared_exact=True fallback_exact=0
[322/1000] numerical=3.708512233 shared_exact=True fallback_exact=0
[323/1000] numerical=3.650039406 shared_exact=True fallback_exact=0
[324/1000] numerical=2.792984355 shared_exact=True fallback_exact=0
[325/1000] numerical=2.792984359 shared_exact=True fallback_exact=0
[326/1000] numerical=4.429781574 shared_exact=True fallback_exact=0
[327/1000] numerical=4.382137775 shared_exact=True fallback_exact=0
[328/1000] numerical=3.516318433 shared_exact=True fallback_exact=0
[329/1000] numerical=3.645095448 shared_exact=True fallback_exact=0
[330/1000] numerical=3.752507418 shared_exact=True fallback_exact=0
[331/1000] numerical=3.752508209 shared_exact=True fallback_exact=0
[332/1000] numerical=4.382365985 shared_exact=True fallback_exact=0
[333/1000] numerical=4.247785326 shared_exact=True fallback_exact=0
[334/1000] numerical=3.645093655 shared_exact=True fallback_exact=0
[335/1000] numerical=3.298703956 shared_exact=True fallback_exact=0
[336/1000] numerical=3.516809004 shared_exact=True fallback_exact=0
[337/1000] numerical=3.300466018 shared_exact=True fallback_exact=0
[338/1000] numerical=2.202514321 shared_exact=True fallback_exact=0
[339/1000] numerical=2.712081623 shared_exact=True fallback_exact=0
[340/1000] numerical=1.822457835 shared_exact=True fallback_exact=0
[341/1000] numerical=1.822457835 shared_exact=True fallback_exact=0
[342/1000] numerical=2.685920213 shared_exact=True fallback_exact=0
[343/1000] numerical=1.804521470 shared_exact=True fallback_exact=0
[344/1000] numerical=1.804521470 shared_exact=True fallback_exact=0
[345/1000] numerical=2.683825450 shared_exact=True fallback_exact=0
[346/1000] numerical=1.795992134 shared_exact=True fallback_exact=0
[347/1000] numerical=1.795992134 shared_exact=True fallback_exact=0
[348/1000] numerical=2.077774240 shared_exact=True fallback_exact=0
[349/1000] numerical=3.099917190 shared_exact=True fallback_exact=0
[350/1000] numerical=3.867332824 shared_exact=True fallback_exact=0
[351/1000] numerical=3.591025620 shared_exact=True fallback_exact=0
[352/1000] numerical=2.795783877 shared_exact=True fallback_exact=0
[353/1000] numerical=2.795783877 shared_exact=True fallback_exact=0
[354/1000] numerical=3.191764995 shared_exact=True fallback_exact=0
[355/1000] numerical=3.185176382 shared_exact=True fallback_exact=0
[356/1000] numerical=3.840525318 shared_exact=True fallback_exact=0
[357/1000] numerical=3.840518315 shared_exact=True fallback_exact=0
[358/1000] numerical=3.700511113 shared_exact=True fallback_exact=0
[359/1000] numerical=2.742277587 shared_exact=True fallback_exact=0
[360/1000] numerical=2.742732471 shared_exact=True fallback_exact=0
[361/1000] numerical=4.199179704 shared_exact=True fallback_exact=0
[362/1000] numerical=4.208090415 shared_exact=True fallback_exact=0
[363/1000] numerical=4.112633545 shared_exact=True fallback_exact=0
[364/1000] numerical=4.187351457 shared_exact=True fallback_exact=0
[365/1000] numerical=4.187349168 shared_exact=True fallback_exact=0
[366/1000] numerical=4.059741140 shared_exact=True fallback_exact=0
[367/1000] numerical=3.112555556 shared_exact=True fallback_exact=0
[368/1000] numerical=3.112657745 shared_exact=True fallback_exact=0
[369/1000] numerical=2.000000000 shared_exact=True fallback_exact=0
[370/1000] numerical=3.121948773 shared_exact=True fallback_exact=0
[371/1000] numerical=2.189350085 shared_exact=True fallback_exact=0
[372/1000] numerical=2.189350106 shared_exact=True fallback_exact=0
[373/1000] numerical=3.121948773 shared_exact=True fallback_exact=0
[374/1000] numerical=2.189350085 shared_exact=True fallback_exact=0
[375/1000] numerical=2.189350205 shared_exact=True fallback_exact=0
[376/1000] numerical=2.063644588 shared_exact=True fallback_exact=0
[377/1000] numerical=3.534732960 shared_exact=True fallback_exact=0
[378/1000] numerical=4.208079565 shared_exact=True fallback_exact=0
[379/1000] numerical=4.112517510 shared_exact=True fallback_exact=0
[380/1000] numerical=4.187348692 shared_exact=True fallback_exact=0
[381/1000] numerical=4.187348693 shared_exact=True fallback_exact=0
[382/1000] numerical=4.059724547 shared_exact=True fallback_exact=0
[383/1000] numerical=3.112813996 shared_exact=True fallback_exact=0
[384/1000] numerical=3.112566429 shared_exact=True fallback_exact=0
[385/1000] numerical=2.000000001 shared_exact=True fallback_exact=0
[386/1000] numerical=3.121948773 shared_exact=True fallback_exact=0
[387/1000] numerical=2.189350218 shared_exact=True fallback_exact=0
[388/1000] numerical=2.189350088 shared_exact=True fallback_exact=0
[389/1000] numerical=4.059717004 shared_exact=True fallback_exact=0
[390/1000] numerical=4.207306928 shared_exact=True fallback_exact=0
[391/1000] numerical=4.207322049 shared_exact=True fallback_exact=0
[392/1000] numerical=4.094354244 shared_exact=True fallback_exact=0
[393/1000] numerical=3.172240456 shared_exact=True fallback_exact=0
[394/1000] numerical=3.172255341 shared_exact=True fallback_exact=0
[395/1000] numerical=2.104163481 shared_exact=True fallback_exact=0
[396/1000] numerical=3.285606124 shared_exact=True fallback_exact=0
[397/1000] numerical=2.391370124 shared_exact=True fallback_exact=0
[398/1000] numerical=2.391370132 shared_exact=True fallback_exact=0
[399/1000] numerical=3.534732961 shared_exact=True fallback_exact=0
[400/1000] numerical=4.312786842 shared_exact=True fallback_exact=0
[401/1000] numerical=4.312757618 shared_exact=True fallback_exact=0
[402/1000] numerical=4.336566089 shared_exact=True fallback_exact=0
[403/1000] numerical=3.569801680 shared_exact=True fallback_exact=0
[404/1000] numerical=3.569796025 shared_exact=True fallback_exact=0
[405/1000] numerical=2.701514855 shared_exact=True fallback_exact=0
[406/1000] numerical=4.067011752 shared_exact=True fallback_exact=0
[407/1000] numerical=4.284487099 shared_exact=True fallback_exact=0
[408/1000] numerical=3.625721546 shared_exact=True fallback_exact=0
[409/1000] numerical=3.431025436 shared_exact=True fallback_exact=0
[410/1000] numerical=2.839495416 shared_exact=True fallback_exact=0
[411/1000] numerical=3.477530932 shared_exact=True fallback_exact=0
[412/1000] numerical=3.477530700 shared_exact=True fallback_exact=0
[413/1000] numerical=4.284487161 shared_exact=True fallback_exact=0
[414/1000] numerical=4.317644999 shared_exact=True fallback_exact=0
[415/1000] numerical=3.431025777 shared_exact=True fallback_exact=0
[416/1000] numerical=3.557861259 shared_exact=True fallback_exact=0
[417/1000] numerical=3.625722249 shared_exact=True fallback_exact=0
[418/1000] numerical=3.557861259 shared_exact=True fallback_exact=0
[419/1000] numerical=2.839495595 shared_exact=True fallback_exact=0
[420/1000] numerical=2.695417252 shared_exact=True fallback_exact=0
[421/1000] numerical=3.487189518 shared_exact=True fallback_exact=0
[422/1000] numerical=2.707385730 shared_exact=True fallback_exact=0
[423/1000] numerical=2.707385682 shared_exact=True fallback_exact=0
[424/1000] numerical=3.318134636 shared_exact=True fallback_exact=0
[425/1000] numerical=2.647773290 shared_exact=True fallback_exact=0
[426/1000] numerical=2.472244874 shared_exact=True fallback_exact=0
[427/1000] numerical=3.318134636 shared_exact=True fallback_exact=0
[428/1000] numerical=3.340237127 shared_exact=True fallback_exact=0
[429/1000] numerical=2.472245021 shared_exact=True fallback_exact=0
[430/1000] numerical=2.572161656 shared_exact=True fallback_exact=0
[431/1000] numerical=2.647773314 shared_exact=True fallback_exact=0
[432/1000] numerical=2.572161656 shared_exact=True fallback_exact=0
[433/1000] numerical=1.702722201 shared_exact=True fallback_exact=0
[434/1000] numerical=3.121948773 shared_exact=True fallback_exact=0
[435/1000] numerical=2.189350085 shared_exact=True fallback_exact=0
[436/1000] numerical=2.189350086 shared_exact=True fallback_exact=0
[437/1000] numerical=2.063644588 shared_exact=True fallback_exact=0
[438/1000] numerical=3.285606125 shared_exact=True fallback_exact=0
[439/1000] numerical=2.391370124 shared_exact=True fallback_exact=0
[440/1000] numerical=2.391370350 shared_exact=True fallback_exact=0
[441/1000] numerical=2.593167263 shared_exact=True fallback_exact=0
[442/1000] numerical=3.487189422 shared_exact=True fallback_exact=0
[443/1000] numerical=2.707385677 shared_exact=True fallback_exact=0
[444/1000] numerical=2.707385677 shared_exact=True fallback_exact=0
[445/1000] numerical=3.318134636 shared_exact=True fallback_exact=0
[446/1000] numerical=2.647773290 shared_exact=True fallback_exact=0
[447/1000] numerical=2.472244874 shared_exact=True fallback_exact=0
[448/1000] numerical=3.318134948 shared_exact=True fallback_exact=0
[449/1000] numerical=3.340237127 shared_exact=True fallback_exact=0
[450/1000] numerical=2.472244874 shared_exact=True fallback_exact=0
[451/1000] numerical=2.572161656 shared_exact=True fallback_exact=0
[452/1000] numerical=2.647773355 shared_exact=True fallback_exact=0
[453/1000] numerical=2.572161656 shared_exact=True fallback_exact=0
[454/1000] numerical=1.702722201 shared_exact=True fallback_exact=0
[455/1000] numerical=2.751198067 shared_exact=True fallback_exact=0
[456/1000] numerical=2.301389829 shared_exact=True fallback_exact=0
[457/1000] numerical=2.301390035 shared_exact=True fallback_exact=0
[458/1000] numerical=2.344339464 shared_exact=True fallback_exact=0
[459/1000] numerical=1.595485511 shared_exact=True fallback_exact=0
[460/1000] numerical=1.595485511 shared_exact=True fallback_exact=0
[461/1000] numerical=4.199184733 shared_exact=True fallback_exact=0
[462/1000] numerical=4.208200692 shared_exact=True fallback_exact=0
[463/1000] numerical=4.112808355 shared_exact=True fallback_exact=0
[464/1000] numerical=4.187351256 shared_exact=True fallback_exact=0
[465/1000] numerical=4.187412295 shared_exact=True fallback_exact=0
[466/1000] numerical=4.059718363 shared_exact=True fallback_exact=0
[467/1000] numerical=3.112566302 shared_exact=True fallback_exact=0
[468/1000] numerical=3.112897825 shared_exact=True fallback_exact=0
[469/1000] numerical=2.000000000 shared_exact=True fallback_exact=0
[470/1000] numerical=3.121963377 shared_exact=True fallback_exact=0
[471/1000] numerical=2.189350124 shared_exact=True fallback_exact=0
[472/1000] numerical=2.189411487 shared_exact=True fallback_exact=0
[473/1000] numerical=3.121948773 shared_exact=True fallback_exact=0
[474/1000] numerical=2.189350085 shared_exact=True fallback_exact=0
[475/1000] numerical=2.189350086 shared_exact=True fallback_exact=0
[476/1000] numerical=2.063644588 shared_exact=True fallback_exact=0
[477/1000] numerical=4.059717148 shared_exact=True fallback_exact=0
[478/1000] numerical=4.207307257 shared_exact=True fallback_exact=0
[479/1000] numerical=4.094356888 shared_exact=True fallback_exact=0
[480/1000] numerical=3.172240456 shared_exact=True fallback_exact=0
[481/1000] numerical=2.104163481 shared_exact=True fallback_exact=0
[482/1000] numerical=3.285606167 shared_exact=True fallback_exact=0
[483/1000] numerical=2.391370124 shared_exact=True fallback_exact=0
[484/1000] numerical=2.391372786 shared_exact=True fallback_exact=0
[485/1000] numerical=2.593167263 shared_exact=True fallback_exact=0
[486/1000] numerical=3.534732961 shared_exact=True fallback_exact=0
[487/1000] numerical=4.312967831 shared_exact=True fallback_exact=0
[488/1000] numerical=4.336664514 shared_exact=True fallback_exact=0
[489/1000] numerical=3.569905004 shared_exact=True fallback_exact=0
[490/1000] numerical=2.701725417 shared_exact=True fallback_exact=0
[491/1000] numerical=4.067036340 shared_exact=True fallback_exact=0
[492/1000] numerical=4.284488162 shared_exact=True fallback_exact=0
[493/1000] numerical=3.625721619 shared_exact=True fallback_exact=0
[494/1000] numerical=3.431029067 shared_exact=True fallback_exact=0
[495/1000] numerical=2.839495601 shared_exact=True fallback_exact=0
[496/1000] numerical=3.477536117 shared_exact=True fallback_exact=0
[497/1000] numerical=4.317645004 shared_exact=True fallback_exact=0
[498/1000] numerical=3.557861288 shared_exact=True fallback_exact=0
[499/1000] numerical=2.695417252 shared_exact=True fallback_exact=0
[500/1000] numerical=3.487189485 shared_exact=True fallback_exact=0
checkpoint=/workspace/positive-square-energy/experiments/rank7_order8_chunk_007000_008000.r7o8g.xz.fragments/fragment-007000-007500.r7o8g.xz rows=500
[501/1000] numerical=2.707385677 shared_exact=True fallback_exact=0
[502/1000] numerical=2.707385821 shared_exact=True fallback_exact=0
[503/1000] numerical=3.318134636 shared_exact=True fallback_exact=0
[504/1000] numerical=2.647773290 shared_exact=True fallback_exact=0
[505/1000] numerical=2.472244874 shared_exact=True fallback_exact=0
[506/1000] numerical=3.318147180 shared_exact=True fallback_exact=0
[507/1000] numerical=3.340237127 shared_exact=True fallback_exact=0
[508/1000] numerical=2.472244874 shared_exact=True fallback_exact=0
[509/1000] numerical=2.572161656 shared_exact=True fallback_exact=0
[510/1000] numerical=2.647774804 shared_exact=True fallback_exact=0
[511/1000] numerical=2.572161657 shared_exact=True fallback_exact=0
[512/1000] numerical=1.702722201 shared_exact=True fallback_exact=0
[513/1000] numerical=2.751198061 shared_exact=True fallback_exact=0
[514/1000] numerical=2.301389829 shared_exact=True fallback_exact=0
[515/1000] numerical=2.344339464 shared_exact=True fallback_exact=0
[516/1000] numerical=1.595485511 shared_exact=True fallback_exact=0
[517/1000] numerical=4.296954491 shared_exact=True fallback_exact=0
[518/1000] numerical=4.296955832 shared_exact=True fallback_exact=0
[519/1000] numerical=4.231611404 shared_exact=True fallback_exact=0
[520/1000] numerical=3.805016523 shared_exact=True fallback_exact=0
[521/1000] numerical=3.675921955 shared_exact=True fallback_exact=0
[522/1000] numerical=3.413511483 shared_exact=True fallback_exact=0
[523/1000] numerical=3.053926332 shared_exact=True fallback_exact=0
[524/1000] numerical=3.408479174 shared_exact=True fallback_exact=0
[525/1000] numerical=2.661549792 shared_exact=True fallback_exact=0
[526/1000] numerical=3.438867665 shared_exact=True fallback_exact=0
[527/1000] numerical=3.053926333 shared_exact=True fallback_exact=0
[528/1000] numerical=2.707249729 shared_exact=True fallback_exact=0
[529/1000] numerical=3.805016536 shared_exact=True fallback_exact=0
[530/1000] numerical=3.408479175 shared_exact=True fallback_exact=0
[531/1000] numerical=3.966522662 shared_exact=True fallback_exact=0
[532/1000] numerical=3.675921135 shared_exact=True fallback_exact=0
[533/1000] numerical=3.438867665 shared_exact=True fallback_exact=0
[534/1000] numerical=4.302412102 shared_exact=True fallback_exact=0
[535/1000] numerical=4.302412176 shared_exact=True fallback_exact=0
[536/1000] numerical=4.257866206 shared_exact=True fallback_exact=0
[537/1000] numerical=3.429066025 shared_exact=True fallback_exact=0
[538/1000] numerical=3.429066045 shared_exact=True fallback_exact=0
[539/1000] numerical=4.075185354 shared_exact=True fallback_exact=0
[540/1000] numerical=3.029045105 shared_exact=True fallback_exact=0
[541/1000] numerical=3.480511507 shared_exact=True fallback_exact=0
[542/1000] numerical=3.029045104 shared_exact=True fallback_exact=0
[543/1000] numerical=2.349571043 shared_exact=True fallback_exact=0
[544/1000] numerical=4.369806296 shared_exact=True fallback_exact=0
[545/1000] numerical=4.075185006 shared_exact=True fallback_exact=0
[546/1000] numerical=3.480511669 shared_exact=True fallback_exact=0
[547/1000] numerical=3.865770970 shared_exact=True fallback_exact=0
[548/1000] numerical=3.865720469 shared_exact=True fallback_exact=0
[549/1000] numerical=3.910354997 shared_exact=True fallback_exact=0
[550/1000] numerical=3.163447596 shared_exact=True fallback_exact=0
[551/1000] numerical=3.163500713 shared_exact=True fallback_exact=0
[552/1000] numerical=3.384213647 shared_exact=True fallback_exact=0
[553/1000] numerical=3.010266695 shared_exact=True fallback_exact=0
[554/1000] numerical=2.805284684 shared_exact=True fallback_exact=0
[555/1000] numerical=4.053616910 shared_exact=True fallback_exact=0
[556/1000] numerical=4.053616915 shared_exact=True fallback_exact=0
[557/1000] numerical=3.930318899 shared_exact=True fallback_exact=0
[558/1000] numerical=3.010625469 shared_exact=True fallback_exact=0
[559/1000] numerical=3.010625478 shared_exact=True fallback_exact=0
[560/1000] numerical=3.371727540 shared_exact=True fallback_exact=0
[561/1000] numerical=2.962675405 shared_exact=True fallback_exact=0
[562/1000] numerical=2.888937688 shared_exact=True fallback_exact=0
[563/1000] numerical=3.381013004 shared_exact=True fallback_exact=0
[564/1000] numerical=2.990228053 shared_exact=True fallback_exact=0
[565/1000] numerical=2.990228062 shared_exact=True fallback_exact=0
[566/1000] numerical=2.844557720 shared_exact=True fallback_exact=0
[567/1000] numerical=1.894941076 shared_exact=True fallback_exact=0
[568/1000] numerical=1.894941076 shared_exact=True fallback_exact=0
[569/1000] numerical=2.624429776 shared_exact=True fallback_exact=0
[570/1000] numerical=3.330268805 shared_exact=True fallback_exact=0
[571/1000] numerical=2.805284691 shared_exact=True fallback_exact=0
[572/1000] numerical=2.120152419 shared_exact=True fallback_exact=0
[573/1000] numerical=2.802384073 shared_exact=True fallback_exact=0
[574/1000] numerical=3.445362639 shared_exact=True fallback_exact=0
[575/1000] numerical=3.445362647 shared_exact=True fallback_exact=0
[576/1000] numerical=3.304993690 shared_exact=True fallback_exact=0
[577/1000] numerical=2.362994947 shared_exact=True fallback_exact=0
[578/1000] numerical=2.362996593 shared_exact=True fallback_exact=0
[579/1000] numerical=2.962675468 shared_exact=True fallback_exact=0
[580/1000] numerical=2.680168000 shared_exact=True fallback_exact=0
[581/1000] numerical=2.990228054 shared_exact=True fallback_exact=0
[582/1000] numerical=2.990228053 shared_exact=True fallback_exact=0
[583/1000] numerical=2.844557721 shared_exact=True fallback_exact=0
[584/1000] numerical=1.894941076 shared_exact=True fallback_exact=0
[585/1000] numerical=1.894941085 shared_exact=True fallback_exact=0
[586/1000] numerical=2.294589664 shared_exact=True fallback_exact=0
[587/1000] numerical=2.294589664 shared_exact=True fallback_exact=0
[588/1000] numerical=2.121926828 shared_exact=True fallback_exact=0
[589/1000] numerical=1.132622971 shared_exact=True fallback_exact=0
[590/1000] numerical=1.132622971 shared_exact=True fallback_exact=0
[591/1000] numerical=3.384105109 shared_exact=True fallback_exact=0
[592/1000] numerical=3.330268949 shared_exact=True fallback_exact=0
[593/1000] numerical=4.349575822 shared_exact=True fallback_exact=0
[594/1000] numerical=4.349576872 shared_exact=True fallback_exact=0
[595/1000] numerical=4.228211902 shared_exact=True fallback_exact=0
[596/1000] numerical=3.311754234 shared_exact=True fallback_exact=0
[597/1000] numerical=3.311768224 shared_exact=True fallback_exact=0
[598/1000] numerical=4.053616913 shared_exact=True fallback_exact=0
[599/1000] numerical=4.053616986 shared_exact=True fallback_exact=0
[600/1000] numerical=3.930318918 shared_exact=True fallback_exact=0
[601/1000] numerical=3.010625469 shared_exact=True fallback_exact=0
[602/1000] numerical=3.010626859 shared_exact=True fallback_exact=0
[603/1000] numerical=3.445362624 shared_exact=True fallback_exact=0
[604/1000] numerical=3.445366566 shared_exact=True fallback_exact=0
[605/1000] numerical=3.304993531 shared_exact=True fallback_exact=0
[606/1000] numerical=2.362994947 shared_exact=True fallback_exact=0
[607/1000] numerical=2.362995190 shared_exact=True fallback_exact=0
[608/1000] numerical=3.972929103 shared_exact=True fallback_exact=0
[609/1000] numerical=3.855553422 shared_exact=True fallback_exact=0
[610/1000] numerical=2.935047685 shared_exact=True fallback_exact=0
[611/1000] numerical=3.161342571 shared_exact=True fallback_exact=0
[612/1000] numerical=3.306887264 shared_exact=True fallback_exact=0
[613/1000] numerical=3.306888377 shared_exact=True fallback_exact=0
[614/1000] numerical=3.855786933 shared_exact=True fallback_exact=0
[615/1000] numerical=3.683141020 shared_exact=True fallback_exact=0
[616/1000] numerical=3.161458167 shared_exact=True fallback_exact=0
[617/1000] numerical=2.694059128 shared_exact=True fallback_exact=0
[618/1000] numerical=2.935047973 shared_exact=True fallback_exact=0
[619/1000] numerical=2.694243707 shared_exact=True fallback_exact=0
[620/1000] numerical=1.561552813 shared_exact=True fallback_exact=0
[621/1000] numerical=3.865763660 shared_exact=True fallback_exact=0
[622/1000] numerical=4.268807573 shared_exact=True fallback_exact=0
[623/1000] numerical=3.895564898 shared_exact=True fallback_exact=0
[624/1000] numerical=2.997513610 shared_exact=True fallback_exact=0
[625/1000] numerical=2.997654918 shared_exact=True fallback_exact=0
[626/1000] numerical=3.555671251 shared_exact=True fallback_exact=0
[627/1000] numerical=4.377273035 shared_exact=True fallback_exact=0
[628/1000] numerical=4.377263903 shared_exact=True fallback_exact=0
[629/1000] numerical=4.340759754 shared_exact=True fallback_exact=0
[630/1000] numerical=3.504648633 shared_exact=True fallback_exact=0
[631/1000] numerical=3.504648602 shared_exact=True fallback_exact=0
[632/1000] numerical=2.541089787 shared_exact=True fallback_exact=0
[633/1000] numerical=3.670084975 shared_exact=True fallback_exact=0
[634/1000] numerical=3.769435976 shared_exact=True fallback_exact=0
[635/1000] numerical=3.795409438 shared_exact=True fallback_exact=0
[636/1000] numerical=3.749663825 shared_exact=True fallback_exact=0
[637/1000] numerical=3.749663828 shared_exact=True fallback_exact=0
[638/1000] numerical=3.670060118 shared_exact=True fallback_exact=0
[639/1000] numerical=2.762688927 shared_exact=True fallback_exact=0
[640/1000] numerical=2.762689328 shared_exact=True fallback_exact=0
[641/1000] numerical=1.671830508 shared_exact=True fallback_exact=0
[642/1000] numerical=4.085555055 shared_exact=True fallback_exact=0
[643/1000] numerical=3.555671260 shared_exact=True fallback_exact=0
[644/1000] numerical=3.000004691 shared_exact=True fallback_exact=0
[645/1000] numerical=3.084551111 shared_exact=True fallback_exact=0
[646/1000] numerical=4.165158756 shared_exact=True fallback_exact=0
[647/1000] numerical=4.165158792 shared_exact=True fallback_exact=0
[648/1000] numerical=4.085555046 shared_exact=True fallback_exact=0
[649/1000] numerical=3.178183857 shared_exact=True fallback_exact=0
[650/1000] numerical=3.178210551 shared_exact=True fallback_exact=0
[651/1000] numerical=3.670105307 shared_exact=True fallback_exact=0
[652/1000] numerical=3.071394198 shared_exact=True fallback_exact=0
[653/1000] numerical=3.749663842 shared_exact=True fallback_exact=0
[654/1000] numerical=3.749663838 shared_exact=True fallback_exact=0
[655/1000] numerical=3.670060079 shared_exact=True fallback_exact=0
[656/1000] numerical=2.762688927 shared_exact=True fallback_exact=0
[657/1000] numerical=2.762689179 shared_exact=True fallback_exact=0
[658/1000] numerical=1.671830507 shared_exact=True fallback_exact=0
[659/1000] numerical=3.091309668 shared_exact=True fallback_exact=0
[660/1000] numerical=3.091309194 shared_exact=True fallback_exact=0
[661/1000] numerical=3.000001324 shared_exact=True fallback_exact=0
[662/1000] numerical=2.109043730 shared_exact=True fallback_exact=0
[663/1000] numerical=2.109051352 shared_exact=True fallback_exact=0
[664/1000] numerical=4.268809504 shared_exact=True fallback_exact=0
[665/1000] numerical=4.085564340 shared_exact=True fallback_exact=0
[666/1000] numerical=4.669273099 shared_exact=True fallback_exact=0
[667/1000] numerical=4.669371283 shared_exact=True fallback_exact=0
[668/1000] numerical=4.631799102 shared_exact=True fallback_exact=0
[669/1000] numerical=3.794481003 shared_exact=True fallback_exact=0
[670/1000] numerical=3.794481157 shared_exact=True fallback_exact=0
[671/1000] numerical=4.377271045 shared_exact=True fallback_exact=0
[672/1000] numerical=4.377266368 shared_exact=True fallback_exact=0
[673/1000] numerical=4.340761621 shared_exact=True fallback_exact=0
[674/1000] numerical=3.504648600 shared_exact=True fallback_exact=0
[675/1000] numerical=3.504649572 shared_exact=True fallback_exact=0
[676/1000] numerical=2.541089787 shared_exact=True fallback_exact=0
[677/1000] numerical=4.165158763 shared_exact=True fallback_exact=0
[678/1000] numerical=4.165158755 shared_exact=True fallback_exact=0
[679/1000] numerical=4.085555109 shared_exact=True fallback_exact=0
[680/1000] numerical=3.178183902 shared_exact=True fallback_exact=0
[681/1000] numerical=3.178212131 shared_exact=True fallback_exact=0
[682/1000] numerical=4.641985675 shared_exact=True fallback_exact=0
[683/1000] numerical=4.652636389 shared_exact=True fallback_exact=0
[684/1000] numerical=3.848404861 shared_exact=True fallback_exact=0
[685/1000] numerical=3.882531169 shared_exact=True fallback_exact=0
[686/1000] numerical=3.970529343 shared_exact=True fallback_exact=0
[687/1000] numerical=3.970524587 shared_exact=True fallback_exact=0
[688/1000] numerical=4.652621236 shared_exact=True fallback_exact=0
[689/1000] numerical=4.561552910 shared_exact=True fallback_exact=0
[690/1000] numerical=3.882530554 shared_exact=True fallback_exact=0
[691/1000] numerical=3.670509699 shared_exact=True fallback_exact=0
[692/1000] numerical=3.848355711 shared_exact=True fallback_exact=0
[693/1000] numerical=3.670289637 shared_exact=True fallback_exact=0
[694/1000] numerical=2.648053867 shared_exact=True fallback_exact=0
[695/1000] numerical=2.943975464 shared_exact=True fallback_exact=0
[696/1000] numerical=3.525147915 shared_exact=True fallback_exact=0
[697/1000] numerical=2.732718164 shared_exact=True fallback_exact=0
[698/1000] numerical=2.732718164 shared_exact=True fallback_exact=0
[699/1000] numerical=2.671691791 shared_exact=True fallback_exact=0
[700/1000] numerical=1.788834665 shared_exact=True fallback_exact=0
[701/1000] numerical=1.788834665 shared_exact=True fallback_exact=0
[702/1000] numerical=3.096005587 shared_exact=True fallback_exact=0
[703/1000] numerical=2.671691791 shared_exact=True fallback_exact=0
[704/1000] numerical=1.788834665 shared_exact=True fallback_exact=0
[705/1000] numerical=1.788834665 shared_exact=True fallback_exact=0
[706/1000] numerical=2.081851763 shared_exact=True fallback_exact=0
[707/1000] numerical=3.814225243 shared_exact=True fallback_exact=0
[708/1000] numerical=3.525147915 shared_exact=True fallback_exact=0
[709/1000] numerical=2.732718164 shared_exact=True fallback_exact=0
[710/1000] numerical=2.732718164 shared_exact=True fallback_exact=0
[711/1000] numerical=3.096005588 shared_exact=True fallback_exact=0
[712/1000] numerical=3.784592322 shared_exact=True fallback_exact=0
[713/1000] numerical=3.784596401 shared_exact=True fallback_exact=0
[714/1000] numerical=3.641858459 shared_exact=True fallback_exact=0
[715/1000] numerical=2.680894607 shared_exact=True fallback_exact=0
[716/1000] numerical=2.680977456 shared_exact=True fallback_exact=0
[717/1000] numerical=5.038882560 shared_exact=True fallback_exact=0
[718/1000] numerical=3.942709753 shared_exact=True fallback_exact=0
[719/1000] numerical=3.343681668 shared_exact=True fallback_exact=0
[720/1000] numerical=3.942709751 shared_exact=True fallback_exact=0
[721/1000] numerical=3.343681650 shared_exact=True fallback_exact=0
[722/1000] numerical=3.822954107 shared_exact=True fallback_exact=0
[723/1000] numerical=3.916967750 shared_exact=True fallback_exact=0
[724/1000] numerical=3.269835574 shared_exact=True fallback_exact=0
[725/1000] numerical=3.333578250 shared_exact=True fallback_exact=0
[726/1000] numerical=3.269061897 shared_exact=True fallback_exact=0
[727/1000] numerical=3.562682782 shared_exact=True fallback_exact=0
[728/1000] numerical=3.333266535 shared_exact=True fallback_exact=0
[729/1000] numerical=3.269062298 shared_exact=True fallback_exact=0
[730/1000] numerical=3.562676985 shared_exact=True fallback_exact=0
[731/1000] numerical=3.566166431 shared_exact=True fallback_exact=0
[732/1000] numerical=5.081902601 shared_exact=True fallback_exact=0
[733/1000] numerical=5.081902649 shared_exact=True fallback_exact=0
[734/1000] numerical=5.002210716 shared_exact=True fallback_exact=0
[735/1000] numerical=4.117677831 shared_exact=True fallback_exact=0
[736/1000] numerical=4.117680800 shared_exact=True fallback_exact=0
[737/1000] numerical=3.996470526 shared_exact=True fallback_exact=0
[738/1000] numerical=3.996470527 shared_exact=True fallback_exact=0
[739/1000] numerical=3.926742663 shared_exact=True fallback_exact=0
[740/1000] numerical=3.055694417 shared_exact=True fallback_exact=0
[741/1000] numerical=3.055694417 shared_exact=True fallback_exact=0
[742/1000] numerical=3.394182196 shared_exact=True fallback_exact=0
[743/1000] numerical=2.834003746 shared_exact=True fallback_exact=0
[744/1000] numerical=2.801829953 shared_exact=True fallback_exact=0
[745/1000] numerical=3.363015939 shared_exact=True fallback_exact=0
[746/1000] numerical=3.363015953 shared_exact=True fallback_exact=0
[747/1000] numerical=3.269119195 shared_exact=True fallback_exact=0
[748/1000] numerical=2.372437909 shared_exact=True fallback_exact=0
[749/1000] numerical=2.372438381 shared_exact=True fallback_exact=0
[750/1000] numerical=2.084184320 shared_exact=True fallback_exact=0
[751/1000] numerical=3.790359035 shared_exact=True fallback_exact=0
[752/1000] numerical=3.645044636 shared_exact=True fallback_exact=0
[753/1000] numerical=2.681869948 shared_exact=True fallback_exact=0
[754/1000] numerical=3.599568447 shared_exact=True fallback_exact=0
[755/1000] numerical=2.986820163 shared_exact=True fallback_exact=0
[756/1000] numerical=4.030287301 shared_exact=True fallback_exact=0
[757/1000] numerical=4.006554899 shared_exact=True fallback_exact=0
[758/1000] numerical=3.193420569 shared_exact=True fallback_exact=0
[759/1000] numerical=3.374083467 shared_exact=True fallback_exact=0
[760/1000] numerical=3.345013704 shared_exact=True fallback_exact=0
[761/1000] numerical=2.526490407 shared_exact=True fallback_exact=0
[762/1000] numerical=3.573758041 shared_exact=True fallback_exact=0
[763/1000] numerical=3.573735283 shared_exact=True fallback_exact=0
[764/1000] numerical=3.618819619 shared_exact=True fallback_exact=0
[765/1000] numerical=2.872363157 shared_exact=True fallback_exact=0
[766/1000] numerical=2.872363315 shared_exact=True fallback_exact=0
[767/1000] numerical=3.088037721 shared_exact=True fallback_exact=0
[768/1000] numerical=2.359230903 shared_exact=True fallback_exact=0
[769/1000] numerical=3.394443400 shared_exact=True fallback_exact=0
[770/1000] numerical=3.394443401 shared_exact=True fallback_exact=0
[771/1000] numerical=3.378669505 shared_exact=True fallback_exact=0
[772/1000] numerical=2.574307585 shared_exact=True fallback_exact=0
[773/1000] numerical=2.574307585 shared_exact=True fallback_exact=0
[774/1000] numerical=3.696134262 shared_exact=True fallback_exact=0
[775/1000] numerical=3.696134970 shared_exact=True fallback_exact=0
[776/1000] numerical=3.685316820 shared_exact=True fallback_exact=0
[777/1000] numerical=2.886155304 shared_exact=True fallback_exact=0
[778/1000] numerical=2.886155543 shared_exact=True fallback_exact=0
[779/1000] numerical=3.655718423 shared_exact=True fallback_exact=0
[780/1000] numerical=3.617415046 shared_exact=True fallback_exact=0
[781/1000] numerical=2.789175022 shared_exact=True fallback_exact=0
[782/1000] numerical=5.002544738 shared_exact=True fallback_exact=0
[783/1000] numerical=5.100166362 shared_exact=True fallback_exact=0
[784/1000] numerical=4.368239237 shared_exact=True fallback_exact=0
[785/1000] numerical=4.289532034 shared_exact=True fallback_exact=0
[786/1000] numerical=4.355677418 shared_exact=True fallback_exact=0
[787/1000] numerical=5.067053414 shared_exact=True fallback_exact=0
[788/1000] numerical=4.244189597 shared_exact=True fallback_exact=0
[789/1000] numerical=3.312099703 shared_exact=True fallback_exact=0
[790/1000] numerical=4.561555803 shared_exact=True fallback_exact=0
[791/1000] numerical=3.655517742 shared_exact=True fallback_exact=0
[792/1000] numerical=3.655753870 shared_exact=True fallback_exact=0
[793/1000] numerical=3.585102413 shared_exact=True fallback_exact=0
[794/1000] numerical=4.561555344 shared_exact=True fallback_exact=0
[795/1000] numerical=3.655513171 shared_exact=True fallback_exact=0
[796/1000] numerical=3.656774286 shared_exact=True fallback_exact=0
[797/1000] numerical=3.585102413 shared_exact=True fallback_exact=0
[798/1000] numerical=4.641156901 shared_exact=True fallback_exact=0
[799/1000] numerical=3.847150110 shared_exact=True fallback_exact=0
[800/1000] numerical=3.847152874 shared_exact=True fallback_exact=0
[801/1000] numerical=4.641156639 shared_exact=True fallback_exact=0
[802/1000] numerical=4.561553785 shared_exact=True fallback_exact=0
[803/1000] numerical=3.847150113 shared_exact=True fallback_exact=0
[804/1000] numerical=3.654181730 shared_exact=True fallback_exact=0
[805/1000] numerical=3.847157369 shared_exact=True fallback_exact=0
[806/1000] numerical=3.654182437 shared_exact=True fallback_exact=0
[807/1000] numerical=2.564854411 shared_exact=True fallback_exact=0
[808/1000] numerical=3.641692430 shared_exact=True fallback_exact=0
[809/1000] numerical=3.641692431 shared_exact=True fallback_exact=0
[810/1000] numerical=3.564704614 shared_exact=True fallback_exact=0
[811/1000] numerical=2.676313580 shared_exact=True fallback_exact=0
[812/1000] numerical=2.676313581 shared_exact=True fallback_exact=0
[813/1000] numerical=4.086024043 shared_exact=True fallback_exact=0
[814/1000] numerical=4.086037226 shared_exact=True fallback_exact=0
[815/1000] numerical=4.165158767 shared_exact=True fallback_exact=0
[816/1000] numerical=4.165158761 shared_exact=True fallback_exact=0
[817/1000] numerical=4.085555005 shared_exact=True fallback_exact=0
[818/1000] numerical=3.178183858 shared_exact=True fallback_exact=0
[819/1000] numerical=3.178199527 shared_exact=True fallback_exact=0
[820/1000] numerical=3.085882482 shared_exact=True fallback_exact=0
[821/1000] numerical=3.000000332 shared_exact=True fallback_exact=0
[822/1000] numerical=4.561553626 shared_exact=True fallback_exact=0
[823/1000] numerical=3.655510744 shared_exact=True fallback_exact=0
[824/1000] numerical=3.656349234 shared_exact=True fallback_exact=0
[825/1000] numerical=3.585102413 shared_exact=True fallback_exact=0
[826/1000] numerical=4.641156565 shared_exact=True fallback_exact=0
[827/1000] numerical=3.847150110 shared_exact=True fallback_exact=0
[828/1000] numerical=3.847150200 shared_exact=True fallback_exact=0
[829/1000] numerical=4.641156943 shared_exact=True fallback_exact=0
[830/1000] numerical=4.561552834 shared_exact=True fallback_exact=0
[831/1000] numerical=3.847150110 shared_exact=True fallback_exact=0
[832/1000] numerical=3.654181666 shared_exact=True fallback_exact=0
[833/1000] numerical=3.847161555 shared_exact=True fallback_exact=0
[834/1000] numerical=3.654193194 shared_exact=True fallback_exact=0
[835/1000] numerical=2.564854410 shared_exact=True fallback_exact=0
[836/1000] numerical=3.641692430 shared_exact=True fallback_exact=0
[837/1000] numerical=3.641692430 shared_exact=True fallback_exact=0
[838/1000] numerical=3.564704614 shared_exact=True fallback_exact=0
[839/1000] numerical=2.676313579 shared_exact=True fallback_exact=0
[840/1000] numerical=2.676313579 shared_exact=True fallback_exact=0
[841/1000] numerical=4.641156566 shared_exact=True fallback_exact=0
[842/1000] numerical=3.847150112 shared_exact=True fallback_exact=0
[843/1000] numerical=3.847150183 shared_exact=True fallback_exact=0
[844/1000] numerical=4.641156568 shared_exact=True fallback_exact=0
[845/1000] numerical=4.561552866 shared_exact=True fallback_exact=0
[846/1000] numerical=3.847150187 shared_exact=True fallback_exact=0
[847/1000] numerical=3.654181705 shared_exact=True fallback_exact=0
[848/1000] numerical=3.847150206 shared_exact=True fallback_exact=0
[849/1000] numerical=3.654221738 shared_exact=True fallback_exact=0
[850/1000] numerical=2.564854413 shared_exact=True fallback_exact=0
[851/1000] numerical=3.641692432 shared_exact=True fallback_exact=0
[852/1000] numerical=3.641692435 shared_exact=True fallback_exact=0
[853/1000] numerical=3.564704614 shared_exact=True fallback_exact=0
[854/1000] numerical=2.676313581 shared_exact=True fallback_exact=0
[855/1000] numerical=2.676313581 shared_exact=True fallback_exact=0
[856/1000] numerical=3.565199560 shared_exact=True fallback_exact=0
[857/1000] numerical=4.561556820 shared_exact=True fallback_exact=0
[858/1000] numerical=4.641156561 shared_exact=True fallback_exact=0
[859/1000] numerical=3.616689987 shared_exact=True fallback_exact=0
[860/1000] numerical=3.847154872 shared_exact=True fallback_exact=0
[861/1000] numerical=3.616845938 shared_exact=True fallback_exact=0
[862/1000] numerical=3.847150110 shared_exact=True fallback_exact=0
[863/1000] numerical=3.147491588 shared_exact=True fallback_exact=0
[864/1000] numerical=3.916702496 shared_exact=True fallback_exact=0
[865/1000] numerical=3.916702487 shared_exact=True fallback_exact=0
[866/1000] numerical=4.641157084 shared_exact=True fallback_exact=0
[867/1000] numerical=4.561554126 shared_exact=True fallback_exact=0
[868/1000] numerical=3.847150138 shared_exact=True fallback_exact=0
[869/1000] numerical=3.656062507 shared_exact=True fallback_exact=0
[870/1000] numerical=3.847434274 shared_exact=True fallback_exact=0
[871/1000] numerical=3.656417088 shared_exact=True fallback_exact=0
[872/1000] numerical=3.147491675 shared_exact=True fallback_exact=0
[873/1000] numerical=2.597600218 shared_exact=True fallback_exact=0
[874/1000] numerical=3.565018122 shared_exact=True fallback_exact=0
[875/1000] numerical=3.650201157 shared_exact=True fallback_exact=0
[876/1000] numerical=2.891029335 shared_exact=True fallback_exact=0
[877/1000] numerical=2.848105706 shared_exact=True fallback_exact=0
[878/1000] numerical=3.650201183 shared_exact=True fallback_exact=0
[879/1000] numerical=3.595575947 shared_exact=True fallback_exact=0
[880/1000] numerical=2.848105765 shared_exact=True fallback_exact=0
[881/1000] numerical=2.736399989 shared_exact=True fallback_exact=0
[882/1000] numerical=2.891031464 shared_exact=True fallback_exact=0
[883/1000] numerical=2.736399994 shared_exact=True fallback_exact=0
[884/1000] numerical=1.740169714 shared_exact=True fallback_exact=0
[885/1000] numerical=4.086021542 shared_exact=True fallback_exact=0
[886/1000] numerical=4.165158753 shared_exact=True fallback_exact=0
[887/1000] numerical=4.165158765 shared_exact=True fallback_exact=0
[888/1000] numerical=4.085555009 shared_exact=True fallback_exact=0
[889/1000] numerical=3.178183857 shared_exact=True fallback_exact=0
[890/1000] numerical=3.178183862 shared_exact=True fallback_exact=0
[891/1000] numerical=3.085882482 shared_exact=True fallback_exact=0
[892/1000] numerical=4.165158756 shared_exact=True fallback_exact=0
[893/1000] numerical=4.165158755 shared_exact=True fallback_exact=0
[894/1000] numerical=4.085555005 shared_exact=True fallback_exact=0
[895/1000] numerical=3.178183858 shared_exact=True fallback_exact=0
[896/1000] numerical=3.178183965 shared_exact=True fallback_exact=0
[897/1000] numerical=3.085882482 shared_exact=True fallback_exact=0
[898/1000] numerical=4.085555032 shared_exact=True fallback_exact=0
[899/1000] numerical=4.165158752 shared_exact=True fallback_exact=0
[900/1000] numerical=3.373677005 shared_exact=True fallback_exact=0
[901/1000] numerical=3.371152302 shared_exact=True fallback_exact=0
[902/1000] numerical=4.165161638 shared_exact=True fallback_exact=0
[903/1000] numerical=4.086121161 shared_exact=True fallback_exact=0
[904/1000] numerical=3.371152303 shared_exact=True fallback_exact=0
[905/1000] numerical=3.194691622 shared_exact=True fallback_exact=0
[906/1000] numerical=3.374079407 shared_exact=True fallback_exact=0
[907/1000] numerical=3.194700666 shared_exact=True fallback_exact=0
[908/1000] numerical=2.159763178 shared_exact=True fallback_exact=0
[909/1000] numerical=3.195753539 shared_exact=True fallback_exact=0
[910/1000] numerical=3.195753544 shared_exact=True fallback_exact=0
[911/1000] numerical=3.155635300 shared_exact=True fallback_exact=0
[912/1000] numerical=2.312286396 shared_exact=True fallback_exact=0
[913/1000] numerical=2.312286396 shared_exact=True fallback_exact=0
[914/1000] numerical=3.000000031 shared_exact=True fallback_exact=0
[915/1000] numerical=3.000000008 shared_exact=True fallback_exact=0
[916/1000] numerical=3.104412287 shared_exact=True fallback_exact=0
[917/1000] numerical=3.104413270 shared_exact=True fallback_exact=0
[918/1000] numerical=3.061747989 shared_exact=True fallback_exact=0
[919/1000] numerical=2.216201540 shared_exact=True fallback_exact=0
[920/1000] numerical=2.216201578 shared_exact=True fallback_exact=0
[921/1000] numerical=2.225239518 shared_exact=True fallback_exact=0
[922/1000] numerical=4.056948478 shared_exact=True fallback_exact=0
[923/1000] numerical=4.079965066 shared_exact=True fallback_exact=0
[924/1000] numerical=4.079964979 shared_exact=True fallback_exact=0
[925/1000] numerical=4.088429949 shared_exact=True fallback_exact=0
[926/1000] numerical=4.088429944 shared_exact=True fallback_exact=0
[927/1000] numerical=4.000000003 shared_exact=True fallback_exact=0
[928/1000] numerical=3.104946212 shared_exact=True fallback_exact=0
[929/1000] numerical=3.104946256 shared_exact=True fallback_exact=0
[930/1000] numerical=2.067372841 shared_exact=True fallback_exact=0
[931/1000] numerical=3.093188883 shared_exact=True fallback_exact=0
[932/1000] numerical=2.192859790 shared_exact=True fallback_exact=0
[933/1000] numerical=2.192859790 shared_exact=True fallback_exact=0
[934/1000] numerical=3.129727188 shared_exact=True fallback_exact=0
[935/1000] numerical=2.192350815 shared_exact=True fallback_exact=0
[936/1000] numerical=2.192351287 shared_exact=True fallback_exact=0
[937/1000] numerical=2.065553728 shared_exact=True fallback_exact=0
[938/1000] numerical=3.365484185 shared_exact=True fallback_exact=0
[939/1000] numerical=4.097683095 shared_exact=True fallback_exact=0
[940/1000] numerical=4.189812509 shared_exact=True fallback_exact=0
[941/1000] numerical=4.189812518 shared_exact=True fallback_exact=0
[942/1000] numerical=4.164298943 shared_exact=True fallback_exact=0
[943/1000] numerical=3.349578366 shared_exact=True fallback_exact=0
[944/1000] numerical=3.349578374 shared_exact=True fallback_exact=0
[945/1000] numerical=2.427323959 shared_exact=True fallback_exact=0
[946/1000] numerical=3.360659327 shared_exact=True fallback_exact=0
[947/1000] numerical=2.541624323 shared_exact=True fallback_exact=0
[948/1000] numerical=2.541624454 shared_exact=True fallback_exact=0
[949/1000] numerical=3.425447954 shared_exact=True fallback_exact=0
[950/1000] numerical=4.000000007 shared_exact=True fallback_exact=0
[951/1000] numerical=4.118237318 shared_exact=True fallback_exact=0
[952/1000] numerical=3.401305926 shared_exact=True fallback_exact=0
[953/1000] numerical=3.299173407 shared_exact=True fallback_exact=0
[954/1000] numerical=2.649556534 shared_exact=True fallback_exact=0
[955/1000] numerical=3.361213133 shared_exact=True fallback_exact=0
[956/1000] numerical=4.098057106 shared_exact=True fallback_exact=0
[957/1000] numerical=3.289062493 shared_exact=True fallback_exact=0
[958/1000] numerical=2.373794116 shared_exact=True fallback_exact=0
[959/1000] numerical=3.222101112 shared_exact=True fallback_exact=0
[960/1000] numerical=2.512680793 shared_exact=True fallback_exact=0
[961/1000] numerical=2.398843129 shared_exact=True fallback_exact=0
[962/1000] numerical=3.208516430 shared_exact=True fallback_exact=0
[963/1000] numerical=2.406469442 shared_exact=True fallback_exact=0
[964/1000] numerical=1.499550240 shared_exact=True fallback_exact=0
[965/1000] numerical=3.521163028 shared_exact=True fallback_exact=0
[966/1000] numerical=2.751621892 shared_exact=True fallback_exact=0
[967/1000] numerical=2.751621894 shared_exact=True fallback_exact=0
[968/1000] numerical=2.785068871 shared_exact=True fallback_exact=0
[969/1000] numerical=3.339638304 shared_exact=True fallback_exact=0
[970/1000] numerical=2.678306775 shared_exact=True fallback_exact=0
[971/1000] numerical=2.489191082 shared_exact=True fallback_exact=0
[972/1000] numerical=3.370266329 shared_exact=True fallback_exact=0
[973/1000] numerical=2.611152677 shared_exact=True fallback_exact=0
[974/1000] numerical=1.752919733 shared_exact=True fallback_exact=0
[975/1000] numerical=2.310115969 shared_exact=True fallback_exact=0
[976/1000] numerical=2.358496588 shared_exact=True fallback_exact=0
[977/1000] numerical=1.615859885 shared_exact=True fallback_exact=0
[978/1000] numerical=4.268807362 shared_exact=True fallback_exact=0
[979/1000] numerical=3.361435750 shared_exact=True fallback_exact=0
[980/1000] numerical=3.268995709 shared_exact=True fallback_exact=0
[981/1000] numerical=3.361435813 shared_exact=True fallback_exact=0
[982/1000] numerical=4.085557466 shared_exact=True fallback_exact=0
[983/1000] numerical=3.555671221 shared_exact=True fallback_exact=0
[984/1000] numerical=4.115036717 shared_exact=True fallback_exact=0
[985/1000] numerical=4.641156849 shared_exact=True fallback_exact=0
[986/1000] numerical=4.561585160 shared_exact=True fallback_exact=0
[987/1000] numerical=4.641465576 shared_exact=True fallback_exact=0
[988/1000] numerical=4.562752615 shared_exact=True fallback_exact=0
[989/1000] numerical=3.673606406 shared_exact=True fallback_exact=0
[990/1000] numerical=3.637046608 shared_exact=True fallback_exact=0
[991/1000] numerical=2.795525533 shared_exact=True fallback_exact=0
[992/1000] numerical=3.673635128 shared_exact=True fallback_exact=0
[993/1000] numerical=2.641470842 shared_exact=True fallback_exact=0
[994/1000] numerical=2.795525692 shared_exact=True fallback_exact=0
[995/1000] numerical=4.085624965 shared_exact=True fallback_exact=0
[996/1000] numerical=3.187588232 shared_exact=True fallback_exact=0
[997/1000] numerical=3.140641602 shared_exact=True fallback_exact=0
[998/1000] numerical=3.187690380 shared_exact=True fallback_exact=0
[999/1000] numerical=3.670060077 shared_exact=True fallback_exact=0
[1000/1000] numerical=4.348410687 shared_exact=True fallback_exact=0
checkpoint=/workspace/positive-square-energy/experiments/rank7_order8_chunk_007000_008000.r7o8g.xz.fragments/fragment-007500-008000.r7o8g.xz rows=500
attempts=1000 shared_exact=1000 templates=0 fallback_exact=0 structural=0 atoms=0 balanced=0 unresolved_targets=0
fragments=2 checkpoint_rows=500
raw_bytes=476328 xz_bytes=291248 elapsed_seconds=282.330077
sha256=aadc313e0062984998f42cef6b9c0e05ea222ee5b4d14676befd1782c9eeb562
full_theorem=false
[2026-08-14T12:42:45.815809+00:00] exit: 0
[2026-08-14T12:42:45.815958+00:00] exec: /opt/kortix/pyfloor/bin/python3 -u /workspace/positive-square-energy/experiments/rank7_order8_exact_rational.py --verify-pack /workspace/positive-square-energy/experiments/rank7_order8_chunk_007000_008000.r7o8g.xz --census-cache /workspace/positive-square-energy/experiments/rank7_order8_rational_search_cache.r7o8c.xz
attempts=1000 shared_exact=1000 templates=0 fallback_exact=0 structural=0 atoms=0 balanced=0 exact_audit=true census_seconds=10.085006
full_theorem=false
[2026-08-14T12:43:12.751616+00:00] exit: 0
[2026-08-14T12:43:12.752833+00:00] shard=007000_008000 exact_audit=true sha256=aadc313e0062984998f42cef6b9c0e05ea222ee5b4d14676befd1782c9eeb562
