[2026-08-17T06:20:01.134577+00:00] shard=024000_025000 adopted_fragments=0
[2026-08-17T06:20:01.134642+00:00] exec: /opt/kortix/pyfloor/bin/python3 -u /workspace/positive-square-energy/experiments/rank7_order8_exact_rational.py --output /workspace/positive-square-energy/experiments/rank7_order8_chunk_024000_025000.r7o8g.xz --fragment-directory /workspace/positive-square-energy/experiments/rank7_order8_chunk_024000_025000.r7o8g.xz.fragments --census-cache positive-square-energy/experiments/rank7_order8_rational_search_cache.r7o8c.xz --start 24000 --count 1000 --checkpoint-rows 500 --progress
[1/1000] numerical=3.857421243 shared_exact=True fallback_exact=0
[2/1000] numerical=3.583588817 shared_exact=True fallback_exact=0
[3/1000] numerical=3.770483933 shared_exact=True fallback_exact=0
[4/1000] numerical=3.194388078 shared_exact=True fallback_exact=0
[5/1000] numerical=2.735650512 shared_exact=True fallback_exact=0
[6/1000] numerical=3.594757273 shared_exact=True fallback_exact=0
[7/1000] numerical=3.201067079 shared_exact=True fallback_exact=0
[8/1000] numerical=3.510075229 shared_exact=True fallback_exact=0
[9/1000] numerical=3.902162376 shared_exact=True fallback_exact=0
[10/1000] numerical=3.807737414 shared_exact=True fallback_exact=0
[11/1000] numerical=3.652770131 shared_exact=True fallback_exact=0
[12/1000] numerical=3.839974097 shared_exact=True fallback_exact=0
[13/1000] numerical=3.266417097 shared_exact=True fallback_exact=0
[14/1000] numerical=3.052770213 shared_exact=True fallback_exact=0
[15/1000] numerical=3.466064171 shared_exact=True fallback_exact=0
[16/1000] numerical=3.141339119 shared_exact=True fallback_exact=0
[17/1000] numerical=2.807580441 shared_exact=True fallback_exact=0
[18/1000] numerical=3.753507847 shared_exact=True fallback_exact=0
[19/1000] numerical=3.299716901 shared_exact=True fallback_exact=0
[20/1000] numerical=3.125312455 shared_exact=True fallback_exact=0
[21/1000] numerical=3.293162808 shared_exact=True fallback_exact=0
[22/1000] numerical=2.707881260 shared_exact=True fallback_exact=0
[23/1000] numerical=2.462375149 shared_exact=True fallback_exact=0
[24/1000] numerical=3.922796800 shared_exact=True fallback_exact=0
[25/1000] numerical=3.805198008 shared_exact=True fallback_exact=0
[26/1000] numerical=3.144152566 shared_exact=True fallback_exact=0
[27/1000] numerical=3.491254801 shared_exact=True fallback_exact=0
[28/1000] numerical=3.308179394 shared_exact=True fallback_exact=0
[29/1000] numerical=3.907524869 shared_exact=True fallback_exact=0
[30/1000] numerical=3.775862285 shared_exact=True fallback_exact=0
[31/1000] numerical=3.751223592 shared_exact=True fallback_exact=0
[32/1000] numerical=3.851564680 shared_exact=True fallback_exact=0
[33/1000] numerical=4.235329252 shared_exact=True fallback_exact=0
[34/1000] numerical=4.312871115 shared_exact=True fallback_exact=0
[35/1000] numerical=4.095491609 shared_exact=True fallback_exact=0
[36/1000] numerical=4.320520895 shared_exact=True fallback_exact=0
[37/1000] numerical=3.768447456 shared_exact=True fallback_exact=0
[38/1000] numerical=3.519487664 shared_exact=True fallback_exact=0
[39/1000] numerical=3.439011083 shared_exact=True fallback_exact=0
[40/1000] numerical=3.350352573 shared_exact=True fallback_exact=0
[41/1000] numerical=3.391011905 shared_exact=True fallback_exact=0
[42/1000] numerical=3.774995095 shared_exact=True fallback_exact=0
[43/1000] numerical=3.796470889 shared_exact=True fallback_exact=0
[44/1000] numerical=3.653661890 shared_exact=True fallback_exact=0
[45/1000] numerical=3.891795155 shared_exact=True fallback_exact=0
[46/1000] numerical=3.347448615 shared_exact=True fallback_exact=0
[47/1000] numerical=3.156490900 shared_exact=True fallback_exact=0
[48/1000] numerical=3.253808008 shared_exact=True fallback_exact=0
[49/1000] numerical=3.240318307 shared_exact=True fallback_exact=0
[50/1000] numerical=2.642522322 shared_exact=True fallback_exact=0
[51/1000] numerical=3.552680193 shared_exact=True fallback_exact=0
[52/1000] numerical=3.282928433 shared_exact=True fallback_exact=0
[53/1000] numerical=3.124556666 shared_exact=True fallback_exact=0
[54/1000] numerical=3.320596499 shared_exact=True fallback_exact=0
[55/1000] numerical=2.751941818 shared_exact=True fallback_exact=0
[56/1000] numerical=2.529981244 shared_exact=True fallback_exact=0
[57/1000] numerical=2.971801420 shared_exact=True fallback_exact=0
[58/1000] numerical=3.003666768 shared_exact=True fallback_exact=0
[59/1000] numerical=2.883992813 shared_exact=True fallback_exact=0
[60/1000] numerical=3.234231929 shared_exact=True fallback_exact=0
[61/1000] numerical=3.276540725 shared_exact=True fallback_exact=0
[62/1000] numerical=3.641283661 shared_exact=True fallback_exact=0
[63/1000] numerical=3.725279439 shared_exact=True fallback_exact=0
[64/1000] numerical=3.924690929 shared_exact=True fallback_exact=0
[65/1000] numerical=3.353275315 shared_exact=True fallback_exact=0
[66/1000] numerical=3.266197538 shared_exact=True fallback_exact=0
[67/1000] numerical=4.027796167 shared_exact=True fallback_exact=0
[68/1000] numerical=3.989402837 shared_exact=True fallback_exact=0
[69/1000] numerical=3.663863893 shared_exact=True fallback_exact=0
[70/1000] numerical=3.975880878 shared_exact=True fallback_exact=0
[71/1000] numerical=3.457789239 shared_exact=True fallback_exact=0
[72/1000] numerical=3.157064988 shared_exact=True fallback_exact=0
[73/1000] numerical=3.641787434 shared_exact=True fallback_exact=0
[74/1000] numerical=3.860204976 shared_exact=True fallback_exact=0
[75/1000] numerical=3.751120846 shared_exact=True fallback_exact=0
[76/1000] numerical=4.116335572 shared_exact=True fallback_exact=0
[77/1000] numerical=3.614756500 shared_exact=True fallback_exact=0
[78/1000] numerical=3.441405270 shared_exact=True fallback_exact=0
[79/1000] numerical=4.046911491 shared_exact=True fallback_exact=0
[80/1000] numerical=3.743475703 shared_exact=True fallback_exact=0
[81/1000] numerical=3.186461047 shared_exact=True fallback_exact=0
[82/1000] numerical=3.679833193 shared_exact=True fallback_exact=0
[83/1000] numerical=3.231110675 shared_exact=True fallback_exact=0
[84/1000] numerical=2.760224189 shared_exact=True fallback_exact=0
[85/1000] numerical=4.346426381 shared_exact=True fallback_exact=0
[86/1000] numerical=4.095033333 shared_exact=True fallback_exact=0
[87/1000] numerical=4.295735609 shared_exact=True fallback_exact=0
[88/1000] numerical=3.730389028 shared_exact=True fallback_exact=0
[89/1000] numerical=3.438740230 shared_exact=True fallback_exact=0
[90/1000] numerical=3.199300577 shared_exact=True fallback_exact=0
[91/1000] numerical=4.050874249 shared_exact=True fallback_exact=0
[92/1000] numerical=4.243879757 shared_exact=True fallback_exact=0
[93/1000] numerical=3.670662949 shared_exact=True fallback_exact=0
[94/1000] numerical=3.581383657 shared_exact=True fallback_exact=0
[95/1000] numerical=3.379258662 shared_exact=True fallback_exact=0
[96/1000] numerical=4.242644309 shared_exact=True fallback_exact=0
[97/1000] numerical=4.421417447 shared_exact=True fallback_exact=0
[98/1000] numerical=3.344686776 shared_exact=True fallback_exact=0
[99/1000] numerical=3.840732304 shared_exact=True fallback_exact=0
[100/1000] numerical=3.198947050 shared_exact=True fallback_exact=0
[101/1000] numerical=3.460108849 shared_exact=True fallback_exact=0
[102/1000] numerical=3.619964161 shared_exact=True fallback_exact=0
[103/1000] numerical=3.028529063 shared_exact=True fallback_exact=0
[104/1000] numerical=2.986522970 shared_exact=True fallback_exact=0
[105/1000] numerical=2.851341099 shared_exact=True fallback_exact=0
[106/1000] numerical=3.402986322 shared_exact=True fallback_exact=0
[107/1000] numerical=3.376454752 shared_exact=True fallback_exact=0
[108/1000] numerical=2.863247766 shared_exact=True fallback_exact=0
[109/1000] numerical=2.805318120 shared_exact=True fallback_exact=0
[110/1000] numerical=2.653780986 shared_exact=True fallback_exact=0
[111/1000] numerical=2.632882264 shared_exact=True fallback_exact=0
[112/1000] numerical=2.120674098 shared_exact=True fallback_exact=0
[113/1000] numerical=2.963248021 shared_exact=True fallback_exact=0
[114/1000] numerical=3.784756629 shared_exact=True fallback_exact=0
[115/1000] numerical=3.622055878 shared_exact=True fallback_exact=0
[116/1000] numerical=4.048018669 shared_exact=True fallback_exact=0
[117/1000] numerical=3.359964091 shared_exact=True fallback_exact=0
[118/1000] numerical=3.930782890 shared_exact=True fallback_exact=0
[119/1000] numerical=4.109437339 shared_exact=True fallback_exact=0
[120/1000] numerical=3.975291129 shared_exact=True fallback_exact=0
[121/1000] numerical=2.989223750 shared_exact=True fallback_exact=0
[122/1000] numerical=3.151847845 shared_exact=True fallback_exact=0
[123/1000] numerical=3.524043269 shared_exact=True fallback_exact=0
[124/1000] numerical=3.306612026 shared_exact=True fallback_exact=0
[125/1000] numerical=3.030082916 shared_exact=True fallback_exact=0
[126/1000] numerical=2.985009589 shared_exact=True fallback_exact=0
[127/1000] numerical=2.844086850 shared_exact=True fallback_exact=0
[128/1000] numerical=3.177141102 shared_exact=True fallback_exact=0
[129/1000] numerical=2.986373972 shared_exact=True fallback_exact=0
[130/1000] numerical=1.898092474 shared_exact=True fallback_exact=0
[131/1000] numerical=2.179828956 shared_exact=True fallback_exact=0
[132/1000] numerical=2.859018083 shared_exact=True fallback_exact=0
[133/1000] numerical=3.369399680 shared_exact=True fallback_exact=0
[134/1000] numerical=3.510175506 shared_exact=True fallback_exact=0
[135/1000] numerical=3.458766677 shared_exact=True fallback_exact=0
[136/1000] numerical=3.365273717 shared_exact=True fallback_exact=0
[137/1000] numerical=3.306478866 shared_exact=True fallback_exact=0
[138/1000] numerical=3.550377825 shared_exact=True fallback_exact=0
[139/1000] numerical=3.350874541 shared_exact=True fallback_exact=0
[140/1000] numerical=2.293083174 shared_exact=True fallback_exact=0
[141/1000] numerical=2.541457770 shared_exact=True fallback_exact=0
[142/1000] numerical=3.497775226 shared_exact=True fallback_exact=0
[143/1000] numerical=2.874993754 shared_exact=True fallback_exact=0
[144/1000] numerical=2.834877770 shared_exact=True fallback_exact=0
[145/1000] numerical=3.037902239 shared_exact=True fallback_exact=0
[146/1000] numerical=3.097196093 shared_exact=True fallback_exact=0
[147/1000] numerical=3.208887722 shared_exact=True fallback_exact=0
[148/1000] numerical=2.840239729 shared_exact=True fallback_exact=0
[149/1000] numerical=3.011472647 shared_exact=True fallback_exact=0
[150/1000] numerical=2.898941821 shared_exact=True fallback_exact=0
[151/1000] numerical=1.983875240 shared_exact=True fallback_exact=0
[152/1000] numerical=2.142048999 shared_exact=True fallback_exact=0
[153/1000] numerical=3.808256088 shared_exact=True fallback_exact=0
[154/1000] numerical=3.604251507 shared_exact=True fallback_exact=0
[155/1000] numerical=4.079683477 shared_exact=True fallback_exact=0
[156/1000] numerical=3.393336931 shared_exact=True fallback_exact=0
[157/1000] numerical=3.936406184 shared_exact=True fallback_exact=0
[158/1000] numerical=4.063035130 shared_exact=True fallback_exact=0
[159/1000] numerical=3.960344382 shared_exact=True fallback_exact=0
[160/1000] numerical=3.035225381 shared_exact=True fallback_exact=0
[161/1000] numerical=3.139197431 shared_exact=True fallback_exact=0
[162/1000] numerical=3.550245292 shared_exact=True fallback_exact=0
[163/1000] numerical=3.435933244 shared_exact=True fallback_exact=0
[164/1000] numerical=3.601468083 shared_exact=True fallback_exact=0
[165/1000] numerical=3.535756802 shared_exact=True fallback_exact=0
[166/1000] numerical=3.365830326 shared_exact=True fallback_exact=0
[167/1000] numerical=3.448932518 shared_exact=True fallback_exact=0
[168/1000] numerical=3.299005417 shared_exact=True fallback_exact=0
[169/1000] numerical=2.336017355 shared_exact=True fallback_exact=0
[170/1000] numerical=2.435362562 shared_exact=True fallback_exact=0
[171/1000] numerical=3.511395975 shared_exact=True fallback_exact=0
[172/1000] numerical=3.405687936 shared_exact=True fallback_exact=0
[173/1000] numerical=2.995267470 shared_exact=True fallback_exact=0
[174/1000] numerical=3.278896712 shared_exact=True fallback_exact=0
[175/1000] numerical=2.992465078 shared_exact=True fallback_exact=0
[176/1000] numerical=2.969838962 shared_exact=True fallback_exact=0
[177/1000] numerical=2.888012323 shared_exact=True fallback_exact=0
[178/1000] numerical=3.254524894 shared_exact=True fallback_exact=0
[179/1000] numerical=3.139127385 shared_exact=True fallback_exact=0
[180/1000] numerical=2.144064295 shared_exact=True fallback_exact=0
[181/1000] numerical=2.477111609 shared_exact=True fallback_exact=0
[182/1000] numerical=2.821304666 shared_exact=True fallback_exact=0
[183/1000] numerical=2.675158201 shared_exact=True fallback_exact=0
[184/1000] numerical=2.367848185 shared_exact=True fallback_exact=0
[185/1000] numerical=3.372883102 shared_exact=True fallback_exact=0
[186/1000] numerical=3.538975426 shared_exact=True fallback_exact=0
[187/1000] numerical=3.464644609 shared_exact=True fallback_exact=0
[188/1000] numerical=3.383077770 shared_exact=True fallback_exact=0
[189/1000] numerical=3.303233062 shared_exact=True fallback_exact=0
[190/1000] numerical=3.563627036 shared_exact=True fallback_exact=0
[191/1000] numerical=3.503577241 shared_exact=True fallback_exact=0
[192/1000] numerical=2.652711121 shared_exact=True fallback_exact=0
[193/1000] numerical=2.849996148 shared_exact=True fallback_exact=0
[194/1000] numerical=3.199767625 shared_exact=True fallback_exact=0
[195/1000] numerical=2.994047948 shared_exact=True fallback_exact=0
[196/1000] numerical=2.999406935 shared_exact=True fallback_exact=0
[197/1000] numerical=2.856931947 shared_exact=True fallback_exact=0
[198/1000] numerical=3.171699401 shared_exact=True fallback_exact=0
[199/1000] numerical=3.124569608 shared_exact=True fallback_exact=0
[200/1000] numerical=2.268546546 shared_exact=True fallback_exact=0
[201/1000] numerical=2.503724961 shared_exact=True fallback_exact=0
[202/1000] numerical=2.860106645 shared_exact=True fallback_exact=0
[203/1000] numerical=2.300772496 shared_exact=True fallback_exact=0
[204/1000] numerical=2.740483731 shared_exact=True fallback_exact=0
[205/1000] numerical=2.114898224 shared_exact=True fallback_exact=0
[206/1000] numerical=2.468968908 shared_exact=True fallback_exact=0
[207/1000] numerical=2.365769583 shared_exact=True fallback_exact=0
[208/1000] numerical=1.464534666 shared_exact=True fallback_exact=0
[209/1000] numerical=1.736398671 shared_exact=True fallback_exact=0
[210/1000] numerical=3.403428593 shared_exact=True fallback_exact=0
[211/1000] numerical=3.678315735 shared_exact=True fallback_exact=0
[212/1000] numerical=3.471127307 shared_exact=True fallback_exact=0
[213/1000] numerical=3.323735291 shared_exact=True fallback_exact=0
[214/1000] numerical=3.343045819 shared_exact=True fallback_exact=0
[215/1000] numerical=3.704227769 shared_exact=True fallback_exact=0
[216/1000] numerical=3.551259067 shared_exact=True fallback_exact=0
[217/1000] numerical=2.511305463 shared_exact=True fallback_exact=0
[218/1000] numerical=2.840390905 shared_exact=True fallback_exact=0
[219/1000] numerical=4.237027710 shared_exact=True fallback_exact=0
[220/1000] numerical=4.243742106 shared_exact=True fallback_exact=0
[221/1000] numerical=3.894245711 shared_exact=True fallback_exact=0
[222/1000] numerical=4.250076023 shared_exact=True fallback_exact=0
[223/1000] numerical=4.261009959 shared_exact=True fallback_exact=0
[224/1000] numerical=4.311921882 shared_exact=True fallback_exact=0
[225/1000] numerical=3.528707418 shared_exact=True fallback_exact=0
[226/1000] numerical=3.515304366 shared_exact=True fallback_exact=0
[227/1000] numerical=4.376177217 shared_exact=True fallback_exact=0
[228/1000] numerical=3.856899097 shared_exact=True fallback_exact=0
[229/1000] numerical=3.617559115 shared_exact=True fallback_exact=0
[230/1000] numerical=3.854291041 shared_exact=True fallback_exact=0
[231/1000] numerical=3.165273249 shared_exact=True fallback_exact=0
[232/1000] numerical=2.878988965 shared_exact=True fallback_exact=0
[233/1000] numerical=4.233549513 shared_exact=True fallback_exact=0
[234/1000] numerical=4.355625440 shared_exact=True fallback_exact=0
[235/1000] numerical=4.256689657 shared_exact=True fallback_exact=0
[236/1000] numerical=3.341964722 shared_exact=True fallback_exact=0
[237/1000] numerical=3.426382550 shared_exact=True fallback_exact=0
[238/1000] numerical=2.671240712 shared_exact=True fallback_exact=0
[239/1000] numerical=3.853093012 shared_exact=True fallback_exact=0
[240/1000] numerical=3.656645012 shared_exact=True fallback_exact=0
[241/1000] numerical=2.562900151 shared_exact=True fallback_exact=0
[242/1000] numerical=3.300573857 shared_exact=True fallback_exact=0
[243/1000] numerical=3.874716625 shared_exact=True fallback_exact=0
[244/1000] numerical=3.708102147 shared_exact=True fallback_exact=0
[245/1000] numerical=3.171300094 shared_exact=True fallback_exact=0
[246/1000] numerical=2.722051257 shared_exact=True fallback_exact=0
[247/1000] numerical=2.668747308 shared_exact=True fallback_exact=0
[248/1000] numerical=3.051718231 shared_exact=True fallback_exact=0
[249/1000] numerical=2.945551430 shared_exact=True fallback_exact=0
[250/1000] numerical=2.043283343 shared_exact=True fallback_exact=0
[251/1000] numerical=2.573609853 shared_exact=True fallback_exact=0
[252/1000] numerical=2.812172495 shared_exact=True fallback_exact=0
[253/1000] numerical=2.717647489 shared_exact=True fallback_exact=0
[254/1000] numerical=2.916427291 shared_exact=True fallback_exact=0
[255/1000] numerical=2.179651550 shared_exact=True fallback_exact=0
[256/1000] numerical=3.785739852 shared_exact=True fallback_exact=0
[257/1000] numerical=3.752926297 shared_exact=True fallback_exact=0
[258/1000] numerical=3.316931597 shared_exact=True fallback_exact=0
[259/1000] numerical=3.328716058 shared_exact=True fallback_exact=0
[260/1000] numerical=3.483263956 shared_exact=True fallback_exact=0
[261/1000] numerical=2.839195883 shared_exact=True fallback_exact=0
[262/1000] numerical=3.900627022 shared_exact=True fallback_exact=0
[263/1000] numerical=3.026882640 shared_exact=True fallback_exact=0
[264/1000] numerical=3.573077733 shared_exact=True fallback_exact=0
[265/1000] numerical=3.401532186 shared_exact=True fallback_exact=0
[266/1000] numerical=3.367594460 shared_exact=True fallback_exact=0
[267/1000] numerical=2.547524372 shared_exact=True fallback_exact=0
[268/1000] numerical=2.298564105 shared_exact=True fallback_exact=0
[269/1000] numerical=3.462679364 shared_exact=True fallback_exact=0
[270/1000] numerical=3.163428389 shared_exact=True fallback_exact=0
[271/1000] numerical=3.276317138 shared_exact=True fallback_exact=0
[272/1000] numerical=3.076829499 shared_exact=True fallback_exact=0
[273/1000] numerical=2.858921192 shared_exact=True fallback_exact=0
[274/1000] numerical=3.172569982 shared_exact=True fallback_exact=0
[275/1000] numerical=2.445895591 shared_exact=True fallback_exact=0
[276/1000] numerical=3.173404769 shared_exact=True fallback_exact=0
[277/1000] numerical=2.922885305 shared_exact=True fallback_exact=0
[278/1000] numerical=2.794986328 shared_exact=True fallback_exact=0
[279/1000] numerical=3.391632178 shared_exact=True fallback_exact=0
[280/1000] numerical=3.038644928 shared_exact=True fallback_exact=0
[281/1000] numerical=2.804197342 shared_exact=True fallback_exact=0
[282/1000] numerical=2.914270405 shared_exact=True fallback_exact=0
[283/1000] numerical=2.217474339 shared_exact=True fallback_exact=0
[284/1000] numerical=1.988441377 shared_exact=True fallback_exact=0
[285/1000] numerical=2.979596816 shared_exact=True fallback_exact=0
[286/1000] numerical=3.156306697 shared_exact=True fallback_exact=0
[287/1000] numerical=3.411950993 shared_exact=True fallback_exact=0
[288/1000] numerical=3.500964521 shared_exact=True fallback_exact=0
[289/1000] numerical=3.404851102 shared_exact=True fallback_exact=0
[290/1000] numerical=2.501376023 shared_exact=True fallback_exact=0
[291/1000] numerical=2.612390573 shared_exact=True fallback_exact=0
[292/1000] numerical=2.859346522 shared_exact=True fallback_exact=0
[293/1000] numerical=2.897274640 shared_exact=True fallback_exact=0
[294/1000] numerical=2.804340580 shared_exact=True fallback_exact=0
[295/1000] numerical=1.929818676 shared_exact=True fallback_exact=0
[296/1000] numerical=1.970244780 shared_exact=True fallback_exact=0
[297/1000] numerical=3.769204082 shared_exact=True fallback_exact=0
[298/1000] numerical=3.858200252 shared_exact=True fallback_exact=0
[299/1000] numerical=3.837427382 shared_exact=True fallback_exact=0
[300/1000] numerical=3.088450351 shared_exact=True fallback_exact=0
[301/1000] numerical=3.570077225 shared_exact=True fallback_exact=0
[302/1000] numerical=2.856659084 shared_exact=True fallback_exact=0
[303/1000] numerical=2.759439403 shared_exact=True fallback_exact=0
[304/1000] numerical=2.613517276 shared_exact=True fallback_exact=0
[305/1000] numerical=3.383016590 shared_exact=True fallback_exact=0
[306/1000] numerical=2.442493051 shared_exact=True fallback_exact=0
[307/1000] numerical=3.321568413 shared_exact=True fallback_exact=0
[308/1000] numerical=3.606665891 shared_exact=True fallback_exact=0
[309/1000] numerical=3.491123159 shared_exact=True fallback_exact=0
[310/1000] numerical=2.589688352 shared_exact=True fallback_exact=0
[311/1000] numerical=2.823082151 shared_exact=True fallback_exact=0
[312/1000] numerical=3.546939879 shared_exact=True fallback_exact=0
[313/1000] numerical=3.580553472 shared_exact=True fallback_exact=0
[314/1000] numerical=2.917129039 shared_exact=True fallback_exact=0
[315/1000] numerical=3.990148240 shared_exact=True fallback_exact=0
[316/1000] numerical=3.268977226 shared_exact=True fallback_exact=0
[317/1000] numerical=3.303137375 shared_exact=True fallback_exact=0
[318/1000] numerical=3.516803561 shared_exact=True fallback_exact=0
[319/1000] numerical=3.525780656 shared_exact=True fallback_exact=0
[320/1000] numerical=2.763506605 shared_exact=True fallback_exact=0
[321/1000] numerical=2.886299707 shared_exact=True fallback_exact=0
[322/1000] numerical=3.010712839 shared_exact=True fallback_exact=0
[323/1000] numerical=3.116579590 shared_exact=True fallback_exact=0
[324/1000] numerical=2.911355715 shared_exact=True fallback_exact=0
[325/1000] numerical=3.409943557 shared_exact=True fallback_exact=0
[326/1000] numerical=2.778994838 shared_exact=True fallback_exact=0
[327/1000] numerical=3.982611974 shared_exact=True fallback_exact=0
[328/1000] numerical=3.958688406 shared_exact=True fallback_exact=0
[329/1000] numerical=3.935412724 shared_exact=True fallback_exact=0
[330/1000] numerical=3.120893102 shared_exact=True fallback_exact=0
[331/1000] numerical=3.098055884 shared_exact=True fallback_exact=0
[332/1000] numerical=2.830573928 shared_exact=True fallback_exact=0
[333/1000] numerical=2.614347067 shared_exact=True fallback_exact=0
[334/1000] numerical=2.701379987 shared_exact=True fallback_exact=0
[335/1000] numerical=3.183094251 shared_exact=True fallback_exact=0
[336/1000] numerical=2.816627099 shared_exact=True fallback_exact=0
[337/1000] numerical=3.082155665 shared_exact=True fallback_exact=0
[338/1000] numerical=2.487047969 shared_exact=True fallback_exact=0
[339/1000] numerical=2.183129165 shared_exact=True fallback_exact=0
[340/1000] numerical=2.650151652 shared_exact=True fallback_exact=0
[341/1000] numerical=2.153748113 shared_exact=True fallback_exact=0
[342/1000] numerical=2.510086626 shared_exact=True fallback_exact=0
[343/1000] numerical=1.957075975 shared_exact=True fallback_exact=0
[344/1000] numerical=1.558845206 shared_exact=True fallback_exact=0
[345/1000] numerical=2.484941631 shared_exact=True fallback_exact=0
[346/1000] numerical=3.835364730 shared_exact=True fallback_exact=0
[347/1000] numerical=3.399133225 shared_exact=True fallback_exact=0
[348/1000] numerical=3.722939108 shared_exact=True fallback_exact=0
[349/1000] numerical=3.128952700 shared_exact=True fallback_exact=0
[350/1000] numerical=2.803319931 shared_exact=True fallback_exact=0
[351/1000] numerical=2.865963485 shared_exact=True fallback_exact=0
[352/1000] numerical=2.835851156 shared_exact=True fallback_exact=0
[353/1000] numerical=2.833641107 shared_exact=True fallback_exact=0
[354/1000] numerical=2.061229385 shared_exact=True fallback_exact=0
[355/1000] numerical=2.018488328 shared_exact=True fallback_exact=0
[356/1000] numerical=2.707787591 shared_exact=True fallback_exact=0
[357/1000] numerical=3.402641171 shared_exact=True fallback_exact=0
[358/1000] numerical=3.397797587 shared_exact=True fallback_exact=0
[359/1000] numerical=2.619040061 shared_exact=True fallback_exact=0
[360/1000] numerical=2.496582412 shared_exact=True fallback_exact=0
[361/1000] numerical=3.287091757 shared_exact=True fallback_exact=0
[362/1000] numerical=3.321151587 shared_exact=True fallback_exact=0
[363/1000] numerical=2.443570677 shared_exact=True fallback_exact=0
[364/1000] numerical=2.582197528 shared_exact=True fallback_exact=0
[365/1000] numerical=2.621627424 shared_exact=True fallback_exact=0
[366/1000] numerical=2.368774724 shared_exact=True fallback_exact=0
[367/1000] numerical=2.456839549 shared_exact=True fallback_exact=0
[368/1000] numerical=1.763715172 shared_exact=True fallback_exact=0
[369/1000] numerical=3.288497078 shared_exact=True fallback_exact=0
[370/1000] numerical=3.594673151 shared_exact=True fallback_exact=0
[371/1000] numerical=3.546291791 shared_exact=True fallback_exact=0
[372/1000] numerical=3.138658257 shared_exact=True fallback_exact=0
[373/1000] numerical=4.000000018 shared_exact=True fallback_exact=0
[374/1000] numerical=3.859360240 shared_exact=True fallback_exact=0
[375/1000] numerical=3.566638892 shared_exact=True fallback_exact=0
[376/1000] numerical=4.258734707 shared_exact=True fallback_exact=0
[377/1000] numerical=3.380595001 shared_exact=True fallback_exact=0
[378/1000] numerical=4.253996815 shared_exact=True fallback_exact=0
[379/1000] numerical=4.171650143 shared_exact=True fallback_exact=0
[380/1000] numerical=4.116516743 shared_exact=True fallback_exact=0
[381/1000] numerical=3.232415064 shared_exact=True fallback_exact=0
[382/1000] numerical=3.094609598 shared_exact=True fallback_exact=0
[383/1000] numerical=3.352260445 shared_exact=True fallback_exact=0
[384/1000] numerical=3.637504703 shared_exact=True fallback_exact=0
[385/1000] numerical=3.683736410 shared_exact=True fallback_exact=0
[386/1000] numerical=3.292374038 shared_exact=True fallback_exact=0
[387/1000] numerical=3.750535120 shared_exact=True fallback_exact=0
[388/1000] numerical=3.708570751 shared_exact=True fallback_exact=0
[389/1000] numerical=3.591262047 shared_exact=True fallback_exact=0
[390/1000] numerical=3.678487776 shared_exact=True fallback_exact=0
[391/1000] numerical=2.947148258 shared_exact=True fallback_exact=0
[392/1000] numerical=2.831789672 shared_exact=True fallback_exact=0
[393/1000] numerical=2.169764014 shared_exact=True fallback_exact=0
[394/1000] numerical=3.752104437 shared_exact=True fallback_exact=0
[395/1000] numerical=3.659681177 shared_exact=True fallback_exact=0
[396/1000] numerical=3.626373862 shared_exact=True fallback_exact=0
[397/1000] numerical=3.894443204 shared_exact=True fallback_exact=0
[398/1000] numerical=3.848797081 shared_exact=True fallback_exact=0
[399/1000] numerical=2.980228097 shared_exact=True fallback_exact=0
[400/1000] numerical=3.164690310 shared_exact=True fallback_exact=0
[401/1000] numerical=2.348196568 shared_exact=True fallback_exact=0
[402/1000] numerical=3.405489669 shared_exact=True fallback_exact=0
[403/1000] numerical=3.584631235 shared_exact=True fallback_exact=0
[404/1000] numerical=3.463825436 shared_exact=True fallback_exact=0
[405/1000] numerical=2.537288818 shared_exact=True fallback_exact=0
[406/1000] numerical=2.704169825 shared_exact=True fallback_exact=0
[407/1000] numerical=2.894171122 shared_exact=True fallback_exact=0
[408/1000] numerical=2.157426391 shared_exact=True fallback_exact=0
[409/1000] numerical=1.995567363 shared_exact=True fallback_exact=0
[410/1000] numerical=3.094051564 shared_exact=True fallback_exact=0
[411/1000] numerical=2.150140322 shared_exact=True fallback_exact=0
[412/1000] numerical=2.415479801 shared_exact=True fallback_exact=0
[413/1000] numerical=2.776212808 shared_exact=True fallback_exact=0
[414/1000] numerical=3.646960445 shared_exact=True fallback_exact=0
[415/1000] numerical=3.753461168 shared_exact=True fallback_exact=0
[416/1000] numerical=3.628764398 shared_exact=True fallback_exact=0
[417/1000] numerical=4.176808532 shared_exact=True fallback_exact=0
[418/1000] numerical=3.446624493 shared_exact=True fallback_exact=0
[419/1000] numerical=4.087004380 shared_exact=True fallback_exact=0
[420/1000] numerical=4.263626410 shared_exact=True fallback_exact=0
[421/1000] numerical=4.270539477 shared_exact=True fallback_exact=0
[422/1000] numerical=3.480571716 shared_exact=True fallback_exact=0
[423/1000] numerical=3.578483556 shared_exact=True fallback_exact=0
[424/1000] numerical=3.668684396 shared_exact=True fallback_exact=0
[425/1000] numerical=3.301393843 shared_exact=True fallback_exact=0
[426/1000] numerical=3.235365977 shared_exact=True fallback_exact=0
[427/1000] numerical=3.628099423 shared_exact=True fallback_exact=0
[428/1000] numerical=3.545648641 shared_exact=True fallback_exact=0
[429/1000] numerical=3.634200475 shared_exact=True fallback_exact=0
[430/1000] numerical=2.905011878 shared_exact=True fallback_exact=0
[431/1000] numerical=2.817358967 shared_exact=True fallback_exact=0
[432/1000] numerical=2.157655311 shared_exact=True fallback_exact=0
[433/1000] numerical=3.418181030 shared_exact=True fallback_exact=0
[434/1000] numerical=3.140979269 shared_exact=True fallback_exact=0
[435/1000] numerical=3.431674781 shared_exact=True fallback_exact=0
[436/1000] numerical=2.830492136 shared_exact=True fallback_exact=0
[437/1000] numerical=2.580244201 shared_exact=True fallback_exact=0
[438/1000] numerical=3.393380370 shared_exact=True fallback_exact=0
[439/1000] numerical=4.090418214 shared_exact=True fallback_exact=0
[440/1000] numerical=4.000008882 shared_exact=True fallback_exact=0
[441/1000] numerical=4.122552800 shared_exact=True fallback_exact=0
[442/1000] numerical=3.413800660 shared_exact=True fallback_exact=0
[443/1000] numerical=3.325755394 shared_exact=True fallback_exact=0
[444/1000] numerical=3.171646395 shared_exact=True fallback_exact=0
[445/1000] numerical=3.424138098 shared_exact=True fallback_exact=0
[446/1000] numerical=3.304580294 shared_exact=True fallback_exact=0
[447/1000] numerical=2.380909114 shared_exact=True fallback_exact=0
[448/1000] numerical=2.593257054 shared_exact=True fallback_exact=0
[449/1000] numerical=3.087178622 shared_exact=True fallback_exact=0
[450/1000] numerical=4.088832348 shared_exact=True fallback_exact=0
[451/1000] numerical=4.000000008 shared_exact=True fallback_exact=0
[452/1000] numerical=3.105483630 shared_exact=True fallback_exact=0
[453/1000] numerical=3.365023057 shared_exact=True fallback_exact=0
[454/1000] numerical=4.127310950 shared_exact=True fallback_exact=0
[455/1000] numerical=4.115386793 shared_exact=True fallback_exact=0
[456/1000] numerical=3.304409168 shared_exact=True fallback_exact=0
[457/1000] numerical=3.317667556 shared_exact=True fallback_exact=0
[458/1000] numerical=3.070452079 shared_exact=True fallback_exact=0
[459/1000] numerical=3.337707323 shared_exact=True fallback_exact=0
[460/1000] numerical=3.392707637 shared_exact=True fallback_exact=0
[461/1000] numerical=2.652632962 shared_exact=True fallback_exact=0
[462/1000] numerical=3.544738480 shared_exact=True fallback_exact=0
[463/1000] numerical=2.687367274 shared_exact=True fallback_exact=0
[464/1000] numerical=1.977182431 shared_exact=True fallback_exact=0
[465/1000] numerical=1.926335425 shared_exact=True fallback_exact=0
[466/1000] numerical=2.365981921 shared_exact=True fallback_exact=0
[467/1000] numerical=3.268424914 shared_exact=True fallback_exact=0
[468/1000] numerical=2.322498383 shared_exact=True fallback_exact=0
[469/1000] numerical=3.102788332 shared_exact=True fallback_exact=0
[470/1000] numerical=3.175335676 shared_exact=True fallback_exact=0
[471/1000] numerical=3.140822762 shared_exact=True fallback_exact=0
[472/1000] numerical=2.318937962 shared_exact=True fallback_exact=0
[473/1000] numerical=2.357129952 shared_exact=True fallback_exact=0
[474/1000] numerical=3.122094103 shared_exact=True fallback_exact=0
[475/1000] numerical=4.344143877 shared_exact=True fallback_exact=0
[476/1000] numerical=4.270774838 shared_exact=True fallback_exact=0
[477/1000] numerical=4.123602857 shared_exact=True fallback_exact=0
[478/1000] numerical=4.085611352 shared_exact=True fallback_exact=0
[479/1000] numerical=4.286191807 shared_exact=True fallback_exact=0
[480/1000] numerical=4.116180253 shared_exact=True fallback_exact=0
[481/1000] numerical=3.121321253 shared_exact=True fallback_exact=0
[482/1000] numerical=3.313046785 shared_exact=True fallback_exact=0
[483/1000] numerical=2.410090233 shared_exact=True fallback_exact=0
[484/1000] numerical=3.229112664 shared_exact=True fallback_exact=0
[485/1000] numerical=2.219665811 shared_exact=True fallback_exact=0
[486/1000] numerical=2.452698953 shared_exact=True fallback_exact=0
[487/1000] numerical=3.254739393 shared_exact=True fallback_exact=0
[488/1000] numerical=4.197250552 shared_exact=True fallback_exact=0
[489/1000] numerical=4.075087991 shared_exact=True fallback_exact=0
[490/1000] numerical=3.394396094 shared_exact=True fallback_exact=0
[491/1000] numerical=3.278538370 shared_exact=True fallback_exact=0
[492/1000] numerical=4.344143877 shared_exact=True fallback_exact=0
[493/1000] numerical=4.297733971 shared_exact=True fallback_exact=0
[494/1000] numerical=4.052557302 shared_exact=True fallback_exact=0
[495/1000] numerical=4.270960956 shared_exact=True fallback_exact=0
[496/1000] numerical=3.565107012 shared_exact=True fallback_exact=0
[497/1000] numerical=3.342518893 shared_exact=True fallback_exact=0
[498/1000] numerical=2.693233617 shared_exact=True fallback_exact=0
[499/1000] numerical=4.270774838 shared_exact=True fallback_exact=0
[500/1000] numerical=4.306609181 shared_exact=True fallback_exact=0
checkpoint=/workspace/positive-square-energy/experiments/rank7_order8_chunk_024000_025000.r7o8g.xz.fragments/fragment-024000-024500.r7o8g.xz rows=500
[501/1000] numerical=4.143271269 shared_exact=True fallback_exact=0
[502/1000] numerical=4.377666621 shared_exact=True fallback_exact=0
[503/1000] numerical=3.686844928 shared_exact=True fallback_exact=0
[504/1000] numerical=3.467067267 shared_exact=True fallback_exact=0
[505/1000] numerical=2.834573199 shared_exact=True fallback_exact=0
[506/1000] numerical=4.085612699 shared_exact=True fallback_exact=0
[507/1000] numerical=4.286324698 shared_exact=True fallback_exact=0
[508/1000] numerical=4.116179448 shared_exact=True fallback_exact=0
[509/1000] numerical=3.121321253 shared_exact=True fallback_exact=0
[510/1000] numerical=3.313046785 shared_exact=True fallback_exact=0
[511/1000] numerical=2.410090233 shared_exact=True fallback_exact=0
[512/1000] numerical=3.280712617 shared_exact=True fallback_exact=0
[513/1000] numerical=4.357303910 shared_exact=True fallback_exact=0
[514/1000] numerical=4.170201852 shared_exact=True fallback_exact=0
[515/1000] numerical=3.090408503 shared_exact=True fallback_exact=0
[516/1000] numerical=3.692033782 shared_exact=True fallback_exact=0
[517/1000] numerical=4.295239929 shared_exact=True fallback_exact=0
[518/1000] numerical=4.136846086 shared_exact=True fallback_exact=0
[519/1000] numerical=3.578279469 shared_exact=True fallback_exact=0
[520/1000] numerical=3.161050329 shared_exact=True fallback_exact=0
[521/1000] numerical=3.272068749 shared_exact=True fallback_exact=0
[522/1000] numerical=2.197158627 shared_exact=True fallback_exact=0
[523/1000] numerical=3.386662566 shared_exact=True fallback_exact=0
[524/1000] numerical=3.299155759 shared_exact=True fallback_exact=0
[525/1000] numerical=2.615912265 shared_exact=True fallback_exact=0
[526/1000] numerical=2.415263567 shared_exact=True fallback_exact=0
[527/1000] numerical=3.323340340 shared_exact=True fallback_exact=0
[528/1000] numerical=3.304633858 shared_exact=True fallback_exact=0
[529/1000] numerical=2.564233712 shared_exact=True fallback_exact=0
[530/1000] numerical=2.288068931 shared_exact=True fallback_exact=0
[531/1000] numerical=3.604383729 shared_exact=True fallback_exact=0
[532/1000] numerical=2.912317945 shared_exact=True fallback_exact=0
[533/1000] numerical=2.751660127 shared_exact=True fallback_exact=0
[534/1000] numerical=3.229110246 shared_exact=True fallback_exact=0
[535/1000] numerical=2.219665811 shared_exact=True fallback_exact=0
[536/1000] numerical=2.452698953 shared_exact=True fallback_exact=0
[537/1000] numerical=3.381805881 shared_exact=True fallback_exact=0
[538/1000] numerical=2.318888159 shared_exact=True fallback_exact=0
[539/1000] numerical=3.459966097 shared_exact=True fallback_exact=0
[540/1000] numerical=3.312015975 shared_exact=True fallback_exact=0
[541/1000] numerical=2.736583283 shared_exact=True fallback_exact=0
[542/1000] numerical=2.351710350 shared_exact=True fallback_exact=0
[543/1000] numerical=2.543800746 shared_exact=True fallback_exact=0
[544/1000] numerical=2.516058545 shared_exact=True fallback_exact=0
[545/1000] numerical=2.443038950 shared_exact=True fallback_exact=0
[546/1000] numerical=1.575652242 shared_exact=True fallback_exact=0
[547/1000] numerical=3.286524529 shared_exact=True fallback_exact=0
[548/1000] numerical=2.393729556 shared_exact=True fallback_exact=0
[549/1000] numerical=2.599775495 shared_exact=True fallback_exact=0
[550/1000] numerical=2.333078859 shared_exact=True fallback_exact=0
[551/1000] numerical=3.222271888 shared_exact=True fallback_exact=0
[552/1000] numerical=3.290939414 shared_exact=True fallback_exact=0
[553/1000] numerical=2.633999755 shared_exact=True fallback_exact=0
[554/1000] numerical=2.472973636 shared_exact=True fallback_exact=0
[555/1000] numerical=3.533761444 shared_exact=True fallback_exact=0
[556/1000] numerical=2.891128056 shared_exact=True fallback_exact=0
[557/1000] numerical=2.767792906 shared_exact=True fallback_exact=0
[558/1000] numerical=3.286524529 shared_exact=True fallback_exact=0
[559/1000] numerical=2.393729556 shared_exact=True fallback_exact=0
[560/1000] numerical=2.599775495 shared_exact=True fallback_exact=0
[561/1000] numerical=3.312025697 shared_exact=True fallback_exact=0
[562/1000] numerical=2.314384341 shared_exact=True fallback_exact=0
[563/1000] numerical=3.489061195 shared_exact=True fallback_exact=0
[564/1000] numerical=3.400411175 shared_exact=True fallback_exact=0
[565/1000] numerical=2.717987961 shared_exact=True fallback_exact=0
[566/1000] numerical=2.513020858 shared_exact=True fallback_exact=0
[567/1000] numerical=2.404133367 shared_exact=True fallback_exact=0
[568/1000] numerical=2.690048326 shared_exact=True fallback_exact=0
[569/1000] numerical=2.664333302 shared_exact=True fallback_exact=0
[570/1000] numerical=1.847706886 shared_exact=True fallback_exact=0
[571/1000] numerical=2.327300629 shared_exact=True fallback_exact=0
[572/1000] numerical=2.847667467 shared_exact=True fallback_exact=0
[573/1000] numerical=2.333078859 shared_exact=True fallback_exact=0
[574/1000] numerical=2.608460793 shared_exact=True fallback_exact=0
[575/1000] numerical=2.735279464 shared_exact=True fallback_exact=0
[576/1000] numerical=2.649162916 shared_exact=True fallback_exact=0
[577/1000] numerical=1.765316110 shared_exact=True fallback_exact=0
[578/1000] numerical=1.875563859 shared_exact=True fallback_exact=0
[579/1000] numerical=3.769436084 shared_exact=True fallback_exact=0
[580/1000] numerical=3.895564846 shared_exact=True fallback_exact=0
[581/1000] numerical=2.895923934 shared_exact=True fallback_exact=0
[582/1000] numerical=2.939993293 shared_exact=True fallback_exact=0
[583/1000] numerical=3.558001916 shared_exact=True fallback_exact=0
[584/1000] numerical=3.000000000 shared_exact=True fallback_exact=0
[585/1000] numerical=3.874358056 shared_exact=True fallback_exact=0
[586/1000] numerical=3.674614057 shared_exact=True fallback_exact=0
[587/1000] numerical=3.783154711 shared_exact=True fallback_exact=0
[588/1000] numerical=3.672535535 shared_exact=True fallback_exact=0
[589/1000] numerical=3.722109884 shared_exact=True fallback_exact=0
[590/1000] numerical=2.890036214 shared_exact=True fallback_exact=0
[591/1000] numerical=2.703958054 shared_exact=True fallback_exact=0
[592/1000] numerical=1.901674898 shared_exact=True fallback_exact=0
[593/1000] numerical=2.911571203 shared_exact=True fallback_exact=0
[594/1000] numerical=2.197238536 shared_exact=True fallback_exact=0
[595/1000] numerical=1.873960884 shared_exact=True fallback_exact=0
[596/1000] numerical=3.627457403 shared_exact=True fallback_exact=0
[597/1000] numerical=4.268807505 shared_exact=True fallback_exact=0
[598/1000] numerical=4.269554267 shared_exact=True fallback_exact=0
[599/1000] numerical=4.334228102 shared_exact=True fallback_exact=0
[600/1000] numerical=4.336651822 shared_exact=True fallback_exact=0
[601/1000] numerical=3.392627659 shared_exact=True fallback_exact=0
[602/1000] numerical=3.501269186 shared_exact=True fallback_exact=0
[603/1000] numerical=2.564135766 shared_exact=True fallback_exact=0
[604/1000] numerical=3.533547082 shared_exact=True fallback_exact=0
[605/1000] numerical=2.676263096 shared_exact=True fallback_exact=0
[606/1000] numerical=2.764908548 shared_exact=True fallback_exact=0
[607/1000] numerical=3.104184472 shared_exact=True fallback_exact=0
[608/1000] numerical=4.090951641 shared_exact=True fallback_exact=0
[609/1000] numerical=4.187318368 shared_exact=True fallback_exact=0
[610/1000] numerical=4.113277702 shared_exact=True fallback_exact=0
[611/1000] numerical=4.097778037 shared_exact=True fallback_exact=0
[612/1000] numerical=3.233510233 shared_exact=True fallback_exact=0
[613/1000] numerical=3.097856103 shared_exact=True fallback_exact=0
[614/1000] numerical=3.169755533 shared_exact=True fallback_exact=0
[615/1000] numerical=3.805079125 shared_exact=True fallback_exact=0
[616/1000] numerical=3.683889916 shared_exact=True fallback_exact=0
[617/1000] numerical=3.714754704 shared_exact=True fallback_exact=0
[618/1000] numerical=3.670919163 shared_exact=True fallback_exact=0
[619/1000] numerical=3.796203428 shared_exact=True fallback_exact=0
[620/1000] numerical=3.069837313 shared_exact=True fallback_exact=0
[621/1000] numerical=2.898318509 shared_exact=True fallback_exact=0
[622/1000] numerical=2.251778505 shared_exact=True fallback_exact=0
[623/1000] numerical=2.996224528 shared_exact=True fallback_exact=0
[624/1000] numerical=2.355553619 shared_exact=True fallback_exact=0
[625/1000] numerical=2.156671263 shared_exact=True fallback_exact=0
[626/1000] numerical=3.103822097 shared_exact=True fallback_exact=0
[627/1000] numerical=3.000000000 shared_exact=True fallback_exact=0
[628/1000] numerical=3.122357808 shared_exact=True fallback_exact=0
[629/1000] numerical=2.413143917 shared_exact=True fallback_exact=0
[630/1000] numerical=2.317750119 shared_exact=True fallback_exact=0
[631/1000] numerical=3.123293637 shared_exact=True fallback_exact=0
[632/1000] numerical=4.144505983 shared_exact=True fallback_exact=0
[633/1000] numerical=4.089662310 shared_exact=True fallback_exact=0
[634/1000] numerical=4.086553711 shared_exact=True fallback_exact=0
[635/1000] numerical=4.199809106 shared_exact=True fallback_exact=0
[636/1000] numerical=3.453256095 shared_exact=True fallback_exact=0
[637/1000] numerical=3.423334507 shared_exact=True fallback_exact=0
[638/1000] numerical=3.257461742 shared_exact=True fallback_exact=0
[639/1000] numerical=3.826747944 shared_exact=True fallback_exact=0
[640/1000] numerical=4.561553793 shared_exact=True fallback_exact=0
[641/1000] numerical=4.624352682 shared_exact=True fallback_exact=0
[642/1000] numerical=4.626387301 shared_exact=True fallback_exact=0
[643/1000] numerical=3.690549396 shared_exact=True fallback_exact=0
[644/1000] numerical=3.818828829 shared_exact=True fallback_exact=0
[645/1000] numerical=3.563119627 shared_exact=True fallback_exact=0
[646/1000] numerical=4.561572877 shared_exact=True fallback_exact=0
[647/1000] numerical=4.563878021 shared_exact=True fallback_exact=0
[648/1000] numerical=3.562786653 shared_exact=True fallback_exact=0
[649/1000] numerical=3.702113656 shared_exact=True fallback_exact=0
[650/1000] numerical=3.788142973 shared_exact=True fallback_exact=0
[651/1000] numerical=3.629541983 shared_exact=True fallback_exact=0
[652/1000] numerical=3.682256820 shared_exact=True fallback_exact=0
[653/1000] numerical=2.906471394 shared_exact=True fallback_exact=0
[654/1000] numerical=2.718393993 shared_exact=True fallback_exact=0
[655/1000] numerical=3.066805103 shared_exact=True fallback_exact=0
[656/1000] numerical=2.883553378 shared_exact=True fallback_exact=0
[657/1000] numerical=3.066810806 shared_exact=True fallback_exact=0
[658/1000] numerical=2.888587468 shared_exact=True fallback_exact=0
[659/1000] numerical=2.269134271 shared_exact=True fallback_exact=0
[660/1000] numerical=2.099895316 shared_exact=True fallback_exact=0
[661/1000] numerical=4.185672987 shared_exact=True fallback_exact=0
[662/1000] numerical=4.002421224 shared_exact=True fallback_exact=0
[663/1000] numerical=3.537703481 shared_exact=True fallback_exact=0
[664/1000] numerical=3.354620221 shared_exact=True fallback_exact=0
[665/1000] numerical=4.485856726 shared_exact=True fallback_exact=0
[666/1000] numerical=4.302613030 shared_exact=True fallback_exact=0
[667/1000] numerical=3.537623670 shared_exact=True fallback_exact=0
[668/1000] numerical=3.354456255 shared_exact=True fallback_exact=0
[669/1000] numerical=3.838373726 shared_exact=True fallback_exact=0
[670/1000] numerical=3.667867300 shared_exact=True fallback_exact=0
[671/1000] numerical=3.231612891 shared_exact=True fallback_exact=0
[672/1000] numerical=3.830371399 shared_exact=True fallback_exact=0
[673/1000] numerical=3.647109824 shared_exact=True fallback_exact=0
[674/1000] numerical=3.117224019 shared_exact=True fallback_exact=0
[675/1000] numerical=2.563087054 shared_exact=True fallback_exact=0
[676/1000] numerical=2.830743727 shared_exact=True fallback_exact=0
[677/1000] numerical=2.654493443 shared_exact=True fallback_exact=0
[678/1000] numerical=3.917194168 shared_exact=True fallback_exact=0
[679/1000] numerical=3.576752435 shared_exact=True fallback_exact=0
[680/1000] numerical=3.330988536 shared_exact=True fallback_exact=0
[681/1000] numerical=3.490630519 shared_exact=True fallback_exact=0
[682/1000] numerical=3.950308650 shared_exact=True fallback_exact=0
[683/1000] numerical=3.359552675 shared_exact=True fallback_exact=0
[684/1000] numerical=2.939592280 shared_exact=True fallback_exact=0
[685/1000] numerical=3.364025098 shared_exact=True fallback_exact=0
[686/1000] numerical=2.884403985 shared_exact=True fallback_exact=0
[687/1000] numerical=2.494898174 shared_exact=True fallback_exact=0
[688/1000] numerical=3.917369321 shared_exact=True fallback_exact=0
[689/1000] numerical=3.491960431 shared_exact=True fallback_exact=0
[690/1000] numerical=3.490718034 shared_exact=True fallback_exact=0
[691/1000] numerical=3.231928097 shared_exact=True fallback_exact=0
[692/1000] numerical=3.382685369 shared_exact=True fallback_exact=0
[693/1000] numerical=3.359749085 shared_exact=True fallback_exact=0
[694/1000] numerical=3.133998559 shared_exact=True fallback_exact=0
[695/1000] numerical=3.471033870 shared_exact=True fallback_exact=0
[696/1000] numerical=2.959938485 shared_exact=True fallback_exact=0
[697/1000] numerical=2.753013199 shared_exact=True fallback_exact=0
[698/1000] numerical=2.562819529 shared_exact=True fallback_exact=0
[699/1000] numerical=2.380708550 shared_exact=True fallback_exact=0
[700/1000] numerical=2.707825536 shared_exact=True fallback_exact=0
[701/1000] numerical=2.192774941 shared_exact=True fallback_exact=0
[702/1000] numerical=2.005802060 shared_exact=True fallback_exact=0
[703/1000] numerical=4.256875871 shared_exact=True fallback_exact=0
[704/1000] numerical=3.837630836 shared_exact=True fallback_exact=0
[705/1000] numerical=3.171843658 shared_exact=True fallback_exact=0
[706/1000] numerical=3.752437741 shared_exact=True fallback_exact=0
[707/1000] numerical=3.894375288 shared_exact=True fallback_exact=0
[708/1000] numerical=3.457117711 shared_exact=True fallback_exact=0
[709/1000] numerical=3.330993093 shared_exact=True fallback_exact=0
[710/1000] numerical=3.830360248 shared_exact=True fallback_exact=0
[711/1000] numerical=3.336481899 shared_exact=True fallback_exact=0
[712/1000] numerical=4.478421251 shared_exact=True fallback_exact=0
[713/1000] numerical=4.018269786 shared_exact=True fallback_exact=0
[714/1000] numerical=4.478473704 shared_exact=True fallback_exact=0
[715/1000] numerical=4.002423846 shared_exact=True fallback_exact=0
[716/1000] numerical=3.541217024 shared_exact=True fallback_exact=0
[717/1000] numerical=2.563214206 shared_exact=True fallback_exact=0
[718/1000] numerical=3.852734070 shared_exact=True fallback_exact=0
[719/1000] numerical=3.359553121 shared_exact=True fallback_exact=0
[720/1000] numerical=3.830752280 shared_exact=True fallback_exact=0
[721/1000] numerical=3.362206462 shared_exact=True fallback_exact=0
[722/1000] numerical=3.830364547 shared_exact=True fallback_exact=0
[723/1000] numerical=3.354361918 shared_exact=True fallback_exact=0
[724/1000] numerical=2.860307684 shared_exact=True fallback_exact=0
[725/1000] numerical=3.752237846 shared_exact=True fallback_exact=0
[726/1000] numerical=3.172094899 shared_exact=True fallback_exact=0
[727/1000] numerical=3.852050341 shared_exact=True fallback_exact=0
[728/1000] numerical=4.123153043 shared_exact=True fallback_exact=0
[729/1000] numerical=3.855809445 shared_exact=True fallback_exact=0
[730/1000] numerical=4.778601801 shared_exact=True fallback_exact=0
[731/1000] numerical=4.318080487 shared_exact=True fallback_exact=0
[732/1000] numerical=4.778698895 shared_exact=True fallback_exact=0
[733/1000] numerical=4.302605444 shared_exact=True fallback_exact=0
[734/1000] numerical=3.836277800 shared_exact=True fallback_exact=0
[735/1000] numerical=2.708881491 shared_exact=True fallback_exact=0
[736/1000] numerical=3.830408510 shared_exact=True fallback_exact=0
[737/1000] numerical=3.523143443 shared_exact=True fallback_exact=0
[738/1000] numerical=3.886349512 shared_exact=True fallback_exact=0
[739/1000] numerical=3.385993483 shared_exact=True fallback_exact=0
[740/1000] numerical=3.123708187 shared_exact=True fallback_exact=0
[741/1000] numerical=3.123147371 shared_exact=True fallback_exact=0
[742/1000] numerical=3.647157602 shared_exact=True fallback_exact=0
[743/1000] numerical=4.123106019 shared_exact=True fallback_exact=0
[744/1000] numerical=3.647108434 shared_exact=True fallback_exact=0
[745/1000] numerical=3.252531039 shared_exact=True fallback_exact=0
[746/1000] numerical=2.699835154 shared_exact=True fallback_exact=0
[747/1000] numerical=3.723843160 shared_exact=True fallback_exact=0
[748/1000] numerical=4.134229343 shared_exact=True fallback_exact=0
[749/1000] numerical=2.696287254 shared_exact=True fallback_exact=0
[750/1000] numerical=3.650969392 shared_exact=True fallback_exact=0
[751/1000] numerical=3.123231826 shared_exact=True fallback_exact=0
[752/1000] numerical=2.961049672 shared_exact=True fallback_exact=0
[753/1000] numerical=3.288039416 shared_exact=True fallback_exact=0
[754/1000] numerical=2.772009040 shared_exact=True fallback_exact=0
[755/1000] numerical=2.822937286 shared_exact=True fallback_exact=0
[756/1000] numerical=2.782508237 shared_exact=True fallback_exact=0
[757/1000] numerical=2.348440272 shared_exact=True fallback_exact=0
[758/1000] numerical=2.150575391 shared_exact=True fallback_exact=0
[759/1000] numerical=3.386589155 shared_exact=True fallback_exact=0
[760/1000] numerical=3.311552997 shared_exact=True fallback_exact=0
[761/1000] numerical=3.150342777 shared_exact=True fallback_exact=0
[762/1000] numerical=3.382983730 shared_exact=True fallback_exact=0
[763/1000] numerical=3.381981350 shared_exact=True fallback_exact=0
[764/1000] numerical=3.045390051 shared_exact=True fallback_exact=0
[765/1000] numerical=2.933534450 shared_exact=True fallback_exact=0
[766/1000] numerical=2.699388351 shared_exact=True fallback_exact=0
[767/1000] numerical=2.704502416 shared_exact=True fallback_exact=0
[768/1000] numerical=2.087870950 shared_exact=True fallback_exact=0
[769/1000] numerical=2.808929394 shared_exact=True fallback_exact=0
[770/1000] numerical=2.769885015 shared_exact=True fallback_exact=0
[771/1000] numerical=2.011668208 shared_exact=True fallback_exact=0
[772/1000] numerical=1.957833156 shared_exact=True fallback_exact=0
[773/1000] numerical=2.090281791 shared_exact=True fallback_exact=0
[774/1000] numerical=2.020665836 shared_exact=True fallback_exact=0
[775/1000] numerical=3.684647767 shared_exact=True fallback_exact=0
[776/1000] numerical=3.326844415 shared_exact=True fallback_exact=0
[777/1000] numerical=3.638200315 shared_exact=True fallback_exact=0
[778/1000] numerical=3.425002366 shared_exact=True fallback_exact=0
[779/1000] numerical=2.975743237 shared_exact=True fallback_exact=0
[780/1000] numerical=2.760234143 shared_exact=True fallback_exact=0
[781/1000] numerical=3.005987092 shared_exact=True fallback_exact=0
[782/1000] numerical=2.457710928 shared_exact=True fallback_exact=0
[783/1000] numerical=2.226648720 shared_exact=True fallback_exact=0
[784/1000] numerical=3.647681767 shared_exact=True fallback_exact=0
[785/1000] numerical=3.246796772 shared_exact=True fallback_exact=0
[786/1000] numerical=3.468736665 shared_exact=True fallback_exact=0
[787/1000] numerical=3.281808417 shared_exact=True fallback_exact=0
[788/1000] numerical=3.281027101 shared_exact=True fallback_exact=0
[789/1000] numerical=3.426666039 shared_exact=True fallback_exact=0
[790/1000] numerical=3.132064921 shared_exact=True fallback_exact=0
[791/1000] numerical=3.381440185 shared_exact=True fallback_exact=0
[792/1000] numerical=3.837843501 shared_exact=True fallback_exact=0
[793/1000] numerical=3.298134672 shared_exact=True fallback_exact=0
[794/1000] numerical=3.130114022 shared_exact=True fallback_exact=0
[795/1000] numerical=3.591474577 shared_exact=True fallback_exact=0
[796/1000] numerical=3.112333613 shared_exact=True fallback_exact=0
[797/1000] numerical=2.952552182 shared_exact=True fallback_exact=0
[798/1000] numerical=3.183029096 shared_exact=True fallback_exact=0
[799/1000] numerical=3.638956819 shared_exact=True fallback_exact=0
[800/1000] numerical=3.647946577 shared_exact=True fallback_exact=0
[801/1000] numerical=2.673502062 shared_exact=True fallback_exact=0
[802/1000] numerical=3.358523298 shared_exact=True fallback_exact=0
[803/1000] numerical=3.325671460 shared_exact=True fallback_exact=0
[804/1000] numerical=2.825818429 shared_exact=True fallback_exact=0
[805/1000] numerical=3.343946892 shared_exact=True fallback_exact=0
[806/1000] numerical=2.906397874 shared_exact=True fallback_exact=0
[807/1000] numerical=2.512367975 shared_exact=True fallback_exact=0
[808/1000] numerical=3.067123729 shared_exact=True fallback_exact=0
[809/1000] numerical=3.240879611 shared_exact=True fallback_exact=0
[810/1000] numerical=3.063915163 shared_exact=True fallback_exact=0
[811/1000] numerical=3.384053155 shared_exact=True fallback_exact=0
[812/1000] numerical=2.871602238 shared_exact=True fallback_exact=0
[813/1000] numerical=2.701217101 shared_exact=True fallback_exact=0
[814/1000] numerical=1.684794041 shared_exact=True fallback_exact=0
[815/1000] numerical=2.150780248 shared_exact=True fallback_exact=0
[816/1000] numerical=2.670635192 shared_exact=True fallback_exact=0
[817/1000] numerical=2.229321280 shared_exact=True fallback_exact=0
[818/1000] numerical=2.032079942 shared_exact=True fallback_exact=0
[819/1000] numerical=1.486742845 shared_exact=True fallback_exact=0
[820/1000] numerical=2.500988983 shared_exact=True fallback_exact=0
[821/1000] numerical=2.917156054 shared_exact=True fallback_exact=0
[822/1000] numerical=1.482158665 shared_exact=True fallback_exact=0
[823/1000] numerical=2.443581932 shared_exact=True fallback_exact=0
[824/1000] numerical=1.678792074 shared_exact=True fallback_exact=0
[825/1000] numerical=1.923308600 shared_exact=True fallback_exact=0
[826/1000] numerical=2.293200821 shared_exact=True fallback_exact=0
[827/1000] numerical=1.801835611 shared_exact=True fallback_exact=0
[828/1000] numerical=2.861410989 shared_exact=True fallback_exact=0
[829/1000] numerical=2.861410926 shared_exact=True fallback_exact=0
[830/1000] numerical=2.082068417 shared_exact=True fallback_exact=0
[831/1000] numerical=3.406350094 shared_exact=True fallback_exact=0
[832/1000] numerical=3.200527922 shared_exact=True fallback_exact=0
[833/1000] numerical=3.044267662 shared_exact=True fallback_exact=0
[834/1000] numerical=3.585669197 shared_exact=True fallback_exact=0
[835/1000] numerical=3.004029839 shared_exact=True fallback_exact=0
[836/1000] numerical=2.905656030 shared_exact=True fallback_exact=0
[837/1000] numerical=3.160247601 shared_exact=True fallback_exact=0
[838/1000] numerical=3.118944906 shared_exact=True fallback_exact=0
[839/1000] numerical=2.254403251 shared_exact=True fallback_exact=0
[840/1000] numerical=2.474130330 shared_exact=True fallback_exact=0
[841/1000] numerical=3.406350093 shared_exact=True fallback_exact=0
[842/1000] numerical=3.200350418 shared_exact=True fallback_exact=0
[843/1000] numerical=3.044267325 shared_exact=True fallback_exact=0
[844/1000] numerical=3.004020906 shared_exact=True fallback_exact=0
[845/1000] numerical=3.160241697 shared_exact=True fallback_exact=0
[846/1000] numerical=2.905657328 shared_exact=True fallback_exact=0
[847/1000] numerical=3.118956033 shared_exact=True fallback_exact=0
[848/1000] numerical=2.474133985 shared_exact=True fallback_exact=0
[849/1000] numerical=2.254403251 shared_exact=True fallback_exact=0
[850/1000] numerical=2.762878214 shared_exact=True fallback_exact=0
[851/1000] numerical=2.365362216 shared_exact=True fallback_exact=0
[852/1000] numerical=2.365362216 shared_exact=True fallback_exact=0
[853/1000] numerical=2.493251491 shared_exact=True fallback_exact=0
[854/1000] numerical=1.794687304 shared_exact=True fallback_exact=0
[855/1000] numerical=1.794687304 shared_exact=True fallback_exact=0
[856/1000] numerical=3.937792611 shared_exact=True fallback_exact=0
[857/1000] numerical=3.296123304 shared_exact=True fallback_exact=0
[858/1000] numerical=3.296124501 shared_exact=True fallback_exact=0
[859/1000] numerical=4.233002074 shared_exact=True fallback_exact=0
[860/1000] numerical=3.682581548 shared_exact=True fallback_exact=0
[861/1000] numerical=3.682617678 shared_exact=True fallback_exact=0
[862/1000] numerical=3.568780446 shared_exact=True fallback_exact=0
[863/1000] numerical=2.626705097 shared_exact=True fallback_exact=0
[864/1000] numerical=2.626717145 shared_exact=True fallback_exact=0
[865/1000] numerical=3.727245450 shared_exact=True fallback_exact=0
[866/1000] numerical=3.668851026 shared_exact=True fallback_exact=0
[867/1000] numerical=2.896994405 shared_exact=True fallback_exact=0
[868/1000] numerical=2.874972691 shared_exact=True fallback_exact=0
[869/1000] numerical=2.874972691 shared_exact=True fallback_exact=0
[870/1000] numerical=3.270275673 shared_exact=True fallback_exact=0
[871/1000] numerical=3.959008526 shared_exact=True fallback_exact=0
[872/1000] numerical=3.959008650 shared_exact=True fallback_exact=0
[873/1000] numerical=4.042469485 shared_exact=True fallback_exact=0
[874/1000] numerical=3.269081899 shared_exact=True fallback_exact=0
[875/1000] numerical=3.269081899 shared_exact=True fallback_exact=0
[876/1000] numerical=2.718155190 shared_exact=True fallback_exact=0
[877/1000] numerical=3.228450833 shared_exact=True fallback_exact=0
[878/1000] numerical=3.642421353 shared_exact=True fallback_exact=0
[879/1000] numerical=2.368476059 shared_exact=True fallback_exact=0
[880/1000] numerical=2.936888100 shared_exact=True fallback_exact=0
[881/1000] numerical=3.396854824 shared_exact=True fallback_exact=0
[882/1000] numerical=3.335302615 shared_exact=True fallback_exact=0
[883/1000] numerical=3.504355698 shared_exact=True fallback_exact=0
[884/1000] numerical=3.655510109 shared_exact=True fallback_exact=0
[885/1000] numerical=2.875789921 shared_exact=True fallback_exact=0
[886/1000] numerical=3.037911076 shared_exact=True fallback_exact=0
[887/1000] numerical=2.718155190 shared_exact=True fallback_exact=0
[888/1000] numerical=3.228451559 shared_exact=True fallback_exact=0
[889/1000] numerical=3.642421353 shared_exact=True fallback_exact=0
[890/1000] numerical=2.368476059 shared_exact=True fallback_exact=0
[891/1000] numerical=3.396851859 shared_exact=True fallback_exact=0
[892/1000] numerical=3.504315425 shared_exact=True fallback_exact=0
[893/1000] numerical=3.335319590 shared_exact=True fallback_exact=0
[894/1000] numerical=3.655510106 shared_exact=True fallback_exact=0
[895/1000] numerical=3.037911076 shared_exact=True fallback_exact=0
[896/1000] numerical=2.875789921 shared_exact=True fallback_exact=0
[897/1000] numerical=3.568501619 shared_exact=True fallback_exact=0
[898/1000] numerical=4.256062148 shared_exact=True fallback_exact=0
[899/1000] numerical=4.256062308 shared_exact=True fallback_exact=0
[900/1000] numerical=4.333234679 shared_exact=True fallback_exact=0
[901/1000] numerical=3.543539166 shared_exact=True fallback_exact=0
[902/1000] numerical=3.543539166 shared_exact=True fallback_exact=0
[903/1000] numerical=2.690862320 shared_exact=True fallback_exact=0
[904/1000] numerical=3.566762547 shared_exact=True fallback_exact=0
[905/1000] numerical=3.734405937 shared_exact=True fallback_exact=0
[906/1000] numerical=3.012622013 shared_exact=True fallback_exact=0
[907/1000] numerical=2.690862320 shared_exact=True fallback_exact=0
[908/1000] numerical=3.735651894 shared_exact=True fallback_exact=0
[909/1000] numerical=4.009761493 shared_exact=True fallback_exact=0
[910/1000] numerical=2.689398946 shared_exact=True fallback_exact=0
[911/1000] numerical=3.337164390 shared_exact=True fallback_exact=0
[912/1000] numerical=2.689398946 shared_exact=True fallback_exact=0
[913/1000] numerical=3.012741155 shared_exact=True fallback_exact=0
[914/1000] numerical=3.337164390 shared_exact=True fallback_exact=0
[915/1000] numerical=2.706175981 shared_exact=True fallback_exact=0
[916/1000] numerical=2.527542317 shared_exact=True fallback_exact=0
[917/1000] numerical=2.766617644 shared_exact=True fallback_exact=0
[918/1000] numerical=2.891102432 shared_exact=True fallback_exact=0
[919/1000] numerical=2.727092659 shared_exact=True fallback_exact=0
[920/1000] numerical=3.071720097 shared_exact=True fallback_exact=0
[921/1000] numerical=2.883870051 shared_exact=True fallback_exact=0
[922/1000] numerical=2.386280266 shared_exact=True fallback_exact=0
[923/1000] numerical=2.181127548 shared_exact=True fallback_exact=0
[924/1000] numerical=3.742786717 shared_exact=True fallback_exact=0
[925/1000] numerical=3.590355836 shared_exact=True fallback_exact=0
[926/1000] numerical=3.389550902 shared_exact=True fallback_exact=0
[927/1000] numerical=3.809987478 shared_exact=True fallback_exact=0
[928/1000] numerical=3.760807176 shared_exact=True fallback_exact=0
[929/1000] numerical=3.614202104 shared_exact=True fallback_exact=0
[930/1000] numerical=3.398089511 shared_exact=True fallback_exact=0
[931/1000] numerical=3.402950872 shared_exact=True fallback_exact=0
[932/1000] numerical=3.367420415 shared_exact=True fallback_exact=0
[933/1000] numerical=2.654102630 shared_exact=True fallback_exact=0
[934/1000] numerical=2.626484031 shared_exact=True fallback_exact=0
[935/1000] numerical=3.805515333 shared_exact=True fallback_exact=0
[936/1000] numerical=3.761875230 shared_exact=True fallback_exact=0
[937/1000] numerical=3.090605361 shared_exact=True fallback_exact=0
[938/1000] numerical=3.022290597 shared_exact=True fallback_exact=0
[939/1000] numerical=3.703311297 shared_exact=True fallback_exact=0
[940/1000] numerical=3.570458700 shared_exact=True fallback_exact=0
[941/1000] numerical=2.840801212 shared_exact=True fallback_exact=0
[942/1000] numerical=3.504312464 shared_exact=True fallback_exact=0
[943/1000] numerical=3.368287822 shared_exact=True fallback_exact=0
[944/1000] numerical=2.749968494 shared_exact=True fallback_exact=0
[945/1000] numerical=2.409555769 shared_exact=True fallback_exact=0
[946/1000] numerical=2.408374448 shared_exact=True fallback_exact=0
[947/1000] numerical=2.298237316 shared_exact=True fallback_exact=0
[948/1000] numerical=3.467047422 shared_exact=True fallback_exact=0
[949/1000] numerical=3.373699408 shared_exact=True fallback_exact=0
[950/1000] numerical=3.544378938 shared_exact=True fallback_exact=0
[951/1000] numerical=2.862888575 shared_exact=True fallback_exact=0
[952/1000] numerical=3.724526754 shared_exact=True fallback_exact=0
[953/1000] numerical=3.569201208 shared_exact=True fallback_exact=0
[954/1000] numerical=3.522884771 shared_exact=True fallback_exact=0
[955/1000] numerical=3.516062789 shared_exact=True fallback_exact=0
[956/1000] numerical=3.275381617 shared_exact=True fallback_exact=0
[957/1000] numerical=3.171047173 shared_exact=True fallback_exact=0
[958/1000] numerical=3.708305588 shared_exact=True fallback_exact=0
[959/1000] numerical=3.447171805 shared_exact=True fallback_exact=0
[960/1000] numerical=2.840131832 shared_exact=True fallback_exact=0
[961/1000] numerical=3.250263947 shared_exact=True fallback_exact=0
[962/1000] numerical=2.762579809 shared_exact=True fallback_exact=0
[963/1000] numerical=2.175006560 shared_exact=True fallback_exact=0
[964/1000] numerical=3.298997761 shared_exact=True fallback_exact=0
[965/1000] numerical=3.362570491 shared_exact=True fallback_exact=0
[966/1000] numerical=3.698979092 shared_exact=True fallback_exact=0
[967/1000] numerical=3.409266975 shared_exact=True fallback_exact=0
[968/1000] numerical=3.673333680 shared_exact=True fallback_exact=0
[969/1000] numerical=3.132046738 shared_exact=True fallback_exact=0
[970/1000] numerical=2.849155726 shared_exact=True fallback_exact=0
[971/1000] numerical=3.134020891 shared_exact=True fallback_exact=0
[972/1000] numerical=2.806856566 shared_exact=True fallback_exact=0
[973/1000] numerical=3.055407255 shared_exact=True fallback_exact=0
[974/1000] numerical=2.507853950 shared_exact=True fallback_exact=0
[975/1000] numerical=2.180284792 shared_exact=True fallback_exact=0
[976/1000] numerical=4.082796824 shared_exact=True fallback_exact=0
[977/1000] numerical=4.164687642 shared_exact=True fallback_exact=0
[978/1000] numerical=4.003849210 shared_exact=True fallback_exact=0
[979/1000] numerical=3.711292297 shared_exact=True fallback_exact=0
[980/1000] numerical=2.972198900 shared_exact=True fallback_exact=0
[981/1000] numerical=4.098605766 shared_exact=True fallback_exact=0
[982/1000] numerical=3.641150798 shared_exact=True fallback_exact=0
[983/1000] numerical=3.747119777 shared_exact=True fallback_exact=0
[984/1000] numerical=3.561776916 shared_exact=True fallback_exact=0
[985/1000] numerical=3.995295312 shared_exact=True fallback_exact=0
[986/1000] numerical=3.503131771 shared_exact=True fallback_exact=0
[987/1000] numerical=3.315365681 shared_exact=True fallback_exact=0
[988/1000] numerical=4.084276560 shared_exact=True fallback_exact=0
[989/1000] numerical=3.363506767 shared_exact=True fallback_exact=0
[990/1000] numerical=4.015681606 shared_exact=True fallback_exact=0
[991/1000] numerical=3.411283090 shared_exact=True fallback_exact=0
[992/1000] numerical=3.195178894 shared_exact=True fallback_exact=0
[993/1000] numerical=3.122123351 shared_exact=True fallback_exact=0
[994/1000] numerical=3.849467026 shared_exact=True fallback_exact=0
[995/1000] numerical=2.894240069 shared_exact=True fallback_exact=0
[996/1000] numerical=3.856695049 shared_exact=True fallback_exact=0
[997/1000] numerical=3.522888617 shared_exact=True fallback_exact=0
[998/1000] numerical=3.933280912 shared_exact=True fallback_exact=0
[999/1000] numerical=3.457314529 shared_exact=True fallback_exact=0
[1000/1000] numerical=3.200408043 shared_exact=True fallback_exact=0
checkpoint=/workspace/positive-square-energy/experiments/rank7_order8_chunk_024000_025000.r7o8g.xz.fragments/fragment-024500-025000.r7o8g.xz rows=500
attempts=1000 shared_exact=1000 templates=0 fallback_exact=0 structural=0 atoms=0 balanced=0 unresolved_targets=0
fragments=2 checkpoint_rows=500
raw_bytes=462810 xz_bytes=295708 elapsed_seconds=659.189787
sha256=607f24f2e3a0c24aca83167e9a893946374b0986d89fa200def1106a090fa229
full_theorem=false
[2026-08-17T06:31:32.724255+00:00] exit: 0
[2026-08-17T06:31:32.724435+00:00] exec: /opt/kortix/pyfloor/bin/python3 -u /workspace/positive-square-energy/experiments/rank7_order8_exact_rational.py --verify-pack /workspace/positive-square-energy/experiments/rank7_order8_chunk_024000_025000.r7o8g.xz --census-cache positive-square-energy/experiments/rank7_order8_rational_search_cache.r7o8c.xz
attempts=1000 shared_exact=1000 templates=0 fallback_exact=0 structural=0 atoms=0 balanced=0 exact_audit=true census_seconds=44.395797
full_theorem=false
[2026-08-17T06:33:30.229068+00:00] exit: 0
[2026-08-17T06:33:30.230458+00:00] shard=024000_025000 exact_audit=true sha256=607f24f2e3a0c24aca83167e9a893946374b0986d89fa200def1106a090fa229
