[2026-08-14T12:37:31.022476+00:00] shard=008000_009000 adopted_fragments=0
[2026-08-14T12:37:31.022536+00:00] exec: /opt/kortix/pyfloor/bin/python3 -u /workspace/positive-square-energy/experiments/rank7_order8_exact_rational.py --output /workspace/positive-square-energy/experiments/rank7_order8_chunk_008000_009000.r7o8g.xz --fragment-directory /workspace/positive-square-energy/experiments/rank7_order8_chunk_008000_009000.r7o8g.xz.fragments --census-cache /workspace/positive-square-energy/experiments/rank7_order8_rational_search_cache.r7o8c.xz --start 8000 --count 1000 --checkpoint-rows 500 --progress
[1/1000] numerical=3.556696206 shared_exact=True fallback_exact=0
[2/1000] numerical=3.379846241 shared_exact=True fallback_exact=0
[3/1000] numerical=3.554404191 shared_exact=True fallback_exact=0
[4/1000] numerical=4.268806894 shared_exact=True fallback_exact=0
[5/1000] numerical=3.361435745 shared_exact=True fallback_exact=0
[6/1000] numerical=4.348411224 shared_exact=True fallback_exact=0
[7/1000] numerical=4.269160422 shared_exact=True fallback_exact=0
[8/1000] numerical=3.554404265 shared_exact=True fallback_exact=0
[9/1000] numerical=3.378131765 shared_exact=True fallback_exact=0
[10/1000] numerical=3.268995705 shared_exact=True fallback_exact=0
[11/1000] numerical=3.379846241 shared_exact=True fallback_exact=0
[12/1000] numerical=3.342462856 shared_exact=True fallback_exact=0
[13/1000] numerical=2.503829518 shared_exact=True fallback_exact=0
[14/1000] numerical=3.361439500 shared_exact=True fallback_exact=0
[15/1000] numerical=3.557558075 shared_exact=True fallback_exact=0
[16/1000] numerical=3.378135180 shared_exact=True fallback_exact=0
[17/1000] numerical=2.347234227 shared_exact=True fallback_exact=0
[18/1000] numerical=2.503829518 shared_exact=True fallback_exact=0
[19/1000] numerical=4.165343191 shared_exact=True fallback_exact=0
[20/1000] numerical=4.085555233 shared_exact=True fallback_exact=0
[21/1000] numerical=4.165602514 shared_exact=True fallback_exact=0
[22/1000] numerical=4.097081763 shared_exact=True fallback_exact=0
[23/1000] numerical=3.227482057 shared_exact=True fallback_exact=0
[24/1000] numerical=3.216437655 shared_exact=True fallback_exact=0
[25/1000] numerical=2.398582997 shared_exact=True fallback_exact=0
[26/1000] numerical=3.227483081 shared_exact=True fallback_exact=0
[27/1000] numerical=2.225280499 shared_exact=True fallback_exact=0
[28/1000] numerical=2.398582997 shared_exact=True fallback_exact=0
[29/1000] numerical=3.635274952 shared_exact=True fallback_exact=0
[30/1000] numerical=3.555671262 shared_exact=True fallback_exact=0
[31/1000] numerical=3.635275043 shared_exact=True fallback_exact=0
[32/1000] numerical=3.555671248 shared_exact=True fallback_exact=0
[33/1000] numerical=2.650434904 shared_exact=True fallback_exact=0
[34/1000] numerical=2.593060805 shared_exact=True fallback_exact=0
[35/1000] numerical=2.650543958 shared_exact=True fallback_exact=0
[36/1000] numerical=3.072665364 shared_exact=True fallback_exact=0
[37/1000] numerical=2.237851047 shared_exact=True fallback_exact=0
[38/1000] numerical=2.260836313 shared_exact=True fallback_exact=0
[39/1000] numerical=2.237851242 shared_exact=True fallback_exact=0
[40/1000] numerical=3.670060082 shared_exact=True fallback_exact=0
[41/1000] numerical=3.000002619 shared_exact=True fallback_exact=0
[42/1000] numerical=4.165501469 shared_exact=True fallback_exact=0
[43/1000] numerical=4.115035678 shared_exact=True fallback_exact=0
[44/1000] numerical=4.165674700 shared_exact=True fallback_exact=0
[45/1000] numerical=4.085556850 shared_exact=True fallback_exact=0
[46/1000] numerical=3.179422769 shared_exact=True fallback_exact=0
[47/1000] numerical=3.118710896 shared_exact=True fallback_exact=0
[48/1000] numerical=2.183337866 shared_exact=True fallback_exact=0
[49/1000] numerical=3.179691177 shared_exact=True fallback_exact=0
[50/1000] numerical=2.120913480 shared_exact=True fallback_exact=0
[51/1000] numerical=2.183341235 shared_exact=True fallback_exact=0
[52/1000] numerical=4.641158935 shared_exact=True fallback_exact=0
[53/1000] numerical=4.562837089 shared_exact=True fallback_exact=0
[54/1000] numerical=4.641157555 shared_exact=True fallback_exact=0
[55/1000] numerical=3.847150110 shared_exact=True fallback_exact=0
[56/1000] numerical=3.658199508 shared_exact=True fallback_exact=0
[57/1000] numerical=2.847156895 shared_exact=True fallback_exact=0
[58/1000] numerical=3.847163910 shared_exact=True fallback_exact=0
[59/1000] numerical=3.147491588 shared_exact=True fallback_exact=0
[60/1000] numerical=2.888615993 shared_exact=True fallback_exact=0
[61/1000] numerical=3.916770862 shared_exact=True fallback_exact=0
[62/1000] numerical=3.651734197 shared_exact=True fallback_exact=0
[63/1000] numerical=4.641252269 shared_exact=True fallback_exact=0
[64/1000] numerical=4.562843957 shared_exact=True fallback_exact=0
[65/1000] numerical=3.673606590 shared_exact=True fallback_exact=0
[66/1000] numerical=3.916706783 shared_exact=True fallback_exact=0
[67/1000] numerical=4.641156706 shared_exact=True fallback_exact=0
[68/1000] numerical=4.561552890 shared_exact=True fallback_exact=0
[69/1000] numerical=3.847151081 shared_exact=True fallback_exact=0
[70/1000] numerical=3.654181665 shared_exact=True fallback_exact=0
[71/1000] numerical=3.637046583 shared_exact=True fallback_exact=0
[72/1000] numerical=2.795525533 shared_exact=True fallback_exact=0
[73/1000] numerical=3.658199634 shared_exact=True fallback_exact=0
[74/1000] numerical=3.562747311 shared_exact=True fallback_exact=0
[75/1000] numerical=2.888615994 shared_exact=True fallback_exact=0
[76/1000] numerical=2.660521699 shared_exact=True fallback_exact=0
[77/1000] numerical=3.673622541 shared_exact=True fallback_exact=0
[78/1000] numerical=2.641470838 shared_exact=True fallback_exact=0
[79/1000] numerical=3.847151375 shared_exact=True fallback_exact=0
[80/1000] numerical=3.654184895 shared_exact=True fallback_exact=0
[81/1000] numerical=3.147491589 shared_exact=True fallback_exact=0
[82/1000] numerical=2.562835074 shared_exact=True fallback_exact=0
[83/1000] numerical=2.795525536 shared_exact=True fallback_exact=0
[84/1000] numerical=2.847157436 shared_exact=True fallback_exact=0
[85/1000] numerical=2.660522511 shared_exact=True fallback_exact=0
[86/1000] numerical=1.615578405 shared_exact=True fallback_exact=0
[87/1000] numerical=3.000004614 shared_exact=True fallback_exact=0
[88/1000] numerical=2.105755815 shared_exact=True fallback_exact=0
[89/1000] numerical=2.067197164 shared_exact=True fallback_exact=0
[90/1000] numerical=2.105768381 shared_exact=True fallback_exact=0
[91/1000] numerical=4.165158764 shared_exact=True fallback_exact=0
[92/1000] numerical=3.371152302 shared_exact=True fallback_exact=0
[93/1000] numerical=3.172521404 shared_exact=True fallback_exact=0
[94/1000] numerical=3.371152545 shared_exact=True fallback_exact=0
[95/1000] numerical=4.085569626 shared_exact=True fallback_exact=0
[96/1000] numerical=3.187587963 shared_exact=True fallback_exact=0
[97/1000] numerical=4.165158757 shared_exact=True fallback_exact=0
[98/1000] numerical=4.085555007 shared_exact=True fallback_exact=0
[99/1000] numerical=3.371152303 shared_exact=True fallback_exact=0
[100/1000] numerical=3.178183857 shared_exact=True fallback_exact=0
[101/1000] numerical=3.140641602 shared_exact=True fallback_exact=0
[102/1000] numerical=3.172521404 shared_exact=True fallback_exact=0
[103/1000] numerical=3.085682415 shared_exact=True fallback_exact=0
[104/1000] numerical=2.194006541 shared_exact=True fallback_exact=0
[105/1000] numerical=3.187634384 shared_exact=True fallback_exact=0
[106/1000] numerical=3.371152303 shared_exact=True fallback_exact=0
[107/1000] numerical=3.178184541 shared_exact=True fallback_exact=0
[108/1000] numerical=2.085691903 shared_exact=True fallback_exact=0
[109/1000] numerical=2.194006541 shared_exact=True fallback_exact=0
[110/1000] numerical=4.268819461 shared_exact=True fallback_exact=0
[111/1000] numerical=3.268995705 shared_exact=True fallback_exact=0
[112/1000] numerical=3.361436374 shared_exact=True fallback_exact=0
[113/1000] numerical=4.085611740 shared_exact=True fallback_exact=0
[114/1000] numerical=3.555671756 shared_exact=True fallback_exact=0
[115/1000] numerical=3.670060498 shared_exact=True fallback_exact=0
[116/1000] numerical=4.348428061 shared_exact=True fallback_exact=0
[117/1000] numerical=3.379846241 shared_exact=True fallback_exact=0
[118/1000] numerical=3.556899958 shared_exact=True fallback_exact=0
[119/1000] numerical=4.268817294 shared_exact=True fallback_exact=0
[120/1000] numerical=4.269411973 shared_exact=True fallback_exact=0
[121/1000] numerical=3.268995705 shared_exact=True fallback_exact=0
[122/1000] numerical=3.342462856 shared_exact=True fallback_exact=0
[123/1000] numerical=3.554404221 shared_exact=True fallback_exact=0
[124/1000] numerical=3.361436078 shared_exact=True fallback_exact=0
[125/1000] numerical=3.378131695 shared_exact=True fallback_exact=0
[126/1000] numerical=2.503829518 shared_exact=True fallback_exact=0
[127/1000] numerical=2.347234227 shared_exact=True fallback_exact=0
[128/1000] numerical=4.165613562 shared_exact=True fallback_exact=0
[129/1000] numerical=4.086049911 shared_exact=True fallback_exact=0
[130/1000] numerical=4.097082050 shared_exact=True fallback_exact=0
[131/1000] numerical=3.216437655 shared_exact=True fallback_exact=0
[132/1000] numerical=3.227482057 shared_exact=True fallback_exact=0
[133/1000] numerical=2.398582997 shared_exact=True fallback_exact=0
[134/1000] numerical=2.225280499 shared_exact=True fallback_exact=0
[135/1000] numerical=3.635275349 shared_exact=True fallback_exact=0
[136/1000] numerical=3.555671744 shared_exact=True fallback_exact=0
[137/1000] numerical=3.555676240 shared_exact=True fallback_exact=0
[138/1000] numerical=2.593060805 shared_exact=True fallback_exact=0
[139/1000] numerical=2.650431231 shared_exact=True fallback_exact=0
[140/1000] numerical=3.072665362 shared_exact=True fallback_exact=0
[141/1000] numerical=2.260836313 shared_exact=True fallback_exact=0
[142/1000] numerical=2.237851047 shared_exact=True fallback_exact=0
[143/1000] numerical=4.115036095 shared_exact=True fallback_exact=0
[144/1000] numerical=4.641291221 shared_exact=True fallback_exact=0
[145/1000] numerical=4.561695782 shared_exact=True fallback_exact=0
[146/1000] numerical=4.562827499 shared_exact=True fallback_exact=0
[147/1000] numerical=3.637046583 shared_exact=True fallback_exact=0
[148/1000] numerical=3.673605879 shared_exact=True fallback_exact=0
[149/1000] numerical=2.795525533 shared_exact=True fallback_exact=0
[150/1000] numerical=2.641470838 shared_exact=True fallback_exact=0
[151/1000] numerical=4.085729645 shared_exact=True fallback_exact=0
[152/1000] numerical=3.140641602 shared_exact=True fallback_exact=0
[153/1000] numerical=3.187587692 shared_exact=True fallback_exact=0
[154/1000] numerical=3.670063511 shared_exact=True fallback_exact=0
[155/1000] numerical=3.000081230 shared_exact=True fallback_exact=0
[156/1000] numerical=4.166103602 shared_exact=True fallback_exact=0
[157/1000] numerical=4.115036428 shared_exact=True fallback_exact=0
[158/1000] numerical=4.085585086 shared_exact=True fallback_exact=0
[159/1000] numerical=3.118710873 shared_exact=True fallback_exact=0
[160/1000] numerical=3.179348137 shared_exact=True fallback_exact=0
[161/1000] numerical=2.183337866 shared_exact=True fallback_exact=0
[162/1000] numerical=2.120913468 shared_exact=True fallback_exact=0
[163/1000] numerical=3.916731600 shared_exact=True fallback_exact=0
[164/1000] numerical=4.562797473 shared_exact=True fallback_exact=0
[165/1000] numerical=4.641291817 shared_exact=True fallback_exact=0
[166/1000] numerical=4.641158945 shared_exact=True fallback_exact=0
[167/1000] numerical=3.658199508 shared_exact=True fallback_exact=0
[168/1000] numerical=3.847150661 shared_exact=True fallback_exact=0
[169/1000] numerical=2.847156895 shared_exact=True fallback_exact=0
[170/1000] numerical=3.651734196 shared_exact=True fallback_exact=0
[171/1000] numerical=4.562747676 shared_exact=True fallback_exact=0
[172/1000] numerical=4.561554248 shared_exact=True fallback_exact=0
[173/1000] numerical=3.637046583 shared_exact=True fallback_exact=0
[174/1000] numerical=3.562747305 shared_exact=True fallback_exact=0
[175/1000] numerical=3.847159885 shared_exact=True fallback_exact=0
[176/1000] numerical=2.888615993 shared_exact=True fallback_exact=0
[177/1000] numerical=3.673605871 shared_exact=True fallback_exact=0
[178/1000] numerical=3.654182945 shared_exact=True fallback_exact=0
[179/1000] numerical=2.795525533 shared_exact=True fallback_exact=0
[180/1000] numerical=2.660521699 shared_exact=True fallback_exact=0
[181/1000] numerical=3.147491602 shared_exact=True fallback_exact=0
[182/1000] numerical=2.641470838 shared_exact=True fallback_exact=0
[183/1000] numerical=2.562835074 shared_exact=True fallback_exact=0
[184/1000] numerical=1.615578405 shared_exact=True fallback_exact=0
[185/1000] numerical=3.000041778 shared_exact=True fallback_exact=0
[186/1000] numerical=2.067197164 shared_exact=True fallback_exact=0
[187/1000] numerical=2.105755849 shared_exact=True fallback_exact=0
[188/1000] numerical=4.165159254 shared_exact=True fallback_exact=0
[189/1000] numerical=3.172521404 shared_exact=True fallback_exact=0
[190/1000] numerical=3.371152318 shared_exact=True fallback_exact=0
[191/1000] numerical=4.085555094 shared_exact=True fallback_exact=0
[192/1000] numerical=4.085555093 shared_exact=True fallback_exact=0
[193/1000] numerical=3.140641602 shared_exact=True fallback_exact=0
[194/1000] numerical=3.085682415 shared_exact=True fallback_exact=0
[195/1000] numerical=3.371152393 shared_exact=True fallback_exact=0
[196/1000] numerical=3.187587631 shared_exact=True fallback_exact=0
[197/1000] numerical=3.178183858 shared_exact=True fallback_exact=0
[198/1000] numerical=2.194006541 shared_exact=True fallback_exact=0
[199/1000] numerical=2.085691903 shared_exact=True fallback_exact=0
[200/1000] numerical=2.800102911 shared_exact=True fallback_exact=0
[201/1000] numerical=2.831214698 shared_exact=True fallback_exact=0
[202/1000] numerical=2.689967569 shared_exact=True fallback_exact=0
[203/1000] numerical=2.602420479 shared_exact=True fallback_exact=0
[204/1000] numerical=2.412595275 shared_exact=True fallback_exact=0
[205/1000] numerical=2.207801110 shared_exact=True fallback_exact=0
[206/1000] numerical=3.447128934 shared_exact=True fallback_exact=0
[207/1000] numerical=2.974952028 shared_exact=True fallback_exact=0
[208/1000] numerical=3.496377697 shared_exact=True fallback_exact=0
[209/1000] numerical=3.384651158 shared_exact=True fallback_exact=0
[210/1000] numerical=2.439751043 shared_exact=True fallback_exact=0
[211/1000] numerical=3.360651408 shared_exact=True fallback_exact=0
[212/1000] numerical=2.982089646 shared_exact=True fallback_exact=0
[213/1000] numerical=3.017785669 shared_exact=True fallback_exact=0
[214/1000] numerical=3.360944360 shared_exact=True fallback_exact=0
[215/1000] numerical=3.008127822 shared_exact=True fallback_exact=0
[216/1000] numerical=2.901030583 shared_exact=True fallback_exact=0
[217/1000] numerical=2.987578423 shared_exact=True fallback_exact=0
[218/1000] numerical=2.807177379 shared_exact=True fallback_exact=0
[219/1000] numerical=1.794510949 shared_exact=True fallback_exact=0
[220/1000] numerical=1.919791040 shared_exact=True fallback_exact=0
[221/1000] numerical=2.835851463 shared_exact=True fallback_exact=0
[222/1000] numerical=3.082332471 shared_exact=True fallback_exact=0
[223/1000] numerical=2.972103949 shared_exact=True fallback_exact=0
[224/1000] numerical=2.541791131 shared_exact=True fallback_exact=0
[225/1000] numerical=2.915400615 shared_exact=True fallback_exact=0
[226/1000] numerical=3.166770470 shared_exact=True fallback_exact=0
[227/1000] numerical=2.933593267 shared_exact=True fallback_exact=0
[228/1000] numerical=1.821604736 shared_exact=True fallback_exact=0
[229/1000] numerical=2.155290352 shared_exact=True fallback_exact=0
[230/1000] numerical=3.757858203 shared_exact=True fallback_exact=0
[231/1000] numerical=2.696157355 shared_exact=True fallback_exact=0
[232/1000] numerical=3.769511787 shared_exact=True fallback_exact=0
[233/1000] numerical=3.435892137 shared_exact=True fallback_exact=0
[234/1000] numerical=3.805329699 shared_exact=True fallback_exact=0
[235/1000] numerical=3.540076067 shared_exact=True fallback_exact=0
[236/1000] numerical=3.387846360 shared_exact=True fallback_exact=0
[237/1000] numerical=3.445322744 shared_exact=True fallback_exact=0
[238/1000] numerical=3.300785485 shared_exact=True fallback_exact=0
[239/1000] numerical=2.351657610 shared_exact=True fallback_exact=0
[240/1000] numerical=2.416860261 shared_exact=True fallback_exact=0
[241/1000] numerical=2.770424218 shared_exact=True fallback_exact=0
[242/1000] numerical=2.687361739 shared_exact=True fallback_exact=0
[243/1000] numerical=2.451199851 shared_exact=True fallback_exact=0
[244/1000] numerical=2.227183792 shared_exact=True fallback_exact=0
[245/1000] numerical=1.131816810 shared_exact=True fallback_exact=0
[246/1000] numerical=3.407903921 shared_exact=True fallback_exact=0
[247/1000] numerical=3.318751663 shared_exact=True fallback_exact=0
[248/1000] numerical=3.976852644 shared_exact=True fallback_exact=0
[249/1000] numerical=3.936457332 shared_exact=True fallback_exact=0
[250/1000] numerical=3.091926775 shared_exact=True fallback_exact=0
[251/1000] numerical=3.848974724 shared_exact=True fallback_exact=0
[252/1000] numerical=3.479538810 shared_exact=True fallback_exact=0
[253/1000] numerical=3.320183468 shared_exact=True fallback_exact=0
[254/1000] numerical=3.342443007 shared_exact=True fallback_exact=0
[255/1000] numerical=2.574522089 shared_exact=True fallback_exact=0
[256/1000] numerical=2.403576246 shared_exact=True fallback_exact=0
[257/1000] numerical=3.058777537 shared_exact=True fallback_exact=0
[258/1000] numerical=3.770642701 shared_exact=True fallback_exact=0
[259/1000] numerical=3.565103635 shared_exact=True fallback_exact=0
[260/1000] numerical=2.513692540 shared_exact=True fallback_exact=0
[261/1000] numerical=3.361937902 shared_exact=True fallback_exact=0
[262/1000] numerical=2.896557267 shared_exact=True fallback_exact=0
[263/1000] numerical=2.329456709 shared_exact=True fallback_exact=0
[264/1000] numerical=1.324859507 shared_exact=True fallback_exact=0
[265/1000] numerical=2.838207576 shared_exact=True fallback_exact=0
[266/1000] numerical=2.765659301 shared_exact=True fallback_exact=0
[267/1000] numerical=2.764742282 shared_exact=True fallback_exact=0
[268/1000] numerical=2.654318776 shared_exact=True fallback_exact=0
[269/1000] numerical=2.194056874 shared_exact=True fallback_exact=0
[270/1000] numerical=2.880570469 shared_exact=True fallback_exact=0
[271/1000] numerical=3.360706545 shared_exact=True fallback_exact=0
[272/1000] numerical=3.027271330 shared_exact=True fallback_exact=0
[273/1000] numerical=3.351698938 shared_exact=True fallback_exact=0
[274/1000] numerical=3.191713381 shared_exact=True fallback_exact=0
[275/1000] numerical=3.168380540 shared_exact=True fallback_exact=0
[276/1000] numerical=3.401709873 shared_exact=True fallback_exact=0
[277/1000] numerical=3.518748529 shared_exact=True fallback_exact=0
[278/1000] numerical=3.409276094 shared_exact=True fallback_exact=0
[279/1000] numerical=2.458471746 shared_exact=True fallback_exact=0
[280/1000] numerical=2.605055433 shared_exact=True fallback_exact=0
[281/1000] numerical=3.387386139 shared_exact=True fallback_exact=0
[282/1000] numerical=2.937445974 shared_exact=True fallback_exact=0
[283/1000] numerical=2.847859042 shared_exact=True fallback_exact=0
[284/1000] numerical=3.059760469 shared_exact=True fallback_exact=0
[285/1000] numerical=3.071816167 shared_exact=True fallback_exact=0
[286/1000] numerical=2.866118174 shared_exact=True fallback_exact=0
[287/1000] numerical=1.815928213 shared_exact=True fallback_exact=0
[288/1000] numerical=1.817731346 shared_exact=True fallback_exact=0
[289/1000] numerical=3.262598571 shared_exact=True fallback_exact=0
[290/1000] numerical=3.086196763 shared_exact=True fallback_exact=0
[291/1000] numerical=2.792276166 shared_exact=True fallback_exact=0
[292/1000] numerical=2.474836004 shared_exact=True fallback_exact=0
[293/1000] numerical=2.977868529 shared_exact=True fallback_exact=0
[294/1000] numerical=3.119792904 shared_exact=True fallback_exact=0
[295/1000] numerical=2.892273280 shared_exact=True fallback_exact=0
[296/1000] numerical=1.809927832 shared_exact=True fallback_exact=0
[297/1000] numerical=2.010894993 shared_exact=True fallback_exact=0
[298/1000] numerical=3.757619212 shared_exact=True fallback_exact=0
[299/1000] numerical=3.356092585 shared_exact=True fallback_exact=0
[300/1000] numerical=3.067193369 shared_exact=True fallback_exact=0
[301/1000] numerical=2.696835635 shared_exact=True fallback_exact=0
[302/1000] numerical=3.812204212 shared_exact=True fallback_exact=0
[303/1000] numerical=3.786267142 shared_exact=True fallback_exact=0
[304/1000] numerical=3.339132712 shared_exact=True fallback_exact=0
[305/1000] numerical=3.317576486 shared_exact=True fallback_exact=0
[306/1000] numerical=3.586632286 shared_exact=True fallback_exact=0
[307/1000] numerical=3.545854353 shared_exact=True fallback_exact=0
[308/1000] numerical=3.381027095 shared_exact=True fallback_exact=0
[309/1000] numerical=2.393453269 shared_exact=True fallback_exact=0
[310/1000] numerical=2.304624984 shared_exact=True fallback_exact=0
[311/1000] numerical=2.738412311 shared_exact=True fallback_exact=0
[312/1000] numerical=2.542078226 shared_exact=True fallback_exact=0
[313/1000] numerical=2.789550655 shared_exact=True fallback_exact=0
[314/1000] numerical=2.371684724 shared_exact=True fallback_exact=0
[315/1000] numerical=2.172447819 shared_exact=True fallback_exact=0
[316/1000] numerical=2.615889827 shared_exact=True fallback_exact=0
[317/1000] numerical=3.753207552 shared_exact=True fallback_exact=0
[318/1000] numerical=3.503678430 shared_exact=True fallback_exact=0
[319/1000] numerical=3.505941394 shared_exact=True fallback_exact=0
[320/1000] numerical=3.762217644 shared_exact=True fallback_exact=0
[321/1000] numerical=3.562191148 shared_exact=True fallback_exact=0
[322/1000] numerical=3.418317716 shared_exact=True fallback_exact=0
[323/1000] numerical=3.359077278 shared_exact=True fallback_exact=0
[324/1000] numerical=2.512699961 shared_exact=True fallback_exact=0
[325/1000] numerical=2.297866148 shared_exact=True fallback_exact=0
[326/1000] numerical=2.941538372 shared_exact=True fallback_exact=0
[327/1000] numerical=3.081246813 shared_exact=True fallback_exact=0
[328/1000] numerical=3.379263470 shared_exact=True fallback_exact=0
[329/1000] numerical=2.974170636 shared_exact=True fallback_exact=0
[330/1000] numerical=2.890359878 shared_exact=True fallback_exact=0
[331/1000] numerical=2.803485503 shared_exact=True fallback_exact=0
[332/1000] numerical=1.931488970 shared_exact=True fallback_exact=0
[333/1000] numerical=1.793890711 shared_exact=True fallback_exact=0
[334/1000] numerical=3.201671219 shared_exact=True fallback_exact=0
[335/1000] numerical=2.679225588 shared_exact=True fallback_exact=0
[336/1000] numerical=3.083684586 shared_exact=True fallback_exact=0
[337/1000] numerical=3.266633918 shared_exact=True fallback_exact=0
[338/1000] numerical=2.888083393 shared_exact=True fallback_exact=0
[339/1000] numerical=2.844943111 shared_exact=True fallback_exact=0
[340/1000] numerical=2.823194788 shared_exact=True fallback_exact=0
[341/1000] numerical=2.026883731 shared_exact=True fallback_exact=0
[342/1000] numerical=1.967349990 shared_exact=True fallback_exact=0
[343/1000] numerical=2.630510516 shared_exact=True fallback_exact=0
[344/1000] numerical=2.879279018 shared_exact=True fallback_exact=0
[345/1000] numerical=2.737425025 shared_exact=True fallback_exact=0
[346/1000] numerical=2.388324756 shared_exact=True fallback_exact=0
[347/1000] numerical=2.410488050 shared_exact=True fallback_exact=0
[348/1000] numerical=2.192781755 shared_exact=True fallback_exact=0
[349/1000] numerical=1.120112122 shared_exact=True fallback_exact=0
[350/1000] numerical=1.137681516 shared_exact=True fallback_exact=0
[351/1000] numerical=3.750241107 shared_exact=True fallback_exact=0
[352/1000] numerical=3.582275519 shared_exact=True fallback_exact=0
[353/1000] numerical=3.804654273 shared_exact=True fallback_exact=0
[354/1000] numerical=3.883924530 shared_exact=True fallback_exact=0
[355/1000] numerical=3.336582313 shared_exact=True fallback_exact=0
[356/1000] numerical=3.548610266 shared_exact=True fallback_exact=0
[357/1000] numerical=3.497736397 shared_exact=True fallback_exact=0
[358/1000] numerical=2.672103135 shared_exact=True fallback_exact=0
[359/1000] numerical=2.821369564 shared_exact=True fallback_exact=0
[360/1000] numerical=3.554414966 shared_exact=True fallback_exact=0
[361/1000] numerical=3.999596630 shared_exact=True fallback_exact=0
[362/1000] numerical=3.964754440 shared_exact=True fallback_exact=0
[363/1000] numerical=3.929401222 shared_exact=True fallback_exact=0
[364/1000] numerical=3.088653841 shared_exact=True fallback_exact=0
[365/1000] numerical=3.056018308 shared_exact=True fallback_exact=0
[366/1000] numerical=3.312459632 shared_exact=True fallback_exact=0
[367/1000] numerical=3.745209459 shared_exact=True fallback_exact=0
[368/1000] numerical=3.540684761 shared_exact=True fallback_exact=0
[369/1000] numerical=2.511981399 shared_exact=True fallback_exact=0
[370/1000] numerical=2.901862716 shared_exact=True fallback_exact=0
[371/1000] numerical=2.706150691 shared_exact=True fallback_exact=0
[372/1000] numerical=3.562127373 shared_exact=True fallback_exact=0
[373/1000] numerical=3.392398828 shared_exact=True fallback_exact=0
[374/1000] numerical=2.415542024 shared_exact=True fallback_exact=0
[375/1000] numerical=3.004104718 shared_exact=True fallback_exact=0
[376/1000] numerical=3.504175987 shared_exact=True fallback_exact=0
[377/1000] numerical=3.310335110 shared_exact=True fallback_exact=0
[378/1000] numerical=2.834550375 shared_exact=True fallback_exact=0
[379/1000] numerical=2.297163076 shared_exact=True fallback_exact=0
[380/1000] numerical=2.618883419 shared_exact=True fallback_exact=0
[381/1000] numerical=2.656460558 shared_exact=True fallback_exact=0
[382/1000] numerical=2.436059172 shared_exact=True fallback_exact=0
[383/1000] numerical=1.375098015 shared_exact=True fallback_exact=0
[384/1000] numerical=3.496748273 shared_exact=True fallback_exact=0
[385/1000] numerical=3.456863710 shared_exact=True fallback_exact=0
[386/1000] numerical=3.402294402 shared_exact=True fallback_exact=0
[387/1000] numerical=3.197106320 shared_exact=True fallback_exact=0
[388/1000] numerical=3.552797022 shared_exact=True fallback_exact=0
[389/1000] numerical=3.600286432 shared_exact=True fallback_exact=0
[390/1000] numerical=3.769750701 shared_exact=True fallback_exact=0
[391/1000] numerical=3.730532588 shared_exact=True fallback_exact=0
[392/1000] numerical=3.509858334 shared_exact=True fallback_exact=0
[393/1000] numerical=3.685612162 shared_exact=True fallback_exact=0
[394/1000] numerical=3.865498236 shared_exact=True fallback_exact=0
[395/1000] numerical=3.671880380 shared_exact=True fallback_exact=0
[396/1000] numerical=2.597686302 shared_exact=True fallback_exact=0
[397/1000] numerical=2.846311085 shared_exact=True fallback_exact=0
[398/1000] numerical=2.893251244 shared_exact=True fallback_exact=0
[399/1000] numerical=3.566637795 shared_exact=True fallback_exact=0
[400/1000] numerical=3.687852347 shared_exact=True fallback_exact=0
[401/1000] numerical=3.562131851 shared_exact=True fallback_exact=0
[402/1000] numerical=3.822823047 shared_exact=True fallback_exact=0
[403/1000] numerical=3.730852330 shared_exact=True fallback_exact=0
[404/1000] numerical=3.639024708 shared_exact=True fallback_exact=0
[405/1000] numerical=3.698524988 shared_exact=True fallback_exact=0
[406/1000] numerical=3.593758694 shared_exact=True fallback_exact=0
[407/1000] numerical=2.688837454 shared_exact=True fallback_exact=0
[408/1000] numerical=2.756234417 shared_exact=True fallback_exact=0
[409/1000] numerical=2.805912587 shared_exact=True fallback_exact=0
[410/1000] numerical=2.196036810 shared_exact=True fallback_exact=0
[411/1000] numerical=3.589499836 shared_exact=True fallback_exact=0
[412/1000] numerical=3.415744491 shared_exact=True fallback_exact=0
[413/1000] numerical=3.558889317 shared_exact=True fallback_exact=0
[414/1000] numerical=3.435638551 shared_exact=True fallback_exact=0
[415/1000] numerical=3.364775875 shared_exact=True fallback_exact=0
[416/1000] numerical=3.211553357 shared_exact=True fallback_exact=0
[417/1000] numerical=2.191129508 shared_exact=True fallback_exact=0
[418/1000] numerical=2.114580288 shared_exact=True fallback_exact=0
[419/1000] numerical=3.568273356 shared_exact=True fallback_exact=0
[420/1000] numerical=3.551234842 shared_exact=True fallback_exact=0
[421/1000] numerical=3.538033219 shared_exact=True fallback_exact=0
[422/1000] numerical=3.362751835 shared_exact=True fallback_exact=0
[423/1000] numerical=3.869506695 shared_exact=True fallback_exact=0
[424/1000] numerical=3.594929071 shared_exact=True fallback_exact=0
[425/1000] numerical=3.763688826 shared_exact=True fallback_exact=0
[426/1000] numerical=3.094389595 shared_exact=True fallback_exact=0
[427/1000] numerical=2.864503077 shared_exact=True fallback_exact=0
[428/1000] numerical=3.805127689 shared_exact=True fallback_exact=0
[429/1000] numerical=3.563064396 shared_exact=True fallback_exact=0
[430/1000] numerical=3.193560670 shared_exact=True fallback_exact=0
[431/1000] numerical=3.358963441 shared_exact=True fallback_exact=0
[432/1000] numerical=2.676565300 shared_exact=True fallback_exact=0
[433/1000] numerical=2.301256293 shared_exact=True fallback_exact=0
[434/1000] numerical=3.640279020 shared_exact=True fallback_exact=0
[435/1000] numerical=3.685317638 shared_exact=True fallback_exact=0
[436/1000] numerical=3.593141681 shared_exact=True fallback_exact=0
[437/1000] numerical=2.703640774 shared_exact=True fallback_exact=0
[438/1000] numerical=2.753359881 shared_exact=True fallback_exact=0
[439/1000] numerical=3.249651783 shared_exact=True fallback_exact=0
[440/1000] numerical=3.779746637 shared_exact=True fallback_exact=0
[441/1000] numerical=3.710205277 shared_exact=True fallback_exact=0
[442/1000] numerical=2.765144809 shared_exact=True fallback_exact=0
[443/1000] numerical=2.853924369 shared_exact=True fallback_exact=0
[444/1000] numerical=3.555727933 shared_exact=True fallback_exact=0
[445/1000] numerical=3.479107032 shared_exact=True fallback_exact=0
[446/1000] numerical=2.772251482 shared_exact=True fallback_exact=0
[447/1000] numerical=2.541244761 shared_exact=True fallback_exact=0
[448/1000] numerical=3.066426535 shared_exact=True fallback_exact=0
[449/1000] numerical=2.463061238 shared_exact=True fallback_exact=0
[450/1000] numerical=2.355980456 shared_exact=True fallback_exact=0
[451/1000] numerical=1.448912404 shared_exact=True fallback_exact=0
[452/1000] numerical=2.193356208 shared_exact=True fallback_exact=0
[453/1000] numerical=3.090135967 shared_exact=True fallback_exact=0
[454/1000] numerical=2.480444756 shared_exact=True fallback_exact=0
[455/1000] numerical=2.811651363 shared_exact=True fallback_exact=0
[456/1000] numerical=3.070429787 shared_exact=True fallback_exact=0
[457/1000] numerical=2.882066585 shared_exact=True fallback_exact=0
[458/1000] numerical=2.838968413 shared_exact=True fallback_exact=0
[459/1000] numerical=1.955758061 shared_exact=True fallback_exact=0
[460/1000] numerical=1.716704663 shared_exact=True fallback_exact=0
[461/1000] numerical=3.186383242 shared_exact=True fallback_exact=0
[462/1000] numerical=4.370342932 shared_exact=True fallback_exact=0
[463/1000] numerical=4.303539143 shared_exact=True fallback_exact=0
[464/1000] numerical=4.296033893 shared_exact=True fallback_exact=0
[465/1000] numerical=4.131901247 shared_exact=True fallback_exact=0
[466/1000] numerical=3.093150567 shared_exact=True fallback_exact=0
[467/1000] numerical=2.000000000 shared_exact=True fallback_exact=0
[468/1000] numerical=4.329787817 shared_exact=True fallback_exact=0
[469/1000] numerical=4.269050210 shared_exact=True fallback_exact=0
[470/1000] numerical=3.481265432 shared_exact=True fallback_exact=0
[471/1000] numerical=3.586552083 shared_exact=True fallback_exact=0
[472/1000] numerical=4.300669352 shared_exact=True fallback_exact=0
[473/1000] numerical=4.451069315 shared_exact=True fallback_exact=0
[474/1000] numerical=3.660588553 shared_exact=True fallback_exact=0
[475/1000] numerical=2.898238351 shared_exact=True fallback_exact=0
[476/1000] numerical=4.483088570 shared_exact=True fallback_exact=0
[477/1000] numerical=4.441175654 shared_exact=True fallback_exact=0
[478/1000] numerical=4.112834168 shared_exact=True fallback_exact=0
[479/1000] numerical=4.296007521 shared_exact=True fallback_exact=0
[480/1000] numerical=3.569670757 shared_exact=True fallback_exact=0
[481/1000] numerical=3.286838305 shared_exact=True fallback_exact=0
[482/1000] numerical=2.588217248 shared_exact=True fallback_exact=0
[483/1000] numerical=3.694869958 shared_exact=True fallback_exact=0
[484/1000] numerical=4.510474540 shared_exact=True fallback_exact=0
[485/1000] numerical=4.351489416 shared_exact=True fallback_exact=0
[486/1000] numerical=3.300611623 shared_exact=True fallback_exact=0
[487/1000] numerical=4.196270211 shared_exact=True fallback_exact=0
[488/1000] numerical=3.600615558 shared_exact=True fallback_exact=0
[489/1000] numerical=3.128334822 shared_exact=True fallback_exact=0
[490/1000] numerical=2.590950393 shared_exact=True fallback_exact=0
[491/1000] numerical=2.100565795 shared_exact=True fallback_exact=0
[492/1000] numerical=3.179303020 shared_exact=True fallback_exact=0
[493/1000] numerical=2.115403360 shared_exact=True fallback_exact=0
[494/1000] numerical=2.115403360 shared_exact=True fallback_exact=0
[495/1000] numerical=3.383969267 shared_exact=True fallback_exact=0
[496/1000] numerical=3.383968293 shared_exact=True fallback_exact=0
[497/1000] numerical=3.658480764 shared_exact=True fallback_exact=0
[498/1000] numerical=2.876455752 shared_exact=True fallback_exact=0
[499/1000] numerical=2.876457610 shared_exact=True fallback_exact=0
[500/1000] numerical=3.304433770 shared_exact=True fallback_exact=0
checkpoint=/workspace/positive-square-energy/experiments/rank7_order8_chunk_008000_009000.r7o8g.xz.fragments/fragment-008000-008500.r7o8g.xz rows=500
[501/1000] numerical=2.570177467 shared_exact=True fallback_exact=0
[502/1000] numerical=2.288311484 shared_exact=True fallback_exact=0
[503/1000] numerical=3.304504036 shared_exact=True fallback_exact=0
[504/1000] numerical=2.288311484 shared_exact=True fallback_exact=0
[505/1000] numerical=2.570177469 shared_exact=True fallback_exact=0
[506/1000] numerical=3.527286961 shared_exact=True fallback_exact=0
[507/1000] numerical=2.453200602 shared_exact=True fallback_exact=0
[508/1000] numerical=3.527286304 shared_exact=True fallback_exact=0
[509/1000] numerical=3.367347929 shared_exact=True fallback_exact=0
[510/1000] numerical=2.777794603 shared_exact=True fallback_exact=0
[511/1000] numerical=2.318250189 shared_exact=True fallback_exact=0
[512/1000] numerical=2.777794626 shared_exact=True fallback_exact=0
[513/1000] numerical=2.453200611 shared_exact=True fallback_exact=0
[514/1000] numerical=2.318250189 shared_exact=True fallback_exact=0
[515/1000] numerical=1.348383749 shared_exact=True fallback_exact=0
[516/1000] numerical=2.131900257 shared_exact=True fallback_exact=0
[517/1000] numerical=2.958713753 shared_exact=True fallback_exact=0
[518/1000] numerical=2.331256217 shared_exact=True fallback_exact=0
[519/1000] numerical=2.787523104 shared_exact=True fallback_exact=0
[520/1000] numerical=2.627581155 shared_exact=True fallback_exact=0
[521/1000] numerical=1.623242550 shared_exact=True fallback_exact=0
[522/1000] numerical=3.027464864 shared_exact=True fallback_exact=0
[523/1000] numerical=2.858261195 shared_exact=True fallback_exact=0
[524/1000] numerical=3.453545452 shared_exact=True fallback_exact=0
[525/1000] numerical=2.901335716 shared_exact=True fallback_exact=0
[526/1000] numerical=2.697380270 shared_exact=True fallback_exact=0
[527/1000] numerical=2.131900012 shared_exact=True fallback_exact=0
[528/1000] numerical=4.289338650 shared_exact=True fallback_exact=0
[529/1000] numerical=4.019660986 shared_exact=True fallback_exact=0
[530/1000] numerical=3.606089101 shared_exact=True fallback_exact=0
[531/1000] numerical=3.606086414 shared_exact=True fallback_exact=0
[532/1000] numerical=4.107182913 shared_exact=True fallback_exact=0
[533/1000] numerical=4.107191806 shared_exact=True fallback_exact=0
[534/1000] numerical=3.951525095 shared_exact=True fallback_exact=0
[535/1000] numerical=2.956315035 shared_exact=True fallback_exact=0
[536/1000] numerical=2.956315035 shared_exact=True fallback_exact=0
[537/1000] numerical=3.395138594 shared_exact=True fallback_exact=0
[538/1000] numerical=2.809629463 shared_exact=True fallback_exact=0
[539/1000] numerical=3.170258722 shared_exact=True fallback_exact=0
[540/1000] numerical=3.114778447 shared_exact=True fallback_exact=0
[541/1000] numerical=3.114778454 shared_exact=True fallback_exact=0
[542/1000] numerical=3.058007000 shared_exact=True fallback_exact=0
[543/1000] numerical=3.058002325 shared_exact=True fallback_exact=0
[544/1000] numerical=2.901045435 shared_exact=True fallback_exact=0
[545/1000] numerical=1.835461733 shared_exact=True fallback_exact=0
[546/1000] numerical=1.835461733 shared_exact=True fallback_exact=0
[547/1000] numerical=3.641563590 shared_exact=True fallback_exact=0
[548/1000] numerical=3.610867650 shared_exact=True fallback_exact=0
[549/1000] numerical=3.491032856 shared_exact=True fallback_exact=0
[550/1000] numerical=3.491035681 shared_exact=True fallback_exact=0
[551/1000] numerical=3.517282177 shared_exact=True fallback_exact=0
[552/1000] numerical=3.517281854 shared_exact=True fallback_exact=0
[553/1000] numerical=3.358671535 shared_exact=True fallback_exact=0
[554/1000] numerical=2.302079461 shared_exact=True fallback_exact=0
[555/1000] numerical=2.302079461 shared_exact=True fallback_exact=0
[556/1000] numerical=2.370342925 shared_exact=True fallback_exact=0
[557/1000] numerical=2.733626498 shared_exact=True fallback_exact=0
[558/1000] numerical=2.304134915 shared_exact=True fallback_exact=0
[559/1000] numerical=2.131900009 shared_exact=True fallback_exact=0
[560/1000] numerical=1.115901453 shared_exact=True fallback_exact=0
[561/1000] numerical=4.489574451 shared_exact=True fallback_exact=0
[562/1000] numerical=4.358527883 shared_exact=True fallback_exact=0
[563/1000] numerical=3.855666387 shared_exact=True fallback_exact=0
[564/1000] numerical=3.931895737 shared_exact=True fallback_exact=0
[565/1000] numerical=3.181561370 shared_exact=True fallback_exact=0
[566/1000] numerical=4.002643299 shared_exact=True fallback_exact=0
[567/1000] numerical=4.462544267 shared_exact=True fallback_exact=0
[568/1000] numerical=4.232228602 shared_exact=True fallback_exact=0
[569/1000] numerical=4.286574378 shared_exact=True fallback_exact=0
[570/1000] numerical=3.521094543 shared_exact=True fallback_exact=0
[571/1000] numerical=3.270603177 shared_exact=True fallback_exact=0
[572/1000] numerical=3.288959824 shared_exact=True fallback_exact=0
[573/1000] numerical=4.002643301 shared_exact=True fallback_exact=0
[574/1000] numerical=3.865470314 shared_exact=True fallback_exact=0
[575/1000] numerical=2.897894227 shared_exact=True fallback_exact=0
[576/1000] numerical=3.693452829 shared_exact=True fallback_exact=0
[577/1000] numerical=3.159871276 shared_exact=True fallback_exact=0
[578/1000] numerical=2.676805283 shared_exact=True fallback_exact=0
[579/1000] numerical=1.561552813 shared_exact=True fallback_exact=0
[580/1000] numerical=3.667580953 shared_exact=True fallback_exact=0
[581/1000] numerical=3.663099528 shared_exact=True fallback_exact=0
[582/1000] numerical=3.138509765 shared_exact=True fallback_exact=0
[583/1000] numerical=3.667586663 shared_exact=True fallback_exact=0
[584/1000] numerical=3.663231727 shared_exact=True fallback_exact=0
[585/1000] numerical=3.138509716 shared_exact=True fallback_exact=0
[586/1000] numerical=3.843463152 shared_exact=True fallback_exact=0
[587/1000] numerical=3.729486512 shared_exact=True fallback_exact=0
[588/1000] numerical=3.402461651 shared_exact=True fallback_exact=0
[589/1000] numerical=3.863352571 shared_exact=True fallback_exact=0
[590/1000] numerical=3.543672053 shared_exact=True fallback_exact=0
[591/1000] numerical=3.677546320 shared_exact=True fallback_exact=0
[592/1000] numerical=2.989942980 shared_exact=True fallback_exact=0
[593/1000] numerical=2.643388613 shared_exact=True fallback_exact=0
[594/1000] numerical=1.905689595 shared_exact=True fallback_exact=0
[595/1000] numerical=3.681202025 shared_exact=True fallback_exact=0
[596/1000] numerical=3.958258689 shared_exact=True fallback_exact=0
[597/1000] numerical=3.845656334 shared_exact=True fallback_exact=0
[598/1000] numerical=2.929132877 shared_exact=True fallback_exact=0
[599/1000] numerical=3.098640771 shared_exact=True fallback_exact=0
[600/1000] numerical=2.167354662 shared_exact=True fallback_exact=0
[601/1000] numerical=3.442562243 shared_exact=True fallback_exact=0
[602/1000] numerical=3.403920177 shared_exact=True fallback_exact=0
[603/1000] numerical=3.301686249 shared_exact=True fallback_exact=0
[604/1000] numerical=2.409324333 shared_exact=True fallback_exact=0
[605/1000] numerical=2.329728749 shared_exact=True fallback_exact=0
[606/1000] numerical=2.847744494 shared_exact=True fallback_exact=0
[607/1000] numerical=2.219818960 shared_exact=True fallback_exact=0
[608/1000] numerical=1.843750242 shared_exact=True fallback_exact=0
[609/1000] numerical=3.148278550 shared_exact=True fallback_exact=0
[610/1000] numerical=2.297989836 shared_exact=True fallback_exact=0
[611/1000] numerical=2.411479767 shared_exact=True fallback_exact=0
[612/1000] numerical=2.596065803 shared_exact=True fallback_exact=0
[613/1000] numerical=4.058594966 shared_exact=True fallback_exact=0
[614/1000] numerical=4.377548078 shared_exact=True fallback_exact=0
[615/1000] numerical=3.792316830 shared_exact=True fallback_exact=0
[616/1000] numerical=3.395829750 shared_exact=True fallback_exact=0
[617/1000] numerical=3.356110535 shared_exact=True fallback_exact=0
[618/1000] numerical=4.095800627 shared_exact=True fallback_exact=0
[619/1000] numerical=4.097826825 shared_exact=True fallback_exact=0
[620/1000] numerical=4.000000000 shared_exact=True fallback_exact=0
[621/1000] numerical=3.118647165 shared_exact=True fallback_exact=0
[622/1000] numerical=3.115771590 shared_exact=True fallback_exact=0
[623/1000] numerical=3.065554277 shared_exact=True fallback_exact=0
[624/1000] numerical=4.377548078 shared_exact=True fallback_exact=0
[625/1000] numerical=3.792316109 shared_exact=True fallback_exact=0
[626/1000] numerical=3.395829750 shared_exact=True fallback_exact=0
[627/1000] numerical=3.356110479 shared_exact=True fallback_exact=0
[628/1000] numerical=4.095799239 shared_exact=True fallback_exact=0
[629/1000] numerical=4.097825950 shared_exact=True fallback_exact=0
[630/1000] numerical=4.000000000 shared_exact=True fallback_exact=0
[631/1000] numerical=3.118647165 shared_exact=True fallback_exact=0
[632/1000] numerical=3.115771590 shared_exact=True fallback_exact=0
[633/1000] numerical=3.065554277 shared_exact=True fallback_exact=0
[634/1000] numerical=3.079877031 shared_exact=True fallback_exact=0
[635/1000] numerical=3.610301456 shared_exact=True fallback_exact=0
[636/1000] numerical=3.350374644 shared_exact=True fallback_exact=0
[637/1000] numerical=3.366806422 shared_exact=True fallback_exact=0
[638/1000] numerical=3.355442909 shared_exact=True fallback_exact=0
[639/1000] numerical=3.302410265 shared_exact=True fallback_exact=0
[640/1000] numerical=4.137308845 shared_exact=True fallback_exact=0
[641/1000] numerical=4.128947502 shared_exact=True fallback_exact=0
[642/1000] numerical=4.363094088 shared_exact=True fallback_exact=0
[643/1000] numerical=3.713468538 shared_exact=True fallback_exact=0
[644/1000] numerical=3.652168467 shared_exact=True fallback_exact=0
[645/1000] numerical=3.629040148 shared_exact=True fallback_exact=0
[646/1000] numerical=3.590993714 shared_exact=True fallback_exact=0
[647/1000] numerical=3.776912676 shared_exact=True fallback_exact=0
[648/1000] numerical=3.134760222 shared_exact=True fallback_exact=0
[649/1000] numerical=3.091470225 shared_exact=True fallback_exact=0
[650/1000] numerical=2.493527416 shared_exact=True fallback_exact=0
[651/1000] numerical=3.475785376 shared_exact=True fallback_exact=0
[652/1000] numerical=3.122512118 shared_exact=True fallback_exact=0
[653/1000] numerical=3.362921565 shared_exact=True fallback_exact=0
[654/1000] numerical=2.750523071 shared_exact=True fallback_exact=0
[655/1000] numerical=2.447080048 shared_exact=True fallback_exact=0
[656/1000] numerical=3.291021016 shared_exact=True fallback_exact=0
[657/1000] numerical=3.520245119 shared_exact=True fallback_exact=0
[658/1000] numerical=3.467666266 shared_exact=True fallback_exact=0
[659/1000] numerical=2.640992510 shared_exact=True fallback_exact=0
[660/1000] numerical=2.796518931 shared_exact=True fallback_exact=0
[661/1000] numerical=3.624307266 shared_exact=True fallback_exact=0
[662/1000] numerical=4.325400915 shared_exact=True fallback_exact=0
[663/1000] numerical=4.238223173 shared_exact=True fallback_exact=0
[664/1000] numerical=3.372252330 shared_exact=True fallback_exact=0
[665/1000] numerical=3.437650326 shared_exact=True fallback_exact=0
[666/1000] numerical=4.148553965 shared_exact=True fallback_exact=0
[667/1000] numerical=4.103117915 shared_exact=True fallback_exact=0
[668/1000] numerical=3.357450461 shared_exact=True fallback_exact=0
[669/1000] numerical=3.288017683 shared_exact=True fallback_exact=0
[670/1000] numerical=3.511666256 shared_exact=True fallback_exact=0
[671/1000] numerical=3.150676114 shared_exact=True fallback_exact=0
[672/1000] numerical=3.172284284 shared_exact=True fallback_exact=0
[673/1000] numerical=2.420906302 shared_exact=True fallback_exact=0
[674/1000] numerical=3.503808149 shared_exact=True fallback_exact=0
[675/1000] numerical=2.925728212 shared_exact=True fallback_exact=0
[676/1000] numerical=2.335541326 shared_exact=True fallback_exact=0
[677/1000] numerical=2.214575497 shared_exact=True fallback_exact=0
[678/1000] numerical=2.494049265 shared_exact=True fallback_exact=0
[679/1000] numerical=2.728362045 shared_exact=True fallback_exact=0
[680/1000] numerical=3.521351697 shared_exact=True fallback_exact=0
[681/1000] numerical=3.357507974 shared_exact=True fallback_exact=0
[682/1000] numerical=3.358970564 shared_exact=True fallback_exact=0
[683/1000] numerical=2.591574683 shared_exact=True fallback_exact=0
[684/1000] numerical=2.389958449 shared_exact=True fallback_exact=0
[685/1000] numerical=3.620560623 shared_exact=True fallback_exact=0
[686/1000] numerical=3.602760828 shared_exact=True fallback_exact=0
[687/1000] numerical=3.444843639 shared_exact=True fallback_exact=0
[688/1000] numerical=3.224469729 shared_exact=True fallback_exact=0
[689/1000] numerical=3.620553186 shared_exact=True fallback_exact=0
[690/1000] numerical=3.602760828 shared_exact=True fallback_exact=0
[691/1000] numerical=3.444843741 shared_exact=True fallback_exact=0
[692/1000] numerical=3.224570080 shared_exact=True fallback_exact=0
[693/1000] numerical=3.541697437 shared_exact=True fallback_exact=0
[694/1000] numerical=3.679641226 shared_exact=True fallback_exact=0
[695/1000] numerical=3.941338395 shared_exact=True fallback_exact=0
[696/1000] numerical=3.845365029 shared_exact=True fallback_exact=0
[697/1000] numerical=2.913105545 shared_exact=True fallback_exact=0
[698/1000] numerical=3.094113187 shared_exact=True fallback_exact=0
[699/1000] numerical=2.184419008 shared_exact=True fallback_exact=0
[700/1000] numerical=3.833431102 shared_exact=True fallback_exact=0
[701/1000] numerical=3.679647686 shared_exact=True fallback_exact=0
[702/1000] numerical=3.610217671 shared_exact=True fallback_exact=0
[703/1000] numerical=3.547565956 shared_exact=True fallback_exact=0
[704/1000] numerical=2.700472104 shared_exact=True fallback_exact=0
[705/1000] numerical=2.587819937 shared_exact=True fallback_exact=0
[706/1000] numerical=1.777786034 shared_exact=True fallback_exact=0
[707/1000] numerical=3.572483067 shared_exact=True fallback_exact=0
[708/1000] numerical=3.358843179 shared_exact=True fallback_exact=0
[709/1000] numerical=3.783042977 shared_exact=True fallback_exact=0
[710/1000] numerical=3.558859904 shared_exact=True fallback_exact=0
[711/1000] numerical=3.133145241 shared_exact=True fallback_exact=0
[712/1000] numerical=3.623416795 shared_exact=True fallback_exact=0
[713/1000] numerical=3.401231520 shared_exact=True fallback_exact=0
[714/1000] numerical=2.965974632 shared_exact=True fallback_exact=0
[715/1000] numerical=2.304398193 shared_exact=True fallback_exact=0
[716/1000] numerical=2.568384210 shared_exact=True fallback_exact=0
[717/1000] numerical=2.372474934 shared_exact=True fallback_exact=0
[718/1000] numerical=1.895658734 shared_exact=True fallback_exact=0
[719/1000] numerical=3.144209956 shared_exact=True fallback_exact=0
[720/1000] numerical=2.209848195 shared_exact=True fallback_exact=0
[721/1000] numerical=2.411852404 shared_exact=True fallback_exact=0
[722/1000] numerical=2.631706443 shared_exact=True fallback_exact=0
[723/1000] numerical=1.823747965 shared_exact=True fallback_exact=0
[724/1000] numerical=1.731992847 shared_exact=True fallback_exact=0
[725/1000] numerical=2.871751855 shared_exact=True fallback_exact=0
[726/1000] numerical=2.658315915 shared_exact=True fallback_exact=0
[727/1000] numerical=2.213776187 shared_exact=True fallback_exact=0
[728/1000] numerical=1.858456926 shared_exact=True fallback_exact=0
[729/1000] numerical=4.268582888 shared_exact=True fallback_exact=0
[730/1000] numerical=4.116587219 shared_exact=True fallback_exact=0
[731/1000] numerical=3.847853659 shared_exact=True fallback_exact=0
[732/1000] numerical=3.815853490 shared_exact=True fallback_exact=0
[733/1000] numerical=4.466589058 shared_exact=True fallback_exact=0
[734/1000] numerical=4.304823416 shared_exact=True fallback_exact=0
[735/1000] numerical=4.000002286 shared_exact=True fallback_exact=0
[736/1000] numerical=4.198756014 shared_exact=True fallback_exact=0
[737/1000] numerical=3.631162857 shared_exact=True fallback_exact=0
[738/1000] numerical=3.278600376 shared_exact=True fallback_exact=0
[739/1000] numerical=3.244664837 shared_exact=True fallback_exact=0
[740/1000] numerical=4.116643162 shared_exact=True fallback_exact=0
[741/1000] numerical=3.847758165 shared_exact=True fallback_exact=0
[742/1000] numerical=3.815856306 shared_exact=True fallback_exact=0
[743/1000] numerical=4.466587206 shared_exact=True fallback_exact=0
[744/1000] numerical=4.304910065 shared_exact=True fallback_exact=0
[745/1000] numerical=4.000002910 shared_exact=True fallback_exact=0
[746/1000] numerical=4.198787566 shared_exact=True fallback_exact=0
[747/1000] numerical=3.631140540 shared_exact=True fallback_exact=0
[748/1000] numerical=3.278600372 shared_exact=True fallback_exact=0
[749/1000] numerical=3.244678655 shared_exact=True fallback_exact=0
[750/1000] numerical=3.254249326 shared_exact=True fallback_exact=0
[751/1000] numerical=3.951840274 shared_exact=True fallback_exact=0
[752/1000] numerical=3.865067946 shared_exact=True fallback_exact=0
[753/1000] numerical=3.615365704 shared_exact=True fallback_exact=0
[754/1000] numerical=3.987287155 shared_exact=True fallback_exact=0
[755/1000] numerical=3.489410683 shared_exact=True fallback_exact=0
[756/1000] numerical=3.248018223 shared_exact=True fallback_exact=0
[757/1000] numerical=2.745693286 shared_exact=True fallback_exact=0
[758/1000] numerical=3.767448696 shared_exact=True fallback_exact=0
[759/1000] numerical=3.687184916 shared_exact=True fallback_exact=0
[760/1000] numerical=3.885401609 shared_exact=True fallback_exact=0
[761/1000] numerical=3.531795753 shared_exact=True fallback_exact=0
[762/1000] numerical=4.037005299 shared_exact=True fallback_exact=0
[763/1000] numerical=3.583158835 shared_exact=True fallback_exact=0
[764/1000] numerical=3.260027954 shared_exact=True fallback_exact=0
[765/1000] numerical=3.954248861 shared_exact=True fallback_exact=0
[766/1000] numerical=3.885403723 shared_exact=True fallback_exact=0
[767/1000] numerical=3.203093408 shared_exact=True fallback_exact=0
[768/1000] numerical=3.716372571 shared_exact=True fallback_exact=0
[769/1000] numerical=3.258275310 shared_exact=True fallback_exact=0
[770/1000] numerical=2.642021110 shared_exact=True fallback_exact=0
[771/1000] numerical=4.198781363 shared_exact=True fallback_exact=0
[772/1000] numerical=4.113384909 shared_exact=True fallback_exact=0
[773/1000] numerical=4.337377381 shared_exact=True fallback_exact=0
[774/1000] numerical=3.778858761 shared_exact=True fallback_exact=0
[775/1000] numerical=3.561195134 shared_exact=True fallback_exact=0
[776/1000] numerical=3.865919883 shared_exact=True fallback_exact=0
[777/1000] numerical=4.239379268 shared_exact=True fallback_exact=0
[778/1000] numerical=4.485438164 shared_exact=True fallback_exact=0
[779/1000] numerical=3.939161189 shared_exact=True fallback_exact=0
[780/1000] numerical=3.473082329 shared_exact=True fallback_exact=0
[781/1000] numerical=3.201994618 shared_exact=True fallback_exact=0
[782/1000] numerical=4.093567595 shared_exact=True fallback_exact=0
[783/1000] numerical=4.318092681 shared_exact=True fallback_exact=0
[784/1000] numerical=3.174518881 shared_exact=True fallback_exact=0
[785/1000] numerical=3.766444103 shared_exact=True fallback_exact=0
[786/1000] numerical=3.762261425 shared_exact=True fallback_exact=0
[787/1000] numerical=3.128838661 shared_exact=True fallback_exact=0
[788/1000] numerical=3.323213327 shared_exact=True fallback_exact=0
[789/1000] numerical=2.753204240 shared_exact=True fallback_exact=0
[790/1000] numerical=2.971151777 shared_exact=True fallback_exact=0
[791/1000] numerical=2.456155383 shared_exact=True fallback_exact=0
[792/1000] numerical=2.187357434 shared_exact=True fallback_exact=0
[793/1000] numerical=3.312358196 shared_exact=True fallback_exact=0
[794/1000] numerical=2.679301938 shared_exact=True fallback_exact=0
[795/1000] numerical=3.295100503 shared_exact=True fallback_exact=0
[796/1000] numerical=3.762262074 shared_exact=True fallback_exact=0
[797/1000] numerical=3.328705027 shared_exact=True fallback_exact=0
[798/1000] numerical=3.573905923 shared_exact=True fallback_exact=0
[799/1000] numerical=3.027396380 shared_exact=True fallback_exact=0
[800/1000] numerical=2.517862904 shared_exact=True fallback_exact=0
[801/1000] numerical=3.338636252 shared_exact=True fallback_exact=0
[802/1000] numerical=3.652267962 shared_exact=True fallback_exact=0
[803/1000] numerical=3.652660784 shared_exact=True fallback_exact=0
[804/1000] numerical=3.194324889 shared_exact=True fallback_exact=0
[805/1000] numerical=3.791162142 shared_exact=True fallback_exact=0
[806/1000] numerical=3.726909975 shared_exact=True fallback_exact=0
[807/1000] numerical=3.941338198 shared_exact=True fallback_exact=0
[808/1000] numerical=3.610044438 shared_exact=True fallback_exact=0
[809/1000] numerical=3.754409185 shared_exact=True fallback_exact=0
[810/1000] numerical=2.968832698 shared_exact=True fallback_exact=0
[811/1000] numerical=2.669330801 shared_exact=True fallback_exact=0
[812/1000] numerical=1.899761323 shared_exact=True fallback_exact=0
[813/1000] numerical=3.623411071 shared_exact=True fallback_exact=0
[814/1000] numerical=3.467708614 shared_exact=True fallback_exact=0
[815/1000] numerical=2.399421120 shared_exact=True fallback_exact=0
[816/1000] numerical=2.979605576 shared_exact=True fallback_exact=0
[817/1000] numerical=2.188262261 shared_exact=True fallback_exact=0
[818/1000] numerical=1.894378249 shared_exact=True fallback_exact=0
[819/1000] numerical=2.808164687 shared_exact=True fallback_exact=0
[820/1000] numerical=4.000000000 shared_exact=True fallback_exact=0
[821/1000] numerical=4.435533943 shared_exact=True fallback_exact=0
[822/1000] numerical=3.978998816 shared_exact=True fallback_exact=0
[823/1000] numerical=3.572068568 shared_exact=True fallback_exact=0
[824/1000] numerical=3.572070644 shared_exact=True fallback_exact=0
[825/1000] numerical=4.183437802 shared_exact=True fallback_exact=0
[826/1000] numerical=4.183448305 shared_exact=True fallback_exact=0
[827/1000] numerical=4.080114350 shared_exact=True fallback_exact=0
[828/1000] numerical=3.180691258 shared_exact=True fallback_exact=0
[829/1000] numerical=3.180691258 shared_exact=True fallback_exact=0
[830/1000] numerical=3.287227237 shared_exact=True fallback_exact=0
[831/1000] numerical=3.357633811 shared_exact=True fallback_exact=0
[832/1000] numerical=3.553520494 shared_exact=True fallback_exact=0
[833/1000] numerical=3.422181017 shared_exact=True fallback_exact=0
[834/1000] numerical=3.357066564 shared_exact=True fallback_exact=0
[835/1000] numerical=4.112692342 shared_exact=True fallback_exact=0
[836/1000] numerical=4.350409638 shared_exact=True fallback_exact=0
[837/1000] numerical=3.645771188 shared_exact=True fallback_exact=0
[838/1000] numerical=3.614226576 shared_exact=True fallback_exact=0
[839/1000] numerical=3.817074312 shared_exact=True fallback_exact=0
[840/1000] numerical=3.140264142 shared_exact=True fallback_exact=0
[841/1000] numerical=2.501961221 shared_exact=True fallback_exact=0
[842/1000] numerical=3.527889025 shared_exact=True fallback_exact=0
[843/1000] numerical=3.203103221 shared_exact=True fallback_exact=0
[844/1000] numerical=3.403692978 shared_exact=True fallback_exact=0
[845/1000] numerical=2.745197520 shared_exact=True fallback_exact=0
[846/1000] numerical=2.473344619 shared_exact=True fallback_exact=0
[847/1000] numerical=3.421877915 shared_exact=True fallback_exact=0
[848/1000] numerical=4.239462052 shared_exact=True fallback_exact=0
[849/1000] numerical=4.093568176 shared_exact=True fallback_exact=0
[850/1000] numerical=3.128838661 shared_exact=True fallback_exact=0
[851/1000] numerical=4.000000000 shared_exact=True fallback_exact=0
[852/1000] numerical=3.328729920 shared_exact=True fallback_exact=0
[853/1000] numerical=3.112426348 shared_exact=True fallback_exact=0
[854/1000] numerical=2.306332486 shared_exact=True fallback_exact=0
[855/1000] numerical=3.433856043 shared_exact=True fallback_exact=0
[856/1000] numerical=2.768908049 shared_exact=True fallback_exact=0
[857/1000] numerical=2.087615902 shared_exact=True fallback_exact=0
[858/1000] numerical=2.364082394 shared_exact=True fallback_exact=0
[859/1000] numerical=3.174519538 shared_exact=True fallback_exact=0
[860/1000] numerical=3.093419136 shared_exact=True fallback_exact=0
[861/1000] numerical=2.220257822 shared_exact=True fallback_exact=0
[862/1000] numerical=3.165240450 shared_exact=True fallback_exact=0
[863/1000] numerical=4.180735578 shared_exact=True fallback_exact=0
[864/1000] numerical=4.052715223 shared_exact=True fallback_exact=0
[865/1000] numerical=3.386634804 shared_exact=True fallback_exact=0
[866/1000] numerical=3.209200087 shared_exact=True fallback_exact=0
[867/1000] numerical=3.209201498 shared_exact=True fallback_exact=0
[868/1000] numerical=4.276568310 shared_exact=True fallback_exact=0
[869/1000] numerical=4.270895196 shared_exact=True fallback_exact=0
[870/1000] numerical=4.379026273 shared_exact=True fallback_exact=0
[871/1000] numerical=4.108343036 shared_exact=True fallback_exact=0
[872/1000] numerical=4.313186829 shared_exact=True fallback_exact=0
[873/1000] numerical=3.592722600 shared_exact=True fallback_exact=0
[874/1000] numerical=3.304212581 shared_exact=True fallback_exact=0
[875/1000] numerical=2.568856731 shared_exact=True fallback_exact=0
[876/1000] numerical=3.460427939 shared_exact=True fallback_exact=0
[877/1000] numerical=2.749599389 shared_exact=True fallback_exact=0
[878/1000] numerical=2.502828120 shared_exact=True fallback_exact=0
[879/1000] numerical=4.276568108 shared_exact=True fallback_exact=0
[880/1000] numerical=4.379026274 shared_exact=True fallback_exact=0
[881/1000] numerical=4.270895196 shared_exact=True fallback_exact=0
[882/1000] numerical=4.108986488 shared_exact=True fallback_exact=0
[883/1000] numerical=4.313186841 shared_exact=True fallback_exact=0
[884/1000] numerical=3.592722600 shared_exact=True fallback_exact=0
[885/1000] numerical=3.460471846 shared_exact=True fallback_exact=0
[886/1000] numerical=2.749599100 shared_exact=True fallback_exact=0
[887/1000] numerical=3.304212593 shared_exact=True fallback_exact=0
[888/1000] numerical=2.568856731 shared_exact=True fallback_exact=0
[889/1000] numerical=2.502828120 shared_exact=True fallback_exact=0
[890/1000] numerical=4.111679487 shared_exact=True fallback_exact=0
[891/1000] numerical=4.111982497 shared_exact=True fallback_exact=0
[892/1000] numerical=4.269240049 shared_exact=True fallback_exact=0
[893/1000] numerical=4.085626137 shared_exact=True fallback_exact=0
[894/1000] numerical=3.000000000 shared_exact=True fallback_exact=0
[895/1000] numerical=3.114721145 shared_exact=True fallback_exact=0
[896/1000] numerical=2.085399452 shared_exact=True fallback_exact=0
[897/1000] numerical=3.114723329 shared_exact=True fallback_exact=0
[898/1000] numerical=2.085399452 shared_exact=True fallback_exact=0
[899/1000] numerical=2.185851863 shared_exact=True fallback_exact=0
[900/1000] numerical=3.222874508 shared_exact=True fallback_exact=0
[901/1000] numerical=4.085635867 shared_exact=True fallback_exact=0
[902/1000] numerical=4.299329818 shared_exact=True fallback_exact=0
[903/1000] numerical=4.128664763 shared_exact=True fallback_exact=0
[904/1000] numerical=3.103623340 shared_exact=True fallback_exact=0
[905/1000] numerical=3.323524299 shared_exact=True fallback_exact=0
[906/1000] numerical=2.357548548 shared_exact=True fallback_exact=0
[907/1000] numerical=3.222874241 shared_exact=True fallback_exact=0
[908/1000] numerical=4.299199495 shared_exact=True fallback_exact=0
[909/1000] numerical=4.128374527 shared_exact=True fallback_exact=0
[910/1000] numerical=3.103623340 shared_exact=True fallback_exact=0
[911/1000] numerical=3.804005995 shared_exact=True fallback_exact=0
[912/1000] numerical=4.393483248 shared_exact=True fallback_exact=0
[913/1000] numerical=4.206335556 shared_exact=True fallback_exact=0
[914/1000] numerical=3.685524624 shared_exact=True fallback_exact=0
[915/1000] numerical=3.117920453 shared_exact=True fallback_exact=0
[916/1000] numerical=3.204461316 shared_exact=True fallback_exact=0
[917/1000] numerical=2.237709139 shared_exact=True fallback_exact=0
[918/1000] numerical=3.537642157 shared_exact=True fallback_exact=0
[919/1000] numerical=3.351955119 shared_exact=True fallback_exact=0
[920/1000] numerical=2.842416485 shared_exact=True fallback_exact=0
[921/1000] numerical=2.309966073 shared_exact=True fallback_exact=0
[922/1000] numerical=3.204462106 shared_exact=True fallback_exact=0
[923/1000] numerical=2.237709139 shared_exact=True fallback_exact=0
[924/1000] numerical=2.450771598 shared_exact=True fallback_exact=0
[925/1000] numerical=3.323524270 shared_exact=True fallback_exact=0
[926/1000] numerical=2.357548548 shared_exact=True fallback_exact=0
[927/1000] numerical=3.538582325 shared_exact=True fallback_exact=0
[928/1000] numerical=3.352276450 shared_exact=True fallback_exact=0
[929/1000] numerical=2.842352830 shared_exact=True fallback_exact=0
[930/1000] numerical=2.309966073 shared_exact=True fallback_exact=0
[931/1000] numerical=2.450771598 shared_exact=True fallback_exact=0
[932/1000] numerical=2.758703422 shared_exact=True fallback_exact=0
[933/1000] numerical=2.548388316 shared_exact=True fallback_exact=0
[934/1000] numerical=1.441627746 shared_exact=True fallback_exact=0
[935/1000] numerical=3.215643892 shared_exact=True fallback_exact=0
[936/1000] numerical=3.499093357 shared_exact=True fallback_exact=0
[937/1000] numerical=2.738746522 shared_exact=True fallback_exact=0
[938/1000] numerical=2.453243342 shared_exact=True fallback_exact=0
[939/1000] numerical=2.762516656 shared_exact=True fallback_exact=0
[940/1000] numerical=3.499093357 shared_exact=True fallback_exact=0
[941/1000] numerical=2.738743613 shared_exact=True fallback_exact=0
[942/1000] numerical=2.762515842 shared_exact=True fallback_exact=0
[943/1000] numerical=2.453243346 shared_exact=True fallback_exact=0
[944/1000] numerical=3.150451715 shared_exact=True fallback_exact=0
[945/1000] numerical=2.071299629 shared_exact=True fallback_exact=0
[946/1000] numerical=2.116080256 shared_exact=True fallback_exact=0
[947/1000] numerical=2.116080432 shared_exact=True fallback_exact=0
[948/1000] numerical=3.321127967 shared_exact=True fallback_exact=0
[949/1000] numerical=2.306258451 shared_exact=True fallback_exact=0
[950/1000] numerical=2.598225094 shared_exact=True fallback_exact=0
[951/1000] numerical=3.320651866 shared_exact=True fallback_exact=0
[952/1000] numerical=2.306258451 shared_exact=True fallback_exact=0
[953/1000] numerical=3.670069797 shared_exact=True fallback_exact=0
[954/1000] numerical=3.486619104 shared_exact=True fallback_exact=0
[955/1000] numerical=2.955518283 shared_exact=True fallback_exact=0
[956/1000] numerical=2.400376253 shared_exact=True fallback_exact=0
[957/1000] numerical=2.339832536 shared_exact=True fallback_exact=0
[958/1000] numerical=2.901351395 shared_exact=True fallback_exact=0
[959/1000] numerical=2.709588136 shared_exact=True fallback_exact=0
[960/1000] numerical=1.658289316 shared_exact=True fallback_exact=0
[961/1000] numerical=2.339833873 shared_exact=True fallback_exact=0
[962/1000] numerical=2.598225066 shared_exact=True fallback_exact=0
[963/1000] numerical=2.901437923 shared_exact=True fallback_exact=0
[964/1000] numerical=2.709954072 shared_exact=True fallback_exact=0
[965/1000] numerical=1.658289316 shared_exact=True fallback_exact=0
[966/1000] numerical=1.961128975 shared_exact=True fallback_exact=0
[967/1000] numerical=4.180735579 shared_exact=True fallback_exact=0
[968/1000] numerical=3.209199969 shared_exact=True fallback_exact=0
[969/1000] numerical=4.052715223 shared_exact=True fallback_exact=0
[970/1000] numerical=3.386634804 shared_exact=True fallback_exact=0
[971/1000] numerical=3.209233435 shared_exact=True fallback_exact=0
[972/1000] numerical=3.215713894 shared_exact=True fallback_exact=0
[973/1000] numerical=4.276568131 shared_exact=True fallback_exact=0
[974/1000] numerical=4.270895315 shared_exact=True fallback_exact=0
[975/1000] numerical=4.108266618 shared_exact=True fallback_exact=0
[976/1000] numerical=4.379026562 shared_exact=True fallback_exact=0
[977/1000] numerical=4.313186824 shared_exact=True fallback_exact=0
[978/1000] numerical=3.304212581 shared_exact=True fallback_exact=0
[979/1000] numerical=3.592722611 shared_exact=True fallback_exact=0
[980/1000] numerical=2.568856731 shared_exact=True fallback_exact=0
[981/1000] numerical=3.460418494 shared_exact=True fallback_exact=0
[982/1000] numerical=2.502828120 shared_exact=True fallback_exact=0
[983/1000] numerical=2.749604507 shared_exact=True fallback_exact=0
[984/1000] numerical=3.499093357 shared_exact=True fallback_exact=0
[985/1000] numerical=2.453243342 shared_exact=True fallback_exact=0
[986/1000] numerical=2.738830994 shared_exact=True fallback_exact=0
[987/1000] numerical=2.762513091 shared_exact=True fallback_exact=0
[988/1000] numerical=4.276568437 shared_exact=True fallback_exact=0
[989/1000] numerical=4.379026274 shared_exact=True fallback_exact=0
[990/1000] numerical=4.108271625 shared_exact=True fallback_exact=0
[991/1000] numerical=4.270895328 shared_exact=True fallback_exact=0
[992/1000] numerical=4.313186824 shared_exact=True fallback_exact=0
[993/1000] numerical=3.460336414 shared_exact=True fallback_exact=0
[994/1000] numerical=3.592722600 shared_exact=True fallback_exact=0
[995/1000] numerical=2.749598889 shared_exact=True fallback_exact=0
[996/1000] numerical=3.304212584 shared_exact=True fallback_exact=0
[997/1000] numerical=2.502828120 shared_exact=True fallback_exact=0
[998/1000] numerical=2.568856731 shared_exact=True fallback_exact=0
[999/1000] numerical=3.499093357 shared_exact=True fallback_exact=0
[1000/1000] numerical=2.762513045 shared_exact=True fallback_exact=0
checkpoint=/workspace/positive-square-energy/experiments/rank7_order8_chunk_008000_009000.r7o8g.xz.fragments/fragment-008500-009000.r7o8g.xz rows=500
attempts=1000 shared_exact=1000 templates=0 fallback_exact=0 structural=0 atoms=0 balanced=0 unresolved_targets=0
fragments=2 checkpoint_rows=500
raw_bytes=470108 xz_bytes=296336 elapsed_seconds=246.607693
sha256=4ff35e6fe5cc00e6ce0b9bd9172d1c743eaca449619a6f3fbf6b40214dd122aa
full_theorem=false
[2026-08-14T12:41:58.214317+00:00] exit: 0
[2026-08-14T12:41:58.214476+00:00] exec: /opt/kortix/pyfloor/bin/python3 -u /workspace/positive-square-energy/experiments/rank7_order8_exact_rational.py --verify-pack /workspace/positive-square-energy/experiments/rank7_order8_chunk_008000_009000.r7o8g.xz --census-cache /workspace/positive-square-energy/experiments/rank7_order8_rational_search_cache.r7o8c.xz
attempts=1000 shared_exact=1000 templates=0 fallback_exact=0 structural=0 atoms=0 balanced=0 exact_audit=true census_seconds=12.701619
full_theorem=false
[2026-08-14T12:42:31.517899+00:00] exit: 0
[2026-08-14T12:42:31.519483+00:00] shard=008000_009000 exact_audit=true sha256=4ff35e6fe5cc00e6ce0b9bd9172d1c743eaca449619a6f3fbf6b40214dd122aa
