[2026-08-17T06:47:34.036269+00:00] shard=025000_026000 adopted_fragments=0
[2026-08-17T06:47:34.036341+00:00] exec: /opt/kortix/pyfloor/bin/python3 -u /workspace/positive-square-energy/experiments/rank7_order8_exact_rational.py --output /workspace/positive-square-energy/experiments/rank7_order8_chunk_025000_026000.r7o8g.xz --fragment-directory /workspace/positive-square-energy/experiments/rank7_order8_chunk_025000_026000.r7o8g.xz.fragments --census-cache positive-square-energy/experiments/rank7_order8_rational_search_cache.r7o8c.xz --start 25000 --count 1000 --checkpoint-rows 500 --progress
[1/1000] numerical=3.336627791 shared_exact=True fallback_exact=0
[2/1000] numerical=3.241109807 shared_exact=True fallback_exact=0
[3/1000] numerical=3.164225351 shared_exact=True fallback_exact=0
[4/1000] numerical=3.747944668 shared_exact=True fallback_exact=0
[5/1000] numerical=3.035878588 shared_exact=True fallback_exact=0
[6/1000] numerical=4.301042630 shared_exact=True fallback_exact=0
[7/1000] numerical=3.929216801 shared_exact=True fallback_exact=0
[8/1000] numerical=4.222285161 shared_exact=True fallback_exact=0
[9/1000] numerical=3.690717676 shared_exact=True fallback_exact=0
[10/1000] numerical=3.325382655 shared_exact=True fallback_exact=0
[11/1000] numerical=3.235677954 shared_exact=True fallback_exact=0
[12/1000] numerical=3.139720362 shared_exact=True fallback_exact=0
[13/1000] numerical=3.525886622 shared_exact=True fallback_exact=0
[14/1000] numerical=2.883731853 shared_exact=True fallback_exact=0
[15/1000] numerical=3.417541200 shared_exact=True fallback_exact=0
[16/1000] numerical=2.973630196 shared_exact=True fallback_exact=0
[17/1000] numerical=2.422173462 shared_exact=True fallback_exact=0
[18/1000] numerical=2.854110916 shared_exact=True fallback_exact=0
[19/1000] numerical=2.180967403 shared_exact=True fallback_exact=0
[20/1000] numerical=2.680775935 shared_exact=True fallback_exact=0
[21/1000] numerical=2.230005789 shared_exact=True fallback_exact=0
[22/1000] numerical=1.662097980 shared_exact=True fallback_exact=0
[23/1000] numerical=2.681163502 shared_exact=True fallback_exact=0
[24/1000] numerical=4.003615430 shared_exact=True fallback_exact=0
[25/1000] numerical=3.403295601 shared_exact=True fallback_exact=0
[26/1000] numerical=3.863208619 shared_exact=True fallback_exact=0
[27/1000] numerical=3.403029806 shared_exact=True fallback_exact=0
[28/1000] numerical=2.903741842 shared_exact=True fallback_exact=0
[29/1000] numerical=3.359603234 shared_exact=True fallback_exact=0
[30/1000] numerical=2.836814871 shared_exact=True fallback_exact=0
[31/1000] numerical=3.242807409 shared_exact=True fallback_exact=0
[32/1000] numerical=2.763507416 shared_exact=True fallback_exact=0
[33/1000] numerical=2.327653576 shared_exact=True fallback_exact=0
[34/1000] numerical=3.271406269 shared_exact=True fallback_exact=0
[35/1000] numerical=3.414651340 shared_exact=True fallback_exact=0
[36/1000] numerical=3.861231152 shared_exact=True fallback_exact=0
[37/1000] numerical=3.395909433 shared_exact=True fallback_exact=0
[38/1000] numerical=2.818042972 shared_exact=True fallback_exact=0
[39/1000] numerical=2.292768941 shared_exact=True fallback_exact=0
[40/1000] numerical=3.299463062 shared_exact=True fallback_exact=0
[41/1000] numerical=3.698537025 shared_exact=True fallback_exact=0
[42/1000] numerical=2.287298533 shared_exact=True fallback_exact=0
[43/1000] numerical=3.217651288 shared_exact=True fallback_exact=0
[44/1000] numerical=3.150313735 shared_exact=True fallback_exact=0
[45/1000] numerical=2.380019446 shared_exact=True fallback_exact=0
[46/1000] numerical=2.717775708 shared_exact=True fallback_exact=0
[47/1000] numerical=2.211979394 shared_exact=True fallback_exact=0
[48/1000] numerical=3.402986324 shared_exact=True fallback_exact=0
[49/1000] numerical=2.653780986 shared_exact=True fallback_exact=0
[50/1000] numerical=3.376454753 shared_exact=True fallback_exact=0
[51/1000] numerical=2.632882264 shared_exact=True fallback_exact=0
[52/1000] numerical=2.863247784 shared_exact=True fallback_exact=0
[53/1000] numerical=2.986521760 shared_exact=True fallback_exact=0
[54/1000] numerical=2.851340829 shared_exact=True fallback_exact=0
[55/1000] numerical=2.805318120 shared_exact=True fallback_exact=0
[56/1000] numerical=2.120674098 shared_exact=True fallback_exact=0
[57/1000] numerical=3.030082916 shared_exact=True fallback_exact=0
[58/1000] numerical=4.048018821 shared_exact=True fallback_exact=0
[59/1000] numerical=3.458863618 shared_exact=True fallback_exact=0
[60/1000] numerical=3.784756631 shared_exact=True fallback_exact=0
[61/1000] numerical=3.369398810 shared_exact=True fallback_exact=0
[62/1000] numerical=3.306612026 shared_exact=True fallback_exact=0
[63/1000] numerical=3.622051293 shared_exact=True fallback_exact=0
[64/1000] numerical=3.510176086 shared_exact=True fallback_exact=0
[65/1000] numerical=2.985004750 shared_exact=True fallback_exact=0
[66/1000] numerical=3.359964120 shared_exact=True fallback_exact=0
[67/1000] numerical=3.365421171 shared_exact=True fallback_exact=0
[68/1000] numerical=3.524043267 shared_exact=True fallback_exact=0
[69/1000] numerical=3.177140963 shared_exact=True fallback_exact=0
[70/1000] numerical=2.844319407 shared_exact=True fallback_exact=0
[71/1000] numerical=2.986373945 shared_exact=True fallback_exact=0
[72/1000] numerical=2.179828899 shared_exact=True fallback_exact=0
[73/1000] numerical=1.898092474 shared_exact=True fallback_exact=0
[74/1000] numerical=2.963243832 shared_exact=True fallback_exact=0
[75/1000] numerical=4.109437323 shared_exact=True fallback_exact=0
[76/1000] numerical=3.930782957 shared_exact=True fallback_exact=0
[77/1000] numerical=3.975291099 shared_exact=True fallback_exact=0
[78/1000] numerical=3.151847804 shared_exact=True fallback_exact=0
[79/1000] numerical=2.989223750 shared_exact=True fallback_exact=0
[80/1000] numerical=2.859018080 shared_exact=True fallback_exact=0
[81/1000] numerical=3.550314502 shared_exact=True fallback_exact=0
[82/1000] numerical=3.306478828 shared_exact=True fallback_exact=0
[83/1000] numerical=3.350990123 shared_exact=True fallback_exact=0
[84/1000] numerical=2.541365792 shared_exact=True fallback_exact=0
[85/1000] numerical=2.293083527 shared_exact=True fallback_exact=0
[86/1000] numerical=3.097200237 shared_exact=True fallback_exact=0
[87/1000] numerical=4.079683479 shared_exact=True fallback_exact=0
[88/1000] numerical=3.601468083 shared_exact=True fallback_exact=0
[89/1000] numerical=3.808256091 shared_exact=True fallback_exact=0
[90/1000] numerical=3.550245292 shared_exact=True fallback_exact=0
[91/1000] numerical=3.037902239 shared_exact=True fallback_exact=0
[92/1000] numerical=3.604251515 shared_exact=True fallback_exact=0
[93/1000] numerical=3.436244149 shared_exact=True fallback_exact=0
[94/1000] numerical=3.208893326 shared_exact=True fallback_exact=0
[95/1000] numerical=3.393316006 shared_exact=True fallback_exact=0
[96/1000] numerical=3.535755343 shared_exact=True fallback_exact=0
[97/1000] numerical=3.497775225 shared_exact=True fallback_exact=0
[98/1000] numerical=3.011472641 shared_exact=True fallback_exact=0
[99/1000] numerical=2.840258014 shared_exact=True fallback_exact=0
[100/1000] numerical=2.898941820 shared_exact=True fallback_exact=0
[101/1000] numerical=2.142048999 shared_exact=True fallback_exact=0
[102/1000] numerical=1.983875240 shared_exact=True fallback_exact=0
[103/1000] numerical=2.874993753 shared_exact=True fallback_exact=0
[104/1000] numerical=2.834877770 shared_exact=True fallback_exact=0
[105/1000] numerical=4.063035105 shared_exact=True fallback_exact=0
[106/1000] numerical=3.936406575 shared_exact=True fallback_exact=0
[107/1000] numerical=3.960344383 shared_exact=True fallback_exact=0
[108/1000] numerical=3.139197400 shared_exact=True fallback_exact=0
[109/1000] numerical=3.035225381 shared_exact=True fallback_exact=0
[110/1000] numerical=3.448830928 shared_exact=True fallback_exact=0
[111/1000] numerical=3.365430137 shared_exact=True fallback_exact=0
[112/1000] numerical=3.298961114 shared_exact=True fallback_exact=0
[113/1000] numerical=2.435359861 shared_exact=True fallback_exact=0
[114/1000] numerical=2.336017387 shared_exact=True fallback_exact=0
[115/1000] numerical=4.237017059 shared_exact=True fallback_exact=0
[116/1000] numerical=4.243742114 shared_exact=True fallback_exact=0
[117/1000] numerical=4.376177210 shared_exact=True fallback_exact=0
[118/1000] numerical=2.992467380 shared_exact=True fallback_exact=0
[119/1000] numerical=2.994047949 shared_exact=True fallback_exact=0
[120/1000] numerical=2.300772496 shared_exact=True fallback_exact=0
[121/1000] numerical=3.464645137 shared_exact=True fallback_exact=0
[122/1000] numerical=3.471126215 shared_exact=True fallback_exact=0
[123/1000] numerical=3.617560720 shared_exact=True fallback_exact=0
[124/1000] numerical=3.856913691 shared_exact=True fallback_exact=0
[125/1000] numerical=3.854291222 shared_exact=True fallback_exact=0
[126/1000] numerical=2.878988963 shared_exact=True fallback_exact=0
[127/1000] numerical=3.165273851 shared_exact=True fallback_exact=0
[128/1000] numerical=3.372883115 shared_exact=True fallback_exact=0
[129/1000] numerical=3.403429206 shared_exact=True fallback_exact=0
[130/1000] numerical=3.894245825 shared_exact=True fallback_exact=0
[131/1000] numerical=3.511395974 shared_exact=True fallback_exact=0
[132/1000] numerical=3.278896585 shared_exact=True fallback_exact=0
[133/1000] numerical=3.199844697 shared_exact=True fallback_exact=0
[134/1000] numerical=2.860106645 shared_exact=True fallback_exact=0
[135/1000] numerical=2.821304663 shared_exact=True fallback_exact=0
[136/1000] numerical=3.539003380 shared_exact=True fallback_exact=0
[137/1000] numerical=3.678315735 shared_exact=True fallback_exact=0
[138/1000] numerical=4.261009556 shared_exact=True fallback_exact=0
[139/1000] numerical=4.250090047 shared_exact=True fallback_exact=0
[140/1000] numerical=4.311921884 shared_exact=True fallback_exact=0
[141/1000] numerical=3.515304364 shared_exact=True fallback_exact=0
[142/1000] numerical=3.528707418 shared_exact=True fallback_exact=0
[143/1000] numerical=3.405687936 shared_exact=True fallback_exact=0
[144/1000] numerical=2.969838907 shared_exact=True fallback_exact=0
[145/1000] numerical=2.999406931 shared_exact=True fallback_exact=0
[146/1000] numerical=2.740483731 shared_exact=True fallback_exact=0
[147/1000] numerical=2.675158201 shared_exact=True fallback_exact=0
[148/1000] numerical=3.383077741 shared_exact=True fallback_exact=0
[149/1000] numerical=3.323594907 shared_exact=True fallback_exact=0
[150/1000] numerical=4.355624675 shared_exact=True fallback_exact=0
[151/1000] numerical=4.233557913 shared_exact=True fallback_exact=0
[152/1000] numerical=4.256689688 shared_exact=True fallback_exact=0
[153/1000] numerical=3.426382550 shared_exact=True fallback_exact=0
[154/1000] numerical=3.341964722 shared_exact=True fallback_exact=0
[155/1000] numerical=2.995267449 shared_exact=True fallback_exact=0
[156/1000] numerical=3.254524853 shared_exact=True fallback_exact=0
[157/1000] numerical=2.888012678 shared_exact=True fallback_exact=0
[158/1000] numerical=3.139127265 shared_exact=True fallback_exact=0
[159/1000] numerical=2.477112015 shared_exact=True fallback_exact=0
[160/1000] numerical=2.144064295 shared_exact=True fallback_exact=0
[161/1000] numerical=3.171699787 shared_exact=True fallback_exact=0
[162/1000] numerical=2.856936073 shared_exact=True fallback_exact=0
[163/1000] numerical=3.124530176 shared_exact=True fallback_exact=0
[164/1000] numerical=2.503725036 shared_exact=True fallback_exact=0
[165/1000] numerical=2.268546546 shared_exact=True fallback_exact=0
[166/1000] numerical=2.468968908 shared_exact=True fallback_exact=0
[167/1000] numerical=2.114898224 shared_exact=True fallback_exact=0
[168/1000] numerical=2.365769583 shared_exact=True fallback_exact=0
[169/1000] numerical=1.736398671 shared_exact=True fallback_exact=0
[170/1000] numerical=1.464534666 shared_exact=True fallback_exact=0
[171/1000] numerical=2.367848185 shared_exact=True fallback_exact=0
[172/1000] numerical=3.563627017 shared_exact=True fallback_exact=0
[173/1000] numerical=3.303243814 shared_exact=True fallback_exact=0
[174/1000] numerical=3.503577202 shared_exact=True fallback_exact=0
[175/1000] numerical=2.849995065 shared_exact=True fallback_exact=0
[176/1000] numerical=2.652721064 shared_exact=True fallback_exact=0
[177/1000] numerical=3.704227768 shared_exact=True fallback_exact=0
[178/1000] numerical=3.343061857 shared_exact=True fallback_exact=0
[179/1000] numerical=3.551259065 shared_exact=True fallback_exact=0
[180/1000] numerical=2.840034082 shared_exact=True fallback_exact=0
[181/1000] numerical=2.511305463 shared_exact=True fallback_exact=0
[182/1000] numerical=3.300573644 shared_exact=True fallback_exact=0
[183/1000] numerical=3.853141453 shared_exact=True fallback_exact=0
[184/1000] numerical=3.874285211 shared_exact=True fallback_exact=0
[185/1000] numerical=3.051718191 shared_exact=True fallback_exact=0
[186/1000] numerical=2.671225727 shared_exact=True fallback_exact=0
[187/1000] numerical=3.656835388 shared_exact=True fallback_exact=0
[188/1000] numerical=3.708084911 shared_exact=True fallback_exact=0
[189/1000] numerical=2.668717403 shared_exact=True fallback_exact=0
[190/1000] numerical=2.945551425 shared_exact=True fallback_exact=0
[191/1000] numerical=3.171302675 shared_exact=True fallback_exact=0
[192/1000] numerical=2.563245203 shared_exact=True fallback_exact=0
[193/1000] numerical=2.722051257 shared_exact=True fallback_exact=0
[194/1000] numerical=2.043283343 shared_exact=True fallback_exact=0
[195/1000] numerical=3.854560023 shared_exact=True fallback_exact=0
[196/1000] numerical=2.855682689 shared_exact=True fallback_exact=0
[197/1000] numerical=3.671308156 shared_exact=True fallback_exact=0
[198/1000] numerical=3.141424336 shared_exact=True fallback_exact=0
[199/1000] numerical=3.812440008 shared_exact=True fallback_exact=0
[200/1000] numerical=2.816403515 shared_exact=True fallback_exact=0
[201/1000] numerical=3.629188121 shared_exact=True fallback_exact=0
[202/1000] numerical=3.099304321 shared_exact=True fallback_exact=0
[203/1000] numerical=3.361440011 shared_exact=True fallback_exact=0
[204/1000] numerical=3.285208703 shared_exact=True fallback_exact=0
[205/1000] numerical=3.183142499 shared_exact=True fallback_exact=0
[206/1000] numerical=3.054967858 shared_exact=True fallback_exact=0
[207/1000] numerical=2.826560338 shared_exact=True fallback_exact=0
[208/1000] numerical=4.092205213 shared_exact=True fallback_exact=0
[209/1000] numerical=4.236074968 shared_exact=True fallback_exact=0
[210/1000] numerical=3.934404569 shared_exact=True fallback_exact=0
[211/1000] numerical=4.092216629 shared_exact=True fallback_exact=0
[212/1000] numerical=3.714192334 shared_exact=True fallback_exact=0
[213/1000] numerical=4.147321349 shared_exact=True fallback_exact=0
[214/1000] numerical=4.148163688 shared_exact=True fallback_exact=0
[215/1000] numerical=3.262523749 shared_exact=True fallback_exact=0
[216/1000] numerical=3.671309348 shared_exact=True fallback_exact=0
[217/1000] numerical=2.754126127 shared_exact=True fallback_exact=0
[218/1000] numerical=4.235921904 shared_exact=True fallback_exact=0
[219/1000] numerical=3.658440179 shared_exact=True fallback_exact=0
[220/1000] numerical=4.105185932 shared_exact=True fallback_exact=0
[221/1000] numerical=4.105464543 shared_exact=True fallback_exact=0
[222/1000] numerical=3.196918870 shared_exact=True fallback_exact=0
[223/1000] numerical=3.629188347 shared_exact=True fallback_exact=0
[224/1000] numerical=2.692486192 shared_exact=True fallback_exact=0
[225/1000] numerical=3.934334843 shared_exact=True fallback_exact=0
[226/1000] numerical=3.418186809 shared_exact=True fallback_exact=0
[227/1000] numerical=3.654445692 shared_exact=True fallback_exact=0
[228/1000] numerical=3.760441629 shared_exact=True fallback_exact=0
[229/1000] numerical=3.031883231 shared_exact=True fallback_exact=0
[230/1000] numerical=3.251400329 shared_exact=True fallback_exact=0
[231/1000] numerical=3.352828684 shared_exact=True fallback_exact=0
[232/1000] numerical=2.493584516 shared_exact=True fallback_exact=0
[233/1000] numerical=2.871991859 shared_exact=True fallback_exact=0
[234/1000] numerical=3.119328731 shared_exact=True fallback_exact=0
[235/1000] numerical=2.195017164 shared_exact=True fallback_exact=0
[236/1000] numerical=2.643308456 shared_exact=True fallback_exact=0
[237/1000] numerical=2.707097757 shared_exact=True fallback_exact=0
[238/1000] numerical=4.349915940 shared_exact=True fallback_exact=0
[239/1000] numerical=4.187495502 shared_exact=True fallback_exact=0
[240/1000] numerical=3.884119852 shared_exact=True fallback_exact=0
[241/1000] numerical=3.066130072 shared_exact=True fallback_exact=0
[242/1000] numerical=3.753401761 shared_exact=True fallback_exact=0
[243/1000] numerical=3.146729955 shared_exact=True fallback_exact=0
[244/1000] numerical=3.679809072 shared_exact=True fallback_exact=0
[245/1000] numerical=3.564802197 shared_exact=True fallback_exact=0
[246/1000] numerical=3.455999883 shared_exact=True fallback_exact=0
[247/1000] numerical=3.356865853 shared_exact=True fallback_exact=0
[248/1000] numerical=4.349844605 shared_exact=True fallback_exact=0
[249/1000] numerical=4.187493787 shared_exact=True fallback_exact=0
[250/1000] numerical=3.670060209 shared_exact=True fallback_exact=0
[251/1000] numerical=4.268806919 shared_exact=True fallback_exact=0
[252/1000] numerical=4.269912270 shared_exact=True fallback_exact=0
[253/1000] numerical=3.379398476 shared_exact=True fallback_exact=0
[254/1000] numerical=4.085556126 shared_exact=True fallback_exact=0
[255/1000] numerical=4.104381213 shared_exact=True fallback_exact=0
[256/1000] numerical=3.286047616 shared_exact=True fallback_exact=0
[257/1000] numerical=3.555671216 shared_exact=True fallback_exact=0
[258/1000] numerical=2.612017542 shared_exact=True fallback_exact=0
[259/1000] numerical=3.115447275 shared_exact=True fallback_exact=0
[260/1000] numerical=3.092262217 shared_exact=True fallback_exact=0
[261/1000] numerical=3.362005205 shared_exact=True fallback_exact=0
[262/1000] numerical=2.463218997 shared_exact=True fallback_exact=0
[263/1000] numerical=3.193058733 shared_exact=True fallback_exact=0
[264/1000] numerical=2.648301009 shared_exact=True fallback_exact=0
[265/1000] numerical=4.092108780 shared_exact=True fallback_exact=0
[266/1000] numerical=3.775603342 shared_exact=True fallback_exact=0
[267/1000] numerical=3.627378534 shared_exact=True fallback_exact=0
[268/1000] numerical=3.848163894 shared_exact=True fallback_exact=0
[269/1000] numerical=4.561552813 shared_exact=True fallback_exact=0
[270/1000] numerical=4.165160587 shared_exact=True fallback_exact=0
[271/1000] numerical=4.644448237 shared_exact=True fallback_exact=0
[272/1000] numerical=4.641156561 shared_exact=True fallback_exact=0
[273/1000] numerical=3.642142777 shared_exact=True fallback_exact=0
[274/1000] numerical=4.165158763 shared_exact=True fallback_exact=0
[275/1000] numerical=3.847154061 shared_exact=True fallback_exact=0
[276/1000] numerical=3.916702558 shared_exact=True fallback_exact=0
[277/1000] numerical=4.092109117 shared_exact=True fallback_exact=0
[278/1000] numerical=3.675101182 shared_exact=True fallback_exact=0
[279/1000] numerical=4.179505011 shared_exact=True fallback_exact=0
[280/1000] numerical=4.147305965 shared_exact=True fallback_exact=0
[281/1000] numerical=3.160048676 shared_exact=True fallback_exact=0
[282/1000] numerical=3.671308243 shared_exact=True fallback_exact=0
[283/1000] numerical=2.699852171 shared_exact=True fallback_exact=0
[284/1000] numerical=3.627036482 shared_exact=True fallback_exact=0
[285/1000] numerical=3.456379107 shared_exact=True fallback_exact=0
[286/1000] numerical=3.973995616 shared_exact=True fallback_exact=0
[287/1000] numerical=3.916703099 shared_exact=True fallback_exact=0
[288/1000] numerical=2.948407724 shared_exact=True fallback_exact=0
[289/1000] numerical=3.440735419 shared_exact=True fallback_exact=0
[290/1000] numerical=3.848085215 shared_exact=True fallback_exact=0
[291/1000] numerical=3.217868745 shared_exact=True fallback_exact=0
[292/1000] numerical=3.747768732 shared_exact=True fallback_exact=0
[293/1000] numerical=3.656532842 shared_exact=True fallback_exact=0
[294/1000] numerical=2.717194369 shared_exact=True fallback_exact=0
[295/1000] numerical=3.178185846 shared_exact=True fallback_exact=0
[296/1000] numerical=4.165158756 shared_exact=True fallback_exact=0
[297/1000] numerical=4.644323464 shared_exact=True fallback_exact=0
[298/1000] numerical=4.641156560 shared_exact=True fallback_exact=0
[299/1000] numerical=3.642142777 shared_exact=True fallback_exact=0
[300/1000] numerical=4.165158752 shared_exact=True fallback_exact=0
[301/1000] numerical=3.670060075 shared_exact=True fallback_exact=0
[302/1000] numerical=3.000000002 shared_exact=True fallback_exact=0
[303/1000] numerical=4.128402181 shared_exact=True fallback_exact=0
[304/1000] numerical=4.085555054 shared_exact=True fallback_exact=0
[305/1000] numerical=3.136426000 shared_exact=True fallback_exact=0
[306/1000] numerical=3.703144376 shared_exact=True fallback_exact=0
[307/1000] numerical=4.564198310 shared_exact=True fallback_exact=0
[308/1000] numerical=4.561552822 shared_exact=True fallback_exact=0
[309/1000] numerical=3.670076351 shared_exact=True fallback_exact=0
[310/1000] numerical=3.563475822 shared_exact=True fallback_exact=0
[311/1000] numerical=3.000000001 shared_exact=True fallback_exact=0
[312/1000] numerical=4.086017921 shared_exact=True fallback_exact=0
[313/1000] numerical=4.085555008 shared_exact=True fallback_exact=0
[314/1000] numerical=3.085761403 shared_exact=True fallback_exact=0
[315/1000] numerical=3.347800849 shared_exact=True fallback_exact=0
[316/1000] numerical=2.365827605 shared_exact=True fallback_exact=0
[317/1000] numerical=2.871717059 shared_exact=True fallback_exact=0
[318/1000] numerical=3.273361189 shared_exact=True fallback_exact=0
[319/1000] numerical=2.563485651 shared_exact=True fallback_exact=0
[320/1000] numerical=3.847150159 shared_exact=True fallback_exact=0
[321/1000] numerical=3.178183858 shared_exact=True fallback_exact=0
[322/1000] numerical=3.656002616 shared_exact=True fallback_exact=0
[323/1000] numerical=3.654181665 shared_exact=True fallback_exact=0
[324/1000] numerical=2.657717085 shared_exact=True fallback_exact=0
[325/1000] numerical=3.178183857 shared_exact=True fallback_exact=0
[326/1000] numerical=3.674567071 shared_exact=True fallback_exact=0
[327/1000] numerical=3.674567071 shared_exact=True fallback_exact=0
[328/1000] numerical=3.000000000 shared_exact=True fallback_exact=0
[329/1000] numerical=4.277951560 shared_exact=True fallback_exact=0
[330/1000] numerical=3.354805862 shared_exact=True fallback_exact=0
[331/1000] numerical=3.354946755 shared_exact=True fallback_exact=0
[332/1000] numerical=4.112551011 shared_exact=True fallback_exact=0
[333/1000] numerical=4.112567709 shared_exact=True fallback_exact=0
[334/1000] numerical=4.567509555 shared_exact=True fallback_exact=0
[335/1000] numerical=4.574351120 shared_exact=True fallback_exact=0
[336/1000] numerical=4.574351841 shared_exact=True fallback_exact=0
[337/1000] numerical=4.650771464 shared_exact=True fallback_exact=0
[338/1000] numerical=3.773890738 shared_exact=True fallback_exact=0
[339/1000] numerical=3.774119391 shared_exact=True fallback_exact=0
[340/1000] numerical=3.026727318 shared_exact=True fallback_exact=0
[341/1000] numerical=3.270409255 shared_exact=True fallback_exact=0
[342/1000] numerical=3.814488667 shared_exact=True fallback_exact=0
[343/1000] numerical=2.998677902 shared_exact=True fallback_exact=0
[344/1000] numerical=2.998682199 shared_exact=True fallback_exact=0
[345/1000] numerical=3.851627044 shared_exact=True fallback_exact=0
[346/1000] numerical=4.277951553 shared_exact=True fallback_exact=0
[347/1000] numerical=3.354806020 shared_exact=True fallback_exact=0
[348/1000] numerical=3.355025034 shared_exact=True fallback_exact=0
[349/1000] numerical=4.281298590 shared_exact=True fallback_exact=0
[350/1000] numerical=3.339403903 shared_exact=True fallback_exact=0
[351/1000] numerical=4.281299220 shared_exact=True fallback_exact=0
[352/1000] numerical=4.365311760 shared_exact=True fallback_exact=0
[353/1000] numerical=3.269776053 shared_exact=True fallback_exact=0
[354/1000] numerical=3.513267844 shared_exact=True fallback_exact=0
[355/1000] numerical=3.269776111 shared_exact=True fallback_exact=0
[356/1000] numerical=3.339490470 shared_exact=True fallback_exact=0
[357/1000] numerical=3.513268497 shared_exact=True fallback_exact=0
[358/1000] numerical=2.773197392 shared_exact=True fallback_exact=0
[359/1000] numerical=4.112542617 shared_exact=True fallback_exact=0
[360/1000] numerical=4.156782608 shared_exact=True fallback_exact=0
[361/1000] numerical=4.085832304 shared_exact=True fallback_exact=0
[362/1000] numerical=4.095649398 shared_exact=True fallback_exact=0
[363/1000] numerical=3.230217804 shared_exact=True fallback_exact=0
[364/1000] numerical=3.186832409 shared_exact=True fallback_exact=0
[365/1000] numerical=2.424877188 shared_exact=True fallback_exact=0
[366/1000] numerical=4.112568515 shared_exact=True fallback_exact=0
[367/1000] numerical=4.085831944 shared_exact=True fallback_exact=0
[368/1000] numerical=4.156782613 shared_exact=True fallback_exact=0
[369/1000] numerical=4.095650713 shared_exact=True fallback_exact=0
[370/1000] numerical=3.186832409 shared_exact=True fallback_exact=0
[371/1000] numerical=3.230217804 shared_exact=True fallback_exact=0
[372/1000] numerical=2.424877188 shared_exact=True fallback_exact=0
[373/1000] numerical=4.574350985 shared_exact=True fallback_exact=0
[374/1000] numerical=4.574353527 shared_exact=True fallback_exact=0
[375/1000] numerical=4.650771466 shared_exact=True fallback_exact=0
[376/1000] numerical=3.773907600 shared_exact=True fallback_exact=0
[377/1000] numerical=3.774149047 shared_exact=True fallback_exact=0
[378/1000] numerical=3.026727382 shared_exact=True fallback_exact=0
[379/1000] numerical=3.647377222 shared_exact=True fallback_exact=0
[380/1000] numerical=4.644494512 shared_exact=True fallback_exact=0
[381/1000] numerical=4.576611630 shared_exact=True fallback_exact=0
[382/1000] numerical=3.565768103 shared_exact=True fallback_exact=0
[383/1000] numerical=3.647369774 shared_exact=True fallback_exact=0
[384/1000] numerical=4.576624930 shared_exact=True fallback_exact=0
[385/1000] numerical=4.569689189 shared_exact=True fallback_exact=0
[386/1000] numerical=3.641230900 shared_exact=True fallback_exact=0
[387/1000] numerical=3.637853734 shared_exact=True fallback_exact=0
[388/1000] numerical=3.641308615 shared_exact=True fallback_exact=0
[389/1000] numerical=2.665415933 shared_exact=True fallback_exact=0
[390/1000] numerical=3.565782261 shared_exact=True fallback_exact=0
[391/1000] numerical=3.638032490 shared_exact=True fallback_exact=0
[392/1000] numerical=2.665415933 shared_exact=True fallback_exact=0
[393/1000] numerical=2.868928897 shared_exact=True fallback_exact=0
[394/1000] numerical=3.270341497 shared_exact=True fallback_exact=0
[395/1000] numerical=3.372016478 shared_exact=True fallback_exact=0
[396/1000] numerical=3.372016601 shared_exact=True fallback_exact=0
[397/1000] numerical=3.528914515 shared_exact=True fallback_exact=0
[398/1000] numerical=2.738021059 shared_exact=True fallback_exact=0
[399/1000] numerical=2.738021060 shared_exact=True fallback_exact=0
[400/1000] numerical=3.212242375 shared_exact=True fallback_exact=0
[401/1000] numerical=2.398744332 shared_exact=True fallback_exact=0
[402/1000] numerical=2.244332436 shared_exact=True fallback_exact=0
[403/1000] numerical=3.212254586 shared_exact=True fallback_exact=0
[404/1000] numerical=2.244332436 shared_exact=True fallback_exact=0
[405/1000] numerical=2.398744332 shared_exact=True fallback_exact=0
[406/1000] numerical=3.814488667 shared_exact=True fallback_exact=0
[407/1000] numerical=2.998677905 shared_exact=True fallback_exact=0
[408/1000] numerical=2.998679607 shared_exact=True fallback_exact=0
[409/1000] numerical=3.674697619 shared_exact=True fallback_exact=0
[410/1000] numerical=2.633341939 shared_exact=True fallback_exact=0
[411/1000] numerical=3.674652865 shared_exact=True fallback_exact=0
[412/1000] numerical=3.568688430 shared_exact=True fallback_exact=0
[413/1000] numerical=2.838027253 shared_exact=True fallback_exact=0
[414/1000] numerical=2.625091519 shared_exact=True fallback_exact=0
[415/1000] numerical=2.838031005 shared_exact=True fallback_exact=0
[416/1000] numerical=2.633342571 shared_exact=True fallback_exact=0
[417/1000] numerical=2.625095487 shared_exact=True fallback_exact=0
[418/1000] numerical=1.798283484 shared_exact=True fallback_exact=0
[419/1000] numerical=3.598548727 shared_exact=True fallback_exact=0
[420/1000] numerical=4.188862625 shared_exact=True fallback_exact=0
[421/1000] numerical=3.352966176 shared_exact=True fallback_exact=0
[422/1000] numerical=3.352966208 shared_exact=True fallback_exact=0
[423/1000] numerical=3.343128569 shared_exact=True fallback_exact=0
[424/1000] numerical=3.598548720 shared_exact=True fallback_exact=0
[425/1000] numerical=3.560518467 shared_exact=True fallback_exact=0
[426/1000] numerical=3.560519735 shared_exact=True fallback_exact=0
[427/1000] numerical=3.672863384 shared_exact=True fallback_exact=0
[428/1000] numerical=2.891805762 shared_exact=True fallback_exact=0
[429/1000] numerical=2.891805762 shared_exact=True fallback_exact=0
[430/1000] numerical=3.107153309 shared_exact=True fallback_exact=0
[431/1000] numerical=2.367980398 shared_exact=True fallback_exact=0
[432/1000] numerical=2.318135927 shared_exact=True fallback_exact=0
[433/1000] numerical=3.107153309 shared_exact=True fallback_exact=0
[434/1000] numerical=2.318135927 shared_exact=True fallback_exact=0
[435/1000] numerical=2.367980398 shared_exact=True fallback_exact=0
[436/1000] numerical=4.188862625 shared_exact=True fallback_exact=0
[437/1000] numerical=3.352966182 shared_exact=True fallback_exact=0
[438/1000] numerical=3.352966548 shared_exact=True fallback_exact=0
[439/1000] numerical=4.096923689 shared_exact=True fallback_exact=0
[440/1000] numerical=3.085990473 shared_exact=True fallback_exact=0
[441/1000] numerical=4.096924827 shared_exact=True fallback_exact=0
[442/1000] numerical=4.105565604 shared_exact=True fallback_exact=0
[443/1000] numerical=3.172403223 shared_exact=True fallback_exact=0
[444/1000] numerical=3.216831678 shared_exact=True fallback_exact=0
[445/1000] numerical=3.172471882 shared_exact=True fallback_exact=0
[446/1000] numerical=3.086001397 shared_exact=True fallback_exact=0
[447/1000] numerical=3.217021736 shared_exact=True fallback_exact=0
[448/1000] numerical=2.484133780 shared_exact=True fallback_exact=0
[449/1000] numerical=2.768803848 shared_exact=True fallback_exact=0
[450/1000] numerical=2.240016767 shared_exact=True fallback_exact=0
[451/1000] numerical=2.240016767 shared_exact=True fallback_exact=0
[452/1000] numerical=3.343128569 shared_exact=True fallback_exact=0
[453/1000] numerical=3.158991161 shared_exact=True fallback_exact=0
[454/1000] numerical=3.158959245 shared_exact=True fallback_exact=0
[455/1000] numerical=3.086226917 shared_exact=True fallback_exact=0
[456/1000] numerical=2.199418488 shared_exact=True fallback_exact=0
[457/1000] numerical=2.199418492 shared_exact=True fallback_exact=0
[458/1000] numerical=2.981119883 shared_exact=True fallback_exact=0
[459/1000] numerical=3.441089499 shared_exact=True fallback_exact=0
[460/1000] numerical=3.214164123 shared_exact=True fallback_exact=0
[461/1000] numerical=4.465661950 shared_exact=True fallback_exact=0
[462/1000] numerical=4.375655055 shared_exact=True fallback_exact=0
[463/1000] numerical=3.805149822 shared_exact=True fallback_exact=0
[464/1000] numerical=3.394651015 shared_exact=True fallback_exact=0
[465/1000] numerical=4.249306130 shared_exact=True fallback_exact=0
[466/1000] numerical=4.284598212 shared_exact=True fallback_exact=0
[467/1000] numerical=4.465593899 shared_exact=True fallback_exact=0
[468/1000] numerical=4.294498269 shared_exact=True fallback_exact=0
[469/1000] numerical=4.478556947 shared_exact=True fallback_exact=0
[470/1000] numerical=3.902127972 shared_exact=True fallback_exact=0
[471/1000] numerical=3.613035597 shared_exact=True fallback_exact=0
[472/1000] numerical=3.021912611 shared_exact=True fallback_exact=0
[473/1000] numerical=3.575021656 shared_exact=True fallback_exact=0
[474/1000] numerical=3.757689826 shared_exact=True fallback_exact=0
[475/1000] numerical=3.183329706 shared_exact=True fallback_exact=0
[476/1000] numerical=2.870329074 shared_exact=True fallback_exact=0
[477/1000] numerical=3.869102390 shared_exact=True fallback_exact=0
[478/1000] numerical=4.466504991 shared_exact=True fallback_exact=0
[479/1000] numerical=4.465593850 shared_exact=True fallback_exact=0
[480/1000] numerical=4.297524776 shared_exact=True fallback_exact=0
[481/1000] numerical=4.085557320 shared_exact=True fallback_exact=0
[482/1000] numerical=4.282367654 shared_exact=True fallback_exact=0
[483/1000] numerical=3.712186326 shared_exact=True fallback_exact=0
[484/1000] numerical=3.328095348 shared_exact=True fallback_exact=0
[485/1000] numerical=2.769029804 shared_exact=True fallback_exact=0
[486/1000] numerical=4.249302946 shared_exact=True fallback_exact=0
[487/1000] numerical=4.466242671 shared_exact=True fallback_exact=0
[488/1000] numerical=4.268815342 shared_exact=True fallback_exact=0
[489/1000] numerical=4.465592843 shared_exact=True fallback_exact=0
[490/1000] numerical=3.895081690 shared_exact=True fallback_exact=0
[491/1000] numerical=3.469585948 shared_exact=True fallback_exact=0
[492/1000] numerical=2.903252515 shared_exact=True fallback_exact=0
[493/1000] numerical=4.465592908 shared_exact=True fallback_exact=0
[494/1000] numerical=4.294602037 shared_exact=True fallback_exact=0
[495/1000] numerical=4.479756289 shared_exact=True fallback_exact=0
[496/1000] numerical=3.903537344 shared_exact=True fallback_exact=0
[497/1000] numerical=3.613036467 shared_exact=True fallback_exact=0
[498/1000] numerical=3.021912611 shared_exact=True fallback_exact=0
[499/1000] numerical=3.337233105 shared_exact=True fallback_exact=0
[500/1000] numerical=4.085568999 shared_exact=True fallback_exact=0
checkpoint=/workspace/positive-square-energy/experiments/rank7_order8_chunk_025000_026000.r7o8g.xz.fragments/fragment-025000-025500.r7o8g.xz rows=500
[501/1000] numerical=4.282354886 shared_exact=True fallback_exact=0
[502/1000] numerical=3.711922874 shared_exact=True fallback_exact=0
[503/1000] numerical=3.466865819 shared_exact=True fallback_exact=0
[504/1000] numerical=3.268588525 shared_exact=True fallback_exact=0
[505/1000] numerical=4.128623491 shared_exact=True fallback_exact=0
[506/1000] numerical=4.307045304 shared_exact=True fallback_exact=0
[507/1000] numerical=3.232811856 shared_exact=True fallback_exact=0
[508/1000] numerical=3.728389531 shared_exact=True fallback_exact=0
[509/1000] numerical=3.328095337 shared_exact=True fallback_exact=0
[510/1000] numerical=2.769029799 shared_exact=True fallback_exact=0
[511/1000] numerical=3.312032980 shared_exact=True fallback_exact=0
[512/1000] numerical=3.466739225 shared_exact=True fallback_exact=0
[513/1000] numerical=2.428565600 shared_exact=True fallback_exact=0
[514/1000] numerical=2.873171987 shared_exact=True fallback_exact=0
[515/1000] numerical=3.198785447 shared_exact=True fallback_exact=0
[516/1000] numerical=2.631250572 shared_exact=True fallback_exact=0
[517/1000] numerical=2.278765824 shared_exact=True fallback_exact=0
[518/1000] numerical=3.752457156 shared_exact=True fallback_exact=0
[519/1000] numerical=3.181945952 shared_exact=True fallback_exact=0
[520/1000] numerical=2.752873522 shared_exact=True fallback_exact=0
[521/1000] numerical=3.759507849 shared_exact=True fallback_exact=0
[522/1000] numerical=3.185523571 shared_exact=True fallback_exact=0
[523/1000] numerical=2.870330101 shared_exact=True fallback_exact=0
[524/1000] numerical=3.198785446 shared_exact=True fallback_exact=0
[525/1000] numerical=2.631250573 shared_exact=True fallback_exact=0
[526/1000] numerical=3.086840274 shared_exact=True fallback_exact=0
[527/1000] numerical=3.256906079 shared_exact=True fallback_exact=0
[528/1000] numerical=2.195277826 shared_exact=True fallback_exact=0
[529/1000] numerical=2.672928128 shared_exact=True fallback_exact=0
[530/1000] numerical=2.278765824 shared_exact=True fallback_exact=0
[531/1000] numerical=2.307741396 shared_exact=True fallback_exact=0
[532/1000] numerical=2.456092593 shared_exact=True fallback_exact=0
[533/1000] numerical=3.805126179 shared_exact=True fallback_exact=0
[534/1000] numerical=3.943260867 shared_exact=True fallback_exact=0
[535/1000] numerical=3.477067162 shared_exact=True fallback_exact=0
[536/1000] numerical=3.132297579 shared_exact=True fallback_exact=0
[537/1000] numerical=3.212554852 shared_exact=True fallback_exact=0
[538/1000] numerical=3.711842848 shared_exact=True fallback_exact=0
[539/1000] numerical=3.264419420 shared_exact=True fallback_exact=0
[540/1000] numerical=2.726220318 shared_exact=True fallback_exact=0
[541/1000] numerical=3.895082257 shared_exact=True fallback_exact=0
[542/1000] numerical=3.447653517 shared_exact=True fallback_exact=0
[543/1000] numerical=2.896508880 shared_exact=True fallback_exact=0
[544/1000] numerical=3.943261450 shared_exact=True fallback_exact=0
[545/1000] numerical=3.477130144 shared_exact=True fallback_exact=0
[546/1000] numerical=3.132297586 shared_exact=True fallback_exact=0
[547/1000] numerical=3.711855472 shared_exact=True fallback_exact=0
[548/1000] numerical=3.264404703 shared_exact=True fallback_exact=0
[549/1000] numerical=3.351199031 shared_exact=True fallback_exact=0
[550/1000] numerical=3.783231774 shared_exact=True fallback_exact=0
[551/1000] numerical=2.321428758 shared_exact=True fallback_exact=0
[552/1000] numerical=3.312592677 shared_exact=True fallback_exact=0
[553/1000] numerical=2.726220354 shared_exact=True fallback_exact=0
[554/1000] numerical=2.622384199 shared_exact=True fallback_exact=0
[555/1000] numerical=2.994803166 shared_exact=True fallback_exact=0
[556/1000] numerical=2.501634169 shared_exact=True fallback_exact=0
[557/1000] numerical=2.628899455 shared_exact=True fallback_exact=0
[558/1000] numerical=3.181947382 shared_exact=True fallback_exact=0
[559/1000] numerical=3.213145307 shared_exact=True fallback_exact=0
[560/1000] numerical=2.628899455 shared_exact=True fallback_exact=0
[561/1000] numerical=2.340173939 shared_exact=True fallback_exact=0
[562/1000] numerical=2.751102673 shared_exact=True fallback_exact=0
[563/1000] numerical=2.272699139 shared_exact=True fallback_exact=0
[564/1000] numerical=1.998375623 shared_exact=True fallback_exact=0
[565/1000] numerical=3.122094103 shared_exact=True fallback_exact=0
[566/1000] numerical=4.270774838 shared_exact=True fallback_exact=0
[567/1000] numerical=4.344143877 shared_exact=True fallback_exact=0
[568/1000] numerical=4.123550813 shared_exact=True fallback_exact=0
[569/1000] numerical=4.285928902 shared_exact=True fallback_exact=0
[570/1000] numerical=4.085610784 shared_exact=True fallback_exact=0
[571/1000] numerical=4.116178029 shared_exact=True fallback_exact=0
[572/1000] numerical=3.313046784 shared_exact=True fallback_exact=0
[573/1000] numerical=3.121321253 shared_exact=True fallback_exact=0
[574/1000] numerical=2.410090233 shared_exact=True fallback_exact=0
[575/1000] numerical=3.229108314 shared_exact=True fallback_exact=0
[576/1000] numerical=2.452698953 shared_exact=True fallback_exact=0
[577/1000] numerical=2.219665811 shared_exact=True fallback_exact=0
[578/1000] numerical=3.254735961 shared_exact=True fallback_exact=0
[579/1000] numerical=4.197248961 shared_exact=True fallback_exact=0
[580/1000] numerical=3.278530632 shared_exact=True fallback_exact=0
[581/1000] numerical=4.075076232 shared_exact=True fallback_exact=0
[582/1000] numerical=3.394396094 shared_exact=True fallback_exact=0
[583/1000] numerical=4.270774839 shared_exact=True fallback_exact=0
[584/1000] numerical=4.143250830 shared_exact=True fallback_exact=0
[585/1000] numerical=4.306608924 shared_exact=True fallback_exact=0
[586/1000] numerical=4.377666621 shared_exact=True fallback_exact=0
[587/1000] numerical=3.466371807 shared_exact=True fallback_exact=0
[588/1000] numerical=3.686844928 shared_exact=True fallback_exact=0
[589/1000] numerical=2.834525034 shared_exact=True fallback_exact=0
[590/1000] numerical=4.344143877 shared_exact=True fallback_exact=0
[591/1000] numerical=4.052554846 shared_exact=True fallback_exact=0
[592/1000] numerical=4.297733972 shared_exact=True fallback_exact=0
[593/1000] numerical=4.270960956 shared_exact=True fallback_exact=0
[594/1000] numerical=3.342518601 shared_exact=True fallback_exact=0
[595/1000] numerical=3.565107012 shared_exact=True fallback_exact=0
[596/1000] numerical=2.693233617 shared_exact=True fallback_exact=0
[597/1000] numerical=4.285903645 shared_exact=True fallback_exact=0
[598/1000] numerical=4.085614951 shared_exact=True fallback_exact=0
[599/1000] numerical=4.116178039 shared_exact=True fallback_exact=0
[600/1000] numerical=3.313046784 shared_exact=True fallback_exact=0
[601/1000] numerical=3.121321253 shared_exact=True fallback_exact=0
[602/1000] numerical=2.410090233 shared_exact=True fallback_exact=0
[603/1000] numerical=3.692033834 shared_exact=True fallback_exact=0
[604/1000] numerical=4.357303399 shared_exact=True fallback_exact=0
[605/1000] numerical=4.294282075 shared_exact=True fallback_exact=0
[606/1000] numerical=3.386657006 shared_exact=True fallback_exact=0
[607/1000] numerical=3.280010865 shared_exact=True fallback_exact=0
[608/1000] numerical=4.170194314 shared_exact=True fallback_exact=0
[609/1000] numerical=4.136835516 shared_exact=True fallback_exact=0
[610/1000] numerical=3.271131649 shared_exact=True fallback_exact=0
[611/1000] numerical=3.299155629 shared_exact=True fallback_exact=0
[612/1000] numerical=3.578280263 shared_exact=True fallback_exact=0
[613/1000] numerical=2.615912265 shared_exact=True fallback_exact=0
[614/1000] numerical=3.090421767 shared_exact=True fallback_exact=0
[615/1000] numerical=3.161050332 shared_exact=True fallback_exact=0
[616/1000] numerical=2.197158627 shared_exact=True fallback_exact=0
[617/1000] numerical=2.415263567 shared_exact=True fallback_exact=0
[618/1000] numerical=3.323340319 shared_exact=True fallback_exact=0
[619/1000] numerical=3.604383729 shared_exact=True fallback_exact=0
[620/1000] numerical=2.751502033 shared_exact=True fallback_exact=0
[621/1000] numerical=2.912317945 shared_exact=True fallback_exact=0
[622/1000] numerical=3.304633867 shared_exact=True fallback_exact=0
[623/1000] numerical=2.288068931 shared_exact=True fallback_exact=0
[624/1000] numerical=2.564233718 shared_exact=True fallback_exact=0
[625/1000] numerical=3.229108439 shared_exact=True fallback_exact=0
[626/1000] numerical=2.452698953 shared_exact=True fallback_exact=0
[627/1000] numerical=2.219665811 shared_exact=True fallback_exact=0
[628/1000] numerical=3.459235950 shared_exact=True fallback_exact=0
[629/1000] numerical=2.516057901 shared_exact=True fallback_exact=0
[630/1000] numerical=3.381694607 shared_exact=True fallback_exact=0
[631/1000] numerical=3.311995428 shared_exact=True fallback_exact=0
[632/1000] numerical=2.543788388 shared_exact=True fallback_exact=0
[633/1000] numerical=2.443037633 shared_exact=True fallback_exact=0
[634/1000] numerical=2.736606156 shared_exact=True fallback_exact=0
[635/1000] numerical=2.318889313 shared_exact=True fallback_exact=0
[636/1000] numerical=2.351710490 shared_exact=True fallback_exact=0
[637/1000] numerical=1.575652242 shared_exact=True fallback_exact=0
[638/1000] numerical=3.286524529 shared_exact=True fallback_exact=0
[639/1000] numerical=2.599775495 shared_exact=True fallback_exact=0
[640/1000] numerical=2.393729556 shared_exact=True fallback_exact=0
[641/1000] numerical=2.333078859 shared_exact=True fallback_exact=0
[642/1000] numerical=3.222271888 shared_exact=True fallback_exact=0
[643/1000] numerical=3.533761757 shared_exact=True fallback_exact=0
[644/1000] numerical=2.767789371 shared_exact=True fallback_exact=0
[645/1000] numerical=2.891195659 shared_exact=True fallback_exact=0
[646/1000] numerical=3.290939414 shared_exact=True fallback_exact=0
[647/1000] numerical=2.472973637 shared_exact=True fallback_exact=0
[648/1000] numerical=2.633999755 shared_exact=True fallback_exact=0
[649/1000] numerical=3.286524529 shared_exact=True fallback_exact=0
[650/1000] numerical=2.599775495 shared_exact=True fallback_exact=0
[651/1000] numerical=2.393729556 shared_exact=True fallback_exact=0
[652/1000] numerical=3.489060427 shared_exact=True fallback_exact=0
[653/1000] numerical=2.690048180 shared_exact=True fallback_exact=0
[654/1000] numerical=3.312027000 shared_exact=True fallback_exact=0
[655/1000] numerical=3.400411174 shared_exact=True fallback_exact=0
[656/1000] numerical=2.404113109 shared_exact=True fallback_exact=0
[657/1000] numerical=2.664333302 shared_exact=True fallback_exact=0
[658/1000] numerical=2.717987961 shared_exact=True fallback_exact=0
[659/1000] numerical=2.314392168 shared_exact=True fallback_exact=0
[660/1000] numerical=2.513020858 shared_exact=True fallback_exact=0
[661/1000] numerical=1.847706886 shared_exact=True fallback_exact=0
[662/1000] numerical=2.847483492 shared_exact=True fallback_exact=0
[663/1000] numerical=2.327300629 shared_exact=True fallback_exact=0
[664/1000] numerical=2.333078859 shared_exact=True fallback_exact=0
[665/1000] numerical=2.735278276 shared_exact=True fallback_exact=0
[666/1000] numerical=2.608461494 shared_exact=True fallback_exact=0
[667/1000] numerical=2.649162916 shared_exact=True fallback_exact=0
[668/1000] numerical=1.875563859 shared_exact=True fallback_exact=0
[669/1000] numerical=1.765316110 shared_exact=True fallback_exact=0
[670/1000] numerical=4.193337792 shared_exact=True fallback_exact=0
[671/1000] numerical=3.216609865 shared_exact=True fallback_exact=0
[672/1000] numerical=4.269047641 shared_exact=True fallback_exact=0
[673/1000] numerical=4.096066298 shared_exact=True fallback_exact=0
[674/1000] numerical=3.559862757 shared_exact=True fallback_exact=0
[675/1000] numerical=3.379747365 shared_exact=True fallback_exact=0
[676/1000] numerical=3.321831012 shared_exact=True fallback_exact=0
[677/1000] numerical=3.206445240 shared_exact=True fallback_exact=0
[678/1000] numerical=3.323944433 shared_exact=True fallback_exact=0
[679/1000] numerical=3.206445504 shared_exact=True fallback_exact=0
[680/1000] numerical=3.323944783 shared_exact=True fallback_exact=0
[681/1000] numerical=4.370343359 shared_exact=True fallback_exact=0
[682/1000] numerical=4.269322491 shared_exact=True fallback_exact=0
[683/1000] numerical=3.607290802 shared_exact=True fallback_exact=0
[684/1000] numerical=3.607271987 shared_exact=True fallback_exact=0
[685/1000] numerical=3.396342285 shared_exact=True fallback_exact=0
[686/1000] numerical=3.396339138 shared_exact=True fallback_exact=0
[687/1000] numerical=4.370475032 shared_exact=True fallback_exact=0
[688/1000] numerical=4.269344957 shared_exact=True fallback_exact=0
[689/1000] numerical=3.607344688 shared_exact=True fallback_exact=0
[690/1000] numerical=3.607274931 shared_exact=True fallback_exact=0
[691/1000] numerical=4.349220442 shared_exact=True fallback_exact=0
[692/1000] numerical=4.168065924 shared_exact=True fallback_exact=0
[693/1000] numerical=3.635783024 shared_exact=True fallback_exact=0
[694/1000] numerical=3.758338556 shared_exact=True fallback_exact=0
[695/1000] numerical=4.410351610 shared_exact=True fallback_exact=0
[696/1000] numerical=4.296588183 shared_exact=True fallback_exact=0
[697/1000] numerical=3.657616091 shared_exact=True fallback_exact=0
[698/1000] numerical=3.377586231 shared_exact=True fallback_exact=0
[699/1000] numerical=3.377221617 shared_exact=True fallback_exact=0
[700/1000] numerical=3.625234623 shared_exact=True fallback_exact=0
[701/1000] numerical=3.575098203 shared_exact=True fallback_exact=0
[702/1000] numerical=2.826045046 shared_exact=True fallback_exact=0
[703/1000] numerical=2.731685357 shared_exact=True fallback_exact=0
[704/1000] numerical=3.396343988 shared_exact=True fallback_exact=0
[705/1000] numerical=3.554493867 shared_exact=True fallback_exact=0
[706/1000] numerical=3.588116316 shared_exact=True fallback_exact=0
[707/1000] numerical=3.459058394 shared_exact=True fallback_exact=0
[708/1000] numerical=2.848384914 shared_exact=True fallback_exact=0
[709/1000] numerical=2.520444493 shared_exact=True fallback_exact=0
[710/1000] numerical=2.773923216 shared_exact=True fallback_exact=0
[711/1000] numerical=2.710176405 shared_exact=True fallback_exact=0
[712/1000] numerical=3.396335863 shared_exact=True fallback_exact=0
[713/1000] numerical=3.554404393 shared_exact=True fallback_exact=0
[714/1000] numerical=3.587735986 shared_exact=True fallback_exact=0
[715/1000] numerical=3.459289910 shared_exact=True fallback_exact=0
[716/1000] numerical=2.848235172 shared_exact=True fallback_exact=0
[717/1000] numerical=2.520444494 shared_exact=True fallback_exact=0
[718/1000] numerical=2.773918480 shared_exact=True fallback_exact=0
[719/1000] numerical=2.710179589 shared_exact=True fallback_exact=0
[720/1000] numerical=2.873024950 shared_exact=True fallback_exact=0
[721/1000] numerical=2.733132460 shared_exact=True fallback_exact=0
[722/1000] numerical=4.672200440 shared_exact=True fallback_exact=0
[723/1000] numerical=4.672419108 shared_exact=True fallback_exact=0
[724/1000] numerical=4.562533266 shared_exact=True fallback_exact=0
[725/1000] numerical=4.296047614 shared_exact=True fallback_exact=0
[726/1000] numerical=4.662209718 shared_exact=True fallback_exact=0
[727/1000] numerical=4.159040478 shared_exact=True fallback_exact=0
[728/1000] numerical=3.883784177 shared_exact=True fallback_exact=0
[729/1000] numerical=3.360278720 shared_exact=True fallback_exact=0
[730/1000] numerical=3.671707502 shared_exact=True fallback_exact=0
[731/1000] numerical=3.173801061 shared_exact=True fallback_exact=0
[732/1000] numerical=2.883921594 shared_exact=True fallback_exact=0
[733/1000] numerical=3.671636878 shared_exact=True fallback_exact=0
[734/1000] numerical=3.173630232 shared_exact=True fallback_exact=0
[735/1000] numerical=2.883921032 shared_exact=True fallback_exact=0
[736/1000] numerical=2.688438113 shared_exact=True fallback_exact=0
[737/1000] numerical=4.612197640 shared_exact=True fallback_exact=0
[738/1000] numerical=4.662206148 shared_exact=True fallback_exact=0
[739/1000] numerical=4.131905707 shared_exact=True fallback_exact=0
[740/1000] numerical=4.563319939 shared_exact=True fallback_exact=0
[741/1000] numerical=4.085743824 shared_exact=True fallback_exact=0
[742/1000] numerical=3.631830953 shared_exact=True fallback_exact=0
[743/1000] numerical=3.186605345 shared_exact=True fallback_exact=0
[744/1000] numerical=3.616696676 shared_exact=True fallback_exact=0
[745/1000] numerical=3.140692933 shared_exact=True fallback_exact=0
[746/1000] numerical=2.661918555 shared_exact=True fallback_exact=0
[747/1000] numerical=3.616691658 shared_exact=True fallback_exact=0
[748/1000] numerical=3.140715811 shared_exact=True fallback_exact=0
[749/1000] numerical=2.661935877 shared_exact=True fallback_exact=0
[750/1000] numerical=2.563414575 shared_exact=True fallback_exact=0
[751/1000] numerical=3.626610749 shared_exact=True fallback_exact=0
[752/1000] numerical=3.626535393 shared_exact=True fallback_exact=0
[753/1000] numerical=4.662255345 shared_exact=True fallback_exact=0
[754/1000] numerical=4.132048413 shared_exact=True fallback_exact=0
[755/1000] numerical=4.563282404 shared_exact=True fallback_exact=0
[756/1000] numerical=4.085741480 shared_exact=True fallback_exact=0
[757/1000] numerical=3.631691062 shared_exact=True fallback_exact=0
[758/1000] numerical=3.186599674 shared_exact=True fallback_exact=0
[759/1000] numerical=3.975268196 shared_exact=True fallback_exact=0
[760/1000] numerical=4.325930840 shared_exact=True fallback_exact=0
[761/1000] numerical=4.704452311 shared_exact=True fallback_exact=0
[762/1000] numerical=4.205997904 shared_exact=True fallback_exact=0
[763/1000] numerical=3.751181874 shared_exact=True fallback_exact=0
[764/1000] numerical=3.134602344 shared_exact=True fallback_exact=0
[765/1000] numerical=4.186448652 shared_exact=True fallback_exact=0
[766/1000] numerical=4.642546535 shared_exact=True fallback_exact=0
[767/1000] numerical=3.133196487 shared_exact=True fallback_exact=0
[768/1000] numerical=4.165175005 shared_exact=True fallback_exact=0
[769/1000] numerical=3.904531755 shared_exact=True fallback_exact=0
[770/1000] numerical=3.383952389 shared_exact=True fallback_exact=0
[771/1000] numerical=3.169329893 shared_exact=True fallback_exact=0
[772/1000] numerical=3.677118936 shared_exact=True fallback_exact=0
[773/1000] numerical=2.086741122 shared_exact=True fallback_exact=0
[774/1000] numerical=3.225398036 shared_exact=True fallback_exact=0
[775/1000] numerical=3.617039907 shared_exact=True fallback_exact=0
[776/1000] numerical=3.140695363 shared_exact=True fallback_exact=0
[777/1000] numerical=2.661918611 shared_exact=True fallback_exact=0
[778/1000] numerical=3.884366755 shared_exact=True fallback_exact=0
[779/1000] numerical=3.392009241 shared_exact=True fallback_exact=0
[780/1000] numerical=3.377175456 shared_exact=True fallback_exact=0
[781/1000] numerical=3.847159537 shared_exact=True fallback_exact=0
[782/1000] numerical=2.313078718 shared_exact=True fallback_exact=0
[783/1000] numerical=3.371152835 shared_exact=True fallback_exact=0
[784/1000] numerical=3.057281861 shared_exact=True fallback_exact=0
[785/1000] numerical=2.375876085 shared_exact=True fallback_exact=0
[786/1000] numerical=2.862371877 shared_exact=True fallback_exact=0
[787/1000] numerical=2.403291550 shared_exact=True fallback_exact=0
[788/1000] numerical=3.616795386 shared_exact=True fallback_exact=0
[789/1000] numerical=3.140768517 shared_exact=True fallback_exact=0
[790/1000] numerical=2.661925271 shared_exact=True fallback_exact=0
[791/1000] numerical=3.883876957 shared_exact=True fallback_exact=0
[792/1000] numerical=3.390879588 shared_exact=True fallback_exact=0
[793/1000] numerical=3.377843940 shared_exact=True fallback_exact=0
[794/1000] numerical=3.847156529 shared_exact=True fallback_exact=0
[795/1000] numerical=2.313078718 shared_exact=True fallback_exact=0
[796/1000] numerical=3.371153081 shared_exact=True fallback_exact=0
[797/1000] numerical=3.057250460 shared_exact=True fallback_exact=0
[798/1000] numerical=2.374714738 shared_exact=True fallback_exact=0
[799/1000] numerical=2.862488522 shared_exact=True fallback_exact=0
[800/1000] numerical=2.403317658 shared_exact=True fallback_exact=0
[801/1000] numerical=2.563414575 shared_exact=True fallback_exact=0
[802/1000] numerical=3.169990968 shared_exact=True fallback_exact=0
[803/1000] numerical=2.673270011 shared_exact=True fallback_exact=0
[804/1000] numerical=3.147493266 shared_exact=True fallback_exact=0
[805/1000] numerical=2.671494752 shared_exact=True fallback_exact=0
[806/1000] numerical=2.153009252 shared_exact=True fallback_exact=0
[807/1000] numerical=3.186382097 shared_exact=True fallback_exact=0
[808/1000] numerical=4.329778940 shared_exact=True fallback_exact=0
[809/1000] numerical=4.269048877 shared_exact=True fallback_exact=0
[810/1000] numerical=3.481268788 shared_exact=True fallback_exact=0
[811/1000] numerical=3.586558921 shared_exact=True fallback_exact=0
[812/1000] numerical=3.383968297 shared_exact=True fallback_exact=0
[813/1000] numerical=4.483088829 shared_exact=True fallback_exact=0
[814/1000] numerical=4.303538016 shared_exact=True fallback_exact=0
[815/1000] numerical=4.441102180 shared_exact=True fallback_exact=0
[816/1000] numerical=4.112724637 shared_exact=True fallback_exact=0
[817/1000] numerical=4.296007509 shared_exact=True fallback_exact=0
[818/1000] numerical=3.569670757 shared_exact=True fallback_exact=0
[819/1000] numerical=3.286838305 shared_exact=True fallback_exact=0
[820/1000] numerical=2.588217248 shared_exact=True fallback_exact=0
[821/1000] numerical=3.304433928 shared_exact=True fallback_exact=0
[822/1000] numerical=2.570177467 shared_exact=True fallback_exact=0
[823/1000] numerical=2.288311484 shared_exact=True fallback_exact=0
[824/1000] numerical=4.329788709 shared_exact=True fallback_exact=0
[825/1000] numerical=3.586551761 shared_exact=True fallback_exact=0
[826/1000] numerical=4.269049890 shared_exact=True fallback_exact=0
[827/1000] numerical=3.481274886 shared_exact=True fallback_exact=0
[828/1000] numerical=3.383968280 shared_exact=True fallback_exact=0
[829/1000] numerical=4.370342925 shared_exact=True fallback_exact=0
[830/1000] numerical=4.300829436 shared_exact=True fallback_exact=0
[831/1000] numerical=4.301470058 shared_exact=True fallback_exact=0
[832/1000] numerical=4.451069198 shared_exact=True fallback_exact=0
[833/1000] numerical=3.660350981 shared_exact=True fallback_exact=0
[834/1000] numerical=3.661164414 shared_exact=True fallback_exact=0
[835/1000] numerical=2.898227196 shared_exact=True fallback_exact=0
[836/1000] numerical=3.658480763 shared_exact=True fallback_exact=0
[837/1000] numerical=2.876453407 shared_exact=True fallback_exact=0
[838/1000] numerical=2.876493678 shared_exact=True fallback_exact=0
[839/1000] numerical=4.304344820 shared_exact=True fallback_exact=0
[840/1000] numerical=4.112725574 shared_exact=True fallback_exact=0
[841/1000] numerical=4.441121829 shared_exact=True fallback_exact=0
[842/1000] numerical=4.296007852 shared_exact=True fallback_exact=0
[843/1000] numerical=3.286838305 shared_exact=True fallback_exact=0
[844/1000] numerical=3.569670758 shared_exact=True fallback_exact=0
[845/1000] numerical=2.588217248 shared_exact=True fallback_exact=0
[846/1000] numerical=3.304456812 shared_exact=True fallback_exact=0
[847/1000] numerical=2.288311484 shared_exact=True fallback_exact=0
[848/1000] numerical=2.570177467 shared_exact=True fallback_exact=0
[849/1000] numerical=4.296073249 shared_exact=True fallback_exact=0
[850/1000] numerical=4.296017031 shared_exact=True fallback_exact=0
[851/1000] numerical=4.131900008 shared_exact=True fallback_exact=0
[852/1000] numerical=3.093151447 shared_exact=True fallback_exact=0
[853/1000] numerical=3.093150597 shared_exact=True fallback_exact=0
[854/1000] numerical=2.000000000 shared_exact=True fallback_exact=0
[855/1000] numerical=3.179302630 shared_exact=True fallback_exact=0
[856/1000] numerical=2.115403370 shared_exact=True fallback_exact=0
[857/1000] numerical=2.115403359 shared_exact=True fallback_exact=0
[858/1000] numerical=3.186382096 shared_exact=True fallback_exact=0
[859/1000] numerical=3.695182248 shared_exact=True fallback_exact=0
[860/1000] numerical=4.510472912 shared_exact=True fallback_exact=0
[861/1000] numerical=4.351523784 shared_exact=True fallback_exact=0
[862/1000] numerical=3.300611468 shared_exact=True fallback_exact=0
[863/1000] numerical=3.694884974 shared_exact=True fallback_exact=0
[864/1000] numerical=4.351512083 shared_exact=True fallback_exact=0
[865/1000] numerical=4.196275600 shared_exact=True fallback_exact=0
[866/1000] numerical=3.599918343 shared_exact=True fallback_exact=0
[867/1000] numerical=3.128334821 shared_exact=True fallback_exact=0
[868/1000] numerical=3.600693832 shared_exact=True fallback_exact=0
[869/1000] numerical=2.590946758 shared_exact=True fallback_exact=0
[870/1000] numerical=3.300629335 shared_exact=True fallback_exact=0
[871/1000] numerical=3.128343456 shared_exact=True fallback_exact=0
[872/1000] numerical=2.590962866 shared_exact=True fallback_exact=0
[873/1000] numerical=2.100565795 shared_exact=True fallback_exact=0
[874/1000] numerical=3.527286011 shared_exact=True fallback_exact=0
[875/1000] numerical=2.453200602 shared_exact=True fallback_exact=0
[876/1000] numerical=3.527286115 shared_exact=True fallback_exact=0
[877/1000] numerical=3.367351410 shared_exact=True fallback_exact=0
[878/1000] numerical=2.777794535 shared_exact=True fallback_exact=0
[879/1000] numerical=2.318250189 shared_exact=True fallback_exact=0
[880/1000] numerical=2.777798732 shared_exact=True fallback_exact=0
[881/1000] numerical=2.453200679 shared_exact=True fallback_exact=0
[882/1000] numerical=2.318250201 shared_exact=True fallback_exact=0
[883/1000] numerical=1.348383749 shared_exact=True fallback_exact=0
[884/1000] numerical=3.383968319 shared_exact=True fallback_exact=0
[885/1000] numerical=3.304433775 shared_exact=True fallback_exact=0
[886/1000] numerical=2.570177467 shared_exact=True fallback_exact=0
[887/1000] numerical=2.288311484 shared_exact=True fallback_exact=0
[888/1000] numerical=2.331256217 shared_exact=True fallback_exact=0
[889/1000] numerical=3.383968287 shared_exact=True fallback_exact=0
[890/1000] numerical=3.658480763 shared_exact=True fallback_exact=0
[891/1000] numerical=2.876452782 shared_exact=True fallback_exact=0
[892/1000] numerical=2.876482132 shared_exact=True fallback_exact=0
[893/1000] numerical=2.958713753 shared_exact=True fallback_exact=0
[894/1000] numerical=3.304442457 shared_exact=True fallback_exact=0
[895/1000] numerical=2.288311484 shared_exact=True fallback_exact=0
[896/1000] numerical=2.570177467 shared_exact=True fallback_exact=0
[897/1000] numerical=2.331256217 shared_exact=True fallback_exact=0
[898/1000] numerical=3.179302610 shared_exact=True fallback_exact=0
[899/1000] numerical=2.115403359 shared_exact=True fallback_exact=0
[900/1000] numerical=2.115403359 shared_exact=True fallback_exact=0
[901/1000] numerical=2.131900008 shared_exact=True fallback_exact=0
[902/1000] numerical=3.527286289 shared_exact=True fallback_exact=0
[903/1000] numerical=2.453200602 shared_exact=True fallback_exact=0
[904/1000] numerical=3.527286854 shared_exact=True fallback_exact=0
[905/1000] numerical=3.367365883 shared_exact=True fallback_exact=0
[906/1000] numerical=2.777794535 shared_exact=True fallback_exact=0
[907/1000] numerical=2.318250189 shared_exact=True fallback_exact=0
[908/1000] numerical=2.777795080 shared_exact=True fallback_exact=0
[909/1000] numerical=2.453200606 shared_exact=True fallback_exact=0
[910/1000] numerical=2.318250243 shared_exact=True fallback_exact=0
[911/1000] numerical=1.348383749 shared_exact=True fallback_exact=0
[912/1000] numerical=2.787478666 shared_exact=True fallback_exact=0
[913/1000] numerical=2.787502732 shared_exact=True fallback_exact=0
[914/1000] numerical=2.627622547 shared_exact=True fallback_exact=0
[915/1000] numerical=1.623242550 shared_exact=True fallback_exact=0
[916/1000] numerical=1.623242550 shared_exact=True fallback_exact=0
[917/1000] numerical=3.895564843 shared_exact=True fallback_exact=0
[918/1000] numerical=4.355149673 shared_exact=True fallback_exact=0
[919/1000] numerical=4.123771048 shared_exact=True fallback_exact=0
[920/1000] numerical=3.711805077 shared_exact=True fallback_exact=0
[921/1000] numerical=2.895564843 shared_exact=True fallback_exact=0
[922/1000] numerical=3.355151205 shared_exact=True fallback_exact=0
[923/1000] numerical=2.895564843 shared_exact=True fallback_exact=0
[924/1000] numerical=3.355154025 shared_exact=True fallback_exact=0
[925/1000] numerical=2.895564870 shared_exact=True fallback_exact=0
[926/1000] numerical=3.355174266 shared_exact=True fallback_exact=0
[927/1000] numerical=4.196786372 shared_exact=True fallback_exact=0
[928/1000] numerical=5.196787841 shared_exact=True fallback_exact=0
[929/1000] numerical=4.626274743 shared_exact=True fallback_exact=0
[930/1000] numerical=4.196826966 shared_exact=True fallback_exact=0
[931/1000] numerical=4.196973206 shared_exact=True fallback_exact=0
[932/1000] numerical=5.196785957 shared_exact=True fallback_exact=0
[933/1000] numerical=4.626274743 shared_exact=True fallback_exact=0
[934/1000] numerical=5.000000001 shared_exact=True fallback_exact=0
[935/1000] numerical=5.196785950 shared_exact=True fallback_exact=0
[936/1000] numerical=4.092628852 shared_exact=True fallback_exact=0
[937/1000] numerical=4.626274743 shared_exact=True fallback_exact=0
[938/1000] numerical=4.196966476 shared_exact=True fallback_exact=0
[939/1000] numerical=4.000004325 shared_exact=True fallback_exact=0
[940/1000] numerical=4.196786216 shared_exact=True fallback_exact=0
[941/1000] numerical=3.626274850 shared_exact=True fallback_exact=0
[942/1000] numerical=4.197028062 shared_exact=True fallback_exact=0
[943/1000] numerical=4.000000025 shared_exact=True fallback_exact=0
[944/1000] numerical=4.196786031 shared_exact=True fallback_exact=0
[945/1000] numerical=3.626274910 shared_exact=True fallback_exact=0
[946/1000] numerical=3.198187985 shared_exact=True fallback_exact=0
[947/1000] numerical=5.196785950 shared_exact=True fallback_exact=0
[948/1000] numerical=4.626274743 shared_exact=True fallback_exact=0
[949/1000] numerical=5.000000002 shared_exact=True fallback_exact=0
[950/1000] numerical=5.196785950 shared_exact=True fallback_exact=0
[951/1000] numerical=4.092628853 shared_exact=True fallback_exact=0
[952/1000] numerical=4.626274744 shared_exact=True fallback_exact=0
[953/1000] numerical=4.196878431 shared_exact=True fallback_exact=0
[954/1000] numerical=4.000025003 shared_exact=True fallback_exact=0
[955/1000] numerical=4.196786014 shared_exact=True fallback_exact=0
[956/1000] numerical=3.626274816 shared_exact=True fallback_exact=0
[957/1000] numerical=4.196955964 shared_exact=True fallback_exact=0
[958/1000] numerical=4.000000015 shared_exact=True fallback_exact=0
[959/1000] numerical=4.196785975 shared_exact=True fallback_exact=0
[960/1000] numerical=3.626274787 shared_exact=True fallback_exact=0
[961/1000] numerical=3.198187985 shared_exact=True fallback_exact=0
[962/1000] numerical=4.196786158 shared_exact=True fallback_exact=0
[963/1000] numerical=4.196786060 shared_exact=True fallback_exact=0
[964/1000] numerical=5.000000000 shared_exact=True fallback_exact=0
[965/1000] numerical=5.196785950 shared_exact=True fallback_exact=0
[966/1000] numerical=4.092628852 shared_exact=True fallback_exact=0
[967/1000] numerical=4.626274743 shared_exact=True fallback_exact=0
[968/1000] numerical=4.355149673 shared_exact=True fallback_exact=0
[969/1000] numerical=4.123771048 shared_exact=True fallback_exact=0
[970/1000] numerical=5.000001636 shared_exact=True fallback_exact=0
[971/1000] numerical=5.196785950 shared_exact=True fallback_exact=0
[972/1000] numerical=4.092628852 shared_exact=True fallback_exact=0
[973/1000] numerical=4.626274767 shared_exact=True fallback_exact=0
[974/1000] numerical=4.000122088 shared_exact=True fallback_exact=0
[975/1000] numerical=4.196785968 shared_exact=True fallback_exact=0
[976/1000] numerical=3.626274807 shared_exact=True fallback_exact=0
[977/1000] numerical=3.355209158 shared_exact=True fallback_exact=0
[978/1000] numerical=4.000229791 shared_exact=True fallback_exact=0
[979/1000] numerical=4.196805713 shared_exact=True fallback_exact=0
[980/1000] numerical=3.093154964 shared_exact=True fallback_exact=0
[981/1000] numerical=3.626310290 shared_exact=True fallback_exact=0
[982/1000] numerical=4.000000045 shared_exact=True fallback_exact=0
[983/1000] numerical=4.196786004 shared_exact=True fallback_exact=0
[984/1000] numerical=3.626275192 shared_exact=True fallback_exact=0
[985/1000] numerical=3.355215615 shared_exact=True fallback_exact=0
[986/1000] numerical=4.000234652 shared_exact=True fallback_exact=0
[987/1000] numerical=4.196847742 shared_exact=True fallback_exact=0
[988/1000] numerical=3.093160618 shared_exact=True fallback_exact=0
[989/1000] numerical=3.626276263 shared_exact=True fallback_exact=0
[990/1000] numerical=3.198187985 shared_exact=True fallback_exact=0
[991/1000] numerical=3.055482745 shared_exact=True fallback_exact=0
[992/1000] numerical=3.235035276 shared_exact=True fallback_exact=0
[993/1000] numerical=4.197954988 shared_exact=True fallback_exact=0
[994/1000] numerical=4.197334528 shared_exact=True fallback_exact=0
[995/1000] numerical=4.000001466 shared_exact=True fallback_exact=0
[996/1000] numerical=4.196786101 shared_exact=True fallback_exact=0
[997/1000] numerical=3.626280111 shared_exact=True fallback_exact=0
[998/1000] numerical=3.198188000 shared_exact=True fallback_exact=0
[999/1000] numerical=3.198187986 shared_exact=True fallback_exact=0
[1000/1000] numerical=4.197320273 shared_exact=True fallback_exact=0
checkpoint=/workspace/positive-square-energy/experiments/rank7_order8_chunk_025000_026000.r7o8g.xz.fragments/fragment-025500-026000.r7o8g.xz rows=500
attempts=1000 shared_exact=1000 templates=0 fallback_exact=0 structural=0 atoms=0 balanced=0 unresolved_targets=0
fragments=2 checkpoint_rows=500
raw_bytes=488238 xz_bytes=302956 elapsed_seconds=478.885539
sha256=c1c50956629e5ede0bd55e228d9b8ae962ff999ca1a74c75e4125710b6eaf3bb
full_theorem=false
[2026-08-17T06:55:57.630415+00:00] exit: 0
[2026-08-17T06:55:57.630539+00:00] exec: /opt/kortix/pyfloor/bin/python3 -u /workspace/positive-square-energy/experiments/rank7_order8_exact_rational.py --verify-pack /workspace/positive-square-energy/experiments/rank7_order8_chunk_025000_026000.r7o8g.xz --census-cache positive-square-energy/experiments/rank7_order8_rational_search_cache.r7o8c.xz
attempts=1000 shared_exact=1000 templates=0 fallback_exact=0 structural=0 atoms=0 balanced=0 exact_audit=true census_seconds=107.002547
full_theorem=false
[2026-08-17T06:59:42.531497+00:00] exit: 0
[2026-08-17T06:59:42.532484+00:00] shard=025000_026000 exact_audit=true sha256=c1c50956629e5ede0bd55e228d9b8ae962ff999ca1a74c75e4125710b6eaf3bb
