[2026-08-17T06:20:01.134738+00:00] shard=021000_022000 adopted_fragments=0
[2026-08-17T06:20:01.134803+00:00] exec: /opt/kortix/pyfloor/bin/python3 -u /workspace/positive-square-energy/experiments/rank7_order8_exact_rational.py --output /workspace/positive-square-energy/experiments/rank7_order8_chunk_021000_022000.r7o8g.xz --fragment-directory /workspace/positive-square-energy/experiments/rank7_order8_chunk_021000_022000.r7o8g.xz.fragments --census-cache positive-square-energy/experiments/rank7_order8_rational_search_cache.r7o8c.xz --start 21000 --count 1000 --checkpoint-rows 500 --progress
[1/1000] numerical=3.708532077 shared_exact=True fallback_exact=0
[2/1000] numerical=3.823220574 shared_exact=True fallback_exact=0
[3/1000] numerical=3.206341441 shared_exact=True fallback_exact=0
[4/1000] numerical=4.243567042 shared_exact=True fallback_exact=0
[5/1000] numerical=3.895181772 shared_exact=True fallback_exact=0
[6/1000] numerical=4.039657930 shared_exact=True fallback_exact=0
[7/1000] numerical=3.439820256 shared_exact=True fallback_exact=0
[8/1000] numerical=4.185961665 shared_exact=True fallback_exact=0
[9/1000] numerical=3.675778473 shared_exact=True fallback_exact=0
[10/1000] numerical=3.921002900 shared_exact=True fallback_exact=0
[11/1000] numerical=3.381743680 shared_exact=True fallback_exact=0
[12/1000] numerical=3.888563833 shared_exact=True fallback_exact=0
[13/1000] numerical=4.225737497 shared_exact=True fallback_exact=0
[14/1000] numerical=4.436639810 shared_exact=True fallback_exact=0
[15/1000] numerical=3.877198874 shared_exact=True fallback_exact=0
[16/1000] numerical=4.179895811 shared_exact=True fallback_exact=0
[17/1000] numerical=4.281878584 shared_exact=True fallback_exact=0
[18/1000] numerical=3.656365255 shared_exact=True fallback_exact=0
[19/1000] numerical=3.806176970 shared_exact=True fallback_exact=0
[20/1000] numerical=3.703475775 shared_exact=True fallback_exact=0
[21/1000] numerical=4.518853951 shared_exact=True fallback_exact=0
[22/1000] numerical=4.644021594 shared_exact=True fallback_exact=0
[23/1000] numerical=3.653854076 shared_exact=True fallback_exact=0
[24/1000] numerical=4.034407036 shared_exact=True fallback_exact=0
[25/1000] numerical=3.646327643 shared_exact=True fallback_exact=0
[26/1000] numerical=3.065160673 shared_exact=True fallback_exact=0
[27/1000] numerical=3.450210233 shared_exact=True fallback_exact=0
[28/1000] numerical=3.065163187 shared_exact=True fallback_exact=0
[29/1000] numerical=2.694435295 shared_exact=True fallback_exact=0
[30/1000] numerical=3.937750040 shared_exact=True fallback_exact=0
[31/1000] numerical=3.646318628 shared_exact=True fallback_exact=0
[32/1000] numerical=3.450205209 shared_exact=True fallback_exact=0
[33/1000] numerical=3.590993042 shared_exact=True fallback_exact=0
[34/1000] numerical=3.259439443 shared_exact=True fallback_exact=0
[35/1000] numerical=3.844193982 shared_exact=True fallback_exact=0
[36/1000] numerical=3.937794639 shared_exact=True fallback_exact=0
[37/1000] numerical=3.983663281 shared_exact=True fallback_exact=0
[38/1000] numerical=4.247134807 shared_exact=True fallback_exact=0
[39/1000] numerical=3.716865583 shared_exact=True fallback_exact=0
[40/1000] numerical=2.337929255 shared_exact=True fallback_exact=0
[41/1000] numerical=2.841208374 shared_exact=True fallback_exact=0
[42/1000] numerical=2.680798246 shared_exact=True fallback_exact=0
[43/1000] numerical=2.440038380 shared_exact=True fallback_exact=0
[44/1000] numerical=2.176877525 shared_exact=True fallback_exact=0
[45/1000] numerical=3.006999905 shared_exact=True fallback_exact=0
[46/1000] numerical=2.690738896 shared_exact=True fallback_exact=0
[47/1000] numerical=2.799549938 shared_exact=True fallback_exact=0
[48/1000] numerical=2.638629951 shared_exact=True fallback_exact=0
[49/1000] numerical=3.194185795 shared_exact=True fallback_exact=0
[50/1000] numerical=3.914171893 shared_exact=True fallback_exact=0
[51/1000] numerical=3.249974535 shared_exact=True fallback_exact=0
[52/1000] numerical=3.690962243 shared_exact=True fallback_exact=0
[53/1000] numerical=3.558462105 shared_exact=True fallback_exact=0
[54/1000] numerical=2.602022795 shared_exact=True fallback_exact=0
[55/1000] numerical=2.970807547 shared_exact=True fallback_exact=0
[56/1000] numerical=3.333024446 shared_exact=True fallback_exact=0
[57/1000] numerical=2.790977724 shared_exact=True fallback_exact=0
[58/1000] numerical=2.667124322 shared_exact=True fallback_exact=0
[59/1000] numerical=2.377256215 shared_exact=True fallback_exact=0
[60/1000] numerical=2.668164907 shared_exact=True fallback_exact=0
[61/1000] numerical=2.670283391 shared_exact=True fallback_exact=0
[62/1000] numerical=2.496123933 shared_exact=True fallback_exact=0
[63/1000] numerical=2.754483457 shared_exact=True fallback_exact=0
[64/1000] numerical=2.339317591 shared_exact=True fallback_exact=0
[65/1000] numerical=2.271087438 shared_exact=True fallback_exact=0
[66/1000] numerical=2.093976635 shared_exact=True fallback_exact=0
[67/1000] numerical=3.073374345 shared_exact=True fallback_exact=0
[68/1000] numerical=3.284629422 shared_exact=True fallback_exact=0
[69/1000] numerical=3.149749420 shared_exact=True fallback_exact=0
[70/1000] numerical=3.351483402 shared_exact=True fallback_exact=0
[71/1000] numerical=3.295970087 shared_exact=True fallback_exact=0
[72/1000] numerical=2.434377031 shared_exact=True fallback_exact=0
[73/1000] numerical=2.514840779 shared_exact=True fallback_exact=0
[74/1000] numerical=2.689339964 shared_exact=True fallback_exact=0
[75/1000] numerical=2.132848418 shared_exact=True fallback_exact=0
[76/1000] numerical=2.869778670 shared_exact=True fallback_exact=0
[77/1000] numerical=2.902739250 shared_exact=True fallback_exact=0
[78/1000] numerical=2.392164233 shared_exact=True fallback_exact=0
[79/1000] numerical=2.632301243 shared_exact=True fallback_exact=0
[80/1000] numerical=2.284470394 shared_exact=True fallback_exact=0
[81/1000] numerical=1.961870181 shared_exact=True fallback_exact=0
[82/1000] numerical=2.510186799 shared_exact=True fallback_exact=0
[83/1000] numerical=2.562545164 shared_exact=True fallback_exact=0
[84/1000] numerical=2.058672682 shared_exact=True fallback_exact=0
[85/1000] numerical=2.311245159 shared_exact=True fallback_exact=0
[86/1000] numerical=1.972935147 shared_exact=True fallback_exact=0
[87/1000] numerical=1.812537029 shared_exact=True fallback_exact=0
[88/1000] numerical=3.161689989 shared_exact=True fallback_exact=0
[89/1000] numerical=3.379599630 shared_exact=True fallback_exact=0
[90/1000] numerical=2.718739736 shared_exact=True fallback_exact=0
[91/1000] numerical=2.866148825 shared_exact=True fallback_exact=0
[92/1000] numerical=3.101292848 shared_exact=True fallback_exact=0
[93/1000] numerical=2.438701668 shared_exact=True fallback_exact=0
[94/1000] numerical=3.062655555 shared_exact=True fallback_exact=0
[95/1000] numerical=2.639072561 shared_exact=True fallback_exact=0
[96/1000] numerical=2.431957593 shared_exact=True fallback_exact=0
[97/1000] numerical=2.885295424 shared_exact=True fallback_exact=0
[98/1000] numerical=3.146296071 shared_exact=True fallback_exact=0
[99/1000] numerical=2.572197152 shared_exact=True fallback_exact=0
[100/1000] numerical=3.193676421 shared_exact=True fallback_exact=0
[101/1000] numerical=3.617033635 shared_exact=True fallback_exact=0
[102/1000] numerical=2.979362157 shared_exact=True fallback_exact=0
[103/1000] numerical=3.629585136 shared_exact=True fallback_exact=0
[104/1000] numerical=3.814410020 shared_exact=True fallback_exact=0
[105/1000] numerical=3.129964529 shared_exact=True fallback_exact=0
[106/1000] numerical=3.323029537 shared_exact=True fallback_exact=0
[107/1000] numerical=3.277078261 shared_exact=True fallback_exact=0
[108/1000] numerical=2.442156311 shared_exact=True fallback_exact=0
[109/1000] numerical=3.464809024 shared_exact=True fallback_exact=0
[110/1000] numerical=3.390888098 shared_exact=True fallback_exact=0
[111/1000] numerical=2.524845652 shared_exact=True fallback_exact=0
[112/1000] numerical=3.420746908 shared_exact=True fallback_exact=0
[113/1000] numerical=3.350560305 shared_exact=True fallback_exact=0
[114/1000] numerical=2.879920202 shared_exact=True fallback_exact=0
[115/1000] numerical=2.809939414 shared_exact=True fallback_exact=0
[116/1000] numerical=3.561296785 shared_exact=True fallback_exact=0
[117/1000] numerical=3.085818125 shared_exact=True fallback_exact=0
[118/1000] numerical=2.947064137 shared_exact=True fallback_exact=0
[119/1000] numerical=2.376034793 shared_exact=True fallback_exact=0
[120/1000] numerical=3.549306915 shared_exact=True fallback_exact=0
[121/1000] numerical=3.198177699 shared_exact=True fallback_exact=0
[122/1000] numerical=3.072595754 shared_exact=True fallback_exact=0
[123/1000] numerical=2.693580691 shared_exact=True fallback_exact=0
[124/1000] numerical=3.584105534 shared_exact=True fallback_exact=0
[125/1000] numerical=3.405532707 shared_exact=True fallback_exact=0
[126/1000] numerical=2.402461568 shared_exact=True fallback_exact=0
[127/1000] numerical=2.751612214 shared_exact=True fallback_exact=0
[128/1000] numerical=3.158210762 shared_exact=True fallback_exact=0
[129/1000] numerical=2.905912785 shared_exact=True fallback_exact=0
[130/1000] numerical=2.764869638 shared_exact=True fallback_exact=0
[131/1000] numerical=2.442298286 shared_exact=True fallback_exact=0
[132/1000] numerical=3.655470080 shared_exact=True fallback_exact=0
[133/1000] numerical=3.374651278 shared_exact=True fallback_exact=0
[134/1000] numerical=3.502035138 shared_exact=True fallback_exact=0
[135/1000] numerical=3.134522758 shared_exact=True fallback_exact=0
[136/1000] numerical=3.662008285 shared_exact=True fallback_exact=0
[137/1000] numerical=3.219189463 shared_exact=True fallback_exact=0
[138/1000] numerical=3.422344890 shared_exact=True fallback_exact=0
[139/1000] numerical=2.720350053 shared_exact=True fallback_exact=0
[140/1000] numerical=4.186023632 shared_exact=True fallback_exact=0
[141/1000] numerical=4.009965013 shared_exact=True fallback_exact=0
[142/1000] numerical=2.986403376 shared_exact=True fallback_exact=0
[143/1000] numerical=3.562224247 shared_exact=True fallback_exact=0
[144/1000] numerical=3.195666408 shared_exact=True fallback_exact=0
[145/1000] numerical=2.590577575 shared_exact=True fallback_exact=0
[146/1000] numerical=3.073458593 shared_exact=True fallback_exact=0
[147/1000] numerical=3.783736578 shared_exact=True fallback_exact=0
[148/1000] numerical=3.271655564 shared_exact=True fallback_exact=0
[149/1000] numerical=2.713269541 shared_exact=True fallback_exact=0
[150/1000] numerical=2.925659335 shared_exact=True fallback_exact=0
[151/1000] numerical=3.403736461 shared_exact=True fallback_exact=0
[152/1000] numerical=3.398529363 shared_exact=True fallback_exact=0
[153/1000] numerical=2.609132500 shared_exact=True fallback_exact=0
[154/1000] numerical=2.706358599 shared_exact=True fallback_exact=0
[155/1000] numerical=3.175837926 shared_exact=True fallback_exact=0
[156/1000] numerical=3.023756554 shared_exact=True fallback_exact=0
[157/1000] numerical=2.879035040 shared_exact=True fallback_exact=0
[158/1000] numerical=2.424416912 shared_exact=True fallback_exact=0
[159/1000] numerical=2.427666336 shared_exact=True fallback_exact=0
[160/1000] numerical=2.178242394 shared_exact=True fallback_exact=0
[161/1000] numerical=3.322167489 shared_exact=True fallback_exact=0
[162/1000] numerical=3.313826248 shared_exact=True fallback_exact=0
[163/1000] numerical=2.502671907 shared_exact=True fallback_exact=0
[164/1000] numerical=3.109591370 shared_exact=True fallback_exact=0
[165/1000] numerical=2.615406121 shared_exact=True fallback_exact=0
[166/1000] numerical=2.397222283 shared_exact=True fallback_exact=0
[167/1000] numerical=2.358070815 shared_exact=True fallback_exact=0
[168/1000] numerical=3.258937594 shared_exact=True fallback_exact=0
[169/1000] numerical=2.713955284 shared_exact=True fallback_exact=0
[170/1000] numerical=2.558550125 shared_exact=True fallback_exact=0
[171/1000] numerical=2.362686284 shared_exact=True fallback_exact=0
[172/1000] numerical=3.534842855 shared_exact=True fallback_exact=0
[173/1000] numerical=3.472584639 shared_exact=True fallback_exact=0
[174/1000] numerical=2.617528791 shared_exact=True fallback_exact=0
[175/1000] numerical=2.988176671 shared_exact=True fallback_exact=0
[176/1000] numerical=3.258828795 shared_exact=True fallback_exact=0
[177/1000] numerical=3.789365362 shared_exact=True fallback_exact=0
[178/1000] numerical=3.220806517 shared_exact=True fallback_exact=0
[179/1000] numerical=2.870245444 shared_exact=True fallback_exact=0
[180/1000] numerical=3.018933443 shared_exact=True fallback_exact=0
[181/1000] numerical=2.805119443 shared_exact=True fallback_exact=0
[182/1000] numerical=3.564544384 shared_exact=True fallback_exact=0
[183/1000] numerical=3.588728485 shared_exact=True fallback_exact=0
[184/1000] numerical=2.798920381 shared_exact=True fallback_exact=0
[185/1000] numerical=3.670632186 shared_exact=True fallback_exact=0
[186/1000] numerical=3.251702875 shared_exact=True fallback_exact=0
[187/1000] numerical=2.635931643 shared_exact=True fallback_exact=0
[188/1000] numerical=3.350823535 shared_exact=True fallback_exact=0
[189/1000] numerical=3.919421881 shared_exact=True fallback_exact=0
[190/1000] numerical=3.623220412 shared_exact=True fallback_exact=0
[191/1000] numerical=3.527690105 shared_exact=True fallback_exact=0
[192/1000] numerical=3.499859437 shared_exact=True fallback_exact=0
[193/1000] numerical=3.989670123 shared_exact=True fallback_exact=0
[194/1000] numerical=3.994162530 shared_exact=True fallback_exact=0
[195/1000] numerical=3.165729633 shared_exact=True fallback_exact=0
[196/1000] numerical=3.323036409 shared_exact=True fallback_exact=0
[197/1000] numerical=3.150557205 shared_exact=True fallback_exact=0
[198/1000] numerical=2.661050705 shared_exact=True fallback_exact=0
[199/1000] numerical=3.307181870 shared_exact=True fallback_exact=0
[200/1000] numerical=3.042702292 shared_exact=True fallback_exact=0
[201/1000] numerical=3.179599007 shared_exact=True fallback_exact=0
[202/1000] numerical=2.688381715 shared_exact=True fallback_exact=0
[203/1000] numerical=3.522813301 shared_exact=True fallback_exact=0
[204/1000] numerical=3.331117780 shared_exact=True fallback_exact=0
[205/1000] numerical=2.282400810 shared_exact=True fallback_exact=0
[206/1000] numerical=3.424702757 shared_exact=True fallback_exact=0
[207/1000] numerical=3.099427557 shared_exact=True fallback_exact=0
[208/1000] numerical=3.151552272 shared_exact=True fallback_exact=0
[209/1000] numerical=3.067287143 shared_exact=True fallback_exact=0
[210/1000] numerical=3.640334193 shared_exact=True fallback_exact=0
[211/1000] numerical=3.651858847 shared_exact=True fallback_exact=0
[212/1000] numerical=2.839408627 shared_exact=True fallback_exact=0
[213/1000] numerical=2.779565148 shared_exact=True fallback_exact=0
[214/1000] numerical=2.495674236 shared_exact=True fallback_exact=0
[215/1000] numerical=2.954360004 shared_exact=True fallback_exact=0
[216/1000] numerical=2.375057839 shared_exact=True fallback_exact=0
[217/1000] numerical=3.476039975 shared_exact=True fallback_exact=0
[218/1000] numerical=3.390519228 shared_exact=True fallback_exact=0
[219/1000] numerical=2.429517023 shared_exact=True fallback_exact=0
[220/1000] numerical=3.859433351 shared_exact=True fallback_exact=0
[221/1000] numerical=3.636918394 shared_exact=True fallback_exact=0
[222/1000] numerical=3.297686237 shared_exact=True fallback_exact=0
[223/1000] numerical=4.325481121 shared_exact=True fallback_exact=0
[224/1000] numerical=3.999198543 shared_exact=True fallback_exact=0
[225/1000] numerical=3.470430507 shared_exact=True fallback_exact=0
[226/1000] numerical=3.620984995 shared_exact=True fallback_exact=0
[227/1000] numerical=3.916039909 shared_exact=True fallback_exact=0
[228/1000] numerical=3.851775071 shared_exact=True fallback_exact=0
[229/1000] numerical=2.989065384 shared_exact=True fallback_exact=0
[230/1000] numerical=4.003316769 shared_exact=True fallback_exact=0
[231/1000] numerical=3.667718585 shared_exact=True fallback_exact=0
[232/1000] numerical=3.142552862 shared_exact=True fallback_exact=0
[233/1000] numerical=3.326486447 shared_exact=True fallback_exact=0
[234/1000] numerical=3.599145155 shared_exact=True fallback_exact=0
[235/1000] numerical=3.543859613 shared_exact=True fallback_exact=0
[236/1000] numerical=2.695572208 shared_exact=True fallback_exact=0
[237/1000] numerical=3.599021695 shared_exact=True fallback_exact=0
[238/1000] numerical=3.315133037 shared_exact=True fallback_exact=0
[239/1000] numerical=3.087459830 shared_exact=True fallback_exact=0
[240/1000] numerical=2.840238087 shared_exact=True fallback_exact=0
[241/1000] numerical=3.522067097 shared_exact=True fallback_exact=0
[242/1000] numerical=3.356972647 shared_exact=True fallback_exact=0
[243/1000] numerical=2.370753528 shared_exact=True fallback_exact=0
[244/1000] numerical=3.530864746 shared_exact=True fallback_exact=0
[245/1000] numerical=3.154890609 shared_exact=True fallback_exact=0
[246/1000] numerical=3.273812959 shared_exact=True fallback_exact=0
[247/1000] numerical=3.061422393 shared_exact=True fallback_exact=0
[248/1000] numerical=3.843206241 shared_exact=True fallback_exact=0
[249/1000] numerical=3.875044238 shared_exact=True fallback_exact=0
[250/1000] numerical=3.094550851 shared_exact=True fallback_exact=0
[251/1000] numerical=3.846003367 shared_exact=True fallback_exact=0
[252/1000] numerical=3.388166988 shared_exact=True fallback_exact=0
[253/1000] numerical=3.290209342 shared_exact=True fallback_exact=0
[254/1000] numerical=3.704978965 shared_exact=True fallback_exact=0
[255/1000] numerical=3.859111921 shared_exact=True fallback_exact=0
[256/1000] numerical=3.906072298 shared_exact=True fallback_exact=0
[257/1000] numerical=3.147023991 shared_exact=True fallback_exact=0
[258/1000] numerical=3.552695439 shared_exact=True fallback_exact=0
[259/1000] numerical=3.588049145 shared_exact=True fallback_exact=0
[260/1000] numerical=2.824062859 shared_exact=True fallback_exact=0
[261/1000] numerical=3.833894434 shared_exact=True fallback_exact=0
[262/1000] numerical=4.013180079 shared_exact=True fallback_exact=0
[263/1000] numerical=3.333327303 shared_exact=True fallback_exact=0
[264/1000] numerical=3.486956961 shared_exact=True fallback_exact=0
[265/1000] numerical=3.343869081 shared_exact=True fallback_exact=0
[266/1000] numerical=2.390577578 shared_exact=True fallback_exact=0
[267/1000] numerical=4.541452265 shared_exact=True fallback_exact=0
[268/1000] numerical=4.412910744 shared_exact=True fallback_exact=0
[269/1000] numerical=3.789320077 shared_exact=True fallback_exact=0
[270/1000] numerical=3.424080875 shared_exact=True fallback_exact=0
[271/1000] numerical=3.883274925 shared_exact=True fallback_exact=0
[272/1000] numerical=3.394647297 shared_exact=True fallback_exact=0
[273/1000] numerical=3.272985807 shared_exact=True fallback_exact=0
[274/1000] numerical=4.118014997 shared_exact=True fallback_exact=0
[275/1000] numerical=3.241486206 shared_exact=True fallback_exact=0
[276/1000] numerical=3.671159973 shared_exact=True fallback_exact=0
[277/1000] numerical=4.117953919 shared_exact=True fallback_exact=0
[278/1000] numerical=3.241488833 shared_exact=True fallback_exact=0
[279/1000] numerical=3.671162251 shared_exact=True fallback_exact=0
[280/1000] numerical=2.612623332 shared_exact=True fallback_exact=0
[281/1000] numerical=4.349145761 shared_exact=True fallback_exact=0
[282/1000] numerical=3.844345209 shared_exact=True fallback_exact=0
[283/1000] numerical=4.641406552 shared_exact=True fallback_exact=0
[284/1000] numerical=4.018431301 shared_exact=True fallback_exact=0
[285/1000] numerical=4.240895225 shared_exact=True fallback_exact=0
[286/1000] numerical=4.173335199 shared_exact=True fallback_exact=0
[287/1000] numerical=3.301202403 shared_exact=True fallback_exact=0
[288/1000] numerical=3.715267283 shared_exact=True fallback_exact=0
[289/1000] numerical=3.151733089 shared_exact=True fallback_exact=0
[290/1000] numerical=3.151741314 shared_exact=True fallback_exact=0
[291/1000] numerical=3.753519763 shared_exact=True fallback_exact=0
[292/1000] numerical=3.003768371 shared_exact=True fallback_exact=0
[293/1000] numerical=4.060049311 shared_exact=True fallback_exact=0
[294/1000] numerical=3.551980524 shared_exact=True fallback_exact=0
[295/1000] numerical=4.352386004 shared_exact=True fallback_exact=0
[296/1000] numerical=3.729267783 shared_exact=True fallback_exact=0
[297/1000] numerical=3.948629098 shared_exact=True fallback_exact=0
[298/1000] numerical=3.881891553 shared_exact=True fallback_exact=0
[299/1000] numerical=3.010960048 shared_exact=True fallback_exact=0
[300/1000] numerical=3.344357037 shared_exact=True fallback_exact=0
[301/1000] numerical=2.622177799 shared_exact=True fallback_exact=0
[302/1000] numerical=3.101312540 shared_exact=True fallback_exact=0
[303/1000] numerical=3.151297063 shared_exact=True fallback_exact=0
[304/1000] numerical=3.403718303 shared_exact=True fallback_exact=0
[305/1000] numerical=2.853343516 shared_exact=True fallback_exact=0
[306/1000] numerical=3.529032167 shared_exact=True fallback_exact=0
[307/1000] numerical=3.355366014 shared_exact=True fallback_exact=0
[308/1000] numerical=2.346435432 shared_exact=True fallback_exact=0
[309/1000] numerical=3.548729605 shared_exact=True fallback_exact=0
[310/1000] numerical=3.514951039 shared_exact=True fallback_exact=0
[311/1000] numerical=3.850422044 shared_exact=True fallback_exact=0
[312/1000] numerical=3.291545430 shared_exact=True fallback_exact=0
[313/1000] numerical=3.892957770 shared_exact=True fallback_exact=0
[314/1000] numerical=3.727678468 shared_exact=True fallback_exact=0
[315/1000] numerical=2.737772503 shared_exact=True fallback_exact=0
[316/1000] numerical=4.060049311 shared_exact=True fallback_exact=0
[317/1000] numerical=3.551977159 shared_exact=True fallback_exact=0
[318/1000] numerical=4.352386002 shared_exact=True fallback_exact=0
[319/1000] numerical=3.729269135 shared_exact=True fallback_exact=0
[320/1000] numerical=3.949445387 shared_exact=True fallback_exact=0
[321/1000] numerical=3.881892022 shared_exact=True fallback_exact=0
[322/1000] numerical=3.010960058 shared_exact=True fallback_exact=0
[323/1000] numerical=3.101304766 shared_exact=True fallback_exact=0
[324/1000] numerical=3.151297063 shared_exact=True fallback_exact=0
[325/1000] numerical=3.403713492 shared_exact=True fallback_exact=0
[326/1000] numerical=2.853343177 shared_exact=True fallback_exact=0
[327/1000] numerical=3.528873420 shared_exact=True fallback_exact=0
[328/1000] numerical=3.355227597 shared_exact=True fallback_exact=0
[329/1000] numerical=2.346435432 shared_exact=True fallback_exact=0
[330/1000] numerical=3.548729651 shared_exact=True fallback_exact=0
[331/1000] numerical=3.514951039 shared_exact=True fallback_exact=0
[332/1000] numerical=3.850422458 shared_exact=True fallback_exact=0
[333/1000] numerical=3.291545402 shared_exact=True fallback_exact=0
[334/1000] numerical=3.893017209 shared_exact=True fallback_exact=0
[335/1000] numerical=3.727732854 shared_exact=True fallback_exact=0
[336/1000] numerical=2.737772503 shared_exact=True fallback_exact=0
[337/1000] numerical=2.381677746 shared_exact=True fallback_exact=0
[338/1000] numerical=2.873539005 shared_exact=True fallback_exact=0
[339/1000] numerical=2.665031211 shared_exact=True fallback_exact=0
[340/1000] numerical=2.137481895 shared_exact=True fallback_exact=0
[341/1000] numerical=3.245332678 shared_exact=True fallback_exact=0
[342/1000] numerical=3.052216193 shared_exact=True fallback_exact=0
[343/1000] numerical=1.963424348 shared_exact=True fallback_exact=0
[344/1000] numerical=4.133505032 shared_exact=True fallback_exact=0
[345/1000] numerical=3.769006197 shared_exact=True fallback_exact=0
[346/1000] numerical=3.657816850 shared_exact=True fallback_exact=0
[347/1000] numerical=3.903504449 shared_exact=True fallback_exact=0
[348/1000] numerical=3.943048880 shared_exact=True fallback_exact=0
[349/1000] numerical=3.169184174 shared_exact=True fallback_exact=0
[350/1000] numerical=4.250159573 shared_exact=True fallback_exact=0
[351/1000] numerical=4.422126144 shared_exact=True fallback_exact=0
[352/1000] numerical=3.635660721 shared_exact=True fallback_exact=0
[353/1000] numerical=4.112860256 shared_exact=True fallback_exact=0
[354/1000] numerical=4.179789964 shared_exact=True fallback_exact=0
[355/1000] numerical=4.226547034 shared_exact=True fallback_exact=0
[356/1000] numerical=3.452547197 shared_exact=True fallback_exact=0
[357/1000] numerical=3.857948635 shared_exact=True fallback_exact=0
[358/1000] numerical=3.698915685 shared_exact=True fallback_exact=0
[359/1000] numerical=2.705634494 shared_exact=True fallback_exact=0
[360/1000] numerical=4.209784917 shared_exact=True fallback_exact=0
[361/1000] numerical=4.794559414 shared_exact=True fallback_exact=0
[362/1000] numerical=4.602457329 shared_exact=True fallback_exact=0
[363/1000] numerical=4.090727254 shared_exact=True fallback_exact=0
[364/1000] numerical=3.515984247 shared_exact=True fallback_exact=0
[365/1000] numerical=3.728986666 shared_exact=True fallback_exact=0
[366/1000] numerical=3.438265192 shared_exact=True fallback_exact=0
[367/1000] numerical=2.825853081 shared_exact=True fallback_exact=0
[368/1000] numerical=3.210034374 shared_exact=True fallback_exact=0
[369/1000] numerical=3.438265170 shared_exact=True fallback_exact=0
[370/1000] numerical=2.825853083 shared_exact=True fallback_exact=0
[371/1000] numerical=3.210034373 shared_exact=True fallback_exact=0
[372/1000] numerical=2.480805832 shared_exact=True fallback_exact=0
[373/1000] numerical=3.236483471 shared_exact=True fallback_exact=0
[374/1000] numerical=3.343504610 shared_exact=True fallback_exact=0
[375/1000] numerical=3.740086448 shared_exact=True fallback_exact=0
[376/1000] numerical=2.677555354 shared_exact=True fallback_exact=0
[377/1000] numerical=4.226045453 shared_exact=True fallback_exact=0
[378/1000] numerical=4.031433902 shared_exact=True fallback_exact=0
[379/1000] numerical=2.998895050 shared_exact=True fallback_exact=0
[380/1000] numerical=4.130676070 shared_exact=True fallback_exact=0
[381/1000] numerical=4.069983171 shared_exact=True fallback_exact=0
[382/1000] numerical=3.910350434 shared_exact=True fallback_exact=0
[383/1000] numerical=3.319611514 shared_exact=True fallback_exact=0
[384/1000] numerical=3.460833285 shared_exact=True fallback_exact=0
[385/1000] numerical=3.299571959 shared_exact=True fallback_exact=0
[386/1000] numerical=3.525716552 shared_exact=True fallback_exact=0
[387/1000] numerical=3.359023070 shared_exact=True fallback_exact=0
[388/1000] numerical=3.085765884 shared_exact=True fallback_exact=0
[389/1000] numerical=4.048278007 shared_exact=True fallback_exact=0
[390/1000] numerical=3.619627582 shared_exact=True fallback_exact=0
[391/1000] numerical=3.491353853 shared_exact=True fallback_exact=0
[392/1000] numerical=2.411130788 shared_exact=True fallback_exact=0
[393/1000] numerical=3.033039702 shared_exact=True fallback_exact=0
[394/1000] numerical=3.017043620 shared_exact=True fallback_exact=0
[395/1000] numerical=2.823912766 shared_exact=True fallback_exact=0
[396/1000] numerical=2.803267413 shared_exact=True fallback_exact=0
[397/1000] numerical=3.487904468 shared_exact=True fallback_exact=0
[398/1000] numerical=3.398839893 shared_exact=True fallback_exact=0
[399/1000] numerical=3.213878413 shared_exact=True fallback_exact=0
[400/1000] numerical=2.411130788 shared_exact=True fallback_exact=0
[401/1000] numerical=3.033039732 shared_exact=True fallback_exact=0
[402/1000] numerical=3.017125699 shared_exact=True fallback_exact=0
[403/1000] numerical=2.823912937 shared_exact=True fallback_exact=0
[404/1000] numerical=2.026225458 shared_exact=True fallback_exact=0
[405/1000] numerical=2.269330602 shared_exact=True fallback_exact=0
[406/1000] numerical=2.691379644 shared_exact=True fallback_exact=0
[407/1000] numerical=2.456474671 shared_exact=True fallback_exact=0
[408/1000] numerical=3.375865373 shared_exact=True fallback_exact=0
[409/1000] numerical=4.338494546 shared_exact=True fallback_exact=0
[410/1000] numerical=3.910352916 shared_exact=True fallback_exact=0
[411/1000] numerical=3.781461945 shared_exact=True fallback_exact=0
[412/1000] numerical=3.085765885 shared_exact=True fallback_exact=0
[413/1000] numerical=4.048278007 shared_exact=True fallback_exact=0
[414/1000] numerical=3.619627852 shared_exact=True fallback_exact=0
[415/1000] numerical=3.491353669 shared_exact=True fallback_exact=0
[416/1000] numerical=2.803267416 shared_exact=True fallback_exact=0
[417/1000] numerical=3.487904459 shared_exact=True fallback_exact=0
[418/1000] numerical=3.398817883 shared_exact=True fallback_exact=0
[419/1000] numerical=3.213881680 shared_exact=True fallback_exact=0
[420/1000] numerical=3.481182729 shared_exact=True fallback_exact=0
[421/1000] numerical=3.353784734 shared_exact=True fallback_exact=0
[422/1000] numerical=3.645191545 shared_exact=True fallback_exact=0
[423/1000] numerical=3.578803342 shared_exact=True fallback_exact=0
[424/1000] numerical=2.735510572 shared_exact=True fallback_exact=0
[425/1000] numerical=3.281333984 shared_exact=True fallback_exact=0
[426/1000] numerical=3.939350589 shared_exact=True fallback_exact=0
[427/1000] numerical=3.830881468 shared_exact=True fallback_exact=0
[428/1000] numerical=2.933413604 shared_exact=True fallback_exact=0
[429/1000] numerical=2.949817651 shared_exact=True fallback_exact=0
[430/1000] numerical=2.701809854 shared_exact=True fallback_exact=0
[431/1000] numerical=3.805222092 shared_exact=True fallback_exact=0
[432/1000] numerical=4.240145095 shared_exact=True fallback_exact=0
[433/1000] numerical=4.007992305 shared_exact=True fallback_exact=0
[434/1000] numerical=3.607646668 shared_exact=True fallback_exact=0
[435/1000] numerical=2.927943568 shared_exact=True fallback_exact=0
[436/1000] numerical=3.419394203 shared_exact=True fallback_exact=0
[437/1000] numerical=4.239155587 shared_exact=True fallback_exact=0
[438/1000] numerical=3.650606858 shared_exact=True fallback_exact=0
[439/1000] numerical=2.896933412 shared_exact=True fallback_exact=0
[440/1000] numerical=3.243508555 shared_exact=True fallback_exact=0
[441/1000] numerical=2.978715712 shared_exact=True fallback_exact=0
[442/1000] numerical=3.269548584 shared_exact=True fallback_exact=0
[443/1000] numerical=3.696160497 shared_exact=True fallback_exact=0
[444/1000] numerical=3.371424180 shared_exact=True fallback_exact=0
[445/1000] numerical=2.897015297 shared_exact=True fallback_exact=0
[446/1000] numerical=3.243508499 shared_exact=True fallback_exact=0
[447/1000] numerical=2.978715712 shared_exact=True fallback_exact=0
[448/1000] numerical=2.613893116 shared_exact=True fallback_exact=0
[449/1000] numerical=2.491871714 shared_exact=True fallback_exact=0
[450/1000] numerical=2.586665084 shared_exact=True fallback_exact=0
[451/1000] numerical=3.710913115 shared_exact=True fallback_exact=0
[452/1000] numerical=4.528705721 shared_exact=True fallback_exact=0
[453/1000] numerical=3.940809590 shared_exact=True fallback_exact=0
[454/1000] numerical=3.419397370 shared_exact=True fallback_exact=0
[455/1000] numerical=4.239155588 shared_exact=True fallback_exact=0
[456/1000] numerical=3.650607019 shared_exact=True fallback_exact=0
[457/1000] numerical=3.269493954 shared_exact=True fallback_exact=0
[458/1000] numerical=3.696160932 shared_exact=True fallback_exact=0
[459/1000] numerical=3.371424180 shared_exact=True fallback_exact=0
[460/1000] numerical=3.728839254 shared_exact=True fallback_exact=0
[461/1000] numerical=3.643720145 shared_exact=True fallback_exact=0
[462/1000] numerical=4.161405783 shared_exact=True fallback_exact=0
[463/1000] numerical=3.716777848 shared_exact=True fallback_exact=0
[464/1000] numerical=3.903792259 shared_exact=True fallback_exact=0
[465/1000] numerical=3.230044520 shared_exact=True fallback_exact=0
[466/1000] numerical=3.830774359 shared_exact=True fallback_exact=0
[467/1000] numerical=4.053455842 shared_exact=True fallback_exact=0
[468/1000] numerical=3.499576402 shared_exact=True fallback_exact=0
[469/1000] numerical=3.920539175 shared_exact=True fallback_exact=0
[470/1000] numerical=4.139716738 shared_exact=True fallback_exact=0
[471/1000] numerical=3.583868632 shared_exact=True fallback_exact=0
[472/1000] numerical=4.554740432 shared_exact=True fallback_exact=0
[473/1000] numerical=4.120663208 shared_exact=True fallback_exact=0
[474/1000] numerical=3.510174879 shared_exact=True fallback_exact=0
[475/1000] numerical=3.378750157 shared_exact=True fallback_exact=0
[476/1000] numerical=3.557314487 shared_exact=True fallback_exact=0
[477/1000] numerical=2.947938546 shared_exact=True fallback_exact=0
[478/1000] numerical=4.113463157 shared_exact=True fallback_exact=0
[479/1000] numerical=3.698963958 shared_exact=True fallback_exact=0
[480/1000] numerical=3.832173976 shared_exact=True fallback_exact=0
[481/1000] numerical=4.081951580 shared_exact=True fallback_exact=0
[482/1000] numerical=3.543440714 shared_exact=True fallback_exact=0
[483/1000] numerical=3.557292150 shared_exact=True fallback_exact=0
[484/1000] numerical=4.271575909 shared_exact=True fallback_exact=0
[485/1000] numerical=3.590115903 shared_exact=True fallback_exact=0
[486/1000] numerical=2.654949832 shared_exact=True fallback_exact=0
[487/1000] numerical=2.783634358 shared_exact=True fallback_exact=0
[488/1000] numerical=2.510170377 shared_exact=True fallback_exact=0
[489/1000] numerical=3.233462084 shared_exact=True fallback_exact=0
[490/1000] numerical=2.953708347 shared_exact=True fallback_exact=0
[491/1000] numerical=3.575780227 shared_exact=True fallback_exact=0
[492/1000] numerical=3.792743863 shared_exact=True fallback_exact=0
[493/1000] numerical=3.229220153 shared_exact=True fallback_exact=0
[494/1000] numerical=4.009212050 shared_exact=True fallback_exact=0
[495/1000] numerical=3.510138960 shared_exact=True fallback_exact=0
[496/1000] numerical=3.536854027 shared_exact=True fallback_exact=0
[497/1000] numerical=2.813710085 shared_exact=True fallback_exact=0
[498/1000] numerical=3.054357979 shared_exact=True fallback_exact=0
[499/1000] numerical=3.189877616 shared_exact=True fallback_exact=0
[500/1000] numerical=2.871869372 shared_exact=True fallback_exact=0
checkpoint=/workspace/positive-square-energy/experiments/rank7_order8_chunk_021000_022000.r7o8g.xz.fragments/fragment-021000-021500.r7o8g.xz rows=500
[501/1000] numerical=3.656065749 shared_exact=True fallback_exact=0
[502/1000] numerical=3.356653560 shared_exact=True fallback_exact=0
[503/1000] numerical=3.920986245 shared_exact=True fallback_exact=0
[504/1000] numerical=4.141501025 shared_exact=True fallback_exact=0
[505/1000] numerical=3.579740712 shared_exact=True fallback_exact=0
[506/1000] numerical=3.556895382 shared_exact=True fallback_exact=0
[507/1000] numerical=2.813098505 shared_exact=True fallback_exact=0
[508/1000] numerical=2.654949830 shared_exact=True fallback_exact=0
[509/1000] numerical=2.783634364 shared_exact=True fallback_exact=0
[510/1000] numerical=2.510170374 shared_exact=True fallback_exact=0
[511/1000] numerical=3.233585287 shared_exact=True fallback_exact=0
[512/1000] numerical=2.953708285 shared_exact=True fallback_exact=0
[513/1000] numerical=3.575760775 shared_exact=True fallback_exact=0
[514/1000] numerical=3.792743786 shared_exact=True fallback_exact=0
[515/1000] numerical=3.229220109 shared_exact=True fallback_exact=0
[516/1000] numerical=2.230141441 shared_exact=True fallback_exact=0
[517/1000] numerical=2.326510733 shared_exact=True fallback_exact=0
[518/1000] numerical=2.290867156 shared_exact=True fallback_exact=0
[519/1000] numerical=2.703100854 shared_exact=True fallback_exact=0
[520/1000] numerical=2.507998628 shared_exact=True fallback_exact=0
[521/1000] numerical=3.429718941 shared_exact=True fallback_exact=0
[522/1000] numerical=3.622258055 shared_exact=True fallback_exact=0
[523/1000] numerical=3.046265131 shared_exact=True fallback_exact=0
[524/1000] numerical=4.554740433 shared_exact=True fallback_exact=0
[525/1000] numerical=4.009347017 shared_exact=True fallback_exact=0
[526/1000] numerical=3.668427577 shared_exact=True fallback_exact=0
[527/1000] numerical=3.846591957 shared_exact=True fallback_exact=0
[528/1000] numerical=3.240063557 shared_exact=True fallback_exact=0
[529/1000] numerical=4.402484512 shared_exact=True fallback_exact=0
[530/1000] numerical=3.988490227 shared_exact=True fallback_exact=0
[531/1000] numerical=4.125036397 shared_exact=True fallback_exact=0
[532/1000] numerical=4.374661167 shared_exact=True fallback_exact=0
[533/1000] numerical=3.835669433 shared_exact=True fallback_exact=0
[534/1000] numerical=3.378750150 shared_exact=True fallback_exact=0
[535/1000] numerical=3.557314452 shared_exact=True fallback_exact=0
[536/1000] numerical=2.947930656 shared_exact=True fallback_exact=0
[537/1000] numerical=4.113460708 shared_exact=True fallback_exact=0
[538/1000] numerical=3.698963965 shared_exact=True fallback_exact=0
[539/1000] numerical=3.832112551 shared_exact=True fallback_exact=0
[540/1000] numerical=4.081987175 shared_exact=True fallback_exact=0
[541/1000] numerical=3.543138218 shared_exact=True fallback_exact=0
[542/1000] numerical=3.054357979 shared_exact=True fallback_exact=0
[543/1000] numerical=3.189877615 shared_exact=True fallback_exact=0
[544/1000] numerical=2.871869378 shared_exact=True fallback_exact=0
[545/1000] numerical=3.655933193 shared_exact=True fallback_exact=0
[546/1000] numerical=3.356653563 shared_exact=True fallback_exact=0
[547/1000] numerical=3.921100942 shared_exact=True fallback_exact=0
[548/1000] numerical=4.141501393 shared_exact=True fallback_exact=0
[549/1000] numerical=3.579740740 shared_exact=True fallback_exact=0
[550/1000] numerical=4.334308887 shared_exact=True fallback_exact=0
[551/1000] numerical=3.575429947 shared_exact=True fallback_exact=0
[552/1000] numerical=3.784557401 shared_exact=True fallback_exact=0
[553/1000] numerical=3.217486806 shared_exact=True fallback_exact=0
[554/1000] numerical=3.583495411 shared_exact=True fallback_exact=0
[555/1000] numerical=3.882084128 shared_exact=True fallback_exact=0
[556/1000] numerical=3.360313824 shared_exact=True fallback_exact=0
[557/1000] numerical=3.454030633 shared_exact=True fallback_exact=0
[558/1000] numerical=3.832715090 shared_exact=True fallback_exact=0
[559/1000] numerical=3.344565104 shared_exact=True fallback_exact=0
[560/1000] numerical=3.692536257 shared_exact=True fallback_exact=0
[561/1000] numerical=3.933641320 shared_exact=True fallback_exact=0
[562/1000] numerical=4.260827516 shared_exact=True fallback_exact=0
[563/1000] numerical=3.751312366 shared_exact=True fallback_exact=0
[564/1000] numerical=3.923044394 shared_exact=True fallback_exact=0
[565/1000] numerical=4.063319210 shared_exact=True fallback_exact=0
[566/1000] numerical=3.460957855 shared_exact=True fallback_exact=0
[567/1000] numerical=4.320258504 shared_exact=True fallback_exact=0
[568/1000] numerical=4.966270085 shared_exact=True fallback_exact=0
[569/1000] numerical=5.161366267 shared_exact=True fallback_exact=0
[570/1000] numerical=4.055303508 shared_exact=True fallback_exact=0
[571/1000] numerical=4.586634974 shared_exact=True fallback_exact=0
[572/1000] numerical=3.190200497 shared_exact=True fallback_exact=0
[573/1000] numerical=3.293123878 shared_exact=True fallback_exact=0
[574/1000] numerical=2.837907474 shared_exact=True fallback_exact=0
[575/1000] numerical=3.259128947 shared_exact=True fallback_exact=0
[576/1000] numerical=2.900524438 shared_exact=True fallback_exact=0
[577/1000] numerical=3.153656209 shared_exact=True fallback_exact=0
[578/1000] numerical=2.874211205 shared_exact=True fallback_exact=0
[579/1000] numerical=2.712796031 shared_exact=True fallback_exact=0
[580/1000] numerical=1.714195052 shared_exact=True fallback_exact=0
[581/1000] numerical=1.763583897 shared_exact=True fallback_exact=0
[582/1000] numerical=3.261176754 shared_exact=True fallback_exact=0
[583/1000] numerical=3.166651945 shared_exact=True fallback_exact=0
[584/1000] numerical=2.724448659 shared_exact=True fallback_exact=0
[585/1000] numerical=3.302645624 shared_exact=True fallback_exact=0
[586/1000] numerical=2.979865460 shared_exact=True fallback_exact=0
[587/1000] numerical=3.189777447 shared_exact=True fallback_exact=0
[588/1000] numerical=2.912341218 shared_exact=True fallback_exact=0
[589/1000] numerical=2.738690363 shared_exact=True fallback_exact=0
[590/1000] numerical=1.723944784 shared_exact=True fallback_exact=0
[591/1000] numerical=1.937701046 shared_exact=True fallback_exact=0
[592/1000] numerical=3.215368733 shared_exact=True fallback_exact=0
[593/1000] numerical=2.801799809 shared_exact=True fallback_exact=0
[594/1000] numerical=2.577669232 shared_exact=True fallback_exact=0
[595/1000] numerical=3.285385590 shared_exact=True fallback_exact=0
[596/1000] numerical=2.883024492 shared_exact=True fallback_exact=0
[597/1000] numerical=2.617622877 shared_exact=True fallback_exact=0
[598/1000] numerical=2.895229764 shared_exact=True fallback_exact=0
[599/1000] numerical=3.199350263 shared_exact=True fallback_exact=0
[600/1000] numerical=2.374356205 shared_exact=True fallback_exact=0
[601/1000] numerical=3.107428351 shared_exact=True fallback_exact=0
[602/1000] numerical=2.847549205 shared_exact=True fallback_exact=0
[603/1000] numerical=2.612211854 shared_exact=True fallback_exact=0
[604/1000] numerical=2.759989708 shared_exact=True fallback_exact=0
[605/1000] numerical=2.742873804 shared_exact=True fallback_exact=0
[606/1000] numerical=1.917124725 shared_exact=True fallback_exact=0
[607/1000] numerical=3.196180342 shared_exact=True fallback_exact=0
[608/1000] numerical=3.007446682 shared_exact=True fallback_exact=0
[609/1000] numerical=1.968516847 shared_exact=True fallback_exact=0
[610/1000] numerical=2.381408001 shared_exact=True fallback_exact=0
[611/1000] numerical=2.180577655 shared_exact=True fallback_exact=0
[612/1000] numerical=1.114470889 shared_exact=True fallback_exact=0
[613/1000] numerical=1.753636712 shared_exact=True fallback_exact=0
[614/1000] numerical=1.949211289 shared_exact=True fallback_exact=0
[615/1000] numerical=1.119953195 shared_exact=True fallback_exact=0
[616/1000] numerical=3.628260926 shared_exact=True fallback_exact=0
[617/1000] numerical=3.692540077 shared_exact=True fallback_exact=0
[618/1000] numerical=3.367376973 shared_exact=True fallback_exact=0
[619/1000] numerical=3.959329176 shared_exact=True fallback_exact=0
[620/1000] numerical=3.538185262 shared_exact=True fallback_exact=0
[621/1000] numerical=2.989128911 shared_exact=True fallback_exact=0
[622/1000] numerical=3.292578894 shared_exact=True fallback_exact=0
[623/1000] numerical=3.562031098 shared_exact=True fallback_exact=0
[624/1000] numerical=3.569629807 shared_exact=True fallback_exact=0
[625/1000] numerical=2.791598190 shared_exact=True fallback_exact=0
[626/1000] numerical=2.891975529 shared_exact=True fallback_exact=0
[627/1000] numerical=3.440787892 shared_exact=True fallback_exact=0
[628/1000] numerical=3.543550444 shared_exact=True fallback_exact=0
[629/1000] numerical=3.339028918 shared_exact=True fallback_exact=0
[630/1000] numerical=3.716331407 shared_exact=True fallback_exact=0
[631/1000] numerical=3.066079236 shared_exact=True fallback_exact=0
[632/1000] numerical=2.486749911 shared_exact=True fallback_exact=0
[633/1000] numerical=2.689410596 shared_exact=True fallback_exact=0
[634/1000] numerical=3.232870466 shared_exact=True fallback_exact=0
[635/1000] numerical=3.210145605 shared_exact=True fallback_exact=0
[636/1000] numerical=2.399314497 shared_exact=True fallback_exact=0
[637/1000] numerical=2.248904879 shared_exact=True fallback_exact=0
[638/1000] numerical=3.706353183 shared_exact=True fallback_exact=0
[639/1000] numerical=3.554778034 shared_exact=True fallback_exact=0
[640/1000] numerical=3.403152429 shared_exact=True fallback_exact=0
[641/1000] numerical=3.200734742 shared_exact=True fallback_exact=0
[642/1000] numerical=3.861438685 shared_exact=True fallback_exact=0
[643/1000] numerical=3.282247810 shared_exact=True fallback_exact=0
[644/1000] numerical=2.674829225 shared_exact=True fallback_exact=0
[645/1000] numerical=2.805361924 shared_exact=True fallback_exact=0
[646/1000] numerical=3.353999149 shared_exact=True fallback_exact=0
[647/1000] numerical=3.306661984 shared_exact=True fallback_exact=0
[648/1000] numerical=2.471300439 shared_exact=True fallback_exact=0
[649/1000] numerical=2.577125980 shared_exact=True fallback_exact=0
[650/1000] numerical=4.072711245 shared_exact=True fallback_exact=0
[651/1000] numerical=3.592340401 shared_exact=True fallback_exact=0
[652/1000] numerical=3.840603967 shared_exact=True fallback_exact=0
[653/1000] numerical=3.960265256 shared_exact=True fallback_exact=0
[654/1000] numerical=3.537539632 shared_exact=True fallback_exact=0
[655/1000] numerical=3.667513185 shared_exact=True fallback_exact=0
[656/1000] numerical=3.381140934 shared_exact=True fallback_exact=0
[657/1000] numerical=3.748444038 shared_exact=True fallback_exact=0
[658/1000] numerical=3.137312651 shared_exact=True fallback_exact=0
[659/1000] numerical=4.130814286 shared_exact=True fallback_exact=0
[660/1000] numerical=3.955183894 shared_exact=True fallback_exact=0
[661/1000] numerical=2.890260635 shared_exact=True fallback_exact=0
[662/1000] numerical=3.128902051 shared_exact=True fallback_exact=0
[663/1000] numerical=3.995486311 shared_exact=True fallback_exact=0
[664/1000] numerical=3.642138123 shared_exact=True fallback_exact=0
[665/1000] numerical=3.834422378 shared_exact=True fallback_exact=0
[666/1000] numerical=3.559141497 shared_exact=True fallback_exact=0
[667/1000] numerical=3.754309851 shared_exact=True fallback_exact=0
[668/1000] numerical=3.219664936 shared_exact=True fallback_exact=0
[669/1000] numerical=4.121793896 shared_exact=True fallback_exact=0
[670/1000] numerical=3.934029534 shared_exact=True fallback_exact=0
[671/1000] numerical=2.876723638 shared_exact=True fallback_exact=0
[672/1000] numerical=3.026974442 shared_exact=True fallback_exact=0
[673/1000] numerical=3.244295436 shared_exact=True fallback_exact=0
[674/1000] numerical=4.252873742 shared_exact=True fallback_exact=0
[675/1000] numerical=3.961371499 shared_exact=True fallback_exact=0
[676/1000] numerical=3.413414377 shared_exact=True fallback_exact=0
[677/1000] numerical=3.764530739 shared_exact=True fallback_exact=0
[678/1000] numerical=3.838559709 shared_exact=True fallback_exact=0
[679/1000] numerical=3.822167968 shared_exact=True fallback_exact=0
[680/1000] numerical=3.021088418 shared_exact=True fallback_exact=0
[681/1000] numerical=3.363074750 shared_exact=True fallback_exact=0
[682/1000] numerical=3.643715457 shared_exact=True fallback_exact=0
[683/1000] numerical=3.580549975 shared_exact=True fallback_exact=0
[684/1000] numerical=3.323699874 shared_exact=True fallback_exact=0
[685/1000] numerical=3.927083618 shared_exact=True fallback_exact=0
[686/1000] numerical=4.173901929 shared_exact=True fallback_exact=0
[687/1000] numerical=3.490147900 shared_exact=True fallback_exact=0
[688/1000] numerical=3.666941725 shared_exact=True fallback_exact=0
[689/1000] numerical=3.897665077 shared_exact=True fallback_exact=0
[690/1000] numerical=3.218262892 shared_exact=True fallback_exact=0
[691/1000] numerical=3.099138203 shared_exact=True fallback_exact=0
[692/1000] numerical=3.291901939 shared_exact=True fallback_exact=0
[693/1000] numerical=2.639757173 shared_exact=True fallback_exact=0
[694/1000] numerical=3.715891397 shared_exact=True fallback_exact=0
[695/1000] numerical=3.592544521 shared_exact=True fallback_exact=0
[696/1000] numerical=2.669607637 shared_exact=True fallback_exact=0
[697/1000] numerical=2.966128840 shared_exact=True fallback_exact=0
[698/1000] numerical=3.697596433 shared_exact=True fallback_exact=0
[699/1000] numerical=3.657149439 shared_exact=True fallback_exact=0
[700/1000] numerical=2.894926249 shared_exact=True fallback_exact=0
[701/1000] numerical=2.831493057 shared_exact=True fallback_exact=0
[702/1000] numerical=3.114301543 shared_exact=True fallback_exact=0
[703/1000] numerical=3.277048190 shared_exact=True fallback_exact=0
[704/1000] numerical=3.012031904 shared_exact=True fallback_exact=0
[705/1000] numerical=2.363465730 shared_exact=True fallback_exact=0
[706/1000] numerical=2.563285087 shared_exact=True fallback_exact=0
[707/1000] numerical=2.738145168 shared_exact=True fallback_exact=0
[708/1000] numerical=2.665093533 shared_exact=True fallback_exact=0
[709/1000] numerical=1.801424960 shared_exact=True fallback_exact=0
[710/1000] numerical=3.806733889 shared_exact=True fallback_exact=0
[711/1000] numerical=3.806734016 shared_exact=True fallback_exact=0
[712/1000] numerical=3.974828598 shared_exact=True fallback_exact=0
[713/1000] numerical=3.888655231 shared_exact=True fallback_exact=0
[714/1000] numerical=3.211080438 shared_exact=True fallback_exact=0
[715/1000] numerical=3.855970740 shared_exact=True fallback_exact=0
[716/1000] numerical=3.865843202 shared_exact=True fallback_exact=0
[717/1000] numerical=4.030532411 shared_exact=True fallback_exact=0
[718/1000] numerical=3.953494780 shared_exact=True fallback_exact=0
[719/1000] numerical=3.080065878 shared_exact=True fallback_exact=0
[720/1000] numerical=3.048250813 shared_exact=True fallback_exact=0
[721/1000] numerical=3.231681388 shared_exact=True fallback_exact=0
[722/1000] numerical=2.422595529 shared_exact=True fallback_exact=0
[723/1000] numerical=3.450376726 shared_exact=True fallback_exact=0
[724/1000] numerical=3.548101005 shared_exact=True fallback_exact=0
[725/1000] numerical=2.681723843 shared_exact=True fallback_exact=0
[726/1000] numerical=2.822320991 shared_exact=True fallback_exact=0
[727/1000] numerical=2.718306415 shared_exact=True fallback_exact=0
[728/1000] numerical=3.827999381 shared_exact=True fallback_exact=0
[729/1000] numerical=3.911439471 shared_exact=True fallback_exact=0
[730/1000] numerical=3.905791914 shared_exact=True fallback_exact=0
[731/1000] numerical=3.806733893 shared_exact=True fallback_exact=0
[732/1000] numerical=3.892518170 shared_exact=True fallback_exact=0
[733/1000] numerical=3.742303906 shared_exact=True fallback_exact=0
[734/1000] numerical=2.756854516 shared_exact=True fallback_exact=0
[735/1000] numerical=2.770506380 shared_exact=True fallback_exact=0
[736/1000] numerical=1.716936931 shared_exact=True fallback_exact=0
[737/1000] numerical=3.911439471 shared_exact=True fallback_exact=0
[738/1000] numerical=3.905791914 shared_exact=True fallback_exact=0
[739/1000] numerical=3.806733920 shared_exact=True fallback_exact=0
[740/1000] numerical=3.892518170 shared_exact=True fallback_exact=0
[741/1000] numerical=3.742303905 shared_exact=True fallback_exact=0
[742/1000] numerical=2.756854504 shared_exact=True fallback_exact=0
[743/1000] numerical=2.770506383 shared_exact=True fallback_exact=0
[744/1000] numerical=1.716936931 shared_exact=True fallback_exact=0
[745/1000] numerical=2.777338421 shared_exact=True fallback_exact=0
[746/1000] numerical=3.863275300 shared_exact=True fallback_exact=0
[747/1000] numerical=3.869852600 shared_exact=True fallback_exact=0
[748/1000] numerical=3.003070268 shared_exact=True fallback_exact=0
[749/1000] numerical=3.974828609 shared_exact=True fallback_exact=0
[750/1000] numerical=3.728704995 shared_exact=True fallback_exact=0
[751/1000] numerical=3.913368732 shared_exact=True fallback_exact=0
[752/1000] numerical=3.238294000 shared_exact=True fallback_exact=0
[753/1000] numerical=3.855970740 shared_exact=True fallback_exact=0
[754/1000] numerical=3.772265490 shared_exact=True fallback_exact=0
[755/1000] numerical=3.918337638 shared_exact=True fallback_exact=0
[756/1000] numerical=3.227832159 shared_exact=True fallback_exact=0
[757/1000] numerical=4.030532383 shared_exact=True fallback_exact=0
[758/1000] numerical=3.953494780 shared_exact=True fallback_exact=0
[759/1000] numerical=3.080065878 shared_exact=True fallback_exact=0
[760/1000] numerical=3.284420895 shared_exact=True fallback_exact=0
[761/1000] numerical=3.974473357 shared_exact=True fallback_exact=0
[762/1000] numerical=3.892727036 shared_exact=True fallback_exact=0
[763/1000] numerical=3.198950561 shared_exact=True fallback_exact=0
[764/1000] numerical=3.014902781 shared_exact=True fallback_exact=0
[765/1000] numerical=3.003072175 shared_exact=True fallback_exact=0
[766/1000] numerical=3.070088282 shared_exact=True fallback_exact=0
[767/1000] numerical=2.461518050 shared_exact=True fallback_exact=0
[768/1000] numerical=3.086953661 shared_exact=True fallback_exact=0
[769/1000] numerical=2.459444610 shared_exact=True fallback_exact=0
[770/1000] numerical=3.231681388 shared_exact=True fallback_exact=0
[771/1000] numerical=2.422595529 shared_exact=True fallback_exact=0
[772/1000] numerical=3.198950799 shared_exact=True fallback_exact=0
[773/1000] numerical=3.173919792 shared_exact=True fallback_exact=0
[774/1000] numerical=2.383928495 shared_exact=True fallback_exact=0
[775/1000] numerical=2.360014646 shared_exact=True fallback_exact=0
[776/1000] numerical=3.214064227 shared_exact=True fallback_exact=0
[777/1000] numerical=2.213306223 shared_exact=True fallback_exact=0
[778/1000] numerical=2.236524900 shared_exact=True fallback_exact=0
[779/1000] numerical=3.214064227 shared_exact=True fallback_exact=0
[780/1000] numerical=2.213306223 shared_exact=True fallback_exact=0
[781/1000] numerical=2.236524900 shared_exact=True fallback_exact=0
[782/1000] numerical=3.451089342 shared_exact=True fallback_exact=0
[783/1000] numerical=3.392465691 shared_exact=True fallback_exact=0
[784/1000] numerical=2.724734931 shared_exact=True fallback_exact=0
[785/1000] numerical=3.505404902 shared_exact=True fallback_exact=0
[786/1000] numerical=2.802190216 shared_exact=True fallback_exact=0
[787/1000] numerical=3.548101005 shared_exact=True fallback_exact=0
[788/1000] numerical=2.681723843 shared_exact=True fallback_exact=0
[789/1000] numerical=3.465069053 shared_exact=True fallback_exact=0
[790/1000] numerical=3.373824418 shared_exact=True fallback_exact=0
[791/1000] numerical=2.696780832 shared_exact=True fallback_exact=0
[792/1000] numerical=2.484587775 shared_exact=True fallback_exact=0
[793/1000] numerical=2.545027889 shared_exact=True fallback_exact=0
[794/1000] numerical=2.681277105 shared_exact=True fallback_exact=0
[795/1000] numerical=2.822320991 shared_exact=True fallback_exact=0
[796/1000] numerical=2.696780833 shared_exact=True fallback_exact=0
[797/1000] numerical=2.661399116 shared_exact=True fallback_exact=0
[798/1000] numerical=1.836774084 shared_exact=True fallback_exact=0
[799/1000] numerical=2.105978240 shared_exact=True fallback_exact=0
[800/1000] numerical=2.105978240 shared_exact=True fallback_exact=0
[801/1000] numerical=2.300870417 shared_exact=True fallback_exact=0
[802/1000] numerical=2.669306905 shared_exact=True fallback_exact=0
[803/1000] numerical=2.718306415 shared_exact=True fallback_exact=0
[804/1000] numerical=2.404252788 shared_exact=True fallback_exact=0
[805/1000] numerical=2.289735029 shared_exact=True fallback_exact=0
[806/1000] numerical=1.371747725 shared_exact=True fallback_exact=0
[807/1000] numerical=1.593547354 shared_exact=True fallback_exact=0
[808/1000] numerical=3.575659918 shared_exact=True fallback_exact=0
[809/1000] numerical=3.575659356 shared_exact=True fallback_exact=0
[810/1000] numerical=4.221840333 shared_exact=True fallback_exact=0
[811/1000] numerical=4.329789316 shared_exact=True fallback_exact=0
[812/1000] numerical=4.290853881 shared_exact=True fallback_exact=0
[813/1000] numerical=4.265514012 shared_exact=True fallback_exact=0
[814/1000] numerical=4.284716011 shared_exact=True fallback_exact=0
[815/1000] numerical=4.112743937 shared_exact=True fallback_exact=0
[816/1000] numerical=3.055322469 shared_exact=True fallback_exact=0
[817/1000] numerical=3.090327679 shared_exact=True fallback_exact=0
[818/1000] numerical=2.000000000 shared_exact=True fallback_exact=0
[819/1000] numerical=4.329784610 shared_exact=True fallback_exact=0
[820/1000] numerical=4.290854791 shared_exact=True fallback_exact=0
[821/1000] numerical=4.265522678 shared_exact=True fallback_exact=0
[822/1000] numerical=4.284716119 shared_exact=True fallback_exact=0
[823/1000] numerical=4.112735825 shared_exact=True fallback_exact=0
[824/1000] numerical=3.055322447 shared_exact=True fallback_exact=0
[825/1000] numerical=3.090327678 shared_exact=True fallback_exact=0
[826/1000] numerical=2.000000000 shared_exact=True fallback_exact=0
[827/1000] numerical=3.091100363 shared_exact=True fallback_exact=0
[828/1000] numerical=4.217061477 shared_exact=True fallback_exact=0
[829/1000] numerical=4.138186234 shared_exact=True fallback_exact=0
[830/1000] numerical=3.382074073 shared_exact=True fallback_exact=0
[831/1000] numerical=4.407222079 shared_exact=True fallback_exact=0
[832/1000] numerical=4.076317686 shared_exact=True fallback_exact=0
[833/1000] numerical=4.269047610 shared_exact=True fallback_exact=0
[834/1000] numerical=3.559861180 shared_exact=True fallback_exact=0
[835/1000] numerical=4.284716026 shared_exact=True fallback_exact=0
[836/1000] numerical=4.334936156 shared_exact=True fallback_exact=0
[837/1000] numerical=4.487886516 shared_exact=True fallback_exact=0
[838/1000] numerical=3.704042968 shared_exact=True fallback_exact=0
[839/1000] numerical=4.334925621 shared_exact=True fallback_exact=0
[840/1000] numerical=4.165455229 shared_exact=True fallback_exact=0
[841/1000] numerical=3.093562141 shared_exact=True fallback_exact=0
[842/1000] numerical=3.793834831 shared_exact=True fallback_exact=0
[843/1000] numerical=4.441093136 shared_exact=True fallback_exact=0
[844/1000] numerical=4.296074361 shared_exact=True fallback_exact=0
[845/1000] numerical=3.697147224 shared_exact=True fallback_exact=0
[846/1000] numerical=3.286838305 shared_exact=True fallback_exact=0
[847/1000] numerical=3.204567527 shared_exact=True fallback_exact=0
[848/1000] numerical=3.321827288 shared_exact=True fallback_exact=0
[849/1000] numerical=2.650506155 shared_exact=True fallback_exact=0
[850/1000] numerical=3.764197144 shared_exact=True fallback_exact=0
[851/1000] numerical=2.969591198 shared_exact=True fallback_exact=0
[852/1000] numerical=3.131227855 shared_exact=True fallback_exact=0
[853/1000] numerical=2.121190123 shared_exact=True fallback_exact=0
[854/1000] numerical=3.697218727 shared_exact=True fallback_exact=0
[855/1000] numerical=3.569672016 shared_exact=True fallback_exact=0
[856/1000] numerical=2.938374352 shared_exact=True fallback_exact=0
[857/1000] numerical=2.588217248 shared_exact=True fallback_exact=0
[858/1000] numerical=3.181715180 shared_exact=True fallback_exact=0
[859/1000] numerical=2.120237819 shared_exact=True fallback_exact=0
[860/1000] numerical=2.136337428 shared_exact=True fallback_exact=0
[861/1000] numerical=3.181715171 shared_exact=True fallback_exact=0
[862/1000] numerical=2.120237819 shared_exact=True fallback_exact=0
[863/1000] numerical=2.136337428 shared_exact=True fallback_exact=0
[864/1000] numerical=3.393640883 shared_exact=True fallback_exact=0
[865/1000] numerical=3.307810699 shared_exact=True fallback_exact=0
[866/1000] numerical=2.571352972 shared_exact=True fallback_exact=0
[867/1000] numerical=3.651684829 shared_exact=True fallback_exact=0
[868/1000] numerical=2.871689491 shared_exact=True fallback_exact=0
[869/1000] numerical=3.315731144 shared_exact=True fallback_exact=0
[870/1000] numerical=2.308675185 shared_exact=True fallback_exact=0
[871/1000] numerical=3.520173431 shared_exact=True fallback_exact=0
[872/1000] numerical=3.360418301 shared_exact=True fallback_exact=0
[873/1000] numerical=2.770419754 shared_exact=True fallback_exact=0
[874/1000] numerical=2.303767167 shared_exact=True fallback_exact=0
[875/1000] numerical=2.329871358 shared_exact=True fallback_exact=0
[876/1000] numerical=2.940273573 shared_exact=True fallback_exact=0
[877/1000] numerical=2.349969009 shared_exact=True fallback_exact=0
[878/1000] numerical=2.770430011 shared_exact=True fallback_exact=0
[879/1000] numerical=2.607160394 shared_exact=True fallback_exact=0
[880/1000] numerical=1.591593643 shared_exact=True fallback_exact=0
[881/1000] numerical=3.181715236 shared_exact=True fallback_exact=0
[882/1000] numerical=2.120237819 shared_exact=True fallback_exact=0
[883/1000] numerical=2.136337428 shared_exact=True fallback_exact=0
[884/1000] numerical=3.181715172 shared_exact=True fallback_exact=0
[885/1000] numerical=2.120237819 shared_exact=True fallback_exact=0
[886/1000] numerical=2.136337428 shared_exact=True fallback_exact=0
[887/1000] numerical=3.393641394 shared_exact=True fallback_exact=0
[888/1000] numerical=3.307810681 shared_exact=True fallback_exact=0
[889/1000] numerical=2.571352972 shared_exact=True fallback_exact=0
[890/1000] numerical=3.651684829 shared_exact=True fallback_exact=0
[891/1000] numerical=2.871689519 shared_exact=True fallback_exact=0
[892/1000] numerical=3.315732480 shared_exact=True fallback_exact=0
[893/1000] numerical=2.308675185 shared_exact=True fallback_exact=0
[894/1000] numerical=3.520173353 shared_exact=True fallback_exact=0
[895/1000] numerical=3.360416310 shared_exact=True fallback_exact=0
[896/1000] numerical=2.770419754 shared_exact=True fallback_exact=0
[897/1000] numerical=2.303767167 shared_exact=True fallback_exact=0
[898/1000] numerical=2.329871358 shared_exact=True fallback_exact=0
[899/1000] numerical=2.940273573 shared_exact=True fallback_exact=0
[900/1000] numerical=2.349969009 shared_exact=True fallback_exact=0
[901/1000] numerical=2.770421673 shared_exact=True fallback_exact=0
[902/1000] numerical=2.607155816 shared_exact=True fallback_exact=0
[903/1000] numerical=1.591593643 shared_exact=True fallback_exact=0
[904/1000] numerical=2.114262799 shared_exact=True fallback_exact=0
[905/1000] numerical=2.114262799 shared_exact=True fallback_exact=0
[906/1000] numerical=2.289995609 shared_exact=True fallback_exact=0
[907/1000] numerical=2.871164820 shared_exact=True fallback_exact=0
[908/1000] numerical=2.599730848 shared_exact=True fallback_exact=0
[909/1000] numerical=2.441090488 shared_exact=True fallback_exact=0
[910/1000] numerical=2.302583505 shared_exact=True fallback_exact=0
[911/1000] numerical=1.328341139 shared_exact=True fallback_exact=0
[912/1000] numerical=1.593303062 shared_exact=True fallback_exact=0
[913/1000] numerical=3.444512352 shared_exact=True fallback_exact=0
[914/1000] numerical=3.444433656 shared_exact=True fallback_exact=0
[915/1000] numerical=3.668447241 shared_exact=True fallback_exact=0
[916/1000] numerical=3.668425936 shared_exact=True fallback_exact=0
[917/1000] numerical=3.788581144 shared_exact=True fallback_exact=0
[918/1000] numerical=3.563466171 shared_exact=True fallback_exact=0
[919/1000] numerical=3.401666309 shared_exact=True fallback_exact=0
[920/1000] numerical=2.394363413 shared_exact=True fallback_exact=0
[921/1000] numerical=2.498319916 shared_exact=True fallback_exact=0
[922/1000] numerical=1.549972489 shared_exact=True fallback_exact=0
[923/1000] numerical=2.747155970 shared_exact=True fallback_exact=0
[924/1000] numerical=1.732044795 shared_exact=True fallback_exact=0
[925/1000] numerical=1.787181641 shared_exact=True fallback_exact=0
[926/1000] numerical=2.953967313 shared_exact=True fallback_exact=0
[927/1000] numerical=3.619160871 shared_exact=True fallback_exact=0
[928/1000] numerical=3.623651231 shared_exact=True fallback_exact=0
[929/1000] numerical=3.242858265 shared_exact=True fallback_exact=0
[930/1000] numerical=3.619160871 shared_exact=True fallback_exact=0
[931/1000] numerical=3.623651231 shared_exact=True fallback_exact=0
[932/1000] numerical=3.242858266 shared_exact=True fallback_exact=0
[933/1000] numerical=3.540675200 shared_exact=True fallback_exact=0
[934/1000] numerical=3.688729433 shared_exact=True fallback_exact=0
[935/1000] numerical=3.361350435 shared_exact=True fallback_exact=0
[936/1000] numerical=3.582268026 shared_exact=True fallback_exact=0
[937/1000] numerical=3.593420918 shared_exact=True fallback_exact=0
[938/1000] numerical=2.787419232 shared_exact=True fallback_exact=0
[939/1000] numerical=3.679124314 shared_exact=True fallback_exact=0
[940/1000] numerical=3.547825477 shared_exact=True fallback_exact=0
[941/1000] numerical=2.590008741 shared_exact=True fallback_exact=0
[942/1000] numerical=3.364461988 shared_exact=True fallback_exact=0
[943/1000] numerical=3.182249174 shared_exact=True fallback_exact=0
[944/1000] numerical=2.143782544 shared_exact=True fallback_exact=0
[945/1000] numerical=2.710909213 shared_exact=True fallback_exact=0
[946/1000] numerical=1.851564344 shared_exact=True fallback_exact=0
[947/1000] numerical=2.606702597 shared_exact=True fallback_exact=0
[948/1000] numerical=1.581133764 shared_exact=True fallback_exact=0
[949/1000] numerical=2.261221278 shared_exact=True fallback_exact=0
[950/1000] numerical=2.712891478 shared_exact=True fallback_exact=0
[951/1000] numerical=1.905161874 shared_exact=True fallback_exact=0
[952/1000] numerical=2.698447576 shared_exact=True fallback_exact=0
[953/1000] numerical=1.731125055 shared_exact=True fallback_exact=0
[954/1000] numerical=2.115469379 shared_exact=True fallback_exact=0
[955/1000] numerical=1.759039731 shared_exact=True fallback_exact=0
[956/1000] numerical=1.814422575 shared_exact=True fallback_exact=0
[957/1000] numerical=3.575122527 shared_exact=True fallback_exact=0
[958/1000] numerical=4.000000304 shared_exact=True fallback_exact=0
[959/1000] numerical=4.000000187 shared_exact=True fallback_exact=0
[960/1000] numerical=4.111059676 shared_exact=True fallback_exact=0
[961/1000] numerical=3.616059028 shared_exact=True fallback_exact=0
[962/1000] numerical=3.446037302 shared_exact=True fallback_exact=0
[963/1000] numerical=3.219713361 shared_exact=True fallback_exact=0
[964/1000] numerical=4.117962469 shared_exact=True fallback_exact=0
[965/1000] numerical=4.087736269 shared_exact=True fallback_exact=0
[966/1000] numerical=3.248736589 shared_exact=True fallback_exact=0
[967/1000] numerical=3.286947793 shared_exact=True fallback_exact=0
[968/1000] numerical=3.100952780 shared_exact=True fallback_exact=0
[969/1000] numerical=3.141824824 shared_exact=True fallback_exact=0
[970/1000] numerical=4.224310911 shared_exact=True fallback_exact=0
[971/1000] numerical=4.290995329 shared_exact=True fallback_exact=0
[972/1000] numerical=3.959818768 shared_exact=True fallback_exact=0
[973/1000] numerical=3.940994167 shared_exact=True fallback_exact=0
[974/1000] numerical=3.688831356 shared_exact=True fallback_exact=0
[975/1000] numerical=4.416465696 shared_exact=True fallback_exact=0
[976/1000] numerical=4.384775996 shared_exact=True fallback_exact=0
[977/1000] numerical=3.497766972 shared_exact=True fallback_exact=0
[978/1000] numerical=3.610083130 shared_exact=True fallback_exact=0
[979/1000] numerical=4.290995329 shared_exact=True fallback_exact=0
[980/1000] numerical=3.959818771 shared_exact=True fallback_exact=0
[981/1000] numerical=3.941048179 shared_exact=True fallback_exact=0
[982/1000] numerical=3.688831311 shared_exact=True fallback_exact=0
[983/1000] numerical=4.416645004 shared_exact=True fallback_exact=0
[984/1000] numerical=4.384774991 shared_exact=True fallback_exact=0
[985/1000] numerical=3.497766972 shared_exact=True fallback_exact=0
[986/1000] numerical=3.610083345 shared_exact=True fallback_exact=0
[987/1000] numerical=3.675513231 shared_exact=True fallback_exact=0
[988/1000] numerical=3.904832529 shared_exact=True fallback_exact=0
[989/1000] numerical=3.850546553 shared_exact=True fallback_exact=0
[990/1000] numerical=3.690862401 shared_exact=True fallback_exact=0
[991/1000] numerical=3.856247876 shared_exact=True fallback_exact=0
[992/1000] numerical=4.394266714 shared_exact=True fallback_exact=0
[993/1000] numerical=4.388416305 shared_exact=True fallback_exact=0
[994/1000] numerical=3.538905816 shared_exact=True fallback_exact=0
[995/1000] numerical=4.068206256 shared_exact=True fallback_exact=0
[996/1000] numerical=4.083114053 shared_exact=True fallback_exact=0
[997/1000] numerical=3.242810997 shared_exact=True fallback_exact=0
[998/1000] numerical=3.651459919 shared_exact=True fallback_exact=0
[999/1000] numerical=3.837232009 shared_exact=True fallback_exact=0
[1000/1000] numerical=3.170432503 shared_exact=True fallback_exact=0
checkpoint=/workspace/positive-square-energy/experiments/rank7_order8_chunk_021000_022000.r7o8g.xz.fragments/fragment-021500-022000.r7o8g.xz rows=500
attempts=1000 shared_exact=1000 templates=0 fallback_exact=0 structural=0 atoms=0 balanced=0 unresolved_targets=0
fragments=2 checkpoint_rows=500
raw_bytes=454291 xz_bytes=297300 elapsed_seconds=645.595282
sha256=66e7b42ad106c52b378bf5f7386e49ac1127d57c3110ac2a1d7a4d0232d5e13d
full_theorem=false
[2026-08-17T06:31:18.632214+00:00] exit: 0
[2026-08-17T06:31:18.632399+00:00] exec: /opt/kortix/pyfloor/bin/python3 -u /workspace/positive-square-energy/experiments/rank7_order8_exact_rational.py --verify-pack /workspace/positive-square-energy/experiments/rank7_order8_chunk_021000_022000.r7o8g.xz --census-cache positive-square-energy/experiments/rank7_order8_rational_search_cache.r7o8c.xz
attempts=1000 shared_exact=1000 templates=0 fallback_exact=0 structural=0 atoms=0 balanced=0 exact_audit=true census_seconds=48.196826
full_theorem=false
[2026-08-17T06:33:24.923682+00:00] exit: 0
[2026-08-17T06:33:24.925268+00:00] shard=021000_022000 exact_audit=true sha256=66e7b42ad106c52b378bf5f7386e49ac1127d57c3110ac2a1d7a4d0232d5e13d
