[2026-08-14T18:01:54.516021+00:00] shard=010000_011000 adopted_fragments=0
[2026-08-14T18:01:54.516087+00:00] exec: /opt/kortix/pyfloor/bin/python3 -u /workspace/positive-square-energy/experiments/rank7_order8_exact_rational.py --output /workspace/positive-square-energy/experiments/rank7_order8_chunk_010000_011000.r7o8g.xz --fragment-directory /workspace/positive-square-energy/experiments/rank7_order8_chunk_010000_011000.r7o8g.xz.fragments --census-cache positive-square-energy/experiments/rank7_order8_rational_search_cache.r7o8c.xz --start 10000 --count 1000 --checkpoint-rows 500 --progress
[1/1000] numerical=4.000063909 shared_exact=True fallback_exact=0
[2/1000] numerical=4.119017996 shared_exact=True fallback_exact=0
[3/1000] numerical=3.351978033 shared_exact=True fallback_exact=0
[4/1000] numerical=3.170564494 shared_exact=True fallback_exact=0
[5/1000] numerical=3.377556879 shared_exact=True fallback_exact=0
[6/1000] numerical=3.377556724 shared_exact=True fallback_exact=0
[7/1000] numerical=3.193144612 shared_exact=True fallback_exact=0
[8/1000] numerical=2.115102313 shared_exact=True fallback_exact=0
[9/1000] numerical=2.115102313 shared_exact=True fallback_exact=0
[10/1000] numerical=3.631658072 shared_exact=True fallback_exact=0
[11/1000] numerical=4.409994865 shared_exact=True fallback_exact=0
[12/1000] numerical=4.270287792 shared_exact=True fallback_exact=0
[13/1000] numerical=3.261883239 shared_exact=True fallback_exact=0
[14/1000] numerical=3.631658063 shared_exact=True fallback_exact=0
[15/1000] numerical=4.270330179 shared_exact=True fallback_exact=0
[16/1000] numerical=4.114800344 shared_exact=True fallback_exact=0
[17/1000] numerical=3.532750630 shared_exact=True fallback_exact=0
[18/1000] numerical=3.134122495 shared_exact=True fallback_exact=0
[19/1000] numerical=3.532750631 shared_exact=True fallback_exact=0
[20/1000] numerical=3.261884550 shared_exact=True fallback_exact=0
[21/1000] numerical=3.134122495 shared_exact=True fallback_exact=0
[22/1000] numerical=2.199905601 shared_exact=True fallback_exact=0
[23/1000] numerical=3.070231155 shared_exact=True fallback_exact=0
[24/1000] numerical=2.635476742 shared_exact=True fallback_exact=0
[25/1000] numerical=1.816460599 shared_exact=True fallback_exact=0
[26/1000] numerical=1.702122863 shared_exact=True fallback_exact=0
[27/1000] numerical=2.733308469 shared_exact=True fallback_exact=0
[28/1000] numerical=3.092333705 shared_exact=True fallback_exact=0
[29/1000] numerical=2.171110185 shared_exact=True fallback_exact=0
[30/1000] numerical=3.545190320 shared_exact=True fallback_exact=0
[31/1000] numerical=3.545190363 shared_exact=True fallback_exact=0
[32/1000] numerical=3.378127859 shared_exact=True fallback_exact=0
[33/1000] numerical=2.339643705 shared_exact=True fallback_exact=0
[34/1000] numerical=2.339643708 shared_exact=True fallback_exact=0
[35/1000] numerical=2.761121733 shared_exact=True fallback_exact=0
[36/1000] numerical=2.884214756 shared_exact=True fallback_exact=0
[37/1000] numerical=2.180243143 shared_exact=True fallback_exact=0
[38/1000] numerical=3.728955132 shared_exact=True fallback_exact=0
[39/1000] numerical=3.297635668 shared_exact=True fallback_exact=0
[40/1000] numerical=4.013827026 shared_exact=True fallback_exact=0
[41/1000] numerical=3.281355791 shared_exact=True fallback_exact=0
[42/1000] numerical=3.673092408 shared_exact=True fallback_exact=0
[43/1000] numerical=3.565050002 shared_exact=True fallback_exact=0
[44/1000] numerical=2.648701011 shared_exact=True fallback_exact=0
[45/1000] numerical=2.860267376 shared_exact=True fallback_exact=0
[46/1000] numerical=3.502308353 shared_exact=True fallback_exact=0
[47/1000] numerical=2.899728243 shared_exact=True fallback_exact=0
[48/1000] numerical=2.973224420 shared_exact=True fallback_exact=0
[49/1000] numerical=2.999082335 shared_exact=True fallback_exact=0
[50/1000] numerical=3.304497165 shared_exact=True fallback_exact=0
[51/1000] numerical=3.146301651 shared_exact=True fallback_exact=0
[52/1000] numerical=2.181044159 shared_exact=True fallback_exact=0
[53/1000] numerical=2.473207139 shared_exact=True fallback_exact=0
[54/1000] numerical=3.146503766 shared_exact=True fallback_exact=0
[55/1000] numerical=3.128945914 shared_exact=True fallback_exact=0
[56/1000] numerical=2.444362820 shared_exact=True fallback_exact=0
[57/1000] numerical=3.372127249 shared_exact=True fallback_exact=0
[58/1000] numerical=2.964049429 shared_exact=True fallback_exact=0
[59/1000] numerical=3.006665197 shared_exact=True fallback_exact=0
[60/1000] numerical=2.956687387 shared_exact=True fallback_exact=0
[61/1000] numerical=2.125318477 shared_exact=True fallback_exact=0
[62/1000] numerical=2.168647623 shared_exact=True fallback_exact=0
[63/1000] numerical=2.738816456 shared_exact=True fallback_exact=0
[64/1000] numerical=2.677160607 shared_exact=True fallback_exact=0
[65/1000] numerical=1.836698995 shared_exact=True fallback_exact=0
[66/1000] numerical=3.745806594 shared_exact=True fallback_exact=0
[67/1000] numerical=3.231655714 shared_exact=True fallback_exact=0
[68/1000] numerical=3.235564660 shared_exact=True fallback_exact=0
[69/1000] numerical=3.392701677 shared_exact=True fallback_exact=0
[70/1000] numerical=2.874052792 shared_exact=True fallback_exact=0
[71/1000] numerical=3.830092503 shared_exact=True fallback_exact=0
[72/1000] numerical=2.902192027 shared_exact=True fallback_exact=0
[73/1000] numerical=3.269447534 shared_exact=True fallback_exact=0
[74/1000] numerical=3.464051395 shared_exact=True fallback_exact=0
[75/1000] numerical=3.413722342 shared_exact=True fallback_exact=0
[76/1000] numerical=2.578226676 shared_exact=True fallback_exact=0
[77/1000] numerical=2.732338126 shared_exact=True fallback_exact=0
[78/1000] numerical=2.872810384 shared_exact=True fallback_exact=0
[79/1000] numerical=3.348901162 shared_exact=True fallback_exact=0
[80/1000] numerical=2.491206684 shared_exact=True fallback_exact=0
[81/1000] numerical=3.375759914 shared_exact=True fallback_exact=0
[82/1000] numerical=3.811090730 shared_exact=True fallback_exact=0
[83/1000] numerical=3.720985790 shared_exact=True fallback_exact=0
[84/1000] numerical=2.827977522 shared_exact=True fallback_exact=0
[85/1000] numerical=3.133517135 shared_exact=True fallback_exact=0
[86/1000] numerical=3.486735583 shared_exact=True fallback_exact=0
[87/1000] numerical=4.126380084 shared_exact=True fallback_exact=0
[88/1000] numerical=3.499675239 shared_exact=True fallback_exact=0
[89/1000] numerical=3.564387378 shared_exact=True fallback_exact=0
[90/1000] numerical=3.772096681 shared_exact=True fallback_exact=0
[91/1000] numerical=3.714903268 shared_exact=True fallback_exact=0
[92/1000] numerical=2.871665596 shared_exact=True fallback_exact=0
[93/1000] numerical=3.032097362 shared_exact=True fallback_exact=0
[94/1000] numerical=2.620278173 shared_exact=True fallback_exact=0
[95/1000] numerical=3.406815401 shared_exact=True fallback_exact=0
[96/1000] numerical=3.308894542 shared_exact=True fallback_exact=0
[97/1000] numerical=3.337826762 shared_exact=True fallback_exact=0
[98/1000] numerical=2.585380283 shared_exact=True fallback_exact=0
[99/1000] numerical=2.485015955 shared_exact=True fallback_exact=0
[100/1000] numerical=3.476435426 shared_exact=True fallback_exact=0
[101/1000] numerical=4.326510705 shared_exact=True fallback_exact=0
[102/1000] numerical=4.256445612 shared_exact=True fallback_exact=0
[103/1000] numerical=3.354200137 shared_exact=True fallback_exact=0
[104/1000] numerical=4.246615861 shared_exact=True fallback_exact=0
[105/1000] numerical=3.423037705 shared_exact=True fallback_exact=0
[106/1000] numerical=3.429199470 shared_exact=True fallback_exact=0
[107/1000] numerical=2.686015015 shared_exact=True fallback_exact=0
[108/1000] numerical=2.573623535 shared_exact=True fallback_exact=0
[109/1000] numerical=2.812172507 shared_exact=True fallback_exact=0
[110/1000] numerical=2.717647493 shared_exact=True fallback_exact=0
[111/1000] numerical=2.917213292 shared_exact=True fallback_exact=0
[112/1000] numerical=2.179651600 shared_exact=True fallback_exact=0
[113/1000] numerical=3.785739843 shared_exact=True fallback_exact=0
[114/1000] numerical=3.752926310 shared_exact=True fallback_exact=0
[115/1000] numerical=3.316931614 shared_exact=True fallback_exact=0
[116/1000] numerical=3.328728429 shared_exact=True fallback_exact=0
[117/1000] numerical=3.900627022 shared_exact=True fallback_exact=0
[118/1000] numerical=3.483263956 shared_exact=True fallback_exact=0
[119/1000] numerical=2.839195384 shared_exact=True fallback_exact=0
[120/1000] numerical=3.026882644 shared_exact=True fallback_exact=0
[121/1000] numerical=3.573291669 shared_exact=True fallback_exact=0
[122/1000] numerical=3.401532183 shared_exact=True fallback_exact=0
[123/1000] numerical=3.367496061 shared_exact=True fallback_exact=0
[124/1000] numerical=2.547526424 shared_exact=True fallback_exact=0
[125/1000] numerical=2.298564039 shared_exact=True fallback_exact=0
[126/1000] numerical=3.462679364 shared_exact=True fallback_exact=0
[127/1000] numerical=3.163585280 shared_exact=True fallback_exact=0
[128/1000] numerical=3.276317131 shared_exact=True fallback_exact=0
[129/1000] numerical=3.076829535 shared_exact=True fallback_exact=0
[130/1000] numerical=2.858921194 shared_exact=True fallback_exact=0
[131/1000] numerical=3.172710873 shared_exact=True fallback_exact=0
[132/1000] numerical=2.445895797 shared_exact=True fallback_exact=0
[133/1000] numerical=3.173427317 shared_exact=True fallback_exact=0
[134/1000] numerical=2.922885305 shared_exact=True fallback_exact=0
[135/1000] numerical=2.794986328 shared_exact=True fallback_exact=0
[136/1000] numerical=3.391632178 shared_exact=True fallback_exact=0
[137/1000] numerical=2.979596816 shared_exact=True fallback_exact=0
[138/1000] numerical=3.156291429 shared_exact=True fallback_exact=0
[139/1000] numerical=3.038644928 shared_exact=True fallback_exact=0
[140/1000] numerical=2.804196464 shared_exact=True fallback_exact=0
[141/1000] numerical=2.914270405 shared_exact=True fallback_exact=0
[142/1000] numerical=2.217474339 shared_exact=True fallback_exact=0
[143/1000] numerical=1.988441377 shared_exact=True fallback_exact=0
[144/1000] numerical=3.411976750 shared_exact=True fallback_exact=0
[145/1000] numerical=3.500969242 shared_exact=True fallback_exact=0
[146/1000] numerical=3.404851102 shared_exact=True fallback_exact=0
[147/1000] numerical=2.501376023 shared_exact=True fallback_exact=0
[148/1000] numerical=2.612390573 shared_exact=True fallback_exact=0
[149/1000] numerical=2.859346537 shared_exact=True fallback_exact=0
[150/1000] numerical=2.897274784 shared_exact=True fallback_exact=0
[151/1000] numerical=2.804340580 shared_exact=True fallback_exact=0
[152/1000] numerical=1.929818676 shared_exact=True fallback_exact=0
[153/1000] numerical=1.970244780 shared_exact=True fallback_exact=0
[154/1000] numerical=3.769204124 shared_exact=True fallback_exact=0
[155/1000] numerical=3.858200252 shared_exact=True fallback_exact=0
[156/1000] numerical=3.837427383 shared_exact=True fallback_exact=0
[157/1000] numerical=3.088450376 shared_exact=True fallback_exact=0
[158/1000] numerical=3.570090561 shared_exact=True fallback_exact=0
[159/1000] numerical=2.613517276 shared_exact=True fallback_exact=0
[160/1000] numerical=3.383016662 shared_exact=True fallback_exact=0
[161/1000] numerical=2.856659090 shared_exact=True fallback_exact=0
[162/1000] numerical=2.759439403 shared_exact=True fallback_exact=0
[163/1000] numerical=2.442493744 shared_exact=True fallback_exact=0
[164/1000] numerical=3.321571511 shared_exact=True fallback_exact=0
[165/1000] numerical=3.606744837 shared_exact=True fallback_exact=0
[166/1000] numerical=3.491123164 shared_exact=True fallback_exact=0
[167/1000] numerical=2.589688352 shared_exact=True fallback_exact=0
[168/1000] numerical=2.823082151 shared_exact=True fallback_exact=0
[169/1000] numerical=3.546940005 shared_exact=True fallback_exact=0
[170/1000] numerical=3.990148240 shared_exact=True fallback_exact=0
[171/1000] numerical=3.580553472 shared_exact=True fallback_exact=0
[172/1000] numerical=2.917129046 shared_exact=True fallback_exact=0
[173/1000] numerical=3.268977230 shared_exact=True fallback_exact=0
[174/1000] numerical=3.303137293 shared_exact=True fallback_exact=0
[175/1000] numerical=3.516803552 shared_exact=True fallback_exact=0
[176/1000] numerical=3.525780718 shared_exact=True fallback_exact=0
[177/1000] numerical=2.763506584 shared_exact=True fallback_exact=0
[178/1000] numerical=2.886299680 shared_exact=True fallback_exact=0
[179/1000] numerical=2.911355715 shared_exact=True fallback_exact=0
[180/1000] numerical=3.409943557 shared_exact=True fallback_exact=0
[181/1000] numerical=3.010712839 shared_exact=True fallback_exact=0
[182/1000] numerical=3.116590855 shared_exact=True fallback_exact=0
[183/1000] numerical=2.778994838 shared_exact=True fallback_exact=0
[184/1000] numerical=3.982611975 shared_exact=True fallback_exact=0
[185/1000] numerical=3.958687757 shared_exact=True fallback_exact=0
[186/1000] numerical=3.935412724 shared_exact=True fallback_exact=0
[187/1000] numerical=3.120893102 shared_exact=True fallback_exact=0
[188/1000] numerical=3.098055884 shared_exact=True fallback_exact=0
[189/1000] numerical=2.830573928 shared_exact=True fallback_exact=0
[190/1000] numerical=2.614392697 shared_exact=True fallback_exact=0
[191/1000] numerical=2.701379987 shared_exact=True fallback_exact=0
[192/1000] numerical=2.484941631 shared_exact=True fallback_exact=0
[193/1000] numerical=3.835364731 shared_exact=True fallback_exact=0
[194/1000] numerical=3.399814820 shared_exact=True fallback_exact=0
[195/1000] numerical=3.722939108 shared_exact=True fallback_exact=0
[196/1000] numerical=3.128952700 shared_exact=True fallback_exact=0
[197/1000] numerical=2.803319931 shared_exact=True fallback_exact=0
[198/1000] numerical=3.183094302 shared_exact=True fallback_exact=0
[199/1000] numerical=2.816686373 shared_exact=True fallback_exact=0
[200/1000] numerical=3.082155666 shared_exact=True fallback_exact=0
[201/1000] numerical=2.487047969 shared_exact=True fallback_exact=0
[202/1000] numerical=2.183129165 shared_exact=True fallback_exact=0
[203/1000] numerical=2.650151652 shared_exact=True fallback_exact=0
[204/1000] numerical=2.153748583 shared_exact=True fallback_exact=0
[205/1000] numerical=2.510086626 shared_exact=True fallback_exact=0
[206/1000] numerical=1.957075975 shared_exact=True fallback_exact=0
[207/1000] numerical=1.558845206 shared_exact=True fallback_exact=0
[208/1000] numerical=2.865963530 shared_exact=True fallback_exact=0
[209/1000] numerical=2.835881170 shared_exact=True fallback_exact=0
[210/1000] numerical=2.833641107 shared_exact=True fallback_exact=0
[211/1000] numerical=2.061229385 shared_exact=True fallback_exact=0
[212/1000] numerical=2.018488328 shared_exact=True fallback_exact=0
[213/1000] numerical=2.707787591 shared_exact=True fallback_exact=0
[214/1000] numerical=3.402643010 shared_exact=True fallback_exact=0
[215/1000] numerical=3.397797587 shared_exact=True fallback_exact=0
[216/1000] numerical=2.619040061 shared_exact=True fallback_exact=0
[217/1000] numerical=2.496582412 shared_exact=True fallback_exact=0
[218/1000] numerical=3.287091018 shared_exact=True fallback_exact=0
[219/1000] numerical=3.321151587 shared_exact=True fallback_exact=0
[220/1000] numerical=2.443570677 shared_exact=True fallback_exact=0
[221/1000] numerical=2.582197528 shared_exact=True fallback_exact=0
[222/1000] numerical=2.621627424 shared_exact=True fallback_exact=0
[223/1000] numerical=2.368740312 shared_exact=True fallback_exact=0
[224/1000] numerical=2.456839549 shared_exact=True fallback_exact=0
[225/1000] numerical=1.763715172 shared_exact=True fallback_exact=0
[226/1000] numerical=3.150829769 shared_exact=True fallback_exact=0
[227/1000] numerical=3.182480064 shared_exact=True fallback_exact=0
[228/1000] numerical=2.890281731 shared_exact=True fallback_exact=0
[229/1000] numerical=2.666613439 shared_exact=True fallback_exact=0
[230/1000] numerical=3.182388717 shared_exact=True fallback_exact=0
[231/1000] numerical=3.083530657 shared_exact=True fallback_exact=0
[232/1000] numerical=3.071465889 shared_exact=True fallback_exact=0
[233/1000] numerical=2.878683462 shared_exact=True fallback_exact=0
[234/1000] numerical=2.581187133 shared_exact=True fallback_exact=0
[235/1000] numerical=2.834570025 shared_exact=True fallback_exact=0
[236/1000] numerical=2.387704254 shared_exact=True fallback_exact=0
[237/1000] numerical=2.169099401 shared_exact=True fallback_exact=0
[238/1000] numerical=3.731851396 shared_exact=True fallback_exact=0
[239/1000] numerical=3.745017207 shared_exact=True fallback_exact=0
[240/1000] numerical=3.754436781 shared_exact=True fallback_exact=0
[241/1000] numerical=3.596407056 shared_exact=True fallback_exact=0
[242/1000] numerical=3.186161517 shared_exact=True fallback_exact=0
[243/1000] numerical=3.320830052 shared_exact=True fallback_exact=0
[244/1000] numerical=3.345151803 shared_exact=True fallback_exact=0
[245/1000] numerical=3.163402243 shared_exact=True fallback_exact=0
[246/1000] numerical=2.596357078 shared_exact=True fallback_exact=0
[247/1000] numerical=3.119600149 shared_exact=True fallback_exact=0
[248/1000] numerical=2.593911865 shared_exact=True fallback_exact=0
[249/1000] numerical=2.407062334 shared_exact=True fallback_exact=0
[250/1000] numerical=3.071941321 shared_exact=True fallback_exact=0
[251/1000] numerical=2.715052338 shared_exact=True fallback_exact=0
[252/1000] numerical=3.055827808 shared_exact=True fallback_exact=0
[253/1000] numerical=2.832632696 shared_exact=True fallback_exact=0
[254/1000] numerical=3.721844964 shared_exact=True fallback_exact=0
[255/1000] numerical=3.685211216 shared_exact=True fallback_exact=0
[256/1000] numerical=3.641563508 shared_exact=True fallback_exact=0
[257/1000] numerical=3.588252290 shared_exact=True fallback_exact=0
[258/1000] numerical=2.730440332 shared_exact=True fallback_exact=0
[259/1000] numerical=2.547412925 shared_exact=True fallback_exact=0
[260/1000] numerical=3.585503030 shared_exact=True fallback_exact=0
[261/1000] numerical=3.591517506 shared_exact=True fallback_exact=0
[262/1000] numerical=3.776624814 shared_exact=True fallback_exact=0
[263/1000] numerical=3.654893648 shared_exact=True fallback_exact=0
[264/1000] numerical=2.743103685 shared_exact=True fallback_exact=0
[265/1000] numerical=2.901444613 shared_exact=True fallback_exact=0
[266/1000] numerical=3.613716630 shared_exact=True fallback_exact=0
[267/1000] numerical=3.419864493 shared_exact=True fallback_exact=0
[268/1000] numerical=3.399562573 shared_exact=True fallback_exact=0
[269/1000] numerical=3.184692330 shared_exact=True fallback_exact=0
[270/1000] numerical=3.052479722 shared_exact=True fallback_exact=0
[271/1000] numerical=3.491504427 shared_exact=True fallback_exact=0
[272/1000] numerical=3.253806331 shared_exact=True fallback_exact=0
[273/1000] numerical=2.857672833 shared_exact=True fallback_exact=0
[274/1000] numerical=2.124574317 shared_exact=True fallback_exact=0
[275/1000] numerical=2.632613607 shared_exact=True fallback_exact=0
[276/1000] numerical=2.405349795 shared_exact=True fallback_exact=0
[277/1000] numerical=3.919460392 shared_exact=True fallback_exact=0
[278/1000] numerical=3.763173310 shared_exact=True fallback_exact=0
[279/1000] numerical=3.580384445 shared_exact=True fallback_exact=0
[280/1000] numerical=3.602277086 shared_exact=True fallback_exact=0
[281/1000] numerical=3.206070956 shared_exact=True fallback_exact=0
[282/1000] numerical=3.498462055 shared_exact=True fallback_exact=0
[283/1000] numerical=3.963893648 shared_exact=True fallback_exact=0
[284/1000] numerical=3.857421241 shared_exact=True fallback_exact=0
[285/1000] numerical=3.583590290 shared_exact=True fallback_exact=0
[286/1000] numerical=3.770483935 shared_exact=True fallback_exact=0
[287/1000] numerical=3.194388078 shared_exact=True fallback_exact=0
[288/1000] numerical=2.735650512 shared_exact=True fallback_exact=0
[289/1000] numerical=3.594757412 shared_exact=True fallback_exact=0
[290/1000] numerical=3.510065008 shared_exact=True fallback_exact=0
[291/1000] numerical=3.201070732 shared_exact=True fallback_exact=0
[292/1000] numerical=3.902163266 shared_exact=True fallback_exact=0
[293/1000] numerical=3.807737835 shared_exact=True fallback_exact=0
[294/1000] numerical=3.652775362 shared_exact=True fallback_exact=0
[295/1000] numerical=3.839979804 shared_exact=True fallback_exact=0
[296/1000] numerical=3.266416984 shared_exact=True fallback_exact=0
[297/1000] numerical=3.052770205 shared_exact=True fallback_exact=0
[298/1000] numerical=3.466064232 shared_exact=True fallback_exact=0
[299/1000] numerical=2.807580546 shared_exact=True fallback_exact=0
[300/1000] numerical=3.141334905 shared_exact=True fallback_exact=0
[301/1000] numerical=3.753512198 shared_exact=True fallback_exact=0
[302/1000] numerical=3.299717273 shared_exact=True fallback_exact=0
[303/1000] numerical=3.125312667 shared_exact=True fallback_exact=0
[304/1000] numerical=3.293180224 shared_exact=True fallback_exact=0
[305/1000] numerical=2.707881122 shared_exact=True fallback_exact=0
[306/1000] numerical=2.462375147 shared_exact=True fallback_exact=0
[307/1000] numerical=3.922797188 shared_exact=True fallback_exact=0
[308/1000] numerical=3.805199384 shared_exact=True fallback_exact=0
[309/1000] numerical=3.145773041 shared_exact=True fallback_exact=0
[310/1000] numerical=3.491254736 shared_exact=True fallback_exact=0
[311/1000] numerical=3.308179956 shared_exact=True fallback_exact=0
[312/1000] numerical=3.907524869 shared_exact=True fallback_exact=0
[313/1000] numerical=3.851576777 shared_exact=True fallback_exact=0
[314/1000] numerical=3.775894221 shared_exact=True fallback_exact=0
[315/1000] numerical=3.751245762 shared_exact=True fallback_exact=0
[316/1000] numerical=4.235329726 shared_exact=True fallback_exact=0
[317/1000] numerical=4.312887086 shared_exact=True fallback_exact=0
[318/1000] numerical=4.095667064 shared_exact=True fallback_exact=0
[319/1000] numerical=4.320529532 shared_exact=True fallback_exact=0
[320/1000] numerical=3.768447484 shared_exact=True fallback_exact=0
[321/1000] numerical=3.519489844 shared_exact=True fallback_exact=0
[322/1000] numerical=3.439013619 shared_exact=True fallback_exact=0
[323/1000] numerical=3.391011905 shared_exact=True fallback_exact=0
[324/1000] numerical=3.350351674 shared_exact=True fallback_exact=0
[325/1000] numerical=3.774995722 shared_exact=True fallback_exact=0
[326/1000] numerical=3.796475115 shared_exact=True fallback_exact=0
[327/1000] numerical=3.653807355 shared_exact=True fallback_exact=0
[328/1000] numerical=3.891996933 shared_exact=True fallback_exact=0
[329/1000] numerical=3.347412306 shared_exact=True fallback_exact=0
[330/1000] numerical=3.156589640 shared_exact=True fallback_exact=0
[331/1000] numerical=3.253808009 shared_exact=True fallback_exact=0
[332/1000] numerical=2.642522322 shared_exact=True fallback_exact=0
[333/1000] numerical=3.240650712 shared_exact=True fallback_exact=0
[334/1000] numerical=3.552782834 shared_exact=True fallback_exact=0
[335/1000] numerical=3.282965523 shared_exact=True fallback_exact=0
[336/1000] numerical=3.124821301 shared_exact=True fallback_exact=0
[337/1000] numerical=3.320596642 shared_exact=True fallback_exact=0
[338/1000] numerical=2.751941818 shared_exact=True fallback_exact=0
[339/1000] numerical=2.529981244 shared_exact=True fallback_exact=0
[340/1000] numerical=2.971812861 shared_exact=True fallback_exact=0
[341/1000] numerical=3.234211733 shared_exact=True fallback_exact=0
[342/1000] numerical=3.003694556 shared_exact=True fallback_exact=0
[343/1000] numerical=2.883993059 shared_exact=True fallback_exact=0
[344/1000] numerical=3.276564671 shared_exact=True fallback_exact=0
[345/1000] numerical=3.641284650 shared_exact=True fallback_exact=0
[346/1000] numerical=3.725284459 shared_exact=True fallback_exact=0
[347/1000] numerical=3.924690937 shared_exact=True fallback_exact=0
[348/1000] numerical=3.353275315 shared_exact=True fallback_exact=0
[349/1000] numerical=3.266197526 shared_exact=True fallback_exact=0
[350/1000] numerical=4.027796168 shared_exact=True fallback_exact=0
[351/1000] numerical=3.989510519 shared_exact=True fallback_exact=0
[352/1000] numerical=3.663836874 shared_exact=True fallback_exact=0
[353/1000] numerical=3.975881331 shared_exact=True fallback_exact=0
[354/1000] numerical=3.457789386 shared_exact=True fallback_exact=0
[355/1000] numerical=3.157064988 shared_exact=True fallback_exact=0
[356/1000] numerical=4.046913351 shared_exact=True fallback_exact=0
[357/1000] numerical=3.743474772 shared_exact=True fallback_exact=0
[358/1000] numerical=3.185366422 shared_exact=True fallback_exact=0
[359/1000] numerical=3.679894426 shared_exact=True fallback_exact=0
[360/1000] numerical=3.231141205 shared_exact=True fallback_exact=0
[361/1000] numerical=2.760224189 shared_exact=True fallback_exact=0
[362/1000] numerical=3.641831259 shared_exact=True fallback_exact=0
[363/1000] numerical=3.860204587 shared_exact=True fallback_exact=0
[364/1000] numerical=3.751113600 shared_exact=True fallback_exact=0
[365/1000] numerical=4.116335608 shared_exact=True fallback_exact=0
[366/1000] numerical=3.614756500 shared_exact=True fallback_exact=0
[367/1000] numerical=3.441405270 shared_exact=True fallback_exact=0
[368/1000] numerical=4.346689620 shared_exact=True fallback_exact=0
[369/1000] numerical=4.095038302 shared_exact=True fallback_exact=0
[370/1000] numerical=4.295739516 shared_exact=True fallback_exact=0
[371/1000] numerical=3.730389673 shared_exact=True fallback_exact=0
[372/1000] numerical=3.438740218 shared_exact=True fallback_exact=0
[373/1000] numerical=3.199300577 shared_exact=True fallback_exact=0
[374/1000] numerical=4.050874057 shared_exact=True fallback_exact=0
[375/1000] numerical=4.243879826 shared_exact=True fallback_exact=0
[376/1000] numerical=3.670662945 shared_exact=True fallback_exact=0
[377/1000] numerical=3.581383653 shared_exact=True fallback_exact=0
[378/1000] numerical=3.379258662 shared_exact=True fallback_exact=0
[379/1000] numerical=4.242644267 shared_exact=True fallback_exact=0
[380/1000] numerical=4.421417447 shared_exact=True fallback_exact=0
[381/1000] numerical=3.344686776 shared_exact=True fallback_exact=0
[382/1000] numerical=3.840732304 shared_exact=True fallback_exact=0
[383/1000] numerical=3.198947049 shared_exact=True fallback_exact=0
[384/1000] numerical=3.460106808 shared_exact=True fallback_exact=0
[385/1000] numerical=3.619964115 shared_exact=True fallback_exact=0
[386/1000] numerical=3.028529074 shared_exact=True fallback_exact=0
[387/1000] numerical=2.986521948 shared_exact=True fallback_exact=0
[388/1000] numerical=2.851340849 shared_exact=True fallback_exact=0
[389/1000] numerical=3.402986322 shared_exact=True fallback_exact=0
[390/1000] numerical=3.376454752 shared_exact=True fallback_exact=0
[391/1000] numerical=2.863247832 shared_exact=True fallback_exact=0
[392/1000] numerical=2.805318134 shared_exact=True fallback_exact=0
[393/1000] numerical=2.653780990 shared_exact=True fallback_exact=0
[394/1000] numerical=2.632883670 shared_exact=True fallback_exact=0
[395/1000] numerical=2.120674102 shared_exact=True fallback_exact=0
[396/1000] numerical=2.963243834 shared_exact=True fallback_exact=0
[397/1000] numerical=4.048018668 shared_exact=True fallback_exact=0
[398/1000] numerical=3.784756629 shared_exact=True fallback_exact=0
[399/1000] numerical=3.622063998 shared_exact=True fallback_exact=0
[400/1000] numerical=3.359966006 shared_exact=True fallback_exact=0
[401/1000] numerical=3.930782871 shared_exact=True fallback_exact=0
[402/1000] numerical=4.109437329 shared_exact=True fallback_exact=0
[403/1000] numerical=3.975291097 shared_exact=True fallback_exact=0
[404/1000] numerical=2.989223750 shared_exact=True fallback_exact=0
[405/1000] numerical=3.151847804 shared_exact=True fallback_exact=0
[406/1000] numerical=3.524043271 shared_exact=True fallback_exact=0
[407/1000] numerical=3.030082916 shared_exact=True fallback_exact=0
[408/1000] numerical=3.306612026 shared_exact=True fallback_exact=0
[409/1000] numerical=2.985003167 shared_exact=True fallback_exact=0
[410/1000] numerical=2.843506139 shared_exact=True fallback_exact=0
[411/1000] numerical=3.177141153 shared_exact=True fallback_exact=0
[412/1000] numerical=2.986376468 shared_exact=True fallback_exact=0
[413/1000] numerical=1.898092474 shared_exact=True fallback_exact=0
[414/1000] numerical=2.179831737 shared_exact=True fallback_exact=0
[415/1000] numerical=2.859021741 shared_exact=True fallback_exact=0
[416/1000] numerical=3.458633911 shared_exact=True fallback_exact=0
[417/1000] numerical=3.369398312 shared_exact=True fallback_exact=0
[418/1000] numerical=3.510175514 shared_exact=True fallback_exact=0
[419/1000] numerical=3.365106207 shared_exact=True fallback_exact=0
[420/1000] numerical=3.306478658 shared_exact=True fallback_exact=0
[421/1000] numerical=3.550370144 shared_exact=True fallback_exact=0
[422/1000] numerical=3.350811992 shared_exact=True fallback_exact=0
[423/1000] numerical=2.293083174 shared_exact=True fallback_exact=0
[424/1000] numerical=2.541430016 shared_exact=True fallback_exact=0
[425/1000] numerical=3.497775225 shared_exact=True fallback_exact=0
[426/1000] numerical=2.874993754 shared_exact=True fallback_exact=0
[427/1000] numerical=2.834877770 shared_exact=True fallback_exact=0
[428/1000] numerical=3.097196093 shared_exact=True fallback_exact=0
[429/1000] numerical=3.037902239 shared_exact=True fallback_exact=0
[430/1000] numerical=3.208887231 shared_exact=True fallback_exact=0
[431/1000] numerical=2.840240236 shared_exact=True fallback_exact=0
[432/1000] numerical=3.011472760 shared_exact=True fallback_exact=0
[433/1000] numerical=2.898941821 shared_exact=True fallback_exact=0
[434/1000] numerical=1.983875240 shared_exact=True fallback_exact=0
[435/1000] numerical=2.142048999 shared_exact=True fallback_exact=0
[436/1000] numerical=4.079683477 shared_exact=True fallback_exact=0
[437/1000] numerical=3.808256088 shared_exact=True fallback_exact=0
[438/1000] numerical=3.604251507 shared_exact=True fallback_exact=0
[439/1000] numerical=3.393316549 shared_exact=True fallback_exact=0
[440/1000] numerical=3.936406099 shared_exact=True fallback_exact=0
[441/1000] numerical=4.063035114 shared_exact=True fallback_exact=0
[442/1000] numerical=3.960344382 shared_exact=True fallback_exact=0
[443/1000] numerical=3.035225381 shared_exact=True fallback_exact=0
[444/1000] numerical=3.139197400 shared_exact=True fallback_exact=0
[445/1000] numerical=3.601468083 shared_exact=True fallback_exact=0
[446/1000] numerical=3.550245292 shared_exact=True fallback_exact=0
[447/1000] numerical=3.435906863 shared_exact=True fallback_exact=0
[448/1000] numerical=3.535755343 shared_exact=True fallback_exact=0
[449/1000] numerical=3.364996078 shared_exact=True fallback_exact=0
[450/1000] numerical=3.448795488 shared_exact=True fallback_exact=0
[451/1000] numerical=3.298954953 shared_exact=True fallback_exact=0
[452/1000] numerical=2.336017355 shared_exact=True fallback_exact=0
[453/1000] numerical=2.435359861 shared_exact=True fallback_exact=0
[454/1000] numerical=3.511395974 shared_exact=True fallback_exact=0
[455/1000] numerical=3.405687936 shared_exact=True fallback_exact=0
[456/1000] numerical=2.995267533 shared_exact=True fallback_exact=0
[457/1000] numerical=2.992465077 shared_exact=True fallback_exact=0
[458/1000] numerical=3.278896979 shared_exact=True fallback_exact=0
[459/1000] numerical=2.969838882 shared_exact=True fallback_exact=0
[460/1000] numerical=2.888012254 shared_exact=True fallback_exact=0
[461/1000] numerical=3.254524856 shared_exact=True fallback_exact=0
[462/1000] numerical=3.139127712 shared_exact=True fallback_exact=0
[463/1000] numerical=2.144064295 shared_exact=True fallback_exact=0
[464/1000] numerical=2.477112580 shared_exact=True fallback_exact=0
[465/1000] numerical=2.821306001 shared_exact=True fallback_exact=0
[466/1000] numerical=2.675158201 shared_exact=True fallback_exact=0
[467/1000] numerical=2.367848562 shared_exact=True fallback_exact=0
[468/1000] numerical=3.464644568 shared_exact=True fallback_exact=0
[469/1000] numerical=3.372883102 shared_exact=True fallback_exact=0
[470/1000] numerical=3.538976988 shared_exact=True fallback_exact=0
[471/1000] numerical=3.383077742 shared_exact=True fallback_exact=0
[472/1000] numerical=3.303232968 shared_exact=True fallback_exact=0
[473/1000] numerical=3.563627463 shared_exact=True fallback_exact=0
[474/1000] numerical=3.503577095 shared_exact=True fallback_exact=0
[475/1000] numerical=2.652709257 shared_exact=True fallback_exact=0
[476/1000] numerical=2.849995099 shared_exact=True fallback_exact=0
[477/1000] numerical=2.994047948 shared_exact=True fallback_exact=0
[478/1000] numerical=3.199864383 shared_exact=True fallback_exact=0
[479/1000] numerical=2.999406931 shared_exact=True fallback_exact=0
[480/1000] numerical=2.856931930 shared_exact=True fallback_exact=0
[481/1000] numerical=3.171699879 shared_exact=True fallback_exact=0
[482/1000] numerical=3.124649911 shared_exact=True fallback_exact=0
[483/1000] numerical=2.268546548 shared_exact=True fallback_exact=0
[484/1000] numerical=2.503724901 shared_exact=True fallback_exact=0
[485/1000] numerical=2.300772496 shared_exact=True fallback_exact=0
[486/1000] numerical=2.860107064 shared_exact=True fallback_exact=0
[487/1000] numerical=2.740483731 shared_exact=True fallback_exact=0
[488/1000] numerical=2.114898227 shared_exact=True fallback_exact=0
[489/1000] numerical=2.468968913 shared_exact=True fallback_exact=0
[490/1000] numerical=2.365769789 shared_exact=True fallback_exact=0
[491/1000] numerical=1.464534666 shared_exact=True fallback_exact=0
[492/1000] numerical=1.736398671 shared_exact=True fallback_exact=0
[493/1000] numerical=3.471125550 shared_exact=True fallback_exact=0
[494/1000] numerical=3.403428444 shared_exact=True fallback_exact=0
[495/1000] numerical=3.678315735 shared_exact=True fallback_exact=0
[496/1000] numerical=3.323589047 shared_exact=True fallback_exact=0
[497/1000] numerical=3.343039359 shared_exact=True fallback_exact=0
[498/1000] numerical=3.704228125 shared_exact=True fallback_exact=0
[499/1000] numerical=3.551260007 shared_exact=True fallback_exact=0
[500/1000] numerical=2.511305463 shared_exact=True fallback_exact=0
checkpoint=/workspace/positive-square-energy/experiments/rank7_order8_chunk_010000_011000.r7o8g.xz.fragments/fragment-010000-010500.r7o8g.xz rows=500
[501/1000] numerical=2.840150573 shared_exact=True fallback_exact=0
[502/1000] numerical=4.237016337 shared_exact=True fallback_exact=0
[503/1000] numerical=4.243742103 shared_exact=True fallback_exact=0
[504/1000] numerical=4.376177203 shared_exact=True fallback_exact=0
[505/1000] numerical=3.856894777 shared_exact=True fallback_exact=0
[506/1000] numerical=3.617570619 shared_exact=True fallback_exact=0
[507/1000] numerical=3.854291041 shared_exact=True fallback_exact=0
[508/1000] numerical=3.165273255 shared_exact=True fallback_exact=0
[509/1000] numerical=2.878988964 shared_exact=True fallback_exact=0
[510/1000] numerical=3.894245711 shared_exact=True fallback_exact=0
[511/1000] numerical=4.250076016 shared_exact=True fallback_exact=0
[512/1000] numerical=4.261009560 shared_exact=True fallback_exact=0
[513/1000] numerical=4.311921875 shared_exact=True fallback_exact=0
[514/1000] numerical=3.528707418 shared_exact=True fallback_exact=0
[515/1000] numerical=3.515304364 shared_exact=True fallback_exact=0
[516/1000] numerical=4.233549510 shared_exact=True fallback_exact=0
[517/1000] numerical=4.355625871 shared_exact=True fallback_exact=0
[518/1000] numerical=4.256689657 shared_exact=True fallback_exact=0
[519/1000] numerical=3.341964722 shared_exact=True fallback_exact=0
[520/1000] numerical=3.426382550 shared_exact=True fallback_exact=0
[521/1000] numerical=2.671225860 shared_exact=True fallback_exact=0
[522/1000] numerical=3.853093097 shared_exact=True fallback_exact=0
[523/1000] numerical=3.656644642 shared_exact=True fallback_exact=0
[524/1000] numerical=2.562900151 shared_exact=True fallback_exact=0
[525/1000] numerical=3.300573677 shared_exact=True fallback_exact=0
[526/1000] numerical=3.874679320 shared_exact=True fallback_exact=0
[527/1000] numerical=3.708086034 shared_exact=True fallback_exact=0
[528/1000] numerical=3.171345155 shared_exact=True fallback_exact=0
[529/1000] numerical=2.722051257 shared_exact=True fallback_exact=0
[530/1000] numerical=2.668718357 shared_exact=True fallback_exact=0
[531/1000] numerical=3.051718387 shared_exact=True fallback_exact=0
[532/1000] numerical=2.945551426 shared_exact=True fallback_exact=0
[533/1000] numerical=2.043283343 shared_exact=True fallback_exact=0
[534/1000] numerical=3.288413630 shared_exact=True fallback_exact=0
[535/1000] numerical=3.594673136 shared_exact=True fallback_exact=0
[536/1000] numerical=3.546291996 shared_exact=True fallback_exact=0
[537/1000] numerical=3.138700253 shared_exact=True fallback_exact=0
[538/1000] numerical=4.000000063 shared_exact=True fallback_exact=0
[539/1000] numerical=4.258687168 shared_exact=True fallback_exact=0
[540/1000] numerical=3.859360247 shared_exact=True fallback_exact=0
[541/1000] numerical=3.566580052 shared_exact=True fallback_exact=0
[542/1000] numerical=3.380588719 shared_exact=True fallback_exact=0
[543/1000] numerical=4.253996776 shared_exact=True fallback_exact=0
[544/1000] numerical=4.171650043 shared_exact=True fallback_exact=0
[545/1000] numerical=4.116467364 shared_exact=True fallback_exact=0
[546/1000] numerical=3.232415064 shared_exact=True fallback_exact=0
[547/1000] numerical=3.094609395 shared_exact=True fallback_exact=0
[548/1000] numerical=3.352260417 shared_exact=True fallback_exact=0
[549/1000] numerical=3.637504723 shared_exact=True fallback_exact=0
[550/1000] numerical=3.683734332 shared_exact=True fallback_exact=0
[551/1000] numerical=3.292374073 shared_exact=True fallback_exact=0
[552/1000] numerical=3.750132474 shared_exact=True fallback_exact=0
[553/1000] numerical=3.752104138 shared_exact=True fallback_exact=0
[554/1000] numerical=3.659680240 shared_exact=True fallback_exact=0
[555/1000] numerical=3.708570751 shared_exact=True fallback_exact=0
[556/1000] numerical=3.591221518 shared_exact=True fallback_exact=0
[557/1000] numerical=3.678487776 shared_exact=True fallback_exact=0
[558/1000] numerical=2.947148258 shared_exact=True fallback_exact=0
[559/1000] numerical=2.831789672 shared_exact=True fallback_exact=0
[560/1000] numerical=2.169764014 shared_exact=True fallback_exact=0
[561/1000] numerical=3.626200667 shared_exact=True fallback_exact=0
[562/1000] numerical=3.894561930 shared_exact=True fallback_exact=0
[563/1000] numerical=3.848794104 shared_exact=True fallback_exact=0
[564/1000] numerical=2.980228097 shared_exact=True fallback_exact=0
[565/1000] numerical=3.164690299 shared_exact=True fallback_exact=0
[566/1000] numerical=2.348196568 shared_exact=True fallback_exact=0
[567/1000] numerical=3.405320939 shared_exact=True fallback_exact=0
[568/1000] numerical=3.584628614 shared_exact=True fallback_exact=0
[569/1000] numerical=3.463824785 shared_exact=True fallback_exact=0
[570/1000] numerical=2.537288818 shared_exact=True fallback_exact=0
[571/1000] numerical=2.704169784 shared_exact=True fallback_exact=0
[572/1000] numerical=2.894171122 shared_exact=True fallback_exact=0
[573/1000] numerical=2.157426391 shared_exact=True fallback_exact=0
[574/1000] numerical=1.995567363 shared_exact=True fallback_exact=0
[575/1000] numerical=3.094051547 shared_exact=True fallback_exact=0
[576/1000] numerical=2.150138429 shared_exact=True fallback_exact=0
[577/1000] numerical=2.415479801 shared_exact=True fallback_exact=0
[578/1000] numerical=2.776212790 shared_exact=True fallback_exact=0
[579/1000] numerical=3.646960261 shared_exact=True fallback_exact=0
[580/1000] numerical=4.176808324 shared_exact=True fallback_exact=0
[581/1000] numerical=3.753461157 shared_exact=True fallback_exact=0
[582/1000] numerical=3.628842086 shared_exact=True fallback_exact=0
[583/1000] numerical=3.446623564 shared_exact=True fallback_exact=0
[584/1000] numerical=4.086989864 shared_exact=True fallback_exact=0
[585/1000] numerical=4.263625082 shared_exact=True fallback_exact=0
[586/1000] numerical=4.270604808 shared_exact=True fallback_exact=0
[587/1000] numerical=3.480571741 shared_exact=True fallback_exact=0
[588/1000] numerical=3.578483606 shared_exact=True fallback_exact=0
[589/1000] numerical=3.668682707 shared_exact=True fallback_exact=0
[590/1000] numerical=3.301393901 shared_exact=True fallback_exact=0
[591/1000] numerical=3.235365985 shared_exact=True fallback_exact=0
[592/1000] numerical=3.393382009 shared_exact=True fallback_exact=0
[593/1000] numerical=4.090416790 shared_exact=True fallback_exact=0
[594/1000] numerical=4.000001791 shared_exact=True fallback_exact=0
[595/1000] numerical=4.122552492 shared_exact=True fallback_exact=0
[596/1000] numerical=3.413800680 shared_exact=True fallback_exact=0
[597/1000] numerical=3.325752554 shared_exact=True fallback_exact=0
[598/1000] numerical=3.628099421 shared_exact=True fallback_exact=0
[599/1000] numerical=3.545649524 shared_exact=True fallback_exact=0
[600/1000] numerical=3.634200476 shared_exact=True fallback_exact=0
[601/1000] numerical=2.905011878 shared_exact=True fallback_exact=0
[602/1000] numerical=2.817358967 shared_exact=True fallback_exact=0
[603/1000] numerical=2.157655311 shared_exact=True fallback_exact=0
[604/1000] numerical=3.418181030 shared_exact=True fallback_exact=0
[605/1000] numerical=3.140988405 shared_exact=True fallback_exact=0
[606/1000] numerical=3.431680294 shared_exact=True fallback_exact=0
[607/1000] numerical=2.830493850 shared_exact=True fallback_exact=0
[608/1000] numerical=2.580362236 shared_exact=True fallback_exact=0
[609/1000] numerical=3.171652939 shared_exact=True fallback_exact=0
[610/1000] numerical=3.424138165 shared_exact=True fallback_exact=0
[611/1000] numerical=3.304580310 shared_exact=True fallback_exact=0
[612/1000] numerical=2.380909114 shared_exact=True fallback_exact=0
[613/1000] numerical=2.593257054 shared_exact=True fallback_exact=0
[614/1000] numerical=3.087178619 shared_exact=True fallback_exact=0
[615/1000] numerical=4.088831560 shared_exact=True fallback_exact=0
[616/1000] numerical=4.000000003 shared_exact=True fallback_exact=0
[617/1000] numerical=3.105483630 shared_exact=True fallback_exact=0
[618/1000] numerical=3.365023057 shared_exact=True fallback_exact=0
[619/1000] numerical=4.127303416 shared_exact=True fallback_exact=0
[620/1000] numerical=4.115386463 shared_exact=True fallback_exact=0
[621/1000] numerical=3.304409168 shared_exact=True fallback_exact=0
[622/1000] numerical=3.317669415 shared_exact=True fallback_exact=0
[623/1000] numerical=3.070452075 shared_exact=True fallback_exact=0
[624/1000] numerical=3.337602852 shared_exact=True fallback_exact=0
[625/1000] numerical=3.392606048 shared_exact=True fallback_exact=0
[626/1000] numerical=2.652632963 shared_exact=True fallback_exact=0
[627/1000] numerical=3.544738545 shared_exact=True fallback_exact=0
[628/1000] numerical=3.268427192 shared_exact=True fallback_exact=0
[629/1000] numerical=2.687367275 shared_exact=True fallback_exact=0
[630/1000] numerical=1.977182431 shared_exact=True fallback_exact=0
[631/1000] numerical=1.926335425 shared_exact=True fallback_exact=0
[632/1000] numerical=2.365981921 shared_exact=True fallback_exact=0
[633/1000] numerical=2.322498561 shared_exact=True fallback_exact=0
[634/1000] numerical=3.102788362 shared_exact=True fallback_exact=0
[635/1000] numerical=3.175338431 shared_exact=True fallback_exact=0
[636/1000] numerical=3.140822762 shared_exact=True fallback_exact=0
[637/1000] numerical=2.318937962 shared_exact=True fallback_exact=0
[638/1000] numerical=2.357129952 shared_exact=True fallback_exact=0
[639/1000] numerical=3.122097817 shared_exact=True fallback_exact=0
[640/1000] numerical=4.270774838 shared_exact=True fallback_exact=0
[641/1000] numerical=4.344143877 shared_exact=True fallback_exact=0
[642/1000] numerical=4.123550973 shared_exact=True fallback_exact=0
[643/1000] numerical=4.085610302 shared_exact=True fallback_exact=0
[644/1000] numerical=4.286334825 shared_exact=True fallback_exact=0
[645/1000] numerical=4.116217704 shared_exact=True fallback_exact=0
[646/1000] numerical=3.121321253 shared_exact=True fallback_exact=0
[647/1000] numerical=3.313046787 shared_exact=True fallback_exact=0
[648/1000] numerical=2.410090233 shared_exact=True fallback_exact=0
[649/1000] numerical=3.229615331 shared_exact=True fallback_exact=0
[650/1000] numerical=2.219665811 shared_exact=True fallback_exact=0
[651/1000] numerical=2.452699054 shared_exact=True fallback_exact=0
[652/1000] numerical=3.255053277 shared_exact=True fallback_exact=0
[653/1000] numerical=4.197250038 shared_exact=True fallback_exact=0
[654/1000] numerical=4.075153012 shared_exact=True fallback_exact=0
[655/1000] numerical=3.394396094 shared_exact=True fallback_exact=0
[656/1000] numerical=3.278539716 shared_exact=True fallback_exact=0
[657/1000] numerical=4.270774838 shared_exact=True fallback_exact=0
[658/1000] numerical=4.306606001 shared_exact=True fallback_exact=0
[659/1000] numerical=4.143401443 shared_exact=True fallback_exact=0
[660/1000] numerical=4.377666621 shared_exact=True fallback_exact=0
[661/1000] numerical=3.686844928 shared_exact=True fallback_exact=0
[662/1000] numerical=3.466664901 shared_exact=True fallback_exact=0
[663/1000] numerical=2.834553070 shared_exact=True fallback_exact=0
[664/1000] numerical=4.344143877 shared_exact=True fallback_exact=0
[665/1000] numerical=4.297733971 shared_exact=True fallback_exact=0
[666/1000] numerical=4.052555438 shared_exact=True fallback_exact=0
[667/1000] numerical=4.270960956 shared_exact=True fallback_exact=0
[668/1000] numerical=3.565107012 shared_exact=True fallback_exact=0
[669/1000] numerical=3.342518628 shared_exact=True fallback_exact=0
[670/1000] numerical=2.693233617 shared_exact=True fallback_exact=0
[671/1000] numerical=4.085609544 shared_exact=True fallback_exact=0
[672/1000] numerical=4.286488428 shared_exact=True fallback_exact=0
[673/1000] numerical=4.116220375 shared_exact=True fallback_exact=0
[674/1000] numerical=3.121321253 shared_exact=True fallback_exact=0
[675/1000] numerical=3.313046790 shared_exact=True fallback_exact=0
[676/1000] numerical=2.410090233 shared_exact=True fallback_exact=0
[677/1000] numerical=3.280268196 shared_exact=True fallback_exact=0
[678/1000] numerical=4.357304994 shared_exact=True fallback_exact=0
[679/1000] numerical=4.170188255 shared_exact=True fallback_exact=0
[680/1000] numerical=3.090408503 shared_exact=True fallback_exact=0
[681/1000] numerical=3.692033781 shared_exact=True fallback_exact=0
[682/1000] numerical=4.294819435 shared_exact=True fallback_exact=0
[683/1000] numerical=4.136835041 shared_exact=True fallback_exact=0
[684/1000] numerical=3.578280862 shared_exact=True fallback_exact=0
[685/1000] numerical=3.161050329 shared_exact=True fallback_exact=0
[686/1000] numerical=3.271473245 shared_exact=True fallback_exact=0
[687/1000] numerical=2.197158627 shared_exact=True fallback_exact=0
[688/1000] numerical=3.386657009 shared_exact=True fallback_exact=0
[689/1000] numerical=3.299155629 shared_exact=True fallback_exact=0
[690/1000] numerical=2.615912265 shared_exact=True fallback_exact=0
[691/1000] numerical=2.415263567 shared_exact=True fallback_exact=0
[692/1000] numerical=3.323341246 shared_exact=True fallback_exact=0
[693/1000] numerical=3.604383729 shared_exact=True fallback_exact=0
[694/1000] numerical=2.912317945 shared_exact=True fallback_exact=0
[695/1000] numerical=2.751611833 shared_exact=True fallback_exact=0
[696/1000] numerical=3.304633858 shared_exact=True fallback_exact=0
[697/1000] numerical=2.564233712 shared_exact=True fallback_exact=0
[698/1000] numerical=2.288068931 shared_exact=True fallback_exact=0
[699/1000] numerical=3.229460694 shared_exact=True fallback_exact=0
[700/1000] numerical=2.219665811 shared_exact=True fallback_exact=0
[701/1000] numerical=2.452698995 shared_exact=True fallback_exact=0
[702/1000] numerical=3.381660551 shared_exact=True fallback_exact=0
[703/1000] numerical=2.318888159 shared_exact=True fallback_exact=0
[704/1000] numerical=3.459281679 shared_exact=True fallback_exact=0
[705/1000] numerical=3.311992075 shared_exact=True fallback_exact=0
[706/1000] numerical=2.736598450 shared_exact=True fallback_exact=0
[707/1000] numerical=2.351710350 shared_exact=True fallback_exact=0
[708/1000] numerical=2.543789605 shared_exact=True fallback_exact=0
[709/1000] numerical=2.516057901 shared_exact=True fallback_exact=0
[710/1000] numerical=2.443037633 shared_exact=True fallback_exact=0
[711/1000] numerical=1.575652242 shared_exact=True fallback_exact=0
[712/1000] numerical=3.286524624 shared_exact=True fallback_exact=0
[713/1000] numerical=2.393729556 shared_exact=True fallback_exact=0
[714/1000] numerical=2.599775495 shared_exact=True fallback_exact=0
[715/1000] numerical=2.333079408 shared_exact=True fallback_exact=0
[716/1000] numerical=3.222272392 shared_exact=True fallback_exact=0
[717/1000] numerical=3.533860037 shared_exact=True fallback_exact=0
[718/1000] numerical=2.891093457 shared_exact=True fallback_exact=0
[719/1000] numerical=2.767789709 shared_exact=True fallback_exact=0
[720/1000] numerical=3.290939414 shared_exact=True fallback_exact=0
[721/1000] numerical=2.633999755 shared_exact=True fallback_exact=0
[722/1000] numerical=2.472973636 shared_exact=True fallback_exact=0
[723/1000] numerical=3.286524604 shared_exact=True fallback_exact=0
[724/1000] numerical=2.393729556 shared_exact=True fallback_exact=0
[725/1000] numerical=2.599775495 shared_exact=True fallback_exact=0
[726/1000] numerical=3.312026069 shared_exact=True fallback_exact=0
[727/1000] numerical=2.314384341 shared_exact=True fallback_exact=0
[728/1000] numerical=3.489064980 shared_exact=True fallback_exact=0
[729/1000] numerical=3.400411174 shared_exact=True fallback_exact=0
[730/1000] numerical=2.717987962 shared_exact=True fallback_exact=0
[731/1000] numerical=2.513020858 shared_exact=True fallback_exact=0
[732/1000] numerical=2.404137430 shared_exact=True fallback_exact=0
[733/1000] numerical=2.690048180 shared_exact=True fallback_exact=0
[734/1000] numerical=2.664333302 shared_exact=True fallback_exact=0
[735/1000] numerical=1.847706886 shared_exact=True fallback_exact=0
[736/1000] numerical=2.847509364 shared_exact=True fallback_exact=0
[737/1000] numerical=2.327300629 shared_exact=True fallback_exact=0
[738/1000] numerical=2.333079699 shared_exact=True fallback_exact=0
[739/1000] numerical=2.608460803 shared_exact=True fallback_exact=0
[740/1000] numerical=2.735280218 shared_exact=True fallback_exact=0
[741/1000] numerical=2.649162916 shared_exact=True fallback_exact=0
[742/1000] numerical=1.765316110 shared_exact=True fallback_exact=0
[743/1000] numerical=1.875563859 shared_exact=True fallback_exact=0
[744/1000] numerical=3.652027684 shared_exact=True fallback_exact=0
[745/1000] numerical=3.641878941 shared_exact=True fallback_exact=0
[746/1000] numerical=3.114915026 shared_exact=True fallback_exact=0
[747/1000] numerical=3.803395036 shared_exact=True fallback_exact=0
[748/1000] numerical=3.413023148 shared_exact=True fallback_exact=0
[749/1000] numerical=4.306522930 shared_exact=True fallback_exact=0
[750/1000] numerical=3.258108726 shared_exact=True fallback_exact=0
[751/1000] numerical=4.084561627 shared_exact=True fallback_exact=0
[752/1000] numerical=4.089195062 shared_exact=True fallback_exact=0
[753/1000] numerical=4.086695774 shared_exact=True fallback_exact=0
[754/1000] numerical=4.000151130 shared_exact=True fallback_exact=0
[755/1000] numerical=3.101935261 shared_exact=True fallback_exact=0
[756/1000] numerical=3.106022910 shared_exact=True fallback_exact=0
[757/1000] numerical=3.099445716 shared_exact=True fallback_exact=0
[758/1000] numerical=3.659959933 shared_exact=True fallback_exact=0
[759/1000] numerical=3.640693812 shared_exact=True fallback_exact=0
[760/1000] numerical=3.711962649 shared_exact=True fallback_exact=0
[761/1000] numerical=3.886923443 shared_exact=True fallback_exact=0
[762/1000] numerical=3.844159745 shared_exact=True fallback_exact=0
[763/1000] numerical=2.932414106 shared_exact=True fallback_exact=0
[764/1000] numerical=3.142017803 shared_exact=True fallback_exact=0
[765/1000] numerical=2.300058079 shared_exact=True fallback_exact=0
[766/1000] numerical=3.144099446 shared_exact=True fallback_exact=0
[767/1000] numerical=2.205554125 shared_exact=True fallback_exact=0
[768/1000] numerical=2.449435452 shared_exact=True fallback_exact=0
[769/1000] numerical=3.838719488 shared_exact=True fallback_exact=0
[770/1000] numerical=3.299709182 shared_exact=True fallback_exact=0
[771/1000] numerical=3.832415881 shared_exact=True fallback_exact=0
[772/1000] numerical=3.784371352 shared_exact=True fallback_exact=0
[773/1000] numerical=3.546278847 shared_exact=True fallback_exact=0
[774/1000] numerical=3.713477001 shared_exact=True fallback_exact=0
[775/1000] numerical=3.002662584 shared_exact=True fallback_exact=0
[776/1000] numerical=2.847153224 shared_exact=True fallback_exact=0
[777/1000] numerical=2.200554314 shared_exact=True fallback_exact=0
[778/1000] numerical=2.690682652 shared_exact=True fallback_exact=0
[779/1000] numerical=1.944937283 shared_exact=True fallback_exact=0
[780/1000] numerical=1.846411201 shared_exact=True fallback_exact=0
[781/1000] numerical=3.288739399 shared_exact=True fallback_exact=0
[782/1000] numerical=3.471622447 shared_exact=True fallback_exact=0
[783/1000] numerical=3.307568139 shared_exact=True fallback_exact=0
[784/1000] numerical=3.370591631 shared_exact=True fallback_exact=0
[785/1000] numerical=2.623355926 shared_exact=True fallback_exact=0
[786/1000] numerical=2.472225456 shared_exact=True fallback_exact=0
[787/1000] numerical=2.616101670 shared_exact=True fallback_exact=0
[788/1000] numerical=3.773031597 shared_exact=True fallback_exact=0
[789/1000] numerical=3.294317388 shared_exact=True fallback_exact=0
[790/1000] numerical=3.226704057 shared_exact=True fallback_exact=0
[791/1000] numerical=3.685733101 shared_exact=True fallback_exact=0
[792/1000] numerical=3.544696263 shared_exact=True fallback_exact=0
[793/1000] numerical=3.604753625 shared_exact=True fallback_exact=0
[794/1000] numerical=3.631624472 shared_exact=True fallback_exact=0
[795/1000] numerical=2.854137899 shared_exact=True fallback_exact=0
[796/1000] numerical=2.903281873 shared_exact=True fallback_exact=0
[797/1000] numerical=2.175531453 shared_exact=True fallback_exact=0
[798/1000] numerical=2.759735611 shared_exact=True fallback_exact=0
[799/1000] numerical=2.057521828 shared_exact=True fallback_exact=0
[800/1000] numerical=2.007110932 shared_exact=True fallback_exact=0
[801/1000] numerical=3.364480431 shared_exact=True fallback_exact=0
[802/1000] numerical=3.302573956 shared_exact=True fallback_exact=0
[803/1000] numerical=3.466188600 shared_exact=True fallback_exact=0
[804/1000] numerical=3.531786090 shared_exact=True fallback_exact=0
[805/1000] numerical=2.788196351 shared_exact=True fallback_exact=0
[806/1000] numerical=2.902120879 shared_exact=True fallback_exact=0
[807/1000] numerical=2.847195466 shared_exact=True fallback_exact=0
[808/1000] numerical=3.397109906 shared_exact=True fallback_exact=0
[809/1000] numerical=4.249122000 shared_exact=True fallback_exact=0
[810/1000] numerical=4.000011027 shared_exact=True fallback_exact=0
[811/1000] numerical=4.142437164 shared_exact=True fallback_exact=0
[812/1000] numerical=4.125365658 shared_exact=True fallback_exact=0
[813/1000] numerical=3.303541482 shared_exact=True fallback_exact=0
[814/1000] numerical=3.422076636 shared_exact=True fallback_exact=0
[815/1000] numerical=3.177776981 shared_exact=True fallback_exact=0
[816/1000] numerical=3.330116119 shared_exact=True fallback_exact=0
[817/1000] numerical=3.415353926 shared_exact=True fallback_exact=0
[818/1000] numerical=3.115827319 shared_exact=True fallback_exact=0
[819/1000] numerical=3.295384741 shared_exact=True fallback_exact=0
[820/1000] numerical=2.632852137 shared_exact=True fallback_exact=0
[821/1000] numerical=2.372793903 shared_exact=True fallback_exact=0
[822/1000] numerical=2.439474267 shared_exact=True fallback_exact=0
[823/1000] numerical=3.117228936 shared_exact=True fallback_exact=0
[824/1000] numerical=4.159154138 shared_exact=True fallback_exact=0
[825/1000] numerical=4.000327216 shared_exact=True fallback_exact=0
[826/1000] numerical=4.124611349 shared_exact=True fallback_exact=0
[827/1000] numerical=3.402764348 shared_exact=True fallback_exact=0
[828/1000] numerical=3.302891475 shared_exact=True fallback_exact=0
[829/1000] numerical=3.688285429 shared_exact=True fallback_exact=0
[830/1000] numerical=4.250378378 shared_exact=True fallback_exact=0
[831/1000] numerical=4.412412167 shared_exact=True fallback_exact=0
[832/1000] numerical=3.669663628 shared_exact=True fallback_exact=0
[833/1000] numerical=3.115885499 shared_exact=True fallback_exact=0
[834/1000] numerical=4.119854003 shared_exact=True fallback_exact=0
[835/1000] numerical=4.354156728 shared_exact=True fallback_exact=0
[836/1000] numerical=3.111007503 shared_exact=True fallback_exact=0
[837/1000] numerical=3.675186401 shared_exact=True fallback_exact=0
[838/1000] numerical=3.616249132 shared_exact=True fallback_exact=0
[839/1000] numerical=3.180784954 shared_exact=True fallback_exact=0
[840/1000] numerical=3.500264557 shared_exact=True fallback_exact=0
[841/1000] numerical=2.879733177 shared_exact=True fallback_exact=0
[842/1000] numerical=3.113036195 shared_exact=True fallback_exact=0
[843/1000] numerical=3.729383172 shared_exact=True fallback_exact=0
[844/1000] numerical=3.377213558 shared_exact=True fallback_exact=0
[845/1000] numerical=3.645804875 shared_exact=True fallback_exact=0
[846/1000] numerical=3.003554353 shared_exact=True fallback_exact=0
[847/1000] numerical=2.748175817 shared_exact=True fallback_exact=0
[848/1000] numerical=3.854999596 shared_exact=True fallback_exact=0
[849/1000] numerical=3.673888899 shared_exact=True fallback_exact=0
[850/1000] numerical=3.142241428 shared_exact=True fallback_exact=0
[851/1000] numerical=3.055102743 shared_exact=True fallback_exact=0
[852/1000] numerical=2.891071027 shared_exact=True fallback_exact=0
[853/1000] numerical=3.813350165 shared_exact=True fallback_exact=0
[854/1000] numerical=3.642333700 shared_exact=True fallback_exact=0
[855/1000] numerical=3.099305324 shared_exact=True fallback_exact=0
[856/1000] numerical=2.826560678 shared_exact=True fallback_exact=0
[857/1000] numerical=2.890384137 shared_exact=True fallback_exact=0
[858/1000] numerical=3.361436815 shared_exact=True fallback_exact=0
[859/1000] numerical=3.178184098 shared_exact=True fallback_exact=0
[860/1000] numerical=4.391139749 shared_exact=True fallback_exact=0
[861/1000] numerical=4.257736900 shared_exact=True fallback_exact=0
[862/1000] numerical=3.864212718 shared_exact=True fallback_exact=0
[863/1000] numerical=3.703393410 shared_exact=True fallback_exact=0
[864/1000] numerical=3.141623205 shared_exact=True fallback_exact=0
[865/1000] numerical=3.090008589 shared_exact=True fallback_exact=0
[866/1000] numerical=2.976216467 shared_exact=True fallback_exact=0
[867/1000] numerical=3.623956566 shared_exact=True fallback_exact=0
[868/1000] numerical=3.440729752 shared_exact=True fallback_exact=0
[869/1000] numerical=3.388238596 shared_exact=True fallback_exact=0
[870/1000] numerical=3.247541551 shared_exact=True fallback_exact=0
[871/1000] numerical=4.270035095 shared_exact=True fallback_exact=0
[872/1000] numerical=4.097937632 shared_exact=True fallback_exact=0
[873/1000] numerical=4.348410683 shared_exact=True fallback_exact=0
[874/1000] numerical=4.165160269 shared_exact=True fallback_exact=0
[875/1000] numerical=3.670060140 shared_exact=True fallback_exact=0
[876/1000] numerical=4.268819106 shared_exact=True fallback_exact=0
[877/1000] numerical=4.085555459 shared_exact=True fallback_exact=0
[878/1000] numerical=3.555671218 shared_exact=True fallback_exact=0
[879/1000] numerical=3.000000000 shared_exact=True fallback_exact=0
[880/1000] numerical=3.361435746 shared_exact=True fallback_exact=0
[881/1000] numerical=3.178183990 shared_exact=True fallback_exact=0
[882/1000] numerical=2.648300058 shared_exact=True fallback_exact=0
[883/1000] numerical=3.269130464 shared_exact=True fallback_exact=0
[884/1000] numerical=3.098443083 shared_exact=True fallback_exact=0
[885/1000] numerical=2.560822665 shared_exact=True fallback_exact=0
[886/1000] numerical=2.376879976 shared_exact=True fallback_exact=0
[887/1000] numerical=4.092108775 shared_exact=True fallback_exact=0
[888/1000] numerical=4.284179228 shared_exact=True fallback_exact=0
[889/1000] numerical=3.847154116 shared_exact=True fallback_exact=0
[890/1000] numerical=4.147479915 shared_exact=True fallback_exact=0
[891/1000] numerical=4.115754737 shared_exact=True fallback_exact=0
[892/1000] numerical=3.868807908 shared_exact=True fallback_exact=0
[893/1000] numerical=4.230739487 shared_exact=True fallback_exact=0
[894/1000] numerical=3.726904398 shared_exact=True fallback_exact=0
[895/1000] numerical=3.466275284 shared_exact=True fallback_exact=0
[896/1000] numerical=2.958278232 shared_exact=True fallback_exact=0
[897/1000] numerical=3.462950542 shared_exact=True fallback_exact=0
[898/1000] numerical=2.936615741 shared_exact=True fallback_exact=0
[899/1000] numerical=2.718192664 shared_exact=True fallback_exact=0
[900/1000] numerical=4.108230287 shared_exact=True fallback_exact=0
[901/1000] numerical=4.235337993 shared_exact=True fallback_exact=0
[902/1000] numerical=3.629197589 shared_exact=True fallback_exact=0
[903/1000] numerical=4.105186004 shared_exact=True fallback_exact=0
[904/1000] numerical=3.629189249 shared_exact=True fallback_exact=0
[905/1000] numerical=3.119306358 shared_exact=True fallback_exact=0
[906/1000] numerical=2.643308451 shared_exact=True fallback_exact=0
[907/1000] numerical=3.107031325 shared_exact=True fallback_exact=0
[908/1000] numerical=2.629272696 shared_exact=True fallback_exact=0
[909/1000] numerical=2.145131127 shared_exact=True fallback_exact=0
[910/1000] numerical=3.654197828 shared_exact=True fallback_exact=0
[911/1000] numerical=3.874897868 shared_exact=True fallback_exact=0
[912/1000] numerical=3.330243618 shared_exact=True fallback_exact=0
[913/1000] numerical=3.706765448 shared_exact=True fallback_exact=0
[914/1000] numerical=3.209749882 shared_exact=True fallback_exact=0
[915/1000] numerical=2.687026706 shared_exact=True fallback_exact=0
[916/1000] numerical=2.915439883 shared_exact=True fallback_exact=0
[917/1000] numerical=4.092280672 shared_exact=True fallback_exact=0
[918/1000] numerical=3.775280153 shared_exact=True fallback_exact=0
[919/1000] numerical=3.626491309 shared_exact=True fallback_exact=0
[920/1000] numerical=3.847910416 shared_exact=True fallback_exact=0
[921/1000] numerical=4.686936607 shared_exact=True fallback_exact=0
[922/1000] numerical=4.561553161 shared_exact=True fallback_exact=0
[923/1000] numerical=4.176901824 shared_exact=True fallback_exact=0
[924/1000] numerical=4.641162997 shared_exact=True fallback_exact=0
[925/1000] numerical=4.165202341 shared_exact=True fallback_exact=0
[926/1000] numerical=3.847937670 shared_exact=True fallback_exact=0
[927/1000] numerical=3.664683306 shared_exact=True fallback_exact=0
[928/1000] numerical=4.158861171 shared_exact=True fallback_exact=0
[929/1000] numerical=4.092111514 shared_exact=True fallback_exact=0
[930/1000] numerical=3.671314978 shared_exact=True fallback_exact=0
[931/1000] numerical=4.147306711 shared_exact=True fallback_exact=0
[932/1000] numerical=3.671308417 shared_exact=True fallback_exact=0
[933/1000] numerical=3.347713826 shared_exact=True fallback_exact=0
[934/1000] numerical=2.871718673 shared_exact=True fallback_exact=0
[935/1000] numerical=3.147887965 shared_exact=True fallback_exact=0
[936/1000] numerical=2.676716637 shared_exact=True fallback_exact=0
[937/1000] numerical=2.365528948 shared_exact=True fallback_exact=0
[938/1000] numerical=3.916702605 shared_exact=True fallback_exact=0
[939/1000] numerical=3.688279643 shared_exact=True fallback_exact=0
[940/1000] numerical=3.502453798 shared_exact=True fallback_exact=0
[941/1000] numerical=3.925029752 shared_exact=True fallback_exact=0
[942/1000] numerical=3.442682064 shared_exact=True fallback_exact=0
[943/1000] numerical=3.273975372 shared_exact=True fallback_exact=0
[944/1000] numerical=3.058732368 shared_exact=True fallback_exact=0
[945/1000] numerical=3.683951180 shared_exact=True fallback_exact=0
[946/1000] numerical=3.847150479 shared_exact=True fallback_exact=0
[947/1000] numerical=3.181654105 shared_exact=True fallback_exact=0
[948/1000] numerical=3.654191110 shared_exact=True fallback_exact=0
[949/1000] numerical=3.178184405 shared_exact=True fallback_exact=0
[950/1000] numerical=2.563065755 shared_exact=True fallback_exact=0
[951/1000] numerical=2.666270374 shared_exact=True fallback_exact=0
[952/1000] numerical=3.563080351 shared_exact=True fallback_exact=0
[953/1000] numerical=4.641156761 shared_exact=True fallback_exact=0
[954/1000] numerical=4.085572239 shared_exact=True fallback_exact=0
[955/1000] numerical=4.561554561 shared_exact=True fallback_exact=0
[956/1000] numerical=4.085561608 shared_exact=True fallback_exact=0
[957/1000] numerical=3.654182579 shared_exact=True fallback_exact=0
[958/1000] numerical=3.998412292 shared_exact=True fallback_exact=0
[959/1000] numerical=4.271860545 shared_exact=True fallback_exact=0
[960/1000] numerical=4.666184707 shared_exact=True fallback_exact=0
[961/1000] numerical=4.175994480 shared_exact=True fallback_exact=0
[962/1000] numerical=3.678908088 shared_exact=True fallback_exact=0
[963/1000] numerical=3.104698687 shared_exact=True fallback_exact=0
[964/1000] numerical=4.137384405 shared_exact=True fallback_exact=0
[965/1000] numerical=4.565076267 shared_exact=True fallback_exact=0
[966/1000] numerical=3.102113987 shared_exact=True fallback_exact=0
[967/1000] numerical=4.085843546 shared_exact=True fallback_exact=0
[968/1000] numerical=3.903316028 shared_exact=True fallback_exact=0
[969/1000] numerical=3.190099557 shared_exact=True fallback_exact=0
[970/1000] numerical=3.654184946 shared_exact=True fallback_exact=0
[971/1000] numerical=3.178183875 shared_exact=True fallback_exact=0
[972/1000] numerical=3.562810241 shared_exact=True fallback_exact=0
[973/1000] numerical=3.846178656 shared_exact=True fallback_exact=0
[974/1000] numerical=3.347421279 shared_exact=True fallback_exact=0
[975/1000] numerical=3.689591124 shared_exact=True fallback_exact=0
[976/1000] numerical=3.179333490 shared_exact=True fallback_exact=0
[977/1000] numerical=2.710875132 shared_exact=True fallback_exact=0
[978/1000] numerical=3.812882409 shared_exact=True fallback_exact=0
[979/1000] numerical=2.890392915 shared_exact=True fallback_exact=0
[980/1000] numerical=3.640865973 shared_exact=True fallback_exact=0
[981/1000] numerical=3.099304522 shared_exact=True fallback_exact=0
[982/1000] numerical=2.826560340 shared_exact=True fallback_exact=0
[983/1000] numerical=3.854562287 shared_exact=True fallback_exact=0
[984/1000] numerical=2.888951315 shared_exact=True fallback_exact=0
[985/1000] numerical=3.673000812 shared_exact=True fallback_exact=0
[986/1000] numerical=3.141870166 shared_exact=True fallback_exact=0
[987/1000] numerical=3.055276025 shared_exact=True fallback_exact=0
[988/1000] numerical=3.361435870 shared_exact=True fallback_exact=0
[989/1000] numerical=3.178241267 shared_exact=True fallback_exact=0
[990/1000] numerical=4.389746540 shared_exact=True fallback_exact=0
[991/1000] numerical=4.257593406 shared_exact=True fallback_exact=0
[992/1000] numerical=3.860694288 shared_exact=True fallback_exact=0
[993/1000] numerical=2.976131448 shared_exact=True fallback_exact=0
[994/1000] numerical=3.703309894 shared_exact=True fallback_exact=0
[995/1000] numerical=3.141485494 shared_exact=True fallback_exact=0
[996/1000] numerical=3.089894764 shared_exact=True fallback_exact=0
[997/1000] numerical=3.387928567 shared_exact=True fallback_exact=0
[998/1000] numerical=3.247541551 shared_exact=True fallback_exact=0
[999/1000] numerical=3.623956582 shared_exact=True fallback_exact=0
[1000/1000] numerical=3.440704949 shared_exact=True fallback_exact=0
checkpoint=/workspace/positive-square-energy/experiments/rank7_order8_chunk_010000_011000.r7o8g.xz.fragments/fragment-010500-011000.r7o8g.xz rows=500
attempts=1000 shared_exact=1000 templates=0 fallback_exact=0 structural=0 atoms=0 balanced=0 unresolved_targets=0
fragments=2 checkpoint_rows=500
raw_bytes=464074 xz_bytes=302904 elapsed_seconds=196.784137
sha256=a0b4dcb3a419c5d253a6f956b4e88f30691f08eb15098a83ffbe4e59a3f222e5
full_theorem=false
[2026-08-14T18:05:22.538668+00:00] exit: 0
[2026-08-14T18:05:22.538829+00:00] exec: /opt/kortix/pyfloor/bin/python3 -u /workspace/positive-square-energy/experiments/rank7_order8_exact_rational.py --verify-pack /workspace/positive-square-energy/experiments/rank7_order8_chunk_010000_011000.r7o8g.xz --census-cache positive-square-energy/experiments/rank7_order8_rational_search_cache.r7o8c.xz
attempts=1000 shared_exact=1000 templates=0 fallback_exact=0 structural=0 atoms=0 balanced=0 exact_audit=true census_seconds=14.302674
full_theorem=false
[2026-08-14T18:05:58.621352+00:00] exit: 0
[2026-08-14T18:05:58.622389+00:00] shard=010000_011000 exact_audit=true sha256=a0b4dcb3a419c5d253a6f956b4e88f30691f08eb15098a83ffbe4e59a3f222e5
