[2026-08-17T06:47:34.135155+00:00] shard=028000_029000 adopted_fragments=0
[2026-08-17T06:47:34.135233+00:00] exec: /opt/kortix/pyfloor/bin/python3 -u /workspace/positive-square-energy/experiments/rank7_order8_exact_rational.py --output /workspace/positive-square-energy/experiments/rank7_order8_chunk_028000_029000.r7o8g.xz --fragment-directory /workspace/positive-square-energy/experiments/rank7_order8_chunk_028000_029000.r7o8g.xz.fragments --census-cache positive-square-energy/experiments/rank7_order8_rational_search_cache.r7o8c.xz --start 28000 --count 1000 --checkpoint-rows 500 --progress
[1/1000] numerical=4.101809955 shared_exact=True fallback_exact=0
[2/1000] numerical=4.124501587 shared_exact=True fallback_exact=0
[3/1000] numerical=4.101809954 shared_exact=True fallback_exact=0
[4/1000] numerical=3.285990338 shared_exact=True fallback_exact=0
[5/1000] numerical=3.105331889 shared_exact=True fallback_exact=0
[6/1000] numerical=3.105331889 shared_exact=True fallback_exact=0
[7/1000] numerical=4.617796534 shared_exact=True fallback_exact=0
[8/1000] numerical=4.617796534 shared_exact=True fallback_exact=0
[9/1000] numerical=4.356274952 shared_exact=True fallback_exact=0
[10/1000] numerical=4.617796534 shared_exact=True fallback_exact=0
[11/1000] numerical=3.952530036 shared_exact=True fallback_exact=0
[12/1000] numerical=3.656775781 shared_exact=True fallback_exact=0
[13/1000] numerical=2.957629015 shared_exact=True fallback_exact=0
[14/1000] numerical=3.656775781 shared_exact=True fallback_exact=0
[15/1000] numerical=2.957629015 shared_exact=True fallback_exact=0
[16/1000] numerical=2.815438480 shared_exact=True fallback_exact=0
[17/1000] numerical=3.672582324 shared_exact=True fallback_exact=0
[18/1000] numerical=3.672579779 shared_exact=True fallback_exact=0
[19/1000] numerical=3.737397237 shared_exact=True fallback_exact=0
[20/1000] numerical=3.672578238 shared_exact=True fallback_exact=0
[21/1000] numerical=2.809977452 shared_exact=True fallback_exact=0
[22/1000] numerical=2.673118524 shared_exact=True fallback_exact=0
[23/1000] numerical=1.814542856 shared_exact=True fallback_exact=0
[24/1000] numerical=2.673118524 shared_exact=True fallback_exact=0
[25/1000] numerical=1.814542856 shared_exact=True fallback_exact=0
[26/1000] numerical=1.753702515 shared_exact=True fallback_exact=0
[27/1000] numerical=4.101809969 shared_exact=True fallback_exact=0
[28/1000] numerical=4.101809955 shared_exact=True fallback_exact=0
[29/1000] numerical=4.124501676 shared_exact=True fallback_exact=0
[30/1000] numerical=4.101809956 shared_exact=True fallback_exact=0
[31/1000] numerical=3.285990338 shared_exact=True fallback_exact=0
[32/1000] numerical=3.105331889 shared_exact=True fallback_exact=0
[33/1000] numerical=3.105331898 shared_exact=True fallback_exact=0
[34/1000] numerical=3.144513134 shared_exact=True fallback_exact=0
[35/1000] numerical=3.144501937 shared_exact=True fallback_exact=0
[36/1000] numerical=3.355149673 shared_exact=True fallback_exact=0
[37/1000] numerical=3.123771355 shared_exact=True fallback_exact=0
[38/1000] numerical=2.000000000 shared_exact=True fallback_exact=0
[39/1000] numerical=2.147402410 shared_exact=True fallback_exact=0
[40/1000] numerical=2.147402410 shared_exact=True fallback_exact=0
[41/1000] numerical=4.681695512 shared_exact=True fallback_exact=0
[42/1000] numerical=4.915206274 shared_exact=True fallback_exact=0
[43/1000] numerical=4.701113068 shared_exact=True fallback_exact=0
[44/1000] numerical=3.628125069 shared_exact=True fallback_exact=0
[45/1000] numerical=3.826234599 shared_exact=True fallback_exact=0
[46/1000] numerical=3.826234695 shared_exact=True fallback_exact=0
[47/1000] numerical=3.855353822 shared_exact=True fallback_exact=0
[48/1000] numerical=4.915224422 shared_exact=True fallback_exact=0
[49/1000] numerical=4.701123083 shared_exact=True fallback_exact=0
[50/1000] numerical=3.628103833 shared_exact=True fallback_exact=0
[51/1000] numerical=3.826234596 shared_exact=True fallback_exact=0
[52/1000] numerical=3.855353783 shared_exact=True fallback_exact=0
[53/1000] numerical=4.429718298 shared_exact=True fallback_exact=0
[54/1000] numerical=4.908412570 shared_exact=True fallback_exact=0
[55/1000] numerical=4.681695817 shared_exact=True fallback_exact=0
[56/1000] numerical=4.256909540 shared_exact=True fallback_exact=0
[57/1000] numerical=3.561552813 shared_exact=True fallback_exact=0
[58/1000] numerical=3.916017106 shared_exact=True fallback_exact=0
[59/1000] numerical=3.703812598 shared_exact=True fallback_exact=0
[60/1000] numerical=2.636993816 shared_exact=True fallback_exact=0
[61/1000] numerical=3.826234972 shared_exact=True fallback_exact=0
[62/1000] numerical=3.916017106 shared_exact=True fallback_exact=0
[63/1000] numerical=3.703812606 shared_exact=True fallback_exact=0
[64/1000] numerical=2.636990474 shared_exact=True fallback_exact=0
[65/1000] numerical=2.696533520 shared_exact=True fallback_exact=0
[66/1000] numerical=4.193328664 shared_exact=True fallback_exact=0
[67/1000] numerical=3.216609934 shared_exact=True fallback_exact=0
[68/1000] numerical=3.195897112 shared_exact=True fallback_exact=0
[69/1000] numerical=3.195897112 shared_exact=True fallback_exact=0
[70/1000] numerical=3.379747350 shared_exact=True fallback_exact=0
[71/1000] numerical=4.269047606 shared_exact=True fallback_exact=0
[72/1000] numerical=4.095978986 shared_exact=True fallback_exact=0
[73/1000] numerical=3.559861180 shared_exact=True fallback_exact=0
[74/1000] numerical=3.269217000 shared_exact=True fallback_exact=0
[75/1000] numerical=3.269217000 shared_exact=True fallback_exact=0
[76/1000] numerical=3.321827288 shared_exact=True fallback_exact=0
[77/1000] numerical=4.269047606 shared_exact=True fallback_exact=0
[78/1000] numerical=4.095978986 shared_exact=True fallback_exact=0
[79/1000] numerical=3.559861180 shared_exact=True fallback_exact=0
[80/1000] numerical=3.269217000 shared_exact=True fallback_exact=0
[81/1000] numerical=3.269217000 shared_exact=True fallback_exact=0
[82/1000] numerical=3.321827288 shared_exact=True fallback_exact=0
[83/1000] numerical=4.370343864 shared_exact=True fallback_exact=0
[84/1000] numerical=4.269467519 shared_exact=True fallback_exact=0
[85/1000] numerical=3.607269635 shared_exact=True fallback_exact=0
[86/1000] numerical=3.405722483 shared_exact=True fallback_exact=0
[87/1000] numerical=3.405723330 shared_exact=True fallback_exact=0
[88/1000] numerical=4.370343376 shared_exact=True fallback_exact=0
[89/1000] numerical=4.269459539 shared_exact=True fallback_exact=0
[90/1000] numerical=3.607269635 shared_exact=True fallback_exact=0
[91/1000] numerical=3.405722522 shared_exact=True fallback_exact=0
[92/1000] numerical=3.699169889 shared_exact=True fallback_exact=0
[93/1000] numerical=4.370342925 shared_exact=True fallback_exact=0
[94/1000] numerical=4.269277719 shared_exact=True fallback_exact=0
[95/1000] numerical=3.607269635 shared_exact=True fallback_exact=0
[96/1000] numerical=3.363299015 shared_exact=True fallback_exact=0
[97/1000] numerical=3.374535824 shared_exact=True fallback_exact=0
[98/1000] numerical=3.269378200 shared_exact=True fallback_exact=0
[99/1000] numerical=2.622486580 shared_exact=True fallback_exact=0
[100/1000] numerical=2.374074920 shared_exact=True fallback_exact=0
[101/1000] numerical=3.405722837 shared_exact=True fallback_exact=0
[102/1000] numerical=3.374535824 shared_exact=True fallback_exact=0
[103/1000] numerical=3.269378200 shared_exact=True fallback_exact=0
[104/1000] numerical=2.622486580 shared_exact=True fallback_exact=0
[105/1000] numerical=2.374074920 shared_exact=True fallback_exact=0
[106/1000] numerical=2.473853133 shared_exact=True fallback_exact=0
[107/1000] numerical=2.333388275 shared_exact=True fallback_exact=0
[108/1000] numerical=3.607269725 shared_exact=True fallback_exact=0
[109/1000] numerical=3.607269752 shared_exact=True fallback_exact=0
[110/1000] numerical=3.607269637 shared_exact=True fallback_exact=0
[111/1000] numerical=3.563966492 shared_exact=True fallback_exact=0
[112/1000] numerical=2.802284750 shared_exact=True fallback_exact=0
[113/1000] numerical=2.726433974 shared_exact=True fallback_exact=0
[114/1000] numerical=2.622486580 shared_exact=True fallback_exact=0
[115/1000] numerical=2.565765904 shared_exact=True fallback_exact=0
[116/1000] numerical=2.622486581 shared_exact=True fallback_exact=0
[117/1000] numerical=2.565765904 shared_exact=True fallback_exact=0
[118/1000] numerical=4.563940926 shared_exact=True fallback_exact=0
[119/1000] numerical=4.662190786 shared_exact=True fallback_exact=0
[120/1000] numerical=4.662190786 shared_exact=True fallback_exact=0
[121/1000] numerical=4.312589373 shared_exact=True fallback_exact=0
[122/1000] numerical=4.662441298 shared_exact=True fallback_exact=0
[123/1000] numerical=4.159017306 shared_exact=True fallback_exact=0
[124/1000] numerical=3.755150192 shared_exact=True fallback_exact=0
[125/1000] numerical=3.228459766 shared_exact=True fallback_exact=0
[126/1000] numerical=3.755150193 shared_exact=True fallback_exact=0
[127/1000] numerical=3.228459766 shared_exact=True fallback_exact=0
[128/1000] numerical=2.979908719 shared_exact=True fallback_exact=0
[129/1000] numerical=3.883812282 shared_exact=True fallback_exact=0
[130/1000] numerical=3.360278731 shared_exact=True fallback_exact=0
[131/1000] numerical=2.966282940 shared_exact=True fallback_exact=0
[132/1000] numerical=2.966282943 shared_exact=True fallback_exact=0
[133/1000] numerical=4.662190786 shared_exact=True fallback_exact=0
[134/1000] numerical=4.662190786 shared_exact=True fallback_exact=0
[135/1000] numerical=4.312639257 shared_exact=True fallback_exact=0
[136/1000] numerical=4.662423585 shared_exact=True fallback_exact=0
[137/1000] numerical=4.159017394 shared_exact=True fallback_exact=0
[138/1000] numerical=3.755150192 shared_exact=True fallback_exact=0
[139/1000] numerical=3.228459766 shared_exact=True fallback_exact=0
[140/1000] numerical=3.755150192 shared_exact=True fallback_exact=0
[141/1000] numerical=3.228459766 shared_exact=True fallback_exact=0
[142/1000] numerical=2.979908719 shared_exact=True fallback_exact=0
[143/1000] numerical=3.883813858 shared_exact=True fallback_exact=0
[144/1000] numerical=3.360278744 shared_exact=True fallback_exact=0
[145/1000] numerical=2.966282940 shared_exact=True fallback_exact=0
[146/1000] numerical=2.966282944 shared_exact=True fallback_exact=0
[147/1000] numerical=3.961937747 shared_exact=True fallback_exact=0
[148/1000] numerical=4.564241492 shared_exact=True fallback_exact=0
[149/1000] numerical=4.131900109 shared_exact=True fallback_exact=0
[150/1000] numerical=4.563280390 shared_exact=True fallback_exact=0
[151/1000] numerical=4.085740119 shared_exact=True fallback_exact=0
[152/1000] numerical=3.564098999 shared_exact=True fallback_exact=0
[153/1000] numerical=3.085829603 shared_exact=True fallback_exact=0
[154/1000] numerical=3.564098999 shared_exact=True fallback_exact=0
[155/1000] numerical=3.085829603 shared_exact=True fallback_exact=0
[156/1000] numerical=2.609041349 shared_exact=True fallback_exact=0
[157/1000] numerical=3.564274901 shared_exact=True fallback_exact=0
[158/1000] numerical=4.131900107 shared_exact=True fallback_exact=0
[159/1000] numerical=4.563280390 shared_exact=True fallback_exact=0
[160/1000] numerical=4.085740119 shared_exact=True fallback_exact=0
[161/1000] numerical=3.564098999 shared_exact=True fallback_exact=0
[162/1000] numerical=3.085829603 shared_exact=True fallback_exact=0
[163/1000] numerical=3.564274901 shared_exact=True fallback_exact=0
[164/1000] numerical=3.682938238 shared_exact=True fallback_exact=0
[165/1000] numerical=3.150198064 shared_exact=True fallback_exact=0
[166/1000] numerical=4.159693486 shared_exact=True fallback_exact=0
[167/1000] numerical=4.564601923 shared_exact=True fallback_exact=0
[168/1000] numerical=3.145103311 shared_exact=True fallback_exact=0
[169/1000] numerical=4.085749807 shared_exact=True fallback_exact=0
[170/1000] numerical=3.327194398 shared_exact=True fallback_exact=0
[171/1000] numerical=3.669989812 shared_exact=True fallback_exact=0
[172/1000] numerical=2.341197041 shared_exact=True fallback_exact=0
[173/1000] numerical=3.166056165 shared_exact=True fallback_exact=0
[174/1000] numerical=3.564098999 shared_exact=True fallback_exact=0
[175/1000] numerical=3.085829603 shared_exact=True fallback_exact=0
[176/1000] numerical=2.609041349 shared_exact=True fallback_exact=0
[177/1000] numerical=3.327198752 shared_exact=True fallback_exact=0
[178/1000] numerical=3.669989812 shared_exact=True fallback_exact=0
[179/1000] numerical=2.341197041 shared_exact=True fallback_exact=0
[180/1000] numerical=3.166056165 shared_exact=True fallback_exact=0
[181/1000] numerical=2.606768314 shared_exact=True fallback_exact=0
[182/1000] numerical=2.904790145 shared_exact=True fallback_exact=0
[183/1000] numerical=2.381424490 shared_exact=True fallback_exact=0
[184/1000] numerical=3.631603134 shared_exact=True fallback_exact=0
[185/1000] numerical=3.186597425 shared_exact=True fallback_exact=0
[186/1000] numerical=2.634384261 shared_exact=True fallback_exact=0
[187/1000] numerical=2.634384261 shared_exact=True fallback_exact=0
[188/1000] numerical=3.631603134 shared_exact=True fallback_exact=0
[189/1000] numerical=3.186597425 shared_exact=True fallback_exact=0
[190/1000] numerical=2.634384261 shared_exact=True fallback_exact=0
[191/1000] numerical=3.145265788 shared_exact=True fallback_exact=0
[192/1000] numerical=3.635909516 shared_exact=True fallback_exact=0
[193/1000] numerical=2.090615102 shared_exact=True fallback_exact=0
[194/1000] numerical=3.186901714 shared_exact=True fallback_exact=0
[195/1000] numerical=2.341198045 shared_exact=True fallback_exact=0
[196/1000] numerical=2.757166403 shared_exact=True fallback_exact=0
[197/1000] numerical=2.281240138 shared_exact=True fallback_exact=0
[198/1000] numerical=2.634384261 shared_exact=True fallback_exact=0
[199/1000] numerical=2.341239909 shared_exact=True fallback_exact=0
[200/1000] numerical=2.757166403 shared_exact=True fallback_exact=0
[201/1000] numerical=2.281240138 shared_exact=True fallback_exact=0
[202/1000] numerical=2.004375002 shared_exact=True fallback_exact=0
[203/1000] numerical=4.180735578 shared_exact=True fallback_exact=0
[204/1000] numerical=3.209199962 shared_exact=True fallback_exact=0
[205/1000] numerical=3.215644625 shared_exact=True fallback_exact=0
[206/1000] numerical=3.209199962 shared_exact=True fallback_exact=0
[207/1000] numerical=4.052715226 shared_exact=True fallback_exact=0
[208/1000] numerical=3.386634804 shared_exact=True fallback_exact=0
[209/1000] numerical=4.108337717 shared_exact=True fallback_exact=0
[210/1000] numerical=4.270895196 shared_exact=True fallback_exact=0
[211/1000] numerical=4.276568092 shared_exact=True fallback_exact=0
[212/1000] numerical=4.379026294 shared_exact=True fallback_exact=0
[213/1000] numerical=4.313186827 shared_exact=True fallback_exact=0
[214/1000] numerical=3.304212581 shared_exact=True fallback_exact=0
[215/1000] numerical=3.499093375 shared_exact=True fallback_exact=0
[216/1000] numerical=2.453243342 shared_exact=True fallback_exact=0
[217/1000] numerical=3.460400388 shared_exact=True fallback_exact=0
[218/1000] numerical=2.502828120 shared_exact=True fallback_exact=0
[219/1000] numerical=2.762519369 shared_exact=True fallback_exact=0
[220/1000] numerical=3.592722612 shared_exact=True fallback_exact=0
[221/1000] numerical=2.568856731 shared_exact=True fallback_exact=0
[222/1000] numerical=2.738868943 shared_exact=True fallback_exact=0
[223/1000] numerical=2.749599984 shared_exact=True fallback_exact=0
[224/1000] numerical=4.108266962 shared_exact=True fallback_exact=0
[225/1000] numerical=4.379026273 shared_exact=True fallback_exact=0
[226/1000] numerical=4.276568090 shared_exact=True fallback_exact=0
[227/1000] numerical=4.270895222 shared_exact=True fallback_exact=0
[228/1000] numerical=4.313186824 shared_exact=True fallback_exact=0
[229/1000] numerical=3.460335834 shared_exact=True fallback_exact=0
[230/1000] numerical=3.499093357 shared_exact=True fallback_exact=0
[231/1000] numerical=2.762513047 shared_exact=True fallback_exact=0
[232/1000] numerical=3.304212581 shared_exact=True fallback_exact=0
[233/1000] numerical=2.502828120 shared_exact=True fallback_exact=0
[234/1000] numerical=2.453243342 shared_exact=True fallback_exact=0
[235/1000] numerical=3.592722600 shared_exact=True fallback_exact=0
[236/1000] numerical=2.749598888 shared_exact=True fallback_exact=0
[237/1000] numerical=2.738831411 shared_exact=True fallback_exact=0
[238/1000] numerical=2.568856731 shared_exact=True fallback_exact=0
[239/1000] numerical=3.804005995 shared_exact=True fallback_exact=0
[240/1000] numerical=4.297971012 shared_exact=True fallback_exact=0
[241/1000] numerical=4.269240051 shared_exact=True fallback_exact=0
[242/1000] numerical=4.298568930 shared_exact=True fallback_exact=0
[243/1000] numerical=4.393481171 shared_exact=True fallback_exact=0
[244/1000] numerical=3.537248144 shared_exact=True fallback_exact=0
[245/1000] numerical=3.670069338 shared_exact=True fallback_exact=0
[246/1000] numerical=2.901225301 shared_exact=True fallback_exact=0
[247/1000] numerical=3.537391519 shared_exact=True fallback_exact=0
[248/1000] numerical=2.758691943 shared_exact=True fallback_exact=0
[249/1000] numerical=2.901236690 shared_exact=True fallback_exact=0
[250/1000] numerical=3.222874241 shared_exact=True fallback_exact=0
[251/1000] numerical=4.111599935 shared_exact=True fallback_exact=0
[252/1000] numerical=4.085636906 shared_exact=True fallback_exact=0
[253/1000] numerical=4.128368870 shared_exact=True fallback_exact=0
[254/1000] numerical=3.323524268 shared_exact=True fallback_exact=0
[255/1000] numerical=3.320651715 shared_exact=True fallback_exact=0
[256/1000] numerical=2.598225065 shared_exact=True fallback_exact=0
[257/1000] numerical=4.111551794 shared_exact=True fallback_exact=0
[258/1000] numerical=4.085625249 shared_exact=True fallback_exact=0
[259/1000] numerical=3.114721140 shared_exact=True fallback_exact=0
[260/1000] numerical=3.150451677 shared_exact=True fallback_exact=0
[261/1000] numerical=2.116080256 shared_exact=True fallback_exact=0
[262/1000] numerical=3.165240296 shared_exact=True fallback_exact=0
[263/1000] numerical=3.222874241 shared_exact=True fallback_exact=0
[264/1000] numerical=4.128419559 shared_exact=True fallback_exact=0
[265/1000] numerical=4.206335549 shared_exact=True fallback_exact=0
[266/1000] numerical=3.204461316 shared_exact=True fallback_exact=0
[267/1000] numerical=3.351942614 shared_exact=True fallback_exact=0
[268/1000] numerical=3.321541332 shared_exact=True fallback_exact=0
[269/1000] numerical=3.486617940 shared_exact=True fallback_exact=0
[270/1000] numerical=2.339832536 shared_exact=True fallback_exact=0
[271/1000] numerical=2.709228635 shared_exact=True fallback_exact=0
[272/1000] numerical=3.204461316 shared_exact=True fallback_exact=0
[273/1000] numerical=2.450771598 shared_exact=True fallback_exact=0
[274/1000] numerical=2.339832536 shared_exact=True fallback_exact=0
[275/1000] numerical=3.114721140 shared_exact=True fallback_exact=0
[276/1000] numerical=2.185853419 shared_exact=True fallback_exact=0
[277/1000] numerical=2.116080256 shared_exact=True fallback_exact=0
[278/1000] numerical=3.323524276 shared_exact=True fallback_exact=0
[279/1000] numerical=3.351966023 shared_exact=True fallback_exact=0
[280/1000] numerical=2.450771598 shared_exact=True fallback_exact=0
[281/1000] numerical=2.548280857 shared_exact=True fallback_exact=0
[282/1000] numerical=2.598226157 shared_exact=True fallback_exact=0
[283/1000] numerical=2.709377434 shared_exact=True fallback_exact=0
[284/1000] numerical=1.961128430 shared_exact=True fallback_exact=0
[285/1000] numerical=3.685524625 shared_exact=True fallback_exact=0
[286/1000] numerical=2.842292951 shared_exact=True fallback_exact=0
[287/1000] numerical=2.955518283 shared_exact=True fallback_exact=0
[288/1000] numerical=2.842307946 shared_exact=True fallback_exact=0
[289/1000] numerical=3.103623340 shared_exact=True fallback_exact=0
[290/1000] numerical=2.357548548 shared_exact=True fallback_exact=0
[291/1000] numerical=2.306258451 shared_exact=True fallback_exact=0
[292/1000] numerical=3.000000024 shared_exact=True fallback_exact=0
[293/1000] numerical=2.085399452 shared_exact=True fallback_exact=0
[294/1000] numerical=2.071299636 shared_exact=True fallback_exact=0
[295/1000] numerical=3.103625803 shared_exact=True fallback_exact=0
[296/1000] numerical=3.117920463 shared_exact=True fallback_exact=0
[297/1000] numerical=2.237709139 shared_exact=True fallback_exact=0
[298/1000] numerical=2.309966073 shared_exact=True fallback_exact=0
[299/1000] numerical=2.306306420 shared_exact=True fallback_exact=0
[300/1000] numerical=2.400376254 shared_exact=True fallback_exact=0
[301/1000] numerical=1.658289316 shared_exact=True fallback_exact=0
[302/1000] numerical=2.237709139 shared_exact=True fallback_exact=0
[303/1000] numerical=2.085399452 shared_exact=True fallback_exact=0
[304/1000] numerical=2.357548548 shared_exact=True fallback_exact=0
[305/1000] numerical=2.309966074 shared_exact=True fallback_exact=0
[306/1000] numerical=1.441627746 shared_exact=True fallback_exact=0
[307/1000] numerical=1.658289316 shared_exact=True fallback_exact=0
[308/1000] numerical=3.769435707 shared_exact=True fallback_exact=0
[309/1000] numerical=3.895564843 shared_exact=True fallback_exact=0
[310/1000] numerical=2.895923934 shared_exact=True fallback_exact=0
[311/1000] numerical=2.939993292 shared_exact=True fallback_exact=0
[312/1000] numerical=2.939993292 shared_exact=True fallback_exact=0
[313/1000] numerical=3.558001921 shared_exact=True fallback_exact=0
[314/1000] numerical=3.558001916 shared_exact=True fallback_exact=0
[315/1000] numerical=3.000000036 shared_exact=True fallback_exact=0
[316/1000] numerical=3.874358052 shared_exact=True fallback_exact=0
[317/1000] numerical=3.674614065 shared_exact=True fallback_exact=0
[318/1000] numerical=3.783154711 shared_exact=True fallback_exact=0
[319/1000] numerical=3.672535540 shared_exact=True fallback_exact=0
[320/1000] numerical=3.722109884 shared_exact=True fallback_exact=0
[321/1000] numerical=2.890025042 shared_exact=True fallback_exact=0
[322/1000] numerical=2.703958054 shared_exact=True fallback_exact=0
[323/1000] numerical=1.901674898 shared_exact=True fallback_exact=0
[324/1000] numerical=2.911571203 shared_exact=True fallback_exact=0
[325/1000] numerical=2.197238536 shared_exact=True fallback_exact=0
[326/1000] numerical=1.873960884 shared_exact=True fallback_exact=0
[327/1000] numerical=3.627457403 shared_exact=True fallback_exact=0
[328/1000] numerical=4.268806892 shared_exact=True fallback_exact=0
[329/1000] numerical=4.269306927 shared_exact=True fallback_exact=0
[330/1000] numerical=4.334224191 shared_exact=True fallback_exact=0
[331/1000] numerical=4.336651822 shared_exact=True fallback_exact=0
[332/1000] numerical=3.392627659 shared_exact=True fallback_exact=0
[333/1000] numerical=3.501269184 shared_exact=True fallback_exact=0
[334/1000] numerical=2.564135482 shared_exact=True fallback_exact=0
[335/1000] numerical=3.533547080 shared_exact=True fallback_exact=0
[336/1000] numerical=2.676263089 shared_exact=True fallback_exact=0
[337/1000] numerical=2.764908548 shared_exact=True fallback_exact=0
[338/1000] numerical=3.104184472 shared_exact=True fallback_exact=0
[339/1000] numerical=4.090951641 shared_exact=True fallback_exact=0
[340/1000] numerical=4.187318368 shared_exact=True fallback_exact=0
[341/1000] numerical=4.113277691 shared_exact=True fallback_exact=0
[342/1000] numerical=4.097778037 shared_exact=True fallback_exact=0
[343/1000] numerical=3.233510233 shared_exact=True fallback_exact=0
[344/1000] numerical=3.097849718 shared_exact=True fallback_exact=0
[345/1000] numerical=3.169753431 shared_exact=True fallback_exact=0
[346/1000] numerical=3.874358052 shared_exact=True fallback_exact=0
[347/1000] numerical=3.783154711 shared_exact=True fallback_exact=0
[348/1000] numerical=3.674614055 shared_exact=True fallback_exact=0
[349/1000] numerical=3.672535596 shared_exact=True fallback_exact=0
[350/1000] numerical=3.722109884 shared_exact=True fallback_exact=0
[351/1000] numerical=2.890030335 shared_exact=True fallback_exact=0
[352/1000] numerical=2.911571203 shared_exact=True fallback_exact=0
[353/1000] numerical=2.197238536 shared_exact=True fallback_exact=0
[354/1000] numerical=2.703958054 shared_exact=True fallback_exact=0
[355/1000] numerical=1.901674898 shared_exact=True fallback_exact=0
[356/1000] numerical=1.873960884 shared_exact=True fallback_exact=0
[357/1000] numerical=3.627457403 shared_exact=True fallback_exact=0
[358/1000] numerical=3.104184477 shared_exact=True fallback_exact=0
[359/1000] numerical=4.269335448 shared_exact=True fallback_exact=0
[360/1000] numerical=4.268806893 shared_exact=True fallback_exact=0
[361/1000] numerical=4.334224102 shared_exact=True fallback_exact=0
[362/1000] numerical=4.336651821 shared_exact=True fallback_exact=0
[363/1000] numerical=3.392627659 shared_exact=True fallback_exact=0
[364/1000] numerical=3.533547080 shared_exact=True fallback_exact=0
[365/1000] numerical=2.676263089 shared_exact=True fallback_exact=0
[366/1000] numerical=3.501269184 shared_exact=True fallback_exact=0
[367/1000] numerical=2.564136117 shared_exact=True fallback_exact=0
[368/1000] numerical=2.764908548 shared_exact=True fallback_exact=0
[369/1000] numerical=4.187318368 shared_exact=True fallback_exact=0
[370/1000] numerical=4.090951660 shared_exact=True fallback_exact=0
[371/1000] numerical=4.113277691 shared_exact=True fallback_exact=0
[372/1000] numerical=4.097778038 shared_exact=True fallback_exact=0
[373/1000] numerical=3.233510235 shared_exact=True fallback_exact=0
[374/1000] numerical=3.169753485 shared_exact=True fallback_exact=0
[375/1000] numerical=3.097849718 shared_exact=True fallback_exact=0
[376/1000] numerical=3.805078952 shared_exact=True fallback_exact=0
[377/1000] numerical=3.683779231 shared_exact=True fallback_exact=0
[378/1000] numerical=3.714754100 shared_exact=True fallback_exact=0
[379/1000] numerical=3.670924457 shared_exact=True fallback_exact=0
[380/1000] numerical=3.796203428 shared_exact=True fallback_exact=0
[381/1000] numerical=3.069837313 shared_exact=True fallback_exact=0
[382/1000] numerical=2.898327767 shared_exact=True fallback_exact=0
[383/1000] numerical=2.251777705 shared_exact=True fallback_exact=0
[384/1000] numerical=2.996224528 shared_exact=True fallback_exact=0
[385/1000] numerical=2.355553619 shared_exact=True fallback_exact=0
[386/1000] numerical=2.156658104 shared_exact=True fallback_exact=0
[387/1000] numerical=3.714754132 shared_exact=True fallback_exact=0
[388/1000] numerical=3.683757958 shared_exact=True fallback_exact=0
[389/1000] numerical=3.670919203 shared_exact=True fallback_exact=0
[390/1000] numerical=3.796203428 shared_exact=True fallback_exact=0
[391/1000] numerical=3.069837313 shared_exact=True fallback_exact=0
[392/1000] numerical=2.996224528 shared_exact=True fallback_exact=0
[393/1000] numerical=2.355553619 shared_exact=True fallback_exact=0
[394/1000] numerical=2.898318035 shared_exact=True fallback_exact=0
[395/1000] numerical=2.251737482 shared_exact=True fallback_exact=0
[396/1000] numerical=2.156659148 shared_exact=True fallback_exact=0
[397/1000] numerical=3.103822098 shared_exact=True fallback_exact=0
[398/1000] numerical=3.103822097 shared_exact=True fallback_exact=0
[399/1000] numerical=3.000008249 shared_exact=True fallback_exact=0
[400/1000] numerical=3.122357808 shared_exact=True fallback_exact=0
[401/1000] numerical=2.413143917 shared_exact=True fallback_exact=0
[402/1000] numerical=2.317750119 shared_exact=True fallback_exact=0
[403/1000] numerical=2.317750119 shared_exact=True fallback_exact=0
[404/1000] numerical=3.123293637 shared_exact=True fallback_exact=0
[405/1000] numerical=4.144505983 shared_exact=True fallback_exact=0
[406/1000] numerical=4.089658639 shared_exact=True fallback_exact=0
[407/1000] numerical=4.086554055 shared_exact=True fallback_exact=0
[408/1000] numerical=4.199809106 shared_exact=True fallback_exact=0
[409/1000] numerical=3.453256095 shared_exact=True fallback_exact=0
[410/1000] numerical=3.423334507 shared_exact=True fallback_exact=0
[411/1000] numerical=3.257461664 shared_exact=True fallback_exact=0
[412/1000] numerical=4.089658647 shared_exact=True fallback_exact=0
[413/1000] numerical=4.144505983 shared_exact=True fallback_exact=0
[414/1000] numerical=4.086555524 shared_exact=True fallback_exact=0
[415/1000] numerical=4.199809106 shared_exact=True fallback_exact=0
[416/1000] numerical=3.453256095 shared_exact=True fallback_exact=0
[417/1000] numerical=3.257461759 shared_exact=True fallback_exact=0
[418/1000] numerical=3.423334507 shared_exact=True fallback_exact=0
[419/1000] numerical=3.826747941 shared_exact=True fallback_exact=0
[420/1000] numerical=4.561552836 shared_exact=True fallback_exact=0
[421/1000] numerical=4.624353383 shared_exact=True fallback_exact=0
[422/1000] numerical=4.626387428 shared_exact=True fallback_exact=0
[423/1000] numerical=3.690549396 shared_exact=True fallback_exact=0
[424/1000] numerical=3.818826293 shared_exact=True fallback_exact=0
[425/1000] numerical=4.624355214 shared_exact=True fallback_exact=0
[426/1000] numerical=4.626387321 shared_exact=True fallback_exact=0
[427/1000] numerical=3.690549396 shared_exact=True fallback_exact=0
[428/1000] numerical=3.788142971 shared_exact=True fallback_exact=0
[429/1000] numerical=3.826747943 shared_exact=True fallback_exact=0
[430/1000] numerical=3.563119627 shared_exact=True fallback_exact=0
[431/1000] numerical=4.561553238 shared_exact=True fallback_exact=0
[432/1000] numerical=4.563728082 shared_exact=True fallback_exact=0
[433/1000] numerical=3.562786653 shared_exact=True fallback_exact=0
[434/1000] numerical=3.702113656 shared_exact=True fallback_exact=0
[435/1000] numerical=3.629425332 shared_exact=True fallback_exact=0
[436/1000] numerical=3.682256416 shared_exact=True fallback_exact=0
[437/1000] numerical=2.906471394 shared_exact=True fallback_exact=0
[438/1000] numerical=3.788142971 shared_exact=True fallback_exact=0
[439/1000] numerical=3.818825481 shared_exact=True fallback_exact=0
[440/1000] numerical=3.629421850 shared_exact=True fallback_exact=0
[441/1000] numerical=3.682256418 shared_exact=True fallback_exact=0
[442/1000] numerical=2.906471394 shared_exact=True fallback_exact=0
[443/1000] numerical=2.718393993 shared_exact=True fallback_exact=0
[444/1000] numerical=4.000000003 shared_exact=True fallback_exact=0
[445/1000] numerical=5.000022496 shared_exact=True fallback_exact=0
[446/1000] numerical=4.085736289 shared_exact=True fallback_exact=0
[447/1000] numerical=4.085735176 shared_exact=True fallback_exact=0
[448/1000] numerical=5.000143503 shared_exact=True fallback_exact=0
[449/1000] numerical=4.052581633 shared_exact=True fallback_exact=0
[450/1000] numerical=4.000112422 shared_exact=True fallback_exact=0
[451/1000] numerical=5.000000297 shared_exact=True fallback_exact=0
[452/1000] numerical=5.000264407 shared_exact=True fallback_exact=0
[453/1000] numerical=4.000000000 shared_exact=True fallback_exact=0
[454/1000] numerical=4.099415219 shared_exact=True fallback_exact=0
[455/1000] numerical=4.000003632 shared_exact=True fallback_exact=0
[456/1000] numerical=4.085735156 shared_exact=True fallback_exact=0
[457/1000] numerical=3.304706939 shared_exact=True fallback_exact=0
[458/1000] numerical=4.000037393 shared_exact=True fallback_exact=0
[459/1000] numerical=4.052581333 shared_exact=True fallback_exact=0
[460/1000] numerical=4.000000000 shared_exact=True fallback_exact=0
[461/1000] numerical=4.052581333 shared_exact=True fallback_exact=0
[462/1000] numerical=3.210495680 shared_exact=True fallback_exact=0
[463/1000] numerical=3.108017004 shared_exact=True fallback_exact=0
[464/1000] numerical=4.000042711 shared_exact=True fallback_exact=0
[465/1000] numerical=4.052581361 shared_exact=True fallback_exact=0
[466/1000] numerical=4.000063820 shared_exact=True fallback_exact=0
[467/1000] numerical=4.052581335 shared_exact=True fallback_exact=0
[468/1000] numerical=3.210495780 shared_exact=True fallback_exact=0
[469/1000] numerical=3.108017006 shared_exact=True fallback_exact=0
[470/1000] numerical=3.194407862 shared_exact=True fallback_exact=0
[471/1000] numerical=4.061440831 shared_exact=True fallback_exact=0
[472/1000] numerical=4.061440831 shared_exact=True fallback_exact=0
[473/1000] numerical=5.000119304 shared_exact=True fallback_exact=0
[474/1000] numerical=4.052581333 shared_exact=True fallback_exact=0
[475/1000] numerical=4.000128878 shared_exact=True fallback_exact=0
[476/1000] numerical=5.000000845 shared_exact=True fallback_exact=0
[477/1000] numerical=5.000240606 shared_exact=True fallback_exact=0
[478/1000] numerical=4.000000000 shared_exact=True fallback_exact=0
[479/1000] numerical=4.099403946 shared_exact=True fallback_exact=0
[480/1000] numerical=4.000000266 shared_exact=True fallback_exact=0
[481/1000] numerical=4.085735135 shared_exact=True fallback_exact=0
[482/1000] numerical=3.304742892 shared_exact=True fallback_exact=0
[483/1000] numerical=5.000307323 shared_exact=True fallback_exact=0
[484/1000] numerical=5.000000000 shared_exact=True fallback_exact=0
[485/1000] numerical=4.069103411 shared_exact=True fallback_exact=0
[486/1000] numerical=4.000000000 shared_exact=True fallback_exact=0
[487/1000] numerical=4.052581335 shared_exact=True fallback_exact=0
[488/1000] numerical=4.000000001 shared_exact=True fallback_exact=0
[489/1000] numerical=3.058029956 shared_exact=True fallback_exact=0
[490/1000] numerical=4.000000002 shared_exact=True fallback_exact=0
[491/1000] numerical=4.061440835 shared_exact=True fallback_exact=0
[492/1000] numerical=5.000140532 shared_exact=True fallback_exact=0
[493/1000] numerical=5.000028632 shared_exact=True fallback_exact=0
[494/1000] numerical=4.052581334 shared_exact=True fallback_exact=0
[495/1000] numerical=4.085735225 shared_exact=True fallback_exact=0
[496/1000] numerical=4.000119334 shared_exact=True fallback_exact=0
[497/1000] numerical=4.085735135 shared_exact=True fallback_exact=0
[498/1000] numerical=3.071575558 shared_exact=True fallback_exact=0
[499/1000] numerical=3.304312374 shared_exact=True fallback_exact=0
[500/1000] numerical=4.052581333 shared_exact=True fallback_exact=0
checkpoint=/workspace/positive-square-energy/experiments/rank7_order8_chunk_028000_029000.r7o8g.xz.fragments/fragment-028000-028500.r7o8g.xz rows=500
[501/1000] numerical=4.000000000 shared_exact=True fallback_exact=0
[502/1000] numerical=4.052581333 shared_exact=True fallback_exact=0
[503/1000] numerical=3.210495678 shared_exact=True fallback_exact=0
[504/1000] numerical=3.108017004 shared_exact=True fallback_exact=0
[505/1000] numerical=4.052581333 shared_exact=True fallback_exact=0
[506/1000] numerical=4.000000000 shared_exact=True fallback_exact=0
[507/1000] numerical=3.058028484 shared_exact=True fallback_exact=0
[508/1000] numerical=3.000000000 shared_exact=True fallback_exact=0
[509/1000] numerical=4.052581333 shared_exact=True fallback_exact=0
[510/1000] numerical=4.000032440 shared_exact=True fallback_exact=0
[511/1000] numerical=3.194407862 shared_exact=True fallback_exact=0
[512/1000] numerical=3.101205303 shared_exact=True fallback_exact=0
[513/1000] numerical=3.068114674 shared_exact=True fallback_exact=0
[514/1000] numerical=3.096597221 shared_exact=True fallback_exact=0
[515/1000] numerical=2.304642176 shared_exact=True fallback_exact=0
[516/1000] numerical=4.052581338 shared_exact=True fallback_exact=0
[517/1000] numerical=4.000009646 shared_exact=True fallback_exact=0
[518/1000] numerical=4.052581333 shared_exact=True fallback_exact=0
[519/1000] numerical=3.210495685 shared_exact=True fallback_exact=0
[520/1000] numerical=3.108017004 shared_exact=True fallback_exact=0
[521/1000] numerical=4.052581338 shared_exact=True fallback_exact=0
[522/1000] numerical=4.000000043 shared_exact=True fallback_exact=0
[523/1000] numerical=3.058029970 shared_exact=True fallback_exact=0
[524/1000] numerical=3.000000030 shared_exact=True fallback_exact=0
[525/1000] numerical=4.052581344 shared_exact=True fallback_exact=0
[526/1000] numerical=4.000034337 shared_exact=True fallback_exact=0
[527/1000] numerical=3.194407862 shared_exact=True fallback_exact=0
[528/1000] numerical=3.101205379 shared_exact=True fallback_exact=0
[529/1000] numerical=3.068115368 shared_exact=True fallback_exact=0
[530/1000] numerical=3.096597234 shared_exact=True fallback_exact=0
[531/1000] numerical=3.194407862 shared_exact=True fallback_exact=0
[532/1000] numerical=3.058028483 shared_exact=True fallback_exact=0
[533/1000] numerical=3.194407866 shared_exact=True fallback_exact=0
[534/1000] numerical=3.066018868 shared_exact=True fallback_exact=0
[535/1000] numerical=2.104679443 shared_exact=True fallback_exact=0
[536/1000] numerical=4.085735180 shared_exact=True fallback_exact=0
[537/1000] numerical=4.000107428 shared_exact=True fallback_exact=0
[538/1000] numerical=4.000001640 shared_exact=True fallback_exact=0
[539/1000] numerical=4.085735165 shared_exact=True fallback_exact=0
[540/1000] numerical=3.304728879 shared_exact=True fallback_exact=0
[541/1000] numerical=3.304312375 shared_exact=True fallback_exact=0
[542/1000] numerical=3.108017004 shared_exact=True fallback_exact=0
[543/1000] numerical=3.108017004 shared_exact=True fallback_exact=0
[544/1000] numerical=4.000074548 shared_exact=True fallback_exact=0
[545/1000] numerical=4.000000604 shared_exact=True fallback_exact=0
[546/1000] numerical=4.085735134 shared_exact=True fallback_exact=0
[547/1000] numerical=3.304682543 shared_exact=True fallback_exact=0
[548/1000] numerical=3.304312374 shared_exact=True fallback_exact=0
[549/1000] numerical=4.052581341 shared_exact=True fallback_exact=0
[550/1000] numerical=4.000000000 shared_exact=True fallback_exact=0
[551/1000] numerical=3.058028483 shared_exact=True fallback_exact=0
[552/1000] numerical=3.058028658 shared_exact=True fallback_exact=0
[553/1000] numerical=4.000155547 shared_exact=True fallback_exact=0
[554/1000] numerical=4.085735134 shared_exact=True fallback_exact=0
[555/1000] numerical=3.071575561 shared_exact=True fallback_exact=0
[556/1000] numerical=3.304312374 shared_exact=True fallback_exact=0
[557/1000] numerical=3.075083344 shared_exact=True fallback_exact=0
[558/1000] numerical=3.304312407 shared_exact=True fallback_exact=0
[559/1000] numerical=2.618874645 shared_exact=True fallback_exact=0
[560/1000] numerical=3.108017004 shared_exact=True fallback_exact=0
[561/1000] numerical=3.000000000 shared_exact=True fallback_exact=0
[562/1000] numerical=3.068114674 shared_exact=True fallback_exact=0
[563/1000] numerical=3.096597221 shared_exact=True fallback_exact=0
[564/1000] numerical=2.304642176 shared_exact=True fallback_exact=0
[565/1000] numerical=2.336589810 shared_exact=True fallback_exact=0
[566/1000] numerical=3.108017004 shared_exact=True fallback_exact=0
[567/1000] numerical=3.000000113 shared_exact=True fallback_exact=0
[568/1000] numerical=3.068116242 shared_exact=True fallback_exact=0
[569/1000] numerical=3.096597357 shared_exact=True fallback_exact=0
[570/1000] numerical=2.304642176 shared_exact=True fallback_exact=0
[571/1000] numerical=2.336589839 shared_exact=True fallback_exact=0
[572/1000] numerical=2.211761365 shared_exact=True fallback_exact=0
[573/1000] numerical=2.764828435 shared_exact=True fallback_exact=0
[574/1000] numerical=2.856963499 shared_exact=True fallback_exact=0
[575/1000] numerical=2.170016481 shared_exact=True fallback_exact=0
[576/1000] numerical=3.353540472 shared_exact=True fallback_exact=0
[577/1000] numerical=3.376135875 shared_exact=True fallback_exact=0
[578/1000] numerical=3.131193598 shared_exact=True fallback_exact=0
[579/1000] numerical=3.036351557 shared_exact=True fallback_exact=0
[580/1000] numerical=2.715517872 shared_exact=True fallback_exact=0
[581/1000] numerical=3.090829359 shared_exact=True fallback_exact=0
[582/1000] numerical=2.858500753 shared_exact=True fallback_exact=0
[583/1000] numerical=1.761214323 shared_exact=True fallback_exact=0
[584/1000] numerical=2.147714697 shared_exact=True fallback_exact=0
[585/1000] numerical=3.376725312 shared_exact=True fallback_exact=0
[586/1000] numerical=3.408601715 shared_exact=True fallback_exact=0
[587/1000] numerical=2.955647855 shared_exact=True fallback_exact=0
[588/1000] numerical=3.156166934 shared_exact=True fallback_exact=0
[589/1000] numerical=2.726130644 shared_exact=True fallback_exact=0
[590/1000] numerical=2.929529816 shared_exact=True fallback_exact=0
[591/1000] numerical=2.771932484 shared_exact=True fallback_exact=0
[592/1000] numerical=1.816217109 shared_exact=True fallback_exact=0
[593/1000] numerical=2.018351992 shared_exact=True fallback_exact=0
[594/1000] numerical=2.859688491 shared_exact=True fallback_exact=0
[595/1000] numerical=3.483409415 shared_exact=True fallback_exact=0
[596/1000] numerical=3.298037764 shared_exact=True fallback_exact=0
[597/1000] numerical=3.144445688 shared_exact=True fallback_exact=0
[598/1000] numerical=3.146674442 shared_exact=True fallback_exact=0
[599/1000] numerical=3.398492563 shared_exact=True fallback_exact=0
[600/1000] numerical=3.171130680 shared_exact=True fallback_exact=0
[601/1000] numerical=2.434099965 shared_exact=True fallback_exact=0
[602/1000] numerical=3.185663153 shared_exact=True fallback_exact=0
[603/1000] numerical=2.961509832 shared_exact=True fallback_exact=0
[604/1000] numerical=2.673444611 shared_exact=True fallback_exact=0
[605/1000] numerical=2.797820922 shared_exact=True fallback_exact=0
[606/1000] numerical=2.777952487 shared_exact=True fallback_exact=0
[607/1000] numerical=1.985164168 shared_exact=True fallback_exact=0
[608/1000] numerical=2.064003528 shared_exact=True fallback_exact=0
[609/1000] numerical=3.219592956 shared_exact=True fallback_exact=0
[610/1000] numerical=2.923650729 shared_exact=True fallback_exact=0
[611/1000] numerical=2.864482840 shared_exact=True fallback_exact=0
[612/1000] numerical=3.093748101 shared_exact=True fallback_exact=0
[613/1000] numerical=3.575656224 shared_exact=True fallback_exact=0
[614/1000] numerical=2.813740043 shared_exact=True fallback_exact=0
[615/1000] numerical=3.092049869 shared_exact=True fallback_exact=0
[616/1000] numerical=3.072201072 shared_exact=True fallback_exact=0
[617/1000] numerical=2.280457985 shared_exact=True fallback_exact=0
[618/1000] numerical=2.461943081 shared_exact=True fallback_exact=0
[619/1000] numerical=2.847904421 shared_exact=True fallback_exact=0
[620/1000] numerical=2.894490235 shared_exact=True fallback_exact=0
[621/1000] numerical=3.254670379 shared_exact=True fallback_exact=0
[622/1000] numerical=3.077461440 shared_exact=True fallback_exact=0
[623/1000] numerical=2.095053374 shared_exact=True fallback_exact=0
[624/1000] numerical=2.425010454 shared_exact=True fallback_exact=0
[625/1000] numerical=2.386044316 shared_exact=True fallback_exact=0
[626/1000] numerical=2.164705220 shared_exact=True fallback_exact=0
[627/1000] numerical=1.084131646 shared_exact=True fallback_exact=0
[628/1000] numerical=1.137817478 shared_exact=True fallback_exact=0
[629/1000] numerical=1.140151899 shared_exact=True fallback_exact=0
[630/1000] numerical=2.104760760 shared_exact=True fallback_exact=0
[631/1000] numerical=2.652497761 shared_exact=True fallback_exact=0
[632/1000] numerical=2.486310728 shared_exact=True fallback_exact=0
[633/1000] numerical=1.957053815 shared_exact=True fallback_exact=0
[634/1000] numerical=1.516161494 shared_exact=True fallback_exact=0
[635/1000] numerical=2.040328011 shared_exact=True fallback_exact=0
[636/1000] numerical=1.905894268 shared_exact=True fallback_exact=0
[637/1000] numerical=0.983276509 shared_exact=True fallback_exact=0
[638/1000] numerical=3.567853670 shared_exact=True fallback_exact=0
[639/1000] numerical=3.567854197 shared_exact=True fallback_exact=0
[640/1000] numerical=3.443750994 shared_exact=True fallback_exact=0
[641/1000] numerical=3.236102588 shared_exact=True fallback_exact=0
[642/1000] numerical=3.820736054 shared_exact=True fallback_exact=0
[643/1000] numerical=3.743874418 shared_exact=True fallback_exact=0
[644/1000] numerical=3.746438544 shared_exact=True fallback_exact=0
[645/1000] numerical=3.570612856 shared_exact=True fallback_exact=0
[646/1000] numerical=3.382093997 shared_exact=True fallback_exact=0
[647/1000] numerical=3.958768580 shared_exact=True fallback_exact=0
[648/1000] numerical=3.906086602 shared_exact=True fallback_exact=0
[649/1000] numerical=3.570651619 shared_exact=True fallback_exact=0
[650/1000] numerical=3.382094235 shared_exact=True fallback_exact=0
[651/1000] numerical=3.820734085 shared_exact=True fallback_exact=0
[652/1000] numerical=3.659985958 shared_exact=True fallback_exact=0
[653/1000] numerical=2.618218474 shared_exact=True fallback_exact=0
[654/1000] numerical=2.875845542 shared_exact=True fallback_exact=0
[655/1000] numerical=1.819721889 shared_exact=True fallback_exact=0
[656/1000] numerical=2.953922155 shared_exact=True fallback_exact=0
[657/1000] numerical=3.743875540 shared_exact=True fallback_exact=0
[658/1000] numerical=3.581911272 shared_exact=True fallback_exact=0
[659/1000] numerical=2.568975644 shared_exact=True fallback_exact=0
[660/1000] numerical=2.707926119 shared_exact=True fallback_exact=0
[661/1000] numerical=2.618218727 shared_exact=True fallback_exact=0
[662/1000] numerical=1.658293382 shared_exact=True fallback_exact=0
[663/1000] numerical=1.819721967 shared_exact=True fallback_exact=0
[664/1000] numerical=2.568975648 shared_exact=True fallback_exact=0
[665/1000] numerical=4.106060403 shared_exact=True fallback_exact=0
[666/1000] numerical=4.168570801 shared_exact=True fallback_exact=0
[667/1000] numerical=3.860401533 shared_exact=True fallback_exact=0
[668/1000] numerical=4.237874981 shared_exact=True fallback_exact=0
[669/1000] numerical=3.860456169 shared_exact=True fallback_exact=0
[670/1000] numerical=3.602756975 shared_exact=True fallback_exact=0
[671/1000] numerical=4.106060538 shared_exact=True fallback_exact=0
[672/1000] numerical=3.946066524 shared_exact=True fallback_exact=0
[673/1000] numerical=2.897611266 shared_exact=True fallback_exact=0
[674/1000] numerical=3.432573674 shared_exact=True fallback_exact=0
[675/1000] numerical=2.897615704 shared_exact=True fallback_exact=0
[676/1000] numerical=3.248026160 shared_exact=True fallback_exact=0
[677/1000] numerical=4.229808155 shared_exact=True fallback_exact=0
[678/1000] numerical=4.183142762 shared_exact=True fallback_exact=0
[679/1000] numerical=3.851110456 shared_exact=True fallback_exact=0
[680/1000] numerical=3.894783912 shared_exact=True fallback_exact=0
[681/1000] numerical=3.382240155 shared_exact=True fallback_exact=0
[682/1000] numerical=4.058647920 shared_exact=True fallback_exact=0
[683/1000] numerical=3.900057448 shared_exact=True fallback_exact=0
[684/1000] numerical=2.854812300 shared_exact=True fallback_exact=0
[685/1000] numerical=3.447466593 shared_exact=True fallback_exact=0
[686/1000] numerical=4.183143411 shared_exact=True fallback_exact=0
[687/1000] numerical=4.076245542 shared_exact=True fallback_exact=0
[688/1000] numerical=4.035897553 shared_exact=True fallback_exact=0
[689/1000] numerical=3.681435373 shared_exact=True fallback_exact=0
[690/1000] numerical=3.894698792 shared_exact=True fallback_exact=0
[691/1000] numerical=4.044029292 shared_exact=True fallback_exact=0
[692/1000] numerical=3.254865467 shared_exact=True fallback_exact=0
[693/1000] numerical=3.535028648 shared_exact=True fallback_exact=0
[694/1000] numerical=4.076244970 shared_exact=True fallback_exact=0
[695/1000] numerical=3.463081212 shared_exact=True fallback_exact=0
[696/1000] numerical=3.851396886 shared_exact=True fallback_exact=0
[697/1000] numerical=3.997610208 shared_exact=True fallback_exact=0
[698/1000] numerical=3.207620143 shared_exact=True fallback_exact=0
[699/1000] numerical=3.550558011 shared_exact=True fallback_exact=0
[700/1000] numerical=3.681488238 shared_exact=True fallback_exact=0
[701/1000] numerical=4.229820874 shared_exact=True fallback_exact=0
[702/1000] numerical=4.044029787 shared_exact=True fallback_exact=0
[703/1000] numerical=2.957287281 shared_exact=True fallback_exact=0
[704/1000] numerical=3.535038494 shared_exact=True fallback_exact=0
[705/1000] numerical=2.835766840 shared_exact=True fallback_exact=0
[706/1000] numerical=3.381947760 shared_exact=True fallback_exact=0
[707/1000] numerical=3.223237656 shared_exact=True fallback_exact=0
[708/1000] numerical=2.180025095 shared_exact=True fallback_exact=0
[709/1000] numerical=2.131900008 shared_exact=True fallback_exact=0
[710/1000] numerical=2.131900008 shared_exact=True fallback_exact=0
[711/1000] numerical=3.247963626 shared_exact=True fallback_exact=0
[712/1000] numerical=3.900046087 shared_exact=True fallback_exact=0
[713/1000] numerical=3.745179974 shared_exact=True fallback_exact=0
[714/1000] numerical=3.150381868 shared_exact=True fallback_exact=0
[715/1000] numerical=2.678152460 shared_exact=True fallback_exact=0
[716/1000] numerical=3.447462218 shared_exact=True fallback_exact=0
[717/1000] numerical=3.291761569 shared_exact=True fallback_exact=0
[718/1000] numerical=2.223475846 shared_exact=True fallback_exact=0
[719/1000] numerical=3.151097332 shared_exact=True fallback_exact=0
[720/1000] numerical=2.957287287 shared_exact=True fallback_exact=0
[721/1000] numerical=3.208835580 shared_exact=True fallback_exact=0
[722/1000] numerical=3.256832989 shared_exact=True fallback_exact=0
[723/1000] numerical=2.180025126 shared_exact=True fallback_exact=0
[724/1000] numerical=2.854812886 shared_exact=True fallback_exact=0
[725/1000] numerical=2.678162338 shared_exact=True fallback_exact=0
[726/1000] numerical=1.644686330 shared_exact=True fallback_exact=0
[727/1000] numerical=2.223486971 shared_exact=True fallback_exact=0
[728/1000] numerical=2.573609291 shared_exact=True fallback_exact=0
[729/1000] numerical=2.812172493 shared_exact=True fallback_exact=0
[730/1000] numerical=2.717647489 shared_exact=True fallback_exact=0
[731/1000] numerical=2.916756411 shared_exact=True fallback_exact=0
[732/1000] numerical=2.179651550 shared_exact=True fallback_exact=0
[733/1000] numerical=3.785739843 shared_exact=True fallback_exact=0
[734/1000] numerical=3.752926297 shared_exact=True fallback_exact=0
[735/1000] numerical=3.316931597 shared_exact=True fallback_exact=0
[736/1000] numerical=3.328716136 shared_exact=True fallback_exact=0
[737/1000] numerical=3.900627022 shared_exact=True fallback_exact=0
[738/1000] numerical=3.483263956 shared_exact=True fallback_exact=0
[739/1000] numerical=2.839194987 shared_exact=True fallback_exact=0
[740/1000] numerical=3.026882639 shared_exact=True fallback_exact=0
[741/1000] numerical=3.573126790 shared_exact=True fallback_exact=0
[742/1000] numerical=3.401532183 shared_exact=True fallback_exact=0
[743/1000] numerical=3.367424954 shared_exact=True fallback_exact=0
[744/1000] numerical=2.547520971 shared_exact=True fallback_exact=0
[745/1000] numerical=2.298564039 shared_exact=True fallback_exact=0
[746/1000] numerical=3.462679364 shared_exact=True fallback_exact=0
[747/1000] numerical=3.163413138 shared_exact=True fallback_exact=0
[748/1000] numerical=3.276317129 shared_exact=True fallback_exact=0
[749/1000] numerical=3.076829499 shared_exact=True fallback_exact=0
[750/1000] numerical=2.858921192 shared_exact=True fallback_exact=0
[751/1000] numerical=3.172698215 shared_exact=True fallback_exact=0
[752/1000] numerical=2.445895591 shared_exact=True fallback_exact=0
[753/1000] numerical=3.173404485 shared_exact=True fallback_exact=0
[754/1000] numerical=2.922885305 shared_exact=True fallback_exact=0
[755/1000] numerical=2.794986328 shared_exact=True fallback_exact=0
[756/1000] numerical=3.391632178 shared_exact=True fallback_exact=0
[757/1000] numerical=2.979596816 shared_exact=True fallback_exact=0
[758/1000] numerical=3.156288818 shared_exact=True fallback_exact=0
[759/1000] numerical=3.038644928 shared_exact=True fallback_exact=0
[760/1000] numerical=2.804196413 shared_exact=True fallback_exact=0
[761/1000] numerical=2.914270405 shared_exact=True fallback_exact=0
[762/1000] numerical=2.217474339 shared_exact=True fallback_exact=0
[763/1000] numerical=1.988441377 shared_exact=True fallback_exact=0
[764/1000] numerical=3.411977623 shared_exact=True fallback_exact=0
[765/1000] numerical=3.500964381 shared_exact=True fallback_exact=0
[766/1000] numerical=3.404851101 shared_exact=True fallback_exact=0
[767/1000] numerical=2.501376022 shared_exact=True fallback_exact=0
[768/1000] numerical=2.612390573 shared_exact=True fallback_exact=0
[769/1000] numerical=2.859346521 shared_exact=True fallback_exact=0
[770/1000] numerical=2.897274489 shared_exact=True fallback_exact=0
[771/1000] numerical=2.804340580 shared_exact=True fallback_exact=0
[772/1000] numerical=1.929818676 shared_exact=True fallback_exact=0
[773/1000] numerical=1.970244780 shared_exact=True fallback_exact=0
[774/1000] numerical=3.769204082 shared_exact=True fallback_exact=0
[775/1000] numerical=3.858200252 shared_exact=True fallback_exact=0
[776/1000] numerical=3.837427382 shared_exact=True fallback_exact=0
[777/1000] numerical=3.088450352 shared_exact=True fallback_exact=0
[778/1000] numerical=3.570073178 shared_exact=True fallback_exact=0
[779/1000] numerical=2.613517276 shared_exact=True fallback_exact=0
[780/1000] numerical=3.383016583 shared_exact=True fallback_exact=0
[781/1000] numerical=2.856659084 shared_exact=True fallback_exact=0
[782/1000] numerical=2.759439403 shared_exact=True fallback_exact=0
[783/1000] numerical=2.442493063 shared_exact=True fallback_exact=0
[784/1000] numerical=3.321568535 shared_exact=True fallback_exact=0
[785/1000] numerical=3.606676409 shared_exact=True fallback_exact=0
[786/1000] numerical=3.491123160 shared_exact=True fallback_exact=0
[787/1000] numerical=2.589688352 shared_exact=True fallback_exact=0
[788/1000] numerical=2.823082151 shared_exact=True fallback_exact=0
[789/1000] numerical=3.546939882 shared_exact=True fallback_exact=0
[790/1000] numerical=3.990148240 shared_exact=True fallback_exact=0
[791/1000] numerical=3.580553472 shared_exact=True fallback_exact=0
[792/1000] numerical=2.917129039 shared_exact=True fallback_exact=0
[793/1000] numerical=3.268977226 shared_exact=True fallback_exact=0
[794/1000] numerical=3.303137289 shared_exact=True fallback_exact=0
[795/1000] numerical=3.516803002 shared_exact=True fallback_exact=0
[796/1000] numerical=3.525780648 shared_exact=True fallback_exact=0
[797/1000] numerical=2.763506552 shared_exact=True fallback_exact=0
[798/1000] numerical=2.886299681 shared_exact=True fallback_exact=0
[799/1000] numerical=2.911355715 shared_exact=True fallback_exact=0
[800/1000] numerical=3.409943557 shared_exact=True fallback_exact=0
[801/1000] numerical=3.010712839 shared_exact=True fallback_exact=0
[802/1000] numerical=3.116547749 shared_exact=True fallback_exact=0
[803/1000] numerical=2.778994838 shared_exact=True fallback_exact=0
[804/1000] numerical=3.982611974 shared_exact=True fallback_exact=0
[805/1000] numerical=3.958687661 shared_exact=True fallback_exact=0
[806/1000] numerical=3.935412724 shared_exact=True fallback_exact=0
[807/1000] numerical=3.120893102 shared_exact=True fallback_exact=0
[808/1000] numerical=3.098055884 shared_exact=True fallback_exact=0
[809/1000] numerical=2.830573928 shared_exact=True fallback_exact=0
[810/1000] numerical=2.614348231 shared_exact=True fallback_exact=0
[811/1000] numerical=2.701379987 shared_exact=True fallback_exact=0
[812/1000] numerical=2.484941631 shared_exact=True fallback_exact=0
[813/1000] numerical=3.835364730 shared_exact=True fallback_exact=0
[814/1000] numerical=3.399306952 shared_exact=True fallback_exact=0
[815/1000] numerical=3.722939108 shared_exact=True fallback_exact=0
[816/1000] numerical=3.128952700 shared_exact=True fallback_exact=0
[817/1000] numerical=2.803319931 shared_exact=True fallback_exact=0
[818/1000] numerical=3.183094252 shared_exact=True fallback_exact=0
[819/1000] numerical=2.816627312 shared_exact=True fallback_exact=0
[820/1000] numerical=3.082155665 shared_exact=True fallback_exact=0
[821/1000] numerical=2.487047969 shared_exact=True fallback_exact=0
[822/1000] numerical=2.183129165 shared_exact=True fallback_exact=0
[823/1000] numerical=2.650151652 shared_exact=True fallback_exact=0
[824/1000] numerical=2.153748113 shared_exact=True fallback_exact=0
[825/1000] numerical=2.510086626 shared_exact=True fallback_exact=0
[826/1000] numerical=1.957075975 shared_exact=True fallback_exact=0
[827/1000] numerical=1.558845206 shared_exact=True fallback_exact=0
[828/1000] numerical=2.865963486 shared_exact=True fallback_exact=0
[829/1000] numerical=2.835851352 shared_exact=True fallback_exact=0
[830/1000] numerical=2.833641107 shared_exact=True fallback_exact=0
[831/1000] numerical=2.061229385 shared_exact=True fallback_exact=0
[832/1000] numerical=2.018488328 shared_exact=True fallback_exact=0
[833/1000] numerical=3.402640563 shared_exact=True fallback_exact=0
[834/1000] numerical=3.397797587 shared_exact=True fallback_exact=0
[835/1000] numerical=2.619040061 shared_exact=True fallback_exact=0
[836/1000] numerical=2.621627424 shared_exact=True fallback_exact=0
[837/1000] numerical=2.707787591 shared_exact=True fallback_exact=0
[838/1000] numerical=2.496582411 shared_exact=True fallback_exact=0
[839/1000] numerical=3.287090547 shared_exact=True fallback_exact=0
[840/1000] numerical=3.321151587 shared_exact=True fallback_exact=0
[841/1000] numerical=2.443570677 shared_exact=True fallback_exact=0
[842/1000] numerical=2.582197528 shared_exact=True fallback_exact=0
[843/1000] numerical=2.368740312 shared_exact=True fallback_exact=0
[844/1000] numerical=2.456839549 shared_exact=True fallback_exact=0
[845/1000] numerical=1.763715172 shared_exact=True fallback_exact=0
[846/1000] numerical=3.345728214 shared_exact=True fallback_exact=0
[847/1000] numerical=3.104299912 shared_exact=True fallback_exact=0
[848/1000] numerical=2.871727389 shared_exact=True fallback_exact=0
[849/1000] numerical=3.166970556 shared_exact=True fallback_exact=0
[850/1000] numerical=3.282037663 shared_exact=True fallback_exact=0
[851/1000] numerical=2.687494949 shared_exact=True fallback_exact=0
[852/1000] numerical=2.598462187 shared_exact=True fallback_exact=0
[853/1000] numerical=2.903637749 shared_exact=True fallback_exact=0
[854/1000] numerical=2.141539518 shared_exact=True fallback_exact=0
[855/1000] numerical=3.573458489 shared_exact=True fallback_exact=0
[856/1000] numerical=3.332772400 shared_exact=True fallback_exact=0
[857/1000] numerical=3.246520996 shared_exact=True fallback_exact=0
[858/1000] numerical=3.763442356 shared_exact=True fallback_exact=0
[859/1000] numerical=2.799334927 shared_exact=True fallback_exact=0
[860/1000] numerical=3.599019740 shared_exact=True fallback_exact=0
[861/1000] numerical=3.862818630 shared_exact=True fallback_exact=0
[862/1000] numerical=3.687819383 shared_exact=True fallback_exact=0
[863/1000] numerical=2.683126748 shared_exact=True fallback_exact=0
[864/1000] numerical=2.944850329 shared_exact=True fallback_exact=0
[865/1000] numerical=3.770766853 shared_exact=True fallback_exact=0
[866/1000] numerical=3.412753810 shared_exact=True fallback_exact=0
[867/1000] numerical=2.909197934 shared_exact=True fallback_exact=0
[868/1000] numerical=3.983166380 shared_exact=True fallback_exact=0
[869/1000] numerical=3.071819863 shared_exact=True fallback_exact=0
[870/1000] numerical=3.693531394 shared_exact=True fallback_exact=0
[871/1000] numerical=3.637112963 shared_exact=True fallback_exact=0
[872/1000] numerical=3.590206371 shared_exact=True fallback_exact=0
[873/1000] numerical=2.739195534 shared_exact=True fallback_exact=0
[874/1000] numerical=2.547451931 shared_exact=True fallback_exact=0
[875/1000] numerical=3.369513165 shared_exact=True fallback_exact=0
[876/1000] numerical=3.240290522 shared_exact=True fallback_exact=0
[877/1000] numerical=2.580164725 shared_exact=True fallback_exact=0
[878/1000] numerical=3.727254445 shared_exact=True fallback_exact=0
[879/1000] numerical=2.751021727 shared_exact=True fallback_exact=0
[880/1000] numerical=3.138048467 shared_exact=True fallback_exact=0
[881/1000] numerical=3.178765724 shared_exact=True fallback_exact=0
[882/1000] numerical=3.133705661 shared_exact=True fallback_exact=0
[883/1000] numerical=2.309325908 shared_exact=True fallback_exact=0
[884/1000] numerical=2.313859684 shared_exact=True fallback_exact=0
[885/1000] numerical=3.413612528 shared_exact=True fallback_exact=0
[886/1000] numerical=3.310723341 shared_exact=True fallback_exact=0
[887/1000] numerical=3.118128395 shared_exact=True fallback_exact=0
[888/1000] numerical=3.271123367 shared_exact=True fallback_exact=0
[889/1000] numerical=2.718634130 shared_exact=True fallback_exact=0
[890/1000] numerical=2.755218670 shared_exact=True fallback_exact=0
[891/1000] numerical=2.654655404 shared_exact=True fallback_exact=0
[892/1000] numerical=3.119318723 shared_exact=True fallback_exact=0
[893/1000] numerical=2.372982247 shared_exact=True fallback_exact=0
[894/1000] numerical=3.920277457 shared_exact=True fallback_exact=0
[895/1000] numerical=3.727754143 shared_exact=True fallback_exact=0
[896/1000] numerical=3.583246306 shared_exact=True fallback_exact=0
[897/1000] numerical=3.733197006 shared_exact=True fallback_exact=0
[898/1000] numerical=3.707924576 shared_exact=True fallback_exact=0
[899/1000] numerical=3.585570233 shared_exact=True fallback_exact=0
[900/1000] numerical=3.658337694 shared_exact=True fallback_exact=0
[901/1000] numerical=2.904629562 shared_exact=True fallback_exact=0
[902/1000] numerical=2.676206407 shared_exact=True fallback_exact=0
[903/1000] numerical=3.713166532 shared_exact=True fallback_exact=0
[904/1000] numerical=3.390054307 shared_exact=True fallback_exact=0
[905/1000] numerical=3.675302453 shared_exact=True fallback_exact=0
[906/1000] numerical=3.853579732 shared_exact=True fallback_exact=0
[907/1000] numerical=3.679049447 shared_exact=True fallback_exact=0
[908/1000] numerical=2.692070394 shared_exact=True fallback_exact=0
[909/1000] numerical=2.890294737 shared_exact=True fallback_exact=0
[910/1000] numerical=3.180697355 shared_exact=True fallback_exact=0
[911/1000] numerical=3.301553493 shared_exact=True fallback_exact=0
[912/1000] numerical=3.142023226 shared_exact=True fallback_exact=0
[913/1000] numerical=2.173421577 shared_exact=True fallback_exact=0
[914/1000] numerical=2.313129693 shared_exact=True fallback_exact=0
[915/1000] numerical=3.747451921 shared_exact=True fallback_exact=0
[916/1000] numerical=3.129419676 shared_exact=True fallback_exact=0
[917/1000] numerical=2.965613928 shared_exact=True fallback_exact=0
[918/1000] numerical=3.673064088 shared_exact=True fallback_exact=0
[919/1000] numerical=2.714034059 shared_exact=True fallback_exact=0
[920/1000] numerical=3.606976919 shared_exact=True fallback_exact=0
[921/1000] numerical=3.763764934 shared_exact=True fallback_exact=0
[922/1000] numerical=3.653190328 shared_exact=True fallback_exact=0
[923/1000] numerical=2.758816837 shared_exact=True fallback_exact=0
[924/1000] numerical=2.892746080 shared_exact=True fallback_exact=0
[925/1000] numerical=3.515958795 shared_exact=True fallback_exact=0
[926/1000] numerical=2.585731392 shared_exact=True fallback_exact=0
[927/1000] numerical=3.135490425 shared_exact=True fallback_exact=0
[928/1000] numerical=2.758122887 shared_exact=True fallback_exact=0
[929/1000] numerical=2.907142805 shared_exact=True fallback_exact=0
[930/1000] numerical=2.672648782 shared_exact=True fallback_exact=0
[931/1000] numerical=3.174836844 shared_exact=True fallback_exact=0
[932/1000] numerical=2.428185085 shared_exact=True fallback_exact=0
[933/1000] numerical=3.459645433 shared_exact=True fallback_exact=0
[934/1000] numerical=3.825439207 shared_exact=True fallback_exact=0
[935/1000] numerical=3.725568017 shared_exact=True fallback_exact=0
[936/1000] numerical=2.821252919 shared_exact=True fallback_exact=0
[937/1000] numerical=3.089240754 shared_exact=True fallback_exact=0
[938/1000] numerical=3.574740268 shared_exact=True fallback_exact=0
[939/1000] numerical=3.086915316 shared_exact=True fallback_exact=0
[940/1000] numerical=2.446129088 shared_exact=True fallback_exact=0
[941/1000] numerical=3.649648942 shared_exact=True fallback_exact=0
[942/1000] numerical=2.770356274 shared_exact=True fallback_exact=0
[943/1000] numerical=3.120958150 shared_exact=True fallback_exact=0
[944/1000] numerical=3.147687818 shared_exact=True fallback_exact=0
[945/1000] numerical=3.165199920 shared_exact=True fallback_exact=0
[946/1000] numerical=2.408473251 shared_exact=True fallback_exact=0
[947/1000] numerical=2.393030212 shared_exact=True fallback_exact=0
[948/1000] numerical=3.606739188 shared_exact=True fallback_exact=0
[949/1000] numerical=3.500889981 shared_exact=True fallback_exact=0
[950/1000] numerical=3.358116296 shared_exact=True fallback_exact=0
[951/1000] numerical=4.119513955 shared_exact=True fallback_exact=0
[952/1000] numerical=3.126323579 shared_exact=True fallback_exact=0
[953/1000] numerical=4.148491258 shared_exact=True fallback_exact=0
[954/1000] numerical=4.237933440 shared_exact=True fallback_exact=0
[955/1000] numerical=4.100706551 shared_exact=True fallback_exact=0
[956/1000] numerical=3.173574025 shared_exact=True fallback_exact=0
[957/1000] numerical=3.266678714 shared_exact=True fallback_exact=0
[958/1000] numerical=3.810555179 shared_exact=True fallback_exact=0
[959/1000] numerical=3.577400682 shared_exact=True fallback_exact=0
[960/1000] numerical=3.634938221 shared_exact=True fallback_exact=0
[961/1000] numerical=3.771897361 shared_exact=True fallback_exact=0
[962/1000] numerical=3.678803710 shared_exact=True fallback_exact=0
[963/1000] numerical=3.966874784 shared_exact=True fallback_exact=0
[964/1000] numerical=3.330990757 shared_exact=True fallback_exact=0
[965/1000] numerical=3.254289706 shared_exact=True fallback_exact=0
[966/1000] numerical=3.362687101 shared_exact=True fallback_exact=0
[967/1000] numerical=3.177338583 shared_exact=True fallback_exact=0
[968/1000] numerical=3.555906799 shared_exact=True fallback_exact=0
[969/1000] numerical=2.984816995 shared_exact=True fallback_exact=0
[970/1000] numerical=2.817150664 shared_exact=True fallback_exact=0
[971/1000] numerical=3.509655643 shared_exact=True fallback_exact=0
[972/1000] numerical=4.351287562 shared_exact=True fallback_exact=0
[973/1000] numerical=4.147067327 shared_exact=True fallback_exact=0
[974/1000] numerical=4.430731104 shared_exact=True fallback_exact=0
[975/1000] numerical=3.764348791 shared_exact=True fallback_exact=0
[976/1000] numerical=3.656700627 shared_exact=True fallback_exact=0
[977/1000] numerical=3.423221289 shared_exact=True fallback_exact=0
[978/1000] numerical=3.784440295 shared_exact=True fallback_exact=0
[979/1000] numerical=3.728594115 shared_exact=True fallback_exact=0
[980/1000] numerical=2.850786756 shared_exact=True fallback_exact=0
[981/1000] numerical=3.095248638 shared_exact=True fallback_exact=0
[982/1000] numerical=4.127354819 shared_exact=True fallback_exact=0
[983/1000] numerical=4.051500058 shared_exact=True fallback_exact=0
[984/1000] numerical=3.160532251 shared_exact=True fallback_exact=0
[985/1000] numerical=3.000000000 shared_exact=True fallback_exact=0
[986/1000] numerical=3.000000000 shared_exact=True fallback_exact=0
[987/1000] numerical=3.507170058 shared_exact=True fallback_exact=0
[988/1000] numerical=4.276067907 shared_exact=True fallback_exact=0
[989/1000] numerical=4.262624616 shared_exact=True fallback_exact=0
[990/1000] numerical=3.449477582 shared_exact=True fallback_exact=0
[991/1000] numerical=3.448306516 shared_exact=True fallback_exact=0
[992/1000] numerical=3.465430828 shared_exact=True fallback_exact=0
[993/1000] numerical=3.529318108 shared_exact=True fallback_exact=0
[994/1000] numerical=2.782599392 shared_exact=True fallback_exact=0
[995/1000] numerical=2.973404025 shared_exact=True fallback_exact=0
[996/1000] numerical=2.795017386 shared_exact=True fallback_exact=0
[997/1000] numerical=2.996627473 shared_exact=True fallback_exact=0
[998/1000] numerical=2.858215997 shared_exact=True fallback_exact=0
[999/1000] numerical=2.968573703 shared_exact=True fallback_exact=0
[1000/1000] numerical=2.790761034 shared_exact=True fallback_exact=0
checkpoint=/workspace/positive-square-energy/experiments/rank7_order8_chunk_028000_029000.r7o8g.xz.fragments/fragment-028500-029000.r7o8g.xz rows=500
attempts=1000 shared_exact=1000 templates=0 fallback_exact=0 structural=0 atoms=0 balanced=0 unresolved_targets=0
fragments=2 checkpoint_rows=500
raw_bytes=473971 xz_bytes=296112 elapsed_seconds=478.497218
sha256=fda5797f94a5fbb7edc965ab46d009556e46ea8427430b34bc6291e81fe6a1fd
full_theorem=false
[2026-08-17T06:55:58.322983+00:00] exit: 0
[2026-08-17T06:55:58.323155+00:00] exec: /opt/kortix/pyfloor/bin/python3 -u /workspace/positive-square-energy/experiments/rank7_order8_exact_rational.py --verify-pack /workspace/positive-square-energy/experiments/rank7_order8_chunk_028000_029000.r7o8g.xz --census-cache positive-square-energy/experiments/rank7_order8_rational_search_cache.r7o8c.xz
attempts=1000 shared_exact=1000 templates=0 fallback_exact=0 structural=0 atoms=0 balanced=0 exact_audit=true census_seconds=55.696548
full_theorem=false
[2026-08-17T06:58:27.025277+00:00] exit: 0
[2026-08-17T06:58:27.026327+00:00] shard=028000_029000 exact_audit=true sha256=fda5797f94a5fbb7edc965ab46d009556e46ea8427430b34bc6291e81fe6a1fd
