[2026-08-15T06:01:32.176339+00:00] shard=019000_020000 adopted_fragments=0
[2026-08-15T06:01:32.176405+00:00] exec: /opt/kortix/pyfloor/bin/python3 -u /workspace/positive-square-energy/experiments/rank7_order8_exact_rational.py --output /workspace/positive-square-energy/experiments/rank7_order8_chunk_019000_020000.r7o8g.xz --fragment-directory /workspace/positive-square-energy/experiments/rank7_order8_chunk_019000_020000.r7o8g.xz.fragments --census-cache positive-square-energy/experiments/rank7_order8_rational_search_cache.r7o8c.xz --start 19000 --count 1000 --checkpoint-rows 500 --progress
[1/1000] numerical=2.053189812 shared_exact=True fallback_exact=0
[2/1000] numerical=2.113492795 shared_exact=True fallback_exact=0
[3/1000] numerical=1.400114931 shared_exact=True fallback_exact=0
[4/1000] numerical=2.361382202 shared_exact=True fallback_exact=0
[5/1000] numerical=2.446418074 shared_exact=True fallback_exact=0
[6/1000] numerical=1.490380725 shared_exact=True fallback_exact=0
[7/1000] numerical=1.754205343 shared_exact=True fallback_exact=0
[8/1000] numerical=3.247584663 shared_exact=True fallback_exact=0
[9/1000] numerical=3.166456543 shared_exact=True fallback_exact=0
[10/1000] numerical=2.708994434 shared_exact=True fallback_exact=0
[11/1000] numerical=3.295175060 shared_exact=True fallback_exact=0
[12/1000] numerical=3.154498246 shared_exact=True fallback_exact=0
[13/1000] numerical=2.725816534 shared_exact=True fallback_exact=0
[14/1000] numerical=3.060664878 shared_exact=True fallback_exact=0
[15/1000] numerical=2.598739033 shared_exact=True fallback_exact=0
[16/1000] numerical=2.727081641 shared_exact=True fallback_exact=0
[17/1000] numerical=3.153000402 shared_exact=True fallback_exact=0
[18/1000] numerical=2.945190013 shared_exact=True fallback_exact=0
[19/1000] numerical=2.348593980 shared_exact=True fallback_exact=0
[20/1000] numerical=2.145277431 shared_exact=True fallback_exact=0
[21/1000] numerical=4.201323409 shared_exact=True fallback_exact=0
[22/1000] numerical=3.716879342 shared_exact=True fallback_exact=0
[23/1000] numerical=3.847034289 shared_exact=True fallback_exact=0
[24/1000] numerical=3.908834331 shared_exact=True fallback_exact=0
[25/1000] numerical=3.257947229 shared_exact=True fallback_exact=0
[26/1000] numerical=3.585528391 shared_exact=True fallback_exact=0
[27/1000] numerical=3.706411633 shared_exact=True fallback_exact=0
[28/1000] numerical=2.721496471 shared_exact=True fallback_exact=0
[29/1000] numerical=3.201342394 shared_exact=True fallback_exact=0
[30/1000] numerical=3.748965012 shared_exact=True fallback_exact=0
[31/1000] numerical=2.692389710 shared_exact=True fallback_exact=0
[32/1000] numerical=3.228257447 shared_exact=True fallback_exact=0
[33/1000] numerical=4.201323409 shared_exact=True fallback_exact=0
[34/1000] numerical=3.716879342 shared_exact=True fallback_exact=0
[35/1000] numerical=3.847081439 shared_exact=True fallback_exact=0
[36/1000] numerical=3.577903332 shared_exact=True fallback_exact=0
[37/1000] numerical=3.958785655 shared_exact=True fallback_exact=0
[38/1000] numerical=4.182188964 shared_exact=True fallback_exact=0
[39/1000] numerical=3.485893961 shared_exact=True fallback_exact=0
[40/1000] numerical=3.908014925 shared_exact=True fallback_exact=0
[41/1000] numerical=3.298271729 shared_exact=True fallback_exact=0
[42/1000] numerical=3.719554507 shared_exact=True fallback_exact=0
[43/1000] numerical=3.590369448 shared_exact=True fallback_exact=0
[44/1000] numerical=2.618314448 shared_exact=True fallback_exact=0
[45/1000] numerical=3.706584097 shared_exact=True fallback_exact=0
[46/1000] numerical=3.682695418 shared_exact=True fallback_exact=0
[47/1000] numerical=2.863241265 shared_exact=True fallback_exact=0
[48/1000] numerical=3.297093167 shared_exact=True fallback_exact=0
[49/1000] numerical=2.546098445 shared_exact=True fallback_exact=0
[50/1000] numerical=2.636772153 shared_exact=True fallback_exact=0
[51/1000] numerical=3.565552540 shared_exact=True fallback_exact=0
[52/1000] numerical=3.716379973 shared_exact=True fallback_exact=0
[53/1000] numerical=3.747983556 shared_exact=True fallback_exact=0
[54/1000] numerical=2.921608245 shared_exact=True fallback_exact=0
[55/1000] numerical=3.169952825 shared_exact=True fallback_exact=0
[56/1000] numerical=3.565597092 shared_exact=True fallback_exact=0
[57/1000] numerical=3.410787673 shared_exact=True fallback_exact=0
[58/1000] numerical=3.133994833 shared_exact=True fallback_exact=0
[59/1000] numerical=3.916711645 shared_exact=True fallback_exact=0
[60/1000] numerical=3.166843162 shared_exact=True fallback_exact=0
[61/1000] numerical=3.847019641 shared_exact=True fallback_exact=0
[62/1000] numerical=3.764413750 shared_exact=True fallback_exact=0
[63/1000] numerical=2.844855205 shared_exact=True fallback_exact=0
[64/1000] numerical=3.716379974 shared_exact=True fallback_exact=0
[65/1000] numerical=3.266393542 shared_exact=True fallback_exact=0
[66/1000] numerical=2.895857026 shared_exact=True fallback_exact=0
[67/1000] numerical=3.861691276 shared_exact=True fallback_exact=0
[68/1000] numerical=2.876317750 shared_exact=True fallback_exact=0
[69/1000] numerical=3.676284287 shared_exact=True fallback_exact=0
[70/1000] numerical=3.579300902 shared_exact=True fallback_exact=0
[71/1000] numerical=2.695879427 shared_exact=True fallback_exact=0
[72/1000] numerical=3.747983556 shared_exact=True fallback_exact=0
[73/1000] numerical=2.921608245 shared_exact=True fallback_exact=0
[74/1000] numerical=3.169952825 shared_exact=True fallback_exact=0
[75/1000] numerical=2.908424978 shared_exact=True fallback_exact=0
[76/1000] numerical=3.409633774 shared_exact=True fallback_exact=0
[77/1000] numerical=2.617929764 shared_exact=True fallback_exact=0
[78/1000] numerical=3.559770065 shared_exact=True fallback_exact=0
[79/1000] numerical=3.826682121 shared_exact=True fallback_exact=0
[80/1000] numerical=3.185252701 shared_exact=True fallback_exact=0
[81/1000] numerical=3.029738406 shared_exact=True fallback_exact=0
[82/1000] numerical=2.984987835 shared_exact=True fallback_exact=0
[83/1000] numerical=2.164882367 shared_exact=True fallback_exact=0
[84/1000] numerical=3.206411747 shared_exact=True fallback_exact=0
[85/1000] numerical=3.194710480 shared_exact=True fallback_exact=0
[86/1000] numerical=2.409932263 shared_exact=True fallback_exact=0
[87/1000] numerical=3.037694509 shared_exact=True fallback_exact=0
[88/1000] numerical=2.541670828 shared_exact=True fallback_exact=0
[89/1000] numerical=3.048265221 shared_exact=True fallback_exact=0
[90/1000] numerical=2.197997233 shared_exact=True fallback_exact=0
[91/1000] numerical=2.374400530 shared_exact=True fallback_exact=0
[92/1000] numerical=3.978073293 shared_exact=True fallback_exact=0
[93/1000] numerical=3.753634614 shared_exact=True fallback_exact=0
[94/1000] numerical=3.888703762 shared_exact=True fallback_exact=0
[95/1000] numerical=4.290812867 shared_exact=True fallback_exact=0
[96/1000] numerical=3.608202477 shared_exact=True fallback_exact=0
[97/1000] numerical=3.669775399 shared_exact=True fallback_exact=0
[98/1000] numerical=3.392272771 shared_exact=True fallback_exact=0
[99/1000] numerical=4.154601512 shared_exact=True fallback_exact=0
[100/1000] numerical=3.142711194 shared_exact=True fallback_exact=0
[101/1000] numerical=4.521866799 shared_exact=True fallback_exact=0
[102/1000] numerical=4.319560410 shared_exact=True fallback_exact=0
[103/1000] numerical=3.261394691 shared_exact=True fallback_exact=0
[104/1000] numerical=3.471430633 shared_exact=True fallback_exact=0
[105/1000] numerical=3.511679414 shared_exact=True fallback_exact=0
[106/1000] numerical=3.978056637 shared_exact=True fallback_exact=0
[107/1000] numerical=3.134814686 shared_exact=True fallback_exact=0
[108/1000] numerical=3.373795066 shared_exact=True fallback_exact=0
[109/1000] numerical=3.024559116 shared_exact=True fallback_exact=0
[110/1000] numerical=3.627818672 shared_exact=True fallback_exact=0
[111/1000] numerical=2.624475114 shared_exact=True fallback_exact=0
[112/1000] numerical=4.223023616 shared_exact=True fallback_exact=0
[113/1000] numerical=4.016955701 shared_exact=True fallback_exact=0
[114/1000] numerical=2.936302846 shared_exact=True fallback_exact=0
[115/1000] numerical=3.753638147 shared_exact=True fallback_exact=0
[116/1000] numerical=2.802986531 shared_exact=True fallback_exact=0
[117/1000] numerical=3.372045656 shared_exact=True fallback_exact=0
[118/1000] numerical=2.875703666 shared_exact=True fallback_exact=0
[119/1000] numerical=3.181938967 shared_exact=True fallback_exact=0
[120/1000] numerical=2.374452839 shared_exact=True fallback_exact=0
[121/1000] numerical=4.107140078 shared_exact=True fallback_exact=0
[122/1000] numerical=3.894574679 shared_exact=True fallback_exact=0
[123/1000] numerical=2.807417958 shared_exact=True fallback_exact=0
[124/1000] numerical=3.888704752 shared_exact=True fallback_exact=0
[125/1000] numerical=2.684499476 shared_exact=True fallback_exact=0
[126/1000] numerical=3.191109496 shared_exact=True fallback_exact=0
[127/1000] numerical=2.714652346 shared_exact=True fallback_exact=0
[128/1000] numerical=3.106578119 shared_exact=True fallback_exact=0
[129/1000] numerical=2.160679525 shared_exact=True fallback_exact=0
[130/1000] numerical=3.987371795 shared_exact=True fallback_exact=0
[131/1000] numerical=3.766172003 shared_exact=True fallback_exact=0
[132/1000] numerical=2.667508230 shared_exact=True fallback_exact=0
[133/1000] numerical=3.608202471 shared_exact=True fallback_exact=0
[134/1000] numerical=3.669775399 shared_exact=True fallback_exact=0
[135/1000] numerical=3.392272771 shared_exact=True fallback_exact=0
[136/1000] numerical=4.154601512 shared_exact=True fallback_exact=0
[137/1000] numerical=3.142711194 shared_exact=True fallback_exact=0
[138/1000] numerical=4.521879133 shared_exact=True fallback_exact=0
[139/1000] numerical=4.319579008 shared_exact=True fallback_exact=0
[140/1000] numerical=3.261394691 shared_exact=True fallback_exact=0
[141/1000] numerical=3.853352213 shared_exact=True fallback_exact=0
[142/1000] numerical=3.657600155 shared_exact=True fallback_exact=0
[143/1000] numerical=3.345959913 shared_exact=True fallback_exact=0
[144/1000] numerical=3.181098889 shared_exact=True fallback_exact=0
[145/1000] numerical=3.802707181 shared_exact=True fallback_exact=0
[146/1000] numerical=3.782086057 shared_exact=True fallback_exact=0
[147/1000] numerical=2.973894468 shared_exact=True fallback_exact=0
[148/1000] numerical=3.862170457 shared_exact=True fallback_exact=0
[149/1000] numerical=3.809033127 shared_exact=True fallback_exact=0
[150/1000] numerical=2.981567100 shared_exact=True fallback_exact=0
[151/1000] numerical=3.603211004 shared_exact=True fallback_exact=0
[152/1000] numerical=3.540905325 shared_exact=True fallback_exact=0
[153/1000] numerical=2.704380093 shared_exact=True fallback_exact=0
[154/1000] numerical=4.224232791 shared_exact=True fallback_exact=0
[155/1000] numerical=4.241690078 shared_exact=True fallback_exact=0
[156/1000] numerical=3.430779635 shared_exact=True fallback_exact=0
[157/1000] numerical=3.396353193 shared_exact=True fallback_exact=0
[158/1000] numerical=3.207602517 shared_exact=True fallback_exact=0
[159/1000] numerical=2.201160407 shared_exact=True fallback_exact=0
[160/1000] numerical=4.026466168 shared_exact=True fallback_exact=0
[161/1000] numerical=4.515968858 shared_exact=True fallback_exact=0
[162/1000] numerical=4.294886353 shared_exact=True fallback_exact=0
[163/1000] numerical=3.858347854 shared_exact=True fallback_exact=0
[164/1000] numerical=3.207419935 shared_exact=True fallback_exact=0
[165/1000] numerical=3.185264932 shared_exact=True fallback_exact=0
[166/1000] numerical=3.156996141 shared_exact=True fallback_exact=0
[167/1000] numerical=2.768500050 shared_exact=True fallback_exact=0
[168/1000] numerical=3.471428974 shared_exact=True fallback_exact=0
[169/1000] numerical=3.039257343 shared_exact=True fallback_exact=0
[170/1000] numerical=3.082000344 shared_exact=True fallback_exact=0
[171/1000] numerical=2.822818093 shared_exact=True fallback_exact=0
[172/1000] numerical=3.433133783 shared_exact=True fallback_exact=0
[173/1000] numerical=2.426701186 shared_exact=True fallback_exact=0
[174/1000] numerical=3.666284169 shared_exact=True fallback_exact=0
[175/1000] numerical=3.432132747 shared_exact=True fallback_exact=0
[176/1000] numerical=2.318276886 shared_exact=True fallback_exact=0
[177/1000] numerical=2.788090150 shared_exact=True fallback_exact=0
[178/1000] numerical=2.963327921 shared_exact=True fallback_exact=0
[179/1000] numerical=2.183152533 shared_exact=True fallback_exact=0
[180/1000] numerical=3.976151180 shared_exact=True fallback_exact=0
[181/1000] numerical=3.934832433 shared_exact=True fallback_exact=0
[182/1000] numerical=4.087901203 shared_exact=True fallback_exact=0
[183/1000] numerical=3.659370487 shared_exact=True fallback_exact=0
[184/1000] numerical=4.040883891 shared_exact=True fallback_exact=0
[185/1000] numerical=3.538273075 shared_exact=True fallback_exact=0
[186/1000] numerical=4.326357628 shared_exact=True fallback_exact=0
[187/1000] numerical=3.695576718 shared_exact=True fallback_exact=0
[188/1000] numerical=3.931777725 shared_exact=True fallback_exact=0
[189/1000] numerical=3.846252049 shared_exact=True fallback_exact=0
[190/1000] numerical=2.967062127 shared_exact=True fallback_exact=0
[191/1000] numerical=3.123397207 shared_exact=True fallback_exact=0
[192/1000] numerical=3.234375738 shared_exact=True fallback_exact=0
[193/1000] numerical=4.132190524 shared_exact=True fallback_exact=0
[194/1000] numerical=3.553600081 shared_exact=True fallback_exact=0
[195/1000] numerical=3.833310088 shared_exact=True fallback_exact=0
[196/1000] numerical=3.934827214 shared_exact=True fallback_exact=0
[197/1000] numerical=3.675496642 shared_exact=True fallback_exact=0
[198/1000] numerical=3.805501345 shared_exact=True fallback_exact=0
[199/1000] numerical=3.695092402 shared_exact=True fallback_exact=0
[200/1000] numerical=3.978300203 shared_exact=True fallback_exact=0
[201/1000] numerical=3.434331662 shared_exact=True fallback_exact=0
[202/1000] numerical=4.182699939 shared_exact=True fallback_exact=0
[203/1000] numerical=4.003834175 shared_exact=True fallback_exact=0
[204/1000] numerical=2.976638402 shared_exact=True fallback_exact=0
[205/1000] numerical=4.087679427 shared_exact=True fallback_exact=0
[206/1000] numerical=3.456168558 shared_exact=True fallback_exact=0
[207/1000] numerical=3.759920242 shared_exact=True fallback_exact=0
[208/1000] numerical=3.584910059 shared_exact=True fallback_exact=0
[209/1000] numerical=3.750360620 shared_exact=True fallback_exact=0
[210/1000] numerical=3.218529485 shared_exact=True fallback_exact=0
[211/1000] numerical=4.136207046 shared_exact=True fallback_exact=0
[212/1000] numerical=3.952924865 shared_exact=True fallback_exact=0
[213/1000] numerical=2.900376964 shared_exact=True fallback_exact=0
[214/1000] numerical=4.040883890 shared_exact=True fallback_exact=0
[215/1000] numerical=3.538316621 shared_exact=True fallback_exact=0
[216/1000] numerical=4.326357618 shared_exact=True fallback_exact=0
[217/1000] numerical=3.695576750 shared_exact=True fallback_exact=0
[218/1000] numerical=3.931684393 shared_exact=True fallback_exact=0
[219/1000] numerical=3.846252031 shared_exact=True fallback_exact=0
[220/1000] numerical=2.967062129 shared_exact=True fallback_exact=0
[221/1000] numerical=3.391621787 shared_exact=True fallback_exact=0
[222/1000] numerical=3.664248173 shared_exact=True fallback_exact=0
[223/1000] numerical=3.565081778 shared_exact=True fallback_exact=0
[224/1000] numerical=3.665087608 shared_exact=True fallback_exact=0
[225/1000] numerical=3.911697835 shared_exact=True fallback_exact=0
[226/1000] numerical=3.227113750 shared_exact=True fallback_exact=0
[227/1000] numerical=3.184580909 shared_exact=True fallback_exact=0
[228/1000] numerical=3.356657389 shared_exact=True fallback_exact=0
[229/1000] numerical=2.675833806 shared_exact=True fallback_exact=0
[230/1000] numerical=3.385699686 shared_exact=True fallback_exact=0
[231/1000] numerical=3.944777826 shared_exact=True fallback_exact=0
[232/1000] numerical=4.192716934 shared_exact=True fallback_exact=0
[233/1000] numerical=3.497252011 shared_exact=True fallback_exact=0
[234/1000] numerical=3.711999000 shared_exact=True fallback_exact=0
[235/1000] numerical=3.561123844 shared_exact=True fallback_exact=0
[236/1000] numerical=2.599369784 shared_exact=True fallback_exact=0
[237/1000] numerical=3.052428171 shared_exact=True fallback_exact=0
[238/1000] numerical=3.751833128 shared_exact=True fallback_exact=0
[239/1000] numerical=3.679464082 shared_exact=True fallback_exact=0
[240/1000] numerical=2.970330724 shared_exact=True fallback_exact=0
[241/1000] numerical=2.815313552 shared_exact=True fallback_exact=0
[242/1000] numerical=3.217722151 shared_exact=True fallback_exact=0
[243/1000] numerical=2.959474089 shared_exact=True fallback_exact=0
[244/1000] numerical=3.123397181 shared_exact=True fallback_exact=0
[245/1000] numerical=2.927008911 shared_exact=True fallback_exact=0
[246/1000] numerical=2.254217498 shared_exact=True fallback_exact=0
[247/1000] numerical=2.290165296 shared_exact=True fallback_exact=0
[248/1000] numerical=3.198715311 shared_exact=True fallback_exact=0
[249/1000] numerical=2.572871055 shared_exact=True fallback_exact=0
[250/1000] numerical=2.688427761 shared_exact=True fallback_exact=0
[251/1000] numerical=2.638724720 shared_exact=True fallback_exact=0
[252/1000] numerical=1.799392865 shared_exact=True fallback_exact=0
[253/1000] numerical=3.395822312 shared_exact=True fallback_exact=0
[254/1000] numerical=3.462865853 shared_exact=True fallback_exact=0
[255/1000] numerical=3.397374281 shared_exact=True fallback_exact=0
[256/1000] numerical=3.395822312 shared_exact=True fallback_exact=0
[257/1000] numerical=3.061579543 shared_exact=True fallback_exact=0
[258/1000] numerical=2.423537180 shared_exact=True fallback_exact=0
[259/1000] numerical=2.498133352 shared_exact=True fallback_exact=0
[260/1000] numerical=3.716572928 shared_exact=True fallback_exact=0
[261/1000] numerical=2.693877540 shared_exact=True fallback_exact=0
[262/1000] numerical=3.265201027 shared_exact=True fallback_exact=0
[263/1000] numerical=3.238195492 shared_exact=True fallback_exact=0
[264/1000] numerical=2.421372858 shared_exact=True fallback_exact=0
[265/1000] numerical=2.090402710 shared_exact=True fallback_exact=0
[266/1000] numerical=2.212735161 shared_exact=True fallback_exact=0
[267/1000] numerical=3.368543196 shared_exact=True fallback_exact=0
[268/1000] numerical=2.658825621 shared_exact=True fallback_exact=0
[269/1000] numerical=3.401665044 shared_exact=True fallback_exact=0
[270/1000] numerical=2.694087400 shared_exact=True fallback_exact=0
[271/1000] numerical=2.960959556 shared_exact=True fallback_exact=0
[272/1000] numerical=2.863632199 shared_exact=True fallback_exact=0
[273/1000] numerical=2.986825632 shared_exact=True fallback_exact=0
[274/1000] numerical=2.797351094 shared_exact=True fallback_exact=0
[275/1000] numerical=3.167311018 shared_exact=True fallback_exact=0
[276/1000] numerical=2.927420262 shared_exact=True fallback_exact=0
[277/1000] numerical=2.450795293 shared_exact=True fallback_exact=0
[278/1000] numerical=2.213194395 shared_exact=True fallback_exact=0
[279/1000] numerical=3.041907915 shared_exact=True fallback_exact=0
[280/1000] numerical=4.059359189 shared_exact=True fallback_exact=0
[281/1000] numerical=3.577218115 shared_exact=True fallback_exact=0
[282/1000] numerical=3.447530766 shared_exact=True fallback_exact=0
[283/1000] numerical=3.784497009 shared_exact=True fallback_exact=0
[284/1000] numerical=3.381740148 shared_exact=True fallback_exact=0
[285/1000] numerical=2.963733994 shared_exact=True fallback_exact=0
[286/1000] numerical=3.360286590 shared_exact=True fallback_exact=0
[287/1000] numerical=3.595787963 shared_exact=True fallback_exact=0
[288/1000] numerical=3.383507866 shared_exact=True fallback_exact=0
[289/1000] numerical=3.040722749 shared_exact=True fallback_exact=0
[290/1000] numerical=3.601577309 shared_exact=True fallback_exact=0
[291/1000] numerical=3.656686171 shared_exact=True fallback_exact=0
[292/1000] numerical=3.455904543 shared_exact=True fallback_exact=0
[293/1000] numerical=3.041907909 shared_exact=True fallback_exact=0
[294/1000] numerical=4.059359189 shared_exact=True fallback_exact=0
[295/1000] numerical=3.577219088 shared_exact=True fallback_exact=0
[296/1000] numerical=3.447530655 shared_exact=True fallback_exact=0
[297/1000] numerical=3.405062524 shared_exact=True fallback_exact=0
[298/1000] numerical=3.415130596 shared_exact=True fallback_exact=0
[299/1000] numerical=2.849220003 shared_exact=True fallback_exact=0
[300/1000] numerical=2.892124331 shared_exact=True fallback_exact=0
[301/1000] numerical=2.160832685 shared_exact=True fallback_exact=0
[302/1000] numerical=2.845691939 shared_exact=True fallback_exact=0
[303/1000] numerical=3.967176188 shared_exact=True fallback_exact=0
[304/1000] numerical=3.941742374 shared_exact=True fallback_exact=0
[305/1000] numerical=3.109920426 shared_exact=True fallback_exact=0
[306/1000] numerical=2.951713081 shared_exact=True fallback_exact=0
[307/1000] numerical=2.808805325 shared_exact=True fallback_exact=0
[308/1000] numerical=2.808013419 shared_exact=True fallback_exact=0
[309/1000] numerical=3.419589239 shared_exact=True fallback_exact=0
[310/1000] numerical=3.298267745 shared_exact=True fallback_exact=0
[311/1000] numerical=2.687671240 shared_exact=True fallback_exact=0
[312/1000] numerical=2.396441398 shared_exact=True fallback_exact=0
[313/1000] numerical=1.879786366 shared_exact=True fallback_exact=0
[314/1000] numerical=2.975651087 shared_exact=True fallback_exact=0
[315/1000] numerical=2.394680531 shared_exact=True fallback_exact=0
[316/1000] numerical=2.287419492 shared_exact=True fallback_exact=0
[317/1000] numerical=3.384737047 shared_exact=True fallback_exact=0
[318/1000] numerical=4.234047945 shared_exact=True fallback_exact=0
[319/1000] numerical=3.606695386 shared_exact=True fallback_exact=0
[320/1000] numerical=3.988827605 shared_exact=True fallback_exact=0
[321/1000] numerical=3.543542671 shared_exact=True fallback_exact=0
[322/1000] numerical=3.495371193 shared_exact=True fallback_exact=0
[323/1000] numerical=3.577242367 shared_exact=True fallback_exact=0
[324/1000] numerical=3.528694750 shared_exact=True fallback_exact=0
[325/1000] numerical=3.545148897 shared_exact=True fallback_exact=0
[326/1000] numerical=3.813606382 shared_exact=True fallback_exact=0
[327/1000] numerical=3.607516053 shared_exact=True fallback_exact=0
[328/1000] numerical=3.384737442 shared_exact=True fallback_exact=0
[329/1000] numerical=4.234047943 shared_exact=True fallback_exact=0
[330/1000] numerical=3.606695386 shared_exact=True fallback_exact=0
[331/1000] numerical=3.785405536 shared_exact=True fallback_exact=0
[332/1000] numerical=2.855273504 shared_exact=True fallback_exact=0
[333/1000] numerical=3.217027742 shared_exact=True fallback_exact=0
[334/1000] numerical=2.720216377 shared_exact=True fallback_exact=0
[335/1000] numerical=3.230207276 shared_exact=True fallback_exact=0
[336/1000] numerical=3.175128314 shared_exact=True fallback_exact=0
[337/1000] numerical=3.927365106 shared_exact=True fallback_exact=0
[338/1000] numerical=4.110007675 shared_exact=True fallback_exact=0
[339/1000] numerical=3.530186063 shared_exact=True fallback_exact=0
[340/1000] numerical=3.298088690 shared_exact=True fallback_exact=0
[341/1000] numerical=3.455425026 shared_exact=True fallback_exact=0
[342/1000] numerical=2.863392473 shared_exact=True fallback_exact=0
[343/1000] numerical=2.174439234 shared_exact=True fallback_exact=0
[344/1000] numerical=3.132572807 shared_exact=True fallback_exact=0
[345/1000] numerical=2.440112462 shared_exact=True fallback_exact=0
[346/1000] numerical=4.556155845 shared_exact=True fallback_exact=0
[347/1000] numerical=4.447687894 shared_exact=True fallback_exact=0
[348/1000] numerical=4.435425151 shared_exact=True fallback_exact=0
[349/1000] numerical=3.863329020 shared_exact=True fallback_exact=0
[350/1000] numerical=3.336533025 shared_exact=True fallback_exact=0
[351/1000] numerical=3.520138914 shared_exact=True fallback_exact=0
[352/1000] numerical=2.924896094 shared_exact=True fallback_exact=0
[353/1000] numerical=4.082472470 shared_exact=True fallback_exact=0
[354/1000] numerical=3.658053332 shared_exact=True fallback_exact=0
[355/1000] numerical=3.854708125 shared_exact=True fallback_exact=0
[356/1000] numerical=4.094243728 shared_exact=True fallback_exact=0
[357/1000] numerical=3.542084226 shared_exact=True fallback_exact=0
[358/1000] numerical=3.393707253 shared_exact=True fallback_exact=0
[359/1000] numerical=3.522597177 shared_exact=True fallback_exact=0
[360/1000] numerical=3.909131459 shared_exact=True fallback_exact=0
[361/1000] numerical=3.558674217 shared_exact=True fallback_exact=0
[362/1000] numerical=4.127911509 shared_exact=True fallback_exact=0
[363/1000] numerical=4.556154370 shared_exact=True fallback_exact=0
[364/1000] numerical=3.663668384 shared_exact=True fallback_exact=0
[365/1000] numerical=3.188270808 shared_exact=True fallback_exact=0
[366/1000] numerical=3.299486946 shared_exact=True fallback_exact=0
[367/1000] numerical=3.131816881 shared_exact=True fallback_exact=0
[368/1000] numerical=3.031522869 shared_exact=True fallback_exact=0
[369/1000] numerical=3.706606348 shared_exact=True fallback_exact=0
[370/1000] numerical=3.476781062 shared_exact=True fallback_exact=0
[371/1000] numerical=4.225917223 shared_exact=True fallback_exact=0
[372/1000] numerical=4.435710924 shared_exact=True fallback_exact=0
[373/1000] numerical=3.868468161 shared_exact=True fallback_exact=0
[374/1000] numerical=4.435425220 shared_exact=True fallback_exact=0
[375/1000] numerical=3.706514583 shared_exact=True fallback_exact=0
[376/1000] numerical=3.277571669 shared_exact=True fallback_exact=0
[377/1000] numerical=3.400009275 shared_exact=True fallback_exact=0
[378/1000] numerical=3.168913258 shared_exact=True fallback_exact=0
[379/1000] numerical=3.082424708 shared_exact=True fallback_exact=0
[380/1000] numerical=3.835393168 shared_exact=True fallback_exact=0
[381/1000] numerical=3.572861083 shared_exact=True fallback_exact=0
[382/1000] numerical=4.249522594 shared_exact=True fallback_exact=0
[383/1000] numerical=4.462755889 shared_exact=True fallback_exact=0
[384/1000] numerical=3.897371524 shared_exact=True fallback_exact=0
[385/1000] numerical=3.336533035 shared_exact=True fallback_exact=0
[386/1000] numerical=3.520139224 shared_exact=True fallback_exact=0
[387/1000] numerical=2.924896961 shared_exact=True fallback_exact=0
[388/1000] numerical=4.082473266 shared_exact=True fallback_exact=0
[389/1000] numerical=3.658053279 shared_exact=True fallback_exact=0
[390/1000] numerical=3.854644245 shared_exact=True fallback_exact=0
[391/1000] numerical=4.091018561 shared_exact=True fallback_exact=0
[392/1000] numerical=3.542178040 shared_exact=True fallback_exact=0
[393/1000] numerical=3.254247223 shared_exact=True fallback_exact=0
[394/1000] numerical=2.850767927 shared_exact=True fallback_exact=0
[395/1000] numerical=3.192368427 shared_exact=True fallback_exact=0
[396/1000] numerical=2.687365903 shared_exact=True fallback_exact=0
[397/1000] numerical=2.890472087 shared_exact=True fallback_exact=0
[398/1000] numerical=3.382735256 shared_exact=True fallback_exact=0
[399/1000] numerical=2.936939897 shared_exact=True fallback_exact=0
[400/1000] numerical=2.182789273 shared_exact=True fallback_exact=0
[401/1000] numerical=2.748592121 shared_exact=True fallback_exact=0
[402/1000] numerical=2.323417712 shared_exact=True fallback_exact=0
[403/1000] numerical=2.735596995 shared_exact=True fallback_exact=0
[404/1000] numerical=3.389801749 shared_exact=True fallback_exact=0
[405/1000] numerical=3.945704137 shared_exact=True fallback_exact=0
[406/1000] numerical=3.509047554 shared_exact=True fallback_exact=0
[407/1000] numerical=3.296978985 shared_exact=True fallback_exact=0
[408/1000] numerical=3.516071233 shared_exact=True fallback_exact=0
[409/1000] numerical=2.961500583 shared_exact=True fallback_exact=0
[410/1000] numerical=3.050744776 shared_exact=True fallback_exact=0
[411/1000] numerical=2.747190398 shared_exact=True fallback_exact=0
[412/1000] numerical=3.658530239 shared_exact=True fallback_exact=0
[413/1000] numerical=3.897880435 shared_exact=True fallback_exact=0
[414/1000] numerical=2.725486338 shared_exact=True fallback_exact=0
[415/1000] numerical=3.353424672 shared_exact=True fallback_exact=0
[416/1000] numerical=3.465752211 shared_exact=True fallback_exact=0
[417/1000] numerical=3.643487175 shared_exact=True fallback_exact=0
[418/1000] numerical=3.393385671 shared_exact=True fallback_exact=0
[419/1000] numerical=2.188921576 shared_exact=True fallback_exact=0
[420/1000] numerical=2.390029228 shared_exact=True fallback_exact=0
[421/1000] numerical=1.691305746 shared_exact=True fallback_exact=0
[422/1000] numerical=2.945886424 shared_exact=True fallback_exact=0
[423/1000] numerical=2.515950463 shared_exact=True fallback_exact=0
[424/1000] numerical=2.563789169 shared_exact=True fallback_exact=0
[425/1000] numerical=2.814796500 shared_exact=True fallback_exact=0
[426/1000] numerical=2.278132785 shared_exact=True fallback_exact=0
[427/1000] numerical=3.874008266 shared_exact=True fallback_exact=0
[428/1000] numerical=3.769989174 shared_exact=True fallback_exact=0
[429/1000] numerical=3.115835583 shared_exact=True fallback_exact=0
[430/1000] numerical=3.896056033 shared_exact=True fallback_exact=0
[431/1000] numerical=3.016716294 shared_exact=True fallback_exact=0
[432/1000] numerical=3.563966492 shared_exact=True fallback_exact=0
[433/1000] numerical=3.810188025 shared_exact=True fallback_exact=0
[434/1000] numerical=3.613436693 shared_exact=True fallback_exact=0
[435/1000] numerical=3.135532082 shared_exact=True fallback_exact=0
[436/1000] numerical=3.363315269 shared_exact=True fallback_exact=0
[437/1000] numerical=3.127811131 shared_exact=True fallback_exact=0
[438/1000] numerical=2.919545734 shared_exact=True fallback_exact=0
[439/1000] numerical=2.940011630 shared_exact=True fallback_exact=0
[440/1000] numerical=2.874518398 shared_exact=True fallback_exact=0
[441/1000] numerical=2.920133098 shared_exact=True fallback_exact=0
[442/1000] numerical=2.940011648 shared_exact=True fallback_exact=0
[443/1000] numerical=2.873855475 shared_exact=True fallback_exact=0
[444/1000] numerical=3.699318720 shared_exact=True fallback_exact=0
[445/1000] numerical=4.269278724 shared_exact=True fallback_exact=0
[446/1000] numerical=4.269392928 shared_exact=True fallback_exact=0
[447/1000] numerical=4.106618639 shared_exact=True fallback_exact=0
[448/1000] numerical=3.699318413 shared_exact=True fallback_exact=0
[449/1000] numerical=4.269277844 shared_exact=True fallback_exact=0
[450/1000] numerical=4.269488001 shared_exact=True fallback_exact=0
[451/1000] numerical=4.106616860 shared_exact=True fallback_exact=0
[452/1000] numerical=3.881153769 shared_exact=True fallback_exact=0
[453/1000] numerical=3.791081398 shared_exact=True fallback_exact=0
[454/1000] numerical=3.117466762 shared_exact=True fallback_exact=0
[455/1000] numerical=3.699169905 shared_exact=True fallback_exact=0
[456/1000] numerical=3.699318341 shared_exact=True fallback_exact=0
[457/1000] numerical=2.917725958 shared_exact=True fallback_exact=0
[458/1000] numerical=3.563966492 shared_exact=True fallback_exact=0
[459/1000] numerical=4.414205809 shared_exact=True fallback_exact=0
[460/1000] numerical=4.330773905 shared_exact=True fallback_exact=0
[461/1000] numerical=3.406478979 shared_exact=True fallback_exact=0
[462/1000] numerical=3.379952954 shared_exact=True fallback_exact=0
[463/1000] numerical=3.158142093 shared_exact=True fallback_exact=0
[464/1000] numerical=3.699318356 shared_exact=True fallback_exact=0
[465/1000] numerical=4.269283130 shared_exact=True fallback_exact=0
[466/1000] numerical=4.106617370 shared_exact=True fallback_exact=0
[467/1000] numerical=3.563966502 shared_exact=True fallback_exact=0
[468/1000] numerical=3.127637911 shared_exact=True fallback_exact=0
[469/1000] numerical=2.992193271 shared_exact=True fallback_exact=0
[470/1000] numerical=2.703869044 shared_exact=True fallback_exact=0
[471/1000] numerical=1.931877306 shared_exact=True fallback_exact=0
[472/1000] numerical=3.493775383 shared_exact=True fallback_exact=0
[473/1000] numerical=2.582461946 shared_exact=True fallback_exact=0
[474/1000] numerical=3.269403788 shared_exact=True fallback_exact=0
[475/1000] numerical=3.110352834 shared_exact=True fallback_exact=0
[476/1000] numerical=2.565365424 shared_exact=True fallback_exact=0
[477/1000] numerical=2.992201315 shared_exact=True fallback_exact=0
[478/1000] numerical=2.703869044 shared_exact=True fallback_exact=0
[479/1000] numerical=1.931877306 shared_exact=True fallback_exact=0
[480/1000] numerical=3.493775419 shared_exact=True fallback_exact=0
[481/1000] numerical=2.582532767 shared_exact=True fallback_exact=0
[482/1000] numerical=3.269355933 shared_exact=True fallback_exact=0
[483/1000] numerical=3.110357759 shared_exact=True fallback_exact=0
[484/1000] numerical=2.565365420 shared_exact=True fallback_exact=0
[485/1000] numerical=1.802165697 shared_exact=True fallback_exact=0
[486/1000] numerical=2.735062359 shared_exact=True fallback_exact=0
[487/1000] numerical=2.340321514 shared_exact=True fallback_exact=0
[488/1000] numerical=4.106181381 shared_exact=True fallback_exact=0
[489/1000] numerical=4.489618822 shared_exact=True fallback_exact=0
[490/1000] numerical=4.267749185 shared_exact=True fallback_exact=0
[491/1000] numerical=4.106206202 shared_exact=True fallback_exact=0
[492/1000] numerical=4.489727864 shared_exact=True fallback_exact=0
[493/1000] numerical=4.267749153 shared_exact=True fallback_exact=0
[494/1000] numerical=4.222332104 shared_exact=True fallback_exact=0
[495/1000] numerical=3.703956084 shared_exact=True fallback_exact=0
[496/1000] numerical=4.103326165 shared_exact=True fallback_exact=0
[497/1000] numerical=3.616787433 shared_exact=True fallback_exact=0
[498/1000] numerical=4.096801128 shared_exact=True fallback_exact=0
[499/1000] numerical=3.641399021 shared_exact=True fallback_exact=0
[500/1000] numerical=4.331016816 shared_exact=True fallback_exact=0
checkpoint=/workspace/positive-square-energy/experiments/rank7_order8_chunk_019000_020000.r7o8g.xz.fragments/fragment-019000-019500.r7o8g.xz rows=500
[501/1000] numerical=4.543321156 shared_exact=True fallback_exact=0
[502/1000] numerical=3.980411243 shared_exact=True fallback_exact=0
[503/1000] numerical=4.085741582 shared_exact=True fallback_exact=0
[504/1000] numerical=4.267749146 shared_exact=True fallback_exact=0
[505/1000] numerical=3.689339754 shared_exact=True fallback_exact=0
[506/1000] numerical=3.106328245 shared_exact=True fallback_exact=0
[507/1000] numerical=2.623444952 shared_exact=True fallback_exact=0
[508/1000] numerical=3.699538409 shared_exact=True fallback_exact=0
[509/1000] numerical=3.131731451 shared_exact=True fallback_exact=0
[510/1000] numerical=3.272059247 shared_exact=True fallback_exact=0
[511/1000] numerical=3.106319919 shared_exact=True fallback_exact=0
[512/1000] numerical=2.623443582 shared_exact=True fallback_exact=0
[513/1000] numerical=3.699544470 shared_exact=True fallback_exact=0
[514/1000] numerical=3.131740551 shared_exact=True fallback_exact=0
[515/1000] numerical=3.272059218 shared_exact=True fallback_exact=0
[516/1000] numerical=2.144589697 shared_exact=True fallback_exact=0
[517/1000] numerical=2.929884302 shared_exact=True fallback_exact=0
[518/1000] numerical=4.810266198 shared_exact=True fallback_exact=0
[519/1000] numerical=3.961927773 shared_exact=True fallback_exact=0
[520/1000] numerical=4.103324371 shared_exact=True fallback_exact=0
[521/1000] numerical=3.667258286 shared_exact=True fallback_exact=0
[522/1000] numerical=4.563321396 shared_exact=True fallback_exact=0
[523/1000] numerical=4.267754513 shared_exact=True fallback_exact=0
[524/1000] numerical=4.623719676 shared_exact=True fallback_exact=0
[525/1000] numerical=4.859429597 shared_exact=True fallback_exact=0
[526/1000] numerical=4.307281518 shared_exact=True fallback_exact=0
[527/1000] numerical=4.012483548 shared_exact=True fallback_exact=0
[528/1000] numerical=4.012558844 shared_exact=True fallback_exact=0
[529/1000] numerical=4.048945939 shared_exact=True fallback_exact=0
[530/1000] numerical=4.048941755 shared_exact=True fallback_exact=0
[531/1000] numerical=3.961927582 shared_exact=True fallback_exact=0
[532/1000] numerical=4.103324445 shared_exact=True fallback_exact=0
[533/1000] numerical=3.667330069 shared_exact=True fallback_exact=0
[534/1000] numerical=4.563292087 shared_exact=True fallback_exact=0
[535/1000] numerical=4.267751614 shared_exact=True fallback_exact=0
[536/1000] numerical=4.623652615 shared_exact=True fallback_exact=0
[537/1000] numerical=4.857817643 shared_exact=True fallback_exact=0
[538/1000] numerical=4.306101880 shared_exact=True fallback_exact=0
[539/1000] numerical=4.166687557 shared_exact=True fallback_exact=0
[540/1000] numerical=3.677808320 shared_exact=True fallback_exact=0
[541/1000] numerical=3.961927496 shared_exact=True fallback_exact=0
[542/1000] numerical=3.427418846 shared_exact=True fallback_exact=0
[543/1000] numerical=3.703895234 shared_exact=True fallback_exact=0
[544/1000] numerical=4.103324371 shared_exact=True fallback_exact=0
[545/1000] numerical=3.616785722 shared_exact=True fallback_exact=0
[546/1000] numerical=3.095490621 shared_exact=True fallback_exact=0
[547/1000] numerical=3.654919859 shared_exact=True fallback_exact=0
[548/1000] numerical=3.220850957 shared_exact=True fallback_exact=0
[549/1000] numerical=3.631603133 shared_exact=True fallback_exact=0
[550/1000] numerical=4.131983172 shared_exact=True fallback_exact=0
[551/1000] numerical=4.563283587 shared_exact=True fallback_exact=0
[552/1000] numerical=4.086259715 shared_exact=True fallback_exact=0
[553/1000] numerical=4.085740384 shared_exact=True fallback_exact=0
[554/1000] numerical=4.267749146 shared_exact=True fallback_exact=0
[555/1000] numerical=3.689339753 shared_exact=True fallback_exact=0
[556/1000] numerical=3.961968428 shared_exact=True fallback_exact=0
[557/1000] numerical=3.655166279 shared_exact=True fallback_exact=0
[558/1000] numerical=4.563352219 shared_exact=True fallback_exact=0
[559/1000] numerical=4.810417409 shared_exact=True fallback_exact=0
[560/1000] numerical=3.631644844 shared_exact=True fallback_exact=0
[561/1000] numerical=4.267882137 shared_exact=True fallback_exact=0
[562/1000] numerical=4.012484165 shared_exact=True fallback_exact=0
[563/1000] numerical=2.973981444 shared_exact=True fallback_exact=0
[564/1000] numerical=2.446410575 shared_exact=True fallback_exact=0
[565/1000] numerical=3.126827672 shared_exact=True fallback_exact=0
[566/1000] numerical=2.651671251 shared_exact=True fallback_exact=0
[567/1000] numerical=2.668560713 shared_exact=True fallback_exact=0
[568/1000] numerical=3.627412477 shared_exact=True fallback_exact=0
[569/1000] numerical=3.284465864 shared_exact=True fallback_exact=0
[570/1000] numerical=3.631146935 shared_exact=True fallback_exact=0
[571/1000] numerical=3.863848364 shared_exact=True fallback_exact=0
[572/1000] numerical=3.309718913 shared_exact=True fallback_exact=0
[573/1000] numerical=4.012508665 shared_exact=True fallback_exact=0
[574/1000] numerical=2.973981444 shared_exact=True fallback_exact=0
[575/1000] numerical=2.446410575 shared_exact=True fallback_exact=0
[576/1000] numerical=3.126827668 shared_exact=True fallback_exact=0
[577/1000] numerical=2.651671248 shared_exact=True fallback_exact=0
[578/1000] numerical=2.668560714 shared_exact=True fallback_exact=0
[579/1000] numerical=3.627271439 shared_exact=True fallback_exact=0
[580/1000] numerical=3.284465864 shared_exact=True fallback_exact=0
[581/1000] numerical=3.631274467 shared_exact=True fallback_exact=0
[582/1000] numerical=3.864778656 shared_exact=True fallback_exact=0
[583/1000] numerical=3.310372170 shared_exact=True fallback_exact=0
[584/1000] numerical=2.091647935 shared_exact=True fallback_exact=0
[585/1000] numerical=2.265735073 shared_exact=True fallback_exact=0
[586/1000] numerical=2.812732739 shared_exact=True fallback_exact=0
[587/1000] numerical=3.807766048 shared_exact=True fallback_exact=0
[588/1000] numerical=3.674548103 shared_exact=True fallback_exact=0
[589/1000] numerical=3.083934286 shared_exact=True fallback_exact=0
[590/1000] numerical=3.807777001 shared_exact=True fallback_exact=0
[591/1000] numerical=3.674547526 shared_exact=True fallback_exact=0
[592/1000] numerical=3.083934287 shared_exact=True fallback_exact=0
[593/1000] numerical=3.024311916 shared_exact=True fallback_exact=0
[594/1000] numerical=3.401035223 shared_exact=True fallback_exact=0
[595/1000] numerical=3.146099082 shared_exact=True fallback_exact=0
[596/1000] numerical=2.838102264 shared_exact=True fallback_exact=0
[597/1000] numerical=2.815566467 shared_exact=True fallback_exact=0
[598/1000] numerical=2.838102292 shared_exact=True fallback_exact=0
[599/1000] numerical=2.815574167 shared_exact=True fallback_exact=0
[600/1000] numerical=3.759974290 shared_exact=True fallback_exact=0
[601/1000] numerical=4.676502599 shared_exact=True fallback_exact=0
[602/1000] numerical=4.424127904 shared_exact=True fallback_exact=0
[603/1000] numerical=3.829767030 shared_exact=True fallback_exact=0
[604/1000] numerical=4.318911192 shared_exact=True fallback_exact=0
[605/1000] numerical=4.345700887 shared_exact=True fallback_exact=0
[606/1000] numerical=4.676743999 shared_exact=True fallback_exact=0
[607/1000] numerical=4.572002758 shared_exact=True fallback_exact=0
[608/1000] numerical=4.678957830 shared_exact=True fallback_exact=0
[609/1000] numerical=4.057009883 shared_exact=True fallback_exact=0
[610/1000] numerical=3.424847674 shared_exact=True fallback_exact=0
[611/1000] numerical=3.747922938 shared_exact=True fallback_exact=0
[612/1000] numerical=3.130095562 shared_exact=True fallback_exact=0
[613/1000] numerical=4.424125171 shared_exact=True fallback_exact=0
[614/1000] numerical=3.829712140 shared_exact=True fallback_exact=0
[615/1000] numerical=4.318910380 shared_exact=True fallback_exact=0
[616/1000] numerical=4.342573453 shared_exact=True fallback_exact=0
[617/1000] numerical=4.676465421 shared_exact=True fallback_exact=0
[618/1000] numerical=4.572220027 shared_exact=True fallback_exact=0
[619/1000] numerical=4.679407043 shared_exact=True fallback_exact=0
[620/1000] numerical=4.056814899 shared_exact=True fallback_exact=0
[621/1000] numerical=3.424847675 shared_exact=True fallback_exact=0
[622/1000] numerical=3.747922936 shared_exact=True fallback_exact=0
[623/1000] numerical=3.130095561 shared_exact=True fallback_exact=0
[624/1000] numerical=3.759917118 shared_exact=True fallback_exact=0
[625/1000] numerical=4.424184884 shared_exact=True fallback_exact=0
[626/1000] numerical=3.829754044 shared_exact=True fallback_exact=0
[627/1000] numerical=4.271906191 shared_exact=True fallback_exact=0
[628/1000] numerical=4.426448980 shared_exact=True fallback_exact=0
[629/1000] numerical=3.387515951 shared_exact=True fallback_exact=0
[630/1000] numerical=3.831708102 shared_exact=True fallback_exact=0
[631/1000] numerical=4.318911882 shared_exact=True fallback_exact=0
[632/1000] numerical=4.096046269 shared_exact=True fallback_exact=0
[633/1000] numerical=4.324710755 shared_exact=True fallback_exact=0
[634/1000] numerical=3.775539777 shared_exact=True fallback_exact=0
[635/1000] numerical=4.346662470 shared_exact=True fallback_exact=0
[636/1000] numerical=4.086307994 shared_exact=True fallback_exact=0
[637/1000] numerical=4.318910295 shared_exact=True fallback_exact=0
[638/1000] numerical=3.771665030 shared_exact=True fallback_exact=0
[639/1000] numerical=4.572310563 shared_exact=True fallback_exact=0
[640/1000] numerical=4.679595692 shared_exact=True fallback_exact=0
[641/1000] numerical=4.056738615 shared_exact=True fallback_exact=0
[642/1000] numerical=3.838478269 shared_exact=True fallback_exact=0
[643/1000] numerical=3.767659739 shared_exact=True fallback_exact=0
[644/1000] numerical=4.568824274 shared_exact=True fallback_exact=0
[645/1000] numerical=4.676432564 shared_exact=True fallback_exact=0
[646/1000] numerical=3.713474114 shared_exact=True fallback_exact=0
[647/1000] numerical=4.054288716 shared_exact=True fallback_exact=0
[648/1000] numerical=3.424847700 shared_exact=True fallback_exact=0
[649/1000] numerical=3.334108615 shared_exact=True fallback_exact=0
[650/1000] numerical=3.496165549 shared_exact=True fallback_exact=0
[651/1000] numerical=2.907304324 shared_exact=True fallback_exact=0
[652/1000] numerical=3.413661706 shared_exact=True fallback_exact=0
[653/1000] numerical=2.856808938 shared_exact=True fallback_exact=0
[654/1000] numerical=3.342734325 shared_exact=True fallback_exact=0
[655/1000] numerical=2.792986734 shared_exact=True fallback_exact=0
[656/1000] numerical=3.747922810 shared_exact=True fallback_exact=0
[657/1000] numerical=3.130095562 shared_exact=True fallback_exact=0
[658/1000] numerical=3.569711539 shared_exact=True fallback_exact=0
[659/1000] numerical=3.678245264 shared_exact=True fallback_exact=0
[660/1000] numerical=2.713995427 shared_exact=True fallback_exact=0
[661/1000] numerical=3.056943281 shared_exact=True fallback_exact=0
[662/1000] numerical=3.425000796 shared_exact=True fallback_exact=0
[663/1000] numerical=3.748173038 shared_exact=True fallback_exact=0
[664/1000] numerical=3.130096292 shared_exact=True fallback_exact=0
[665/1000] numerical=2.904324380 shared_exact=True fallback_exact=0
[666/1000] numerical=3.424969566 shared_exact=True fallback_exact=0
[667/1000] numerical=3.748263734 shared_exact=True fallback_exact=0
[668/1000] numerical=3.130096188 shared_exact=True fallback_exact=0
[669/1000] numerical=2.904338820 shared_exact=True fallback_exact=0
[670/1000] numerical=3.425319989 shared_exact=True fallback_exact=0
[671/1000] numerical=3.334095979 shared_exact=True fallback_exact=0
[672/1000] numerical=3.496338734 shared_exact=True fallback_exact=0
[673/1000] numerical=2.907304840 shared_exact=True fallback_exact=0
[674/1000] numerical=3.413684661 shared_exact=True fallback_exact=0
[675/1000] numerical=2.856803048 shared_exact=True fallback_exact=0
[676/1000] numerical=3.342733907 shared_exact=True fallback_exact=0
[677/1000] numerical=2.792984649 shared_exact=True fallback_exact=0
[678/1000] numerical=3.748059203 shared_exact=True fallback_exact=0
[679/1000] numerical=3.130095953 shared_exact=True fallback_exact=0
[680/1000] numerical=3.569711675 shared_exact=True fallback_exact=0
[681/1000] numerical=3.678297138 shared_exact=True fallback_exact=0
[682/1000] numerical=2.713995377 shared_exact=True fallback_exact=0
[683/1000] numerical=3.057016422 shared_exact=True fallback_exact=0
[684/1000] numerical=2.660306100 shared_exact=True fallback_exact=0
[685/1000] numerical=2.597700605 shared_exact=True fallback_exact=0
[686/1000] numerical=2.326250688 shared_exact=True fallback_exact=0
[687/1000] numerical=2.904321470 shared_exact=True fallback_exact=0
[688/1000] numerical=2.613766764 shared_exact=True fallback_exact=0
[689/1000] numerical=2.716278784 shared_exact=True fallback_exact=0
[690/1000] numerical=2.090672586 shared_exact=True fallback_exact=0
[691/1000] numerical=3.953799466 shared_exact=True fallback_exact=0
[692/1000] numerical=4.319656097 shared_exact=True fallback_exact=0
[693/1000] numerical=3.772378488 shared_exact=True fallback_exact=0
[694/1000] numerical=3.377380692 shared_exact=True fallback_exact=0
[695/1000] numerical=3.953792397 shared_exact=True fallback_exact=0
[696/1000] numerical=4.319414147 shared_exact=True fallback_exact=0
[697/1000] numerical=3.772384517 shared_exact=True fallback_exact=0
[698/1000] numerical=3.377380691 shared_exact=True fallback_exact=0
[699/1000] numerical=3.953792270 shared_exact=True fallback_exact=0
[700/1000] numerical=3.580896974 shared_exact=True fallback_exact=0
[701/1000] numerical=3.954005349 shared_exact=True fallback_exact=0
[702/1000] numerical=3.460474533 shared_exact=True fallback_exact=0
[703/1000] numerical=3.698398467 shared_exact=True fallback_exact=0
[704/1000] numerical=3.269368002 shared_exact=True fallback_exact=0
[705/1000] numerical=3.680609791 shared_exact=True fallback_exact=0
[706/1000] numerical=3.258173554 shared_exact=True fallback_exact=0
[707/1000] numerical=4.319447833 shared_exact=True fallback_exact=0
[708/1000] numerical=3.772513227 shared_exact=True fallback_exact=0
[709/1000] numerical=4.086293018 shared_exact=True fallback_exact=0
[710/1000] numerical=4.318911086 shared_exact=True fallback_exact=0
[711/1000] numerical=3.163698537 shared_exact=True fallback_exact=0
[712/1000] numerical=3.771557201 shared_exact=True fallback_exact=0
[713/1000] numerical=3.007729626 shared_exact=True fallback_exact=0
[714/1000] numerical=2.814611772 shared_exact=True fallback_exact=0
[715/1000] numerical=2.714292078 shared_exact=True fallback_exact=0
[716/1000] numerical=3.377380688 shared_exact=True fallback_exact=0
[717/1000] numerical=3.086381649 shared_exact=True fallback_exact=0
[718/1000] numerical=3.319098275 shared_exact=True fallback_exact=0
[719/1000] numerical=2.772257317 shared_exact=True fallback_exact=0
[720/1000] numerical=3.377389318 shared_exact=True fallback_exact=0
[721/1000] numerical=3.377392813 shared_exact=True fallback_exact=0
[722/1000] numerical=3.007757096 shared_exact=True fallback_exact=0
[723/1000] numerical=2.814612792 shared_exact=True fallback_exact=0
[724/1000] numerical=2.714325424 shared_exact=True fallback_exact=0
[725/1000] numerical=3.377407635 shared_exact=True fallback_exact=0
[726/1000] numerical=3.086381671 shared_exact=True fallback_exact=0
[727/1000] numerical=3.319109532 shared_exact=True fallback_exact=0
[728/1000] numerical=2.772259098 shared_exact=True fallback_exact=0
[729/1000] numerical=2.370855061 shared_exact=True fallback_exact=0
[730/1000] numerical=4.081103151 shared_exact=True fallback_exact=0
[731/1000] numerical=2.991295863 shared_exact=True fallback_exact=0
[732/1000] numerical=3.444636376 shared_exact=True fallback_exact=0
[733/1000] numerical=4.081103151 shared_exact=True fallback_exact=0
[734/1000] numerical=2.991295849 shared_exact=True fallback_exact=0
[735/1000] numerical=3.444636738 shared_exact=True fallback_exact=0
[736/1000] numerical=2.392637809 shared_exact=True fallback_exact=0
[737/1000] numerical=4.240568517 shared_exact=True fallback_exact=0
[738/1000] numerical=4.230332173 shared_exact=True fallback_exact=0
[739/1000] numerical=4.348985555 shared_exact=True fallback_exact=0
[740/1000] numerical=3.743341621 shared_exact=True fallback_exact=0
[741/1000] numerical=4.182895829 shared_exact=True fallback_exact=0
[742/1000] numerical=3.950568674 shared_exact=True fallback_exact=0
[743/1000] numerical=2.856982252 shared_exact=True fallback_exact=0
[744/1000] numerical=3.240789792 shared_exact=True fallback_exact=0
[745/1000] numerical=3.360885172 shared_exact=True fallback_exact=0
[746/1000] numerical=3.060970925 shared_exact=True fallback_exact=0
[747/1000] numerical=2.797197242 shared_exact=True fallback_exact=0
[748/1000] numerical=2.797197242 shared_exact=True fallback_exact=0
[749/1000] numerical=3.401912067 shared_exact=True fallback_exact=0
[750/1000] numerical=3.368149150 shared_exact=True fallback_exact=0
[751/1000] numerical=3.191306365 shared_exact=True fallback_exact=0
[752/1000] numerical=2.963461441 shared_exact=True fallback_exact=0
[753/1000] numerical=2.652565591 shared_exact=True fallback_exact=0
[754/1000] numerical=2.621388281 shared_exact=True fallback_exact=0
[755/1000] numerical=2.430738893 shared_exact=True fallback_exact=0
[756/1000] numerical=2.198624546 shared_exact=True fallback_exact=0
[757/1000] numerical=3.934430564 shared_exact=True fallback_exact=0
[758/1000] numerical=3.899484346 shared_exact=True fallback_exact=0
[759/1000] numerical=3.784787227 shared_exact=True fallback_exact=0
[760/1000] numerical=4.081103151 shared_exact=True fallback_exact=0
[761/1000] numerical=3.960409526 shared_exact=True fallback_exact=0
[762/1000] numerical=3.949070129 shared_exact=True fallback_exact=0
[763/1000] numerical=3.139264123 shared_exact=True fallback_exact=0
[764/1000] numerical=3.421735584 shared_exact=True fallback_exact=0
[765/1000] numerical=2.870555795 shared_exact=True fallback_exact=0
[766/1000] numerical=3.055651559 shared_exact=True fallback_exact=0
[767/1000] numerical=2.996182158 shared_exact=True fallback_exact=0
[768/1000] numerical=2.991295847 shared_exact=True fallback_exact=0
[769/1000] numerical=2.968601220 shared_exact=True fallback_exact=0
[770/1000] numerical=2.837604140 shared_exact=True fallback_exact=0
[771/1000] numerical=1.921496856 shared_exact=True fallback_exact=0
[772/1000] numerical=3.376696628 shared_exact=True fallback_exact=0
[773/1000] numerical=3.457069001 shared_exact=True fallback_exact=0
[774/1000] numerical=3.388961862 shared_exact=True fallback_exact=0
[775/1000] numerical=3.444636364 shared_exact=True fallback_exact=0
[776/1000] numerical=3.400723324 shared_exact=True fallback_exact=0
[777/1000] numerical=3.296747461 shared_exact=True fallback_exact=0
[778/1000] numerical=2.418004959 shared_exact=True fallback_exact=0
[779/1000] numerical=3.934430564 shared_exact=True fallback_exact=0
[780/1000] numerical=3.899484346 shared_exact=True fallback_exact=0
[781/1000] numerical=3.784787227 shared_exact=True fallback_exact=0
[782/1000] numerical=4.081103151 shared_exact=True fallback_exact=0
[783/1000] numerical=3.960409526 shared_exact=True fallback_exact=0
[784/1000] numerical=3.949070129 shared_exact=True fallback_exact=0
[785/1000] numerical=3.139264123 shared_exact=True fallback_exact=0
[786/1000] numerical=3.055651558 shared_exact=True fallback_exact=0
[787/1000] numerical=2.996182158 shared_exact=True fallback_exact=0
[788/1000] numerical=2.991295840 shared_exact=True fallback_exact=0
[789/1000] numerical=2.968601220 shared_exact=True fallback_exact=0
[790/1000] numerical=2.837604140 shared_exact=True fallback_exact=0
[791/1000] numerical=1.921496856 shared_exact=True fallback_exact=0
[792/1000] numerical=3.376696776 shared_exact=True fallback_exact=0
[793/1000] numerical=3.457069006 shared_exact=True fallback_exact=0
[794/1000] numerical=3.388961862 shared_exact=True fallback_exact=0
[795/1000] numerical=3.444636623 shared_exact=True fallback_exact=0
[796/1000] numerical=3.400723333 shared_exact=True fallback_exact=0
[797/1000] numerical=3.296747485 shared_exact=True fallback_exact=0
[798/1000] numerical=2.418004959 shared_exact=True fallback_exact=0
[799/1000] numerical=2.708350752 shared_exact=True fallback_exact=0
[800/1000] numerical=2.683361850 shared_exact=True fallback_exact=0
[801/1000] numerical=2.392630396 shared_exact=True fallback_exact=0
[802/1000] numerical=2.455800605 shared_exact=True fallback_exact=0
[803/1000] numerical=2.212015227 shared_exact=True fallback_exact=0
[804/1000] numerical=1.096872759 shared_exact=True fallback_exact=0
[805/1000] numerical=4.182450358 shared_exact=True fallback_exact=0
[806/1000] numerical=3.968760983 shared_exact=True fallback_exact=0
[807/1000] numerical=4.230332173 shared_exact=True fallback_exact=0
[808/1000] numerical=4.395235711 shared_exact=True fallback_exact=0
[809/1000] numerical=4.255647024 shared_exact=True fallback_exact=0
[810/1000] numerical=3.324300496 shared_exact=True fallback_exact=0
[811/1000] numerical=4.348985690 shared_exact=True fallback_exact=0
[812/1000] numerical=4.355551063 shared_exact=True fallback_exact=0
[813/1000] numerical=4.228902606 shared_exact=True fallback_exact=0
[814/1000] numerical=3.311141786 shared_exact=True fallback_exact=0
[815/1000] numerical=4.182886175 shared_exact=True fallback_exact=0
[816/1000] numerical=3.950512348 shared_exact=True fallback_exact=0
[817/1000] numerical=2.856977818 shared_exact=True fallback_exact=0
[818/1000] numerical=3.602130053 shared_exact=True fallback_exact=0
[819/1000] numerical=4.011525508 shared_exact=True fallback_exact=0
[820/1000] numerical=3.770532522 shared_exact=True fallback_exact=0
[821/1000] numerical=3.388997039 shared_exact=True fallback_exact=0
[822/1000] numerical=2.658304900 shared_exact=True fallback_exact=0
[823/1000] numerical=2.964066543 shared_exact=True fallback_exact=0
[824/1000] numerical=1.820109248 shared_exact=True fallback_exact=0
[825/1000] numerical=2.288825335 shared_exact=True fallback_exact=0
[826/1000] numerical=2.964066543 shared_exact=True fallback_exact=0
[827/1000] numerical=1.820109248 shared_exact=True fallback_exact=0
[828/1000] numerical=2.288825336 shared_exact=True fallback_exact=0
[829/1000] numerical=1.148742107 shared_exact=True fallback_exact=0
[830/1000] numerical=3.439119283 shared_exact=True fallback_exact=0
[831/1000] numerical=3.260897676 shared_exact=True fallback_exact=0
[832/1000] numerical=3.240659874 shared_exact=True fallback_exact=0
[833/1000] numerical=2.963559993 shared_exact=True fallback_exact=0
[834/1000] numerical=2.708208897 shared_exact=True fallback_exact=0
[835/1000] numerical=1.561552813 shared_exact=True fallback_exact=0
[836/1000] numerical=3.119449350 shared_exact=True fallback_exact=0
[837/1000] numerical=3.147133814 shared_exact=True fallback_exact=0
[838/1000] numerical=3.061425592 shared_exact=True fallback_exact=0
[839/1000] numerical=2.894734007 shared_exact=True fallback_exact=0
[840/1000] numerical=3.027560193 shared_exact=True fallback_exact=0
[841/1000] numerical=2.715894284 shared_exact=True fallback_exact=0
[842/1000] numerical=3.258848641 shared_exact=True fallback_exact=0
[843/1000] numerical=3.120761653 shared_exact=True fallback_exact=0
[844/1000] numerical=2.903879382 shared_exact=True fallback_exact=0
[845/1000] numerical=2.671350046 shared_exact=True fallback_exact=0
[846/1000] numerical=2.697762020 shared_exact=True fallback_exact=0
[847/1000] numerical=2.689852868 shared_exact=True fallback_exact=0
[848/1000] numerical=2.467927430 shared_exact=True fallback_exact=0
[849/1000] numerical=2.214284217 shared_exact=True fallback_exact=0
[850/1000] numerical=2.896384910 shared_exact=True fallback_exact=0
[851/1000] numerical=3.387301016 shared_exact=True fallback_exact=0
[852/1000] numerical=3.714332057 shared_exact=True fallback_exact=0
[853/1000] numerical=3.564739022 shared_exact=True fallback_exact=0
[854/1000] numerical=3.384678852 shared_exact=True fallback_exact=0
[855/1000] numerical=3.179410393 shared_exact=True fallback_exact=0
[856/1000] numerical=3.153616136 shared_exact=True fallback_exact=0
[857/1000] numerical=3.186023258 shared_exact=True fallback_exact=0
[858/1000] numerical=3.343755486 shared_exact=True fallback_exact=0
[859/1000] numerical=3.183130979 shared_exact=True fallback_exact=0
[860/1000] numerical=2.956415186 shared_exact=True fallback_exact=0
[861/1000] numerical=3.246977776 shared_exact=True fallback_exact=0
[862/1000] numerical=2.896384910 shared_exact=True fallback_exact=0
[863/1000] numerical=3.061292317 shared_exact=True fallback_exact=0
[864/1000] numerical=2.976578050 shared_exact=True fallback_exact=0
[865/1000] numerical=2.125820325 shared_exact=True fallback_exact=0
[866/1000] numerical=2.864440326 shared_exact=True fallback_exact=0
[867/1000] numerical=3.721302221 shared_exact=True fallback_exact=0
[868/1000] numerical=3.631880988 shared_exact=True fallback_exact=0
[869/1000] numerical=3.387302549 shared_exact=True fallback_exact=0
[870/1000] numerical=3.758957811 shared_exact=True fallback_exact=0
[871/1000] numerical=3.571334306 shared_exact=True fallback_exact=0
[872/1000] numerical=2.569433365 shared_exact=True fallback_exact=0
[873/1000] numerical=2.714358776 shared_exact=True fallback_exact=0
[874/1000] numerical=2.802547766 shared_exact=True fallback_exact=0
[875/1000] numerical=2.679100109 shared_exact=True fallback_exact=0
[876/1000] numerical=2.435751907 shared_exact=True fallback_exact=0
[877/1000] numerical=3.714332057 shared_exact=True fallback_exact=0
[878/1000] numerical=3.666789852 shared_exact=True fallback_exact=0
[879/1000] numerical=3.580037449 shared_exact=True fallback_exact=0
[880/1000] numerical=2.721176202 shared_exact=True fallback_exact=0
[881/1000] numerical=3.564645723 shared_exact=True fallback_exact=0
[882/1000] numerical=3.842822206 shared_exact=True fallback_exact=0
[883/1000] numerical=3.766109868 shared_exact=True fallback_exact=0
[884/1000] numerical=2.910778285 shared_exact=True fallback_exact=0
[885/1000] numerical=3.384678858 shared_exact=True fallback_exact=0
[886/1000] numerical=3.179410478 shared_exact=True fallback_exact=0
[887/1000] numerical=2.918158005 shared_exact=True fallback_exact=0
[888/1000] numerical=3.406243775 shared_exact=True fallback_exact=0
[889/1000] numerical=3.210733906 shared_exact=True fallback_exact=0
[890/1000] numerical=2.741361874 shared_exact=True fallback_exact=0
[891/1000] numerical=2.200866922 shared_exact=True fallback_exact=0
[892/1000] numerical=2.197458099 shared_exact=True fallback_exact=0
[893/1000] numerical=2.868132941 shared_exact=True fallback_exact=0
[894/1000] numerical=2.541691029 shared_exact=True fallback_exact=0
[895/1000] numerical=3.034451223 shared_exact=True fallback_exact=0
[896/1000] numerical=2.580834949 shared_exact=True fallback_exact=0
[897/1000] numerical=2.393655333 shared_exact=True fallback_exact=0
[898/1000] numerical=3.592888166 shared_exact=True fallback_exact=0
[899/1000] numerical=3.907754147 shared_exact=True fallback_exact=0
[900/1000] numerical=3.993127638 shared_exact=True fallback_exact=0
[901/1000] numerical=3.923252976 shared_exact=True fallback_exact=0
[902/1000] numerical=3.843575542 shared_exact=True fallback_exact=0
[903/1000] numerical=3.582119048 shared_exact=True fallback_exact=0
[904/1000] numerical=3.176653877 shared_exact=True fallback_exact=0
[905/1000] numerical=3.202814158 shared_exact=True fallback_exact=0
[906/1000] numerical=3.907754989 shared_exact=True fallback_exact=0
[907/1000] numerical=3.579410159 shared_exact=True fallback_exact=0
[908/1000] numerical=3.768368081 shared_exact=True fallback_exact=0
[909/1000] numerical=3.196128622 shared_exact=True fallback_exact=0
[910/1000] numerical=3.794007304 shared_exact=True fallback_exact=0
[911/1000] numerical=3.331256062 shared_exact=True fallback_exact=0
[912/1000] numerical=3.728108273 shared_exact=True fallback_exact=0
[913/1000] numerical=3.819320032 shared_exact=True fallback_exact=0
[914/1000] numerical=3.614519226 shared_exact=True fallback_exact=0
[915/1000] numerical=3.993125443 shared_exact=True fallback_exact=0
[916/1000] numerical=3.936436675 shared_exact=True fallback_exact=0
[917/1000] numerical=4.052800805 shared_exact=True fallback_exact=0
[918/1000] numerical=3.437125993 shared_exact=True fallback_exact=0
[919/1000] numerical=3.696504126 shared_exact=True fallback_exact=0
[920/1000] numerical=3.429744499 shared_exact=True fallback_exact=0
[921/1000] numerical=3.395603195 shared_exact=True fallback_exact=0
[922/1000] numerical=3.923226178 shared_exact=True fallback_exact=0
[923/1000] numerical=3.673165588 shared_exact=True fallback_exact=0
[924/1000] numerical=3.774580793 shared_exact=True fallback_exact=0
[925/1000] numerical=3.148328255 shared_exact=True fallback_exact=0
[926/1000] numerical=3.511708784 shared_exact=True fallback_exact=0
[927/1000] numerical=3.757656061 shared_exact=True fallback_exact=0
[928/1000] numerical=3.380134254 shared_exact=True fallback_exact=0
[929/1000] numerical=4.244984200 shared_exact=True fallback_exact=0
[930/1000] numerical=3.746992932 shared_exact=True fallback_exact=0
[931/1000] numerical=4.060824229 shared_exact=True fallback_exact=0
[932/1000] numerical=4.128001197 shared_exact=True fallback_exact=0
[933/1000] numerical=3.928310336 shared_exact=True fallback_exact=0
[934/1000] numerical=4.339373204 shared_exact=True fallback_exact=0
[935/1000] numerical=4.251165028 shared_exact=True fallback_exact=0
[936/1000] numerical=4.382234498 shared_exact=True fallback_exact=0
[937/1000] numerical=3.776803463 shared_exact=True fallback_exact=0
[938/1000] numerical=3.789598183 shared_exact=True fallback_exact=0
[939/1000] numerical=3.229658072 shared_exact=True fallback_exact=0
[940/1000] numerical=3.059043810 shared_exact=True fallback_exact=0
[941/1000] numerical=3.201461953 shared_exact=True fallback_exact=0
[942/1000] numerical=3.511708828 shared_exact=True fallback_exact=0
[943/1000] numerical=3.538247246 shared_exact=True fallback_exact=0
[944/1000] numerical=3.687407086 shared_exact=True fallback_exact=0
[945/1000] numerical=3.090898329 shared_exact=True fallback_exact=0
[946/1000] numerical=3.429457914 shared_exact=True fallback_exact=0
[947/1000] numerical=3.179256607 shared_exact=True fallback_exact=0
[948/1000] numerical=3.270374592 shared_exact=True fallback_exact=0
[949/1000] numerical=3.757646097 shared_exact=True fallback_exact=0
[950/1000] numerical=3.764419327 shared_exact=True fallback_exact=0
[951/1000] numerical=3.970937171 shared_exact=True fallback_exact=0
[952/1000] numerical=3.409319213 shared_exact=True fallback_exact=0
[953/1000] numerical=2.999971712 shared_exact=True fallback_exact=0
[954/1000] numerical=2.744024774 shared_exact=True fallback_exact=0
[955/1000] numerical=3.018081256 shared_exact=True fallback_exact=0
[956/1000] numerical=3.380134254 shared_exact=True fallback_exact=0
[957/1000] numerical=3.172705137 shared_exact=True fallback_exact=0
[958/1000] numerical=3.429123470 shared_exact=True fallback_exact=0
[959/1000] numerical=2.896532278 shared_exact=True fallback_exact=0
[960/1000] numerical=3.407819774 shared_exact=True fallback_exact=0
[961/1000] numerical=3.908707060 shared_exact=True fallback_exact=0
[962/1000] numerical=3.657514729 shared_exact=True fallback_exact=0
[963/1000] numerical=3.676422904 shared_exact=True fallback_exact=0
[964/1000] numerical=4.244986473 shared_exact=True fallback_exact=0
[965/1000] numerical=4.207030955 shared_exact=True fallback_exact=0
[966/1000] numerical=4.421356865 shared_exact=True fallback_exact=0
[967/1000] numerical=3.862377340 shared_exact=True fallback_exact=0
[968/1000] numerical=3.501030374 shared_exact=True fallback_exact=0
[969/1000] numerical=3.395630470 shared_exact=True fallback_exact=0
[970/1000] numerical=3.540675699 shared_exact=True fallback_exact=0
[971/1000] numerical=3.746993403 shared_exact=True fallback_exact=0
[972/1000] numerical=3.809483038 shared_exact=True fallback_exact=0
[973/1000] numerical=3.916130825 shared_exact=True fallback_exact=0
[974/1000] numerical=3.293771772 shared_exact=True fallback_exact=0
[975/1000] numerical=4.060825668 shared_exact=True fallback_exact=0
[976/1000] numerical=3.930653872 shared_exact=True fallback_exact=0
[977/1000] numerical=4.115446845 shared_exact=True fallback_exact=0
[978/1000] numerical=3.540609651 shared_exact=True fallback_exact=0
[979/1000] numerical=4.128087931 shared_exact=True fallback_exact=0
[980/1000] numerical=3.670960870 shared_exact=True fallback_exact=0
[981/1000] numerical=3.970206259 shared_exact=True fallback_exact=0
[982/1000] numerical=3.457374546 shared_exact=True fallback_exact=0
[983/1000] numerical=3.928309661 shared_exact=True fallback_exact=0
[984/1000] numerical=3.808076098 shared_exact=True fallback_exact=0
[985/1000] numerical=4.104824547 shared_exact=True fallback_exact=0
[986/1000] numerical=3.592629928 shared_exact=True fallback_exact=0
[987/1000] numerical=4.251148874 shared_exact=True fallback_exact=0
[988/1000] numerical=4.382234527 shared_exact=True fallback_exact=0
[989/1000] numerical=3.776803462 shared_exact=True fallback_exact=0
[990/1000] numerical=3.503171096 shared_exact=True fallback_exact=0
[991/1000] numerical=3.378062277 shared_exact=True fallback_exact=0
[992/1000] numerical=4.203158310 shared_exact=True fallback_exact=0
[993/1000] numerical=4.341267898 shared_exact=True fallback_exact=0
[994/1000] numerical=3.331479299 shared_exact=True fallback_exact=0
[995/1000] numerical=3.740691571 shared_exact=True fallback_exact=0
[996/1000] numerical=2.731329860 shared_exact=True fallback_exact=0
[997/1000] numerical=3.244927078 shared_exact=True fallback_exact=0
[998/1000] numerical=2.742300147 shared_exact=True fallback_exact=0
[999/1000] numerical=3.547047140 shared_exact=True fallback_exact=0
[1000/1000] numerical=2.976660474 shared_exact=True fallback_exact=0
checkpoint=/workspace/positive-square-energy/experiments/rank7_order8_chunk_019000_020000.r7o8g.xz.fragments/fragment-019500-020000.r7o8g.xz rows=500
attempts=1000 shared_exact=1000 templates=0 fallback_exact=0 structural=0 atoms=0 balanced=0 unresolved_targets=0
fragments=2 checkpoint_rows=500
raw_bytes=463424 xz_bytes=299376 elapsed_seconds=914.911309
sha256=c23d03512d211611aa74d926f21fdbf5c18fcc10a746bd15be4684ea030b36d7
full_theorem=false
[2026-08-15T06:17:54.474005+00:00] exit: 0
[2026-08-15T06:17:54.474231+00:00] exec: /opt/kortix/pyfloor/bin/python3 -u /workspace/positive-square-energy/experiments/rank7_order8_exact_rational.py --verify-pack /workspace/positive-square-energy/experiments/rank7_order8_chunk_019000_020000.r7o8g.xz --census-cache positive-square-energy/experiments/rank7_order8_rational_search_cache.r7o8c.xz
attempts=1000 shared_exact=1000 templates=0 fallback_exact=0 structural=0 atoms=0 balanced=0 exact_audit=true census_seconds=50.995427
full_theorem=false
[2026-08-15T06:20:06.971798+00:00] exit: 0
[2026-08-15T06:20:07.066520+00:00] shard=019000_020000 exact_audit=true sha256=c23d03512d211611aa74d926f21fdbf5c18fcc10a746bd15be4684ea030b36d7
