[2026-08-14T18:01:54.487493+00:00] shard=011000_012000 adopted_fragments=0
[2026-08-14T18:01:54.487560+00:00] exec: /opt/kortix/pyfloor/bin/python3 -u /workspace/positive-square-energy/experiments/rank7_order8_exact_rational.py --output /workspace/positive-square-energy/experiments/rank7_order8_chunk_011000_012000.r7o8g.xz --fragment-directory /workspace/positive-square-energy/experiments/rank7_order8_chunk_011000_012000.r7o8g.xz.fragments --census-cache positive-square-energy/experiments/rank7_order8_rational_search_cache.r7o8c.xz --start 11000 --count 1000 --checkpoint-rows 500 --progress
[1/1000] numerical=4.348410697 shared_exact=True fallback_exact=0
[2/1000] numerical=4.165159605 shared_exact=True fallback_exact=0
[3/1000] numerical=3.670060076 shared_exact=True fallback_exact=0
[4/1000] numerical=4.269340537 shared_exact=True fallback_exact=0
[5/1000] numerical=4.268806894 shared_exact=True fallback_exact=0
[6/1000] numerical=3.269102202 shared_exact=True fallback_exact=0
[7/1000] numerical=4.096709266 shared_exact=True fallback_exact=0
[8/1000] numerical=4.085555021 shared_exact=True fallback_exact=0
[9/1000] numerical=3.098441927 shared_exact=True fallback_exact=0
[10/1000] numerical=3.555671207 shared_exact=True fallback_exact=0
[11/1000] numerical=2.560822622 shared_exact=True fallback_exact=0
[12/1000] numerical=3.000000000 shared_exact=True fallback_exact=0
[13/1000] numerical=3.361435745 shared_exact=True fallback_exact=0
[14/1000] numerical=2.376879961 shared_exact=True fallback_exact=0
[15/1000] numerical=3.178183925 shared_exact=True fallback_exact=0
[16/1000] numerical=2.648300058 shared_exact=True fallback_exact=0
[17/1000] numerical=4.284098478 shared_exact=True fallback_exact=0
[18/1000] numerical=4.092109752 shared_exact=True fallback_exact=0
[19/1000] numerical=3.847150752 shared_exact=True fallback_exact=0
[20/1000] numerical=4.235338146 shared_exact=True fallback_exact=0
[21/1000] numerical=3.629198289 shared_exact=True fallback_exact=0
[22/1000] numerical=4.106519808 shared_exact=True fallback_exact=0
[23/1000] numerical=4.105186305 shared_exact=True fallback_exact=0
[24/1000] numerical=3.106933673 shared_exact=True fallback_exact=0
[25/1000] numerical=3.629188122 shared_exact=True fallback_exact=0
[26/1000] numerical=2.629231450 shared_exact=True fallback_exact=0
[27/1000] numerical=3.119310590 shared_exact=True fallback_exact=0
[28/1000] numerical=2.145131127 shared_exact=True fallback_exact=0
[29/1000] numerical=2.643308463 shared_exact=True fallback_exact=0
[30/1000] numerical=4.114419615 shared_exact=True fallback_exact=0
[31/1000] numerical=3.868596363 shared_exact=True fallback_exact=0
[32/1000] numerical=4.147417210 shared_exact=True fallback_exact=0
[33/1000] numerical=4.228646794 shared_exact=True fallback_exact=0
[34/1000] numerical=3.462941796 shared_exact=True fallback_exact=0
[35/1000] numerical=3.724457523 shared_exact=True fallback_exact=0
[36/1000] numerical=2.936601836 shared_exact=True fallback_exact=0
[37/1000] numerical=3.466257132 shared_exact=True fallback_exact=0
[38/1000] numerical=2.718192664 shared_exact=True fallback_exact=0
[39/1000] numerical=2.958275113 shared_exact=True fallback_exact=0
[40/1000] numerical=3.872850657 shared_exact=True fallback_exact=0
[41/1000] numerical=3.330242834 shared_exact=True fallback_exact=0
[42/1000] numerical=3.654208908 shared_exact=True fallback_exact=0
[43/1000] numerical=3.706603322 shared_exact=True fallback_exact=0
[44/1000] numerical=2.915420222 shared_exact=True fallback_exact=0
[45/1000] numerical=3.209222758 shared_exact=True fallback_exact=0
[46/1000] numerical=2.687026706 shared_exact=True fallback_exact=0
[47/1000] numerical=4.092117185 shared_exact=True fallback_exact=0
[48/1000] numerical=3.847151610 shared_exact=True fallback_exact=0
[49/1000] numerical=3.775280148 shared_exact=True fallback_exact=0
[50/1000] numerical=3.626499015 shared_exact=True fallback_exact=0
[51/1000] numerical=4.561553256 shared_exact=True fallback_exact=0
[52/1000] numerical=4.174202096 shared_exact=True fallback_exact=0
[53/1000] numerical=4.685523268 shared_exact=True fallback_exact=0
[54/1000] numerical=4.641158386 shared_exact=True fallback_exact=0
[55/1000] numerical=3.663182256 shared_exact=True fallback_exact=0
[56/1000] numerical=4.165165458 shared_exact=True fallback_exact=0
[57/1000] numerical=3.848184957 shared_exact=True fallback_exact=0
[58/1000] numerical=4.092108459 shared_exact=True fallback_exact=0
[59/1000] numerical=3.671377358 shared_exact=True fallback_exact=0
[60/1000] numerical=4.155887801 shared_exact=True fallback_exact=0
[61/1000] numerical=4.147306209 shared_exact=True fallback_exact=0
[62/1000] numerical=3.147841831 shared_exact=True fallback_exact=0
[63/1000] numerical=3.671308135 shared_exact=True fallback_exact=0
[64/1000] numerical=2.676715814 shared_exact=True fallback_exact=0
[65/1000] numerical=3.347724136 shared_exact=True fallback_exact=0
[66/1000] numerical=2.365528571 shared_exact=True fallback_exact=0
[67/1000] numerical=2.871715979 shared_exact=True fallback_exact=0
[68/1000] numerical=3.847150956 shared_exact=True fallback_exact=0
[69/1000] numerical=3.181776923 shared_exact=True fallback_exact=0
[70/1000] numerical=3.683462327 shared_exact=True fallback_exact=0
[71/1000] numerical=3.654192172 shared_exact=True fallback_exact=0
[72/1000] numerical=2.666270373 shared_exact=True fallback_exact=0
[73/1000] numerical=3.178183884 shared_exact=True fallback_exact=0
[74/1000] numerical=2.563074196 shared_exact=True fallback_exact=0
[75/1000] numerical=3.688243569 shared_exact=True fallback_exact=0
[76/1000] numerical=3.501812063 shared_exact=True fallback_exact=0
[77/1000] numerical=3.916727552 shared_exact=True fallback_exact=0
[78/1000] numerical=3.921606293 shared_exact=True fallback_exact=0
[79/1000] numerical=3.058686829 shared_exact=True fallback_exact=0
[80/1000] numerical=3.441054160 shared_exact=True fallback_exact=0
[81/1000] numerical=3.273408012 shared_exact=True fallback_exact=0
[82/1000] numerical=3.996614437 shared_exact=True fallback_exact=0
[83/1000] numerical=4.270842949 shared_exact=True fallback_exact=0
[84/1000] numerical=4.641156964 shared_exact=True fallback_exact=0
[85/1000] numerical=4.664466569 shared_exact=True fallback_exact=0
[86/1000] numerical=3.845921496 shared_exact=True fallback_exact=0
[87/1000] numerical=4.174478599 shared_exact=True fallback_exact=0
[88/1000] numerical=3.678642239 shared_exact=True fallback_exact=0
[89/1000] numerical=3.104698721 shared_exact=True fallback_exact=0
[90/1000] numerical=4.085611836 shared_exact=True fallback_exact=0
[91/1000] numerical=4.136574909 shared_exact=True fallback_exact=0
[92/1000] numerical=3.346940305 shared_exact=True fallback_exact=0
[93/1000] numerical=3.562997559 shared_exact=True fallback_exact=0
[94/1000] numerical=4.561560949 shared_exact=True fallback_exact=0
[95/1000] numerical=4.563632921 shared_exact=True fallback_exact=0
[96/1000] numerical=3.562710342 shared_exact=True fallback_exact=0
[97/1000] numerical=3.689591955 shared_exact=True fallback_exact=0
[98/1000] numerical=3.102114005 shared_exact=True fallback_exact=0
[99/1000] numerical=4.085555699 shared_exact=True fallback_exact=0
[100/1000] numerical=4.085681622 shared_exact=True fallback_exact=0
[101/1000] numerical=3.179333946 shared_exact=True fallback_exact=0
[102/1000] numerical=3.902868801 shared_exact=True fallback_exact=0
[103/1000] numerical=3.188943736 shared_exact=True fallback_exact=0
[104/1000] numerical=3.654195634 shared_exact=True fallback_exact=0
[105/1000] numerical=3.654181899 shared_exact=True fallback_exact=0
[106/1000] numerical=2.710875132 shared_exact=True fallback_exact=0
[107/1000] numerical=3.178183879 shared_exact=True fallback_exact=0
[108/1000] numerical=4.000000003 shared_exact=True fallback_exact=0
[109/1000] numerical=4.102624185 shared_exact=True fallback_exact=0
[110/1000] numerical=4.102624177 shared_exact=True fallback_exact=0
[111/1000] numerical=4.124514925 shared_exact=True fallback_exact=0
[112/1000] numerical=3.320690747 shared_exact=True fallback_exact=0
[113/1000] numerical=2.464884383 shared_exact=True fallback_exact=0
[114/1000] numerical=3.320690750 shared_exact=True fallback_exact=0
[115/1000] numerical=2.597200419 shared_exact=True fallback_exact=0
[116/1000] numerical=2.516457954 shared_exact=True fallback_exact=0
[117/1000] numerical=2.464884385 shared_exact=True fallback_exact=0
[118/1000] numerical=4.102624286 shared_exact=True fallback_exact=0
[119/1000] numerical=4.102624178 shared_exact=True fallback_exact=0
[120/1000] numerical=4.124514924 shared_exact=True fallback_exact=0
[121/1000] numerical=3.320690747 shared_exact=True fallback_exact=0
[122/1000] numerical=2.597200419 shared_exact=True fallback_exact=0
[123/1000] numerical=3.320690747 shared_exact=True fallback_exact=0
[124/1000] numerical=2.464884383 shared_exact=True fallback_exact=0
[125/1000] numerical=2.516457954 shared_exact=True fallback_exact=0
[126/1000] numerical=2.597200419 shared_exact=True fallback_exact=0
[127/1000] numerical=3.218342985 shared_exact=True fallback_exact=0
[128/1000] numerical=4.106871329 shared_exact=True fallback_exact=0
[129/1000] numerical=4.106871329 shared_exact=True fallback_exact=0
[130/1000] numerical=4.000000153 shared_exact=True fallback_exact=0
[131/1000] numerical=4.118156482 shared_exact=True fallback_exact=0
[132/1000] numerical=3.401084989 shared_exact=True fallback_exact=0
[133/1000] numerical=3.306588861 shared_exact=True fallback_exact=0
[134/1000] numerical=2.653700561 shared_exact=True fallback_exact=0
[135/1000] numerical=3.306588861 shared_exact=True fallback_exact=0
[136/1000] numerical=2.653700561 shared_exact=True fallback_exact=0
[137/1000] numerical=2.480442215 shared_exact=True fallback_exact=0
[138/1000] numerical=3.218342985 shared_exact=True fallback_exact=0
[139/1000] numerical=4.106871333 shared_exact=True fallback_exact=0
[140/1000] numerical=4.118156483 shared_exact=True fallback_exact=0
[141/1000] numerical=3.306588862 shared_exact=True fallback_exact=0
[142/1000] numerical=4.226046647 shared_exact=True fallback_exact=0
[143/1000] numerical=3.198493475 shared_exact=True fallback_exact=0
[144/1000] numerical=3.503818200 shared_exact=True fallback_exact=0
[145/1000] numerical=2.334047269 shared_exact=True fallback_exact=0
[146/1000] numerical=2.839942035 shared_exact=True fallback_exact=0
[147/1000] numerical=3.198493488 shared_exact=True fallback_exact=0
[148/1000] numerical=2.334047269 shared_exact=True fallback_exact=0
[149/1000] numerical=2.488999404 shared_exact=True fallback_exact=0
[150/1000] numerical=3.401084990 shared_exact=True fallback_exact=0
[151/1000] numerical=2.653700561 shared_exact=True fallback_exact=0
[152/1000] numerical=3.306602261 shared_exact=True fallback_exact=0
[153/1000] numerical=3.503818571 shared_exact=True fallback_exact=0
[154/1000] numerical=2.334047269 shared_exact=True fallback_exact=0
[155/1000] numerical=2.839940753 shared_exact=True fallback_exact=0
[156/1000] numerical=2.488999404 shared_exact=True fallback_exact=0
[157/1000] numerical=2.480737985 shared_exact=True fallback_exact=0
[158/1000] numerical=2.782760732 shared_exact=True fallback_exact=0
[159/1000] numerical=2.174230309 shared_exact=True fallback_exact=0
[160/1000] numerical=2.334047269 shared_exact=True fallback_exact=0
[161/1000] numerical=2.653700566 shared_exact=True fallback_exact=0
[162/1000] numerical=2.839967527 shared_exact=True fallback_exact=0
[163/1000] numerical=2.174306865 shared_exact=True fallback_exact=0
[164/1000] numerical=4.537613785 shared_exact=True fallback_exact=0
[165/1000] numerical=4.537614011 shared_exact=True fallback_exact=0
[166/1000] numerical=4.537613785 shared_exact=True fallback_exact=0
[167/1000] numerical=3.537613785 shared_exact=True fallback_exact=0
[168/1000] numerical=4.354361898 shared_exact=True fallback_exact=0
[169/1000] numerical=3.354361918 shared_exact=True fallback_exact=0
[170/1000] numerical=3.824478098 shared_exact=True fallback_exact=0
[171/1000] numerical=3.268806892 shared_exact=True fallback_exact=0
[172/1000] numerical=4.354361898 shared_exact=True fallback_exact=0
[173/1000] numerical=3.354361899 shared_exact=True fallback_exact=0
[174/1000] numerical=4.171110010 shared_exact=True fallback_exact=0
[175/1000] numerical=3.641226211 shared_exact=True fallback_exact=0
[176/1000] numerical=3.824478098 shared_exact=True fallback_exact=0
[177/1000] numerical=3.641226211 shared_exact=True fallback_exact=0
[178/1000] numerical=3.268807350 shared_exact=True fallback_exact=0
[179/1000] numerical=3.537613839 shared_exact=True fallback_exact=0
[180/1000] numerical=3.354368894 shared_exact=True fallback_exact=0
[181/1000] numerical=3.354364467 shared_exact=True fallback_exact=0
[182/1000] numerical=4.830359705 shared_exact=True fallback_exact=0
[183/1000] numerical=3.830359727 shared_exact=True fallback_exact=0
[184/1000] numerical=4.647107819 shared_exact=True fallback_exact=0
[185/1000] numerical=4.117224019 shared_exact=True fallback_exact=0
[186/1000] numerical=4.354361898 shared_exact=True fallback_exact=0
[187/1000] numerical=4.354363504 shared_exact=True fallback_exact=0
[188/1000] numerical=3.389432458 shared_exact=True fallback_exact=0
[189/1000] numerical=4.171784737 shared_exact=True fallback_exact=0
[190/1000] numerical=3.641226211 shared_exact=True fallback_exact=0
[191/1000] numerical=4.231612890 shared_exact=True fallback_exact=0
[192/1000] numerical=4.830359794 shared_exact=True fallback_exact=0
[193/1000] numerical=4.830359705 shared_exact=True fallback_exact=0
[194/1000] numerical=3.830359706 shared_exact=True fallback_exact=0
[195/1000] numerical=3.832778781 shared_exact=True fallback_exact=0
[196/1000] numerical=4.647107943 shared_exact=True fallback_exact=0
[197/1000] numerical=4.647107880 shared_exact=True fallback_exact=0
[198/1000] numerical=3.665344243 shared_exact=True fallback_exact=0
[199/1000] numerical=4.117224024 shared_exact=True fallback_exact=0
[200/1000] numerical=4.117224019 shared_exact=True fallback_exact=0
[201/1000] numerical=3.117226807 shared_exact=True fallback_exact=0
[202/1000] numerical=3.562987211 shared_exact=True fallback_exact=0
[203/1000] numerical=2.645066420 shared_exact=True fallback_exact=0
[204/1000] numerical=3.269399401 shared_exact=True fallback_exact=0
[205/1000] numerical=4.354361898 shared_exact=True fallback_exact=0
[206/1000] numerical=4.354361898 shared_exact=True fallback_exact=0
[207/1000] numerical=3.354508483 shared_exact=True fallback_exact=0
[208/1000] numerical=4.171110010 shared_exact=True fallback_exact=0
[209/1000] numerical=3.179489351 shared_exact=True fallback_exact=0
[210/1000] numerical=3.641226211 shared_exact=True fallback_exact=0
[211/1000] numerical=3.085581482 shared_exact=True fallback_exact=0
[212/1000] numerical=3.830359742 shared_exact=True fallback_exact=0
[213/1000] numerical=3.389433010 shared_exact=True fallback_exact=0
[214/1000] numerical=3.830374866 shared_exact=True fallback_exact=0
[215/1000] numerical=3.833118998 shared_exact=True fallback_exact=0
[216/1000] numerical=2.914713161 shared_exact=True fallback_exact=0
[217/1000] numerical=3.665342626 shared_exact=True fallback_exact=0
[218/1000] numerical=2.789146264 shared_exact=True fallback_exact=0
[219/1000] numerical=3.117264315 shared_exact=True fallback_exact=0
[220/1000] numerical=2.645066420 shared_exact=True fallback_exact=0
[221/1000] numerical=3.354783254 shared_exact=True fallback_exact=0
[222/1000] numerical=3.179488656 shared_exact=True fallback_exact=0
[223/1000] numerical=4.830359706 shared_exact=True fallback_exact=0
[224/1000] numerical=3.830359705 shared_exact=True fallback_exact=0
[225/1000] numerical=4.354361898 shared_exact=True fallback_exact=0
[226/1000] numerical=4.647107857 shared_exact=True fallback_exact=0
[227/1000] numerical=4.117224019 shared_exact=True fallback_exact=0
[228/1000] numerical=4.231612889 shared_exact=True fallback_exact=0
[229/1000] numerical=4.354362238 shared_exact=True fallback_exact=0
[230/1000] numerical=3.389432451 shared_exact=True fallback_exact=0
[231/1000] numerical=4.830359987 shared_exact=True fallback_exact=0
[232/1000] numerical=4.830359707 shared_exact=True fallback_exact=0
[233/1000] numerical=3.830362939 shared_exact=True fallback_exact=0
[234/1000] numerical=3.832785078 shared_exact=True fallback_exact=0
[235/1000] numerical=3.269149491 shared_exact=True fallback_exact=0
[236/1000] numerical=4.354361929 shared_exact=True fallback_exact=0
[237/1000] numerical=4.354361898 shared_exact=True fallback_exact=0
[238/1000] numerical=3.354550484 shared_exact=True fallback_exact=0
[239/1000] numerical=4.171833813 shared_exact=True fallback_exact=0
[240/1000] numerical=4.647110161 shared_exact=True fallback_exact=0
[241/1000] numerical=4.647108378 shared_exact=True fallback_exact=0
[242/1000] numerical=3.665344277 shared_exact=True fallback_exact=0
[243/1000] numerical=4.171110010 shared_exact=True fallback_exact=0
[244/1000] numerical=3.179496975 shared_exact=True fallback_exact=0
[245/1000] numerical=3.641226211 shared_exact=True fallback_exact=0
[246/1000] numerical=4.117224252 shared_exact=True fallback_exact=0
[247/1000] numerical=4.117224018 shared_exact=True fallback_exact=0
[248/1000] numerical=3.117226776 shared_exact=True fallback_exact=0
[249/1000] numerical=3.641226211 shared_exact=True fallback_exact=0
[250/1000] numerical=3.563496546 shared_exact=True fallback_exact=0
[251/1000] numerical=2.645066420 shared_exact=True fallback_exact=0
[252/1000] numerical=3.085749948 shared_exact=True fallback_exact=0
[253/1000] numerical=3.830364935 shared_exact=True fallback_exact=0
[254/1000] numerical=3.389432387 shared_exact=True fallback_exact=0
[255/1000] numerical=3.830370742 shared_exact=True fallback_exact=0
[256/1000] numerical=3.833055093 shared_exact=True fallback_exact=0
[257/1000] numerical=2.914713161 shared_exact=True fallback_exact=0
[258/1000] numerical=3.354576576 shared_exact=True fallback_exact=0
[259/1000] numerical=3.665405520 shared_exact=True fallback_exact=0
[260/1000] numerical=2.789146264 shared_exact=True fallback_exact=0
[261/1000] numerical=3.179552359 shared_exact=True fallback_exact=0
[262/1000] numerical=3.117342204 shared_exact=True fallback_exact=0
[263/1000] numerical=2.645066487 shared_exact=True fallback_exact=0
[264/1000] numerical=4.127943517 shared_exact=True fallback_exact=0
[265/1000] numerical=4.647248873 shared_exact=True fallback_exact=0
[266/1000] numerical=4.647132205 shared_exact=True fallback_exact=0
[267/1000] numerical=5.123105910 shared_exact=True fallback_exact=0
[268/1000] numerical=5.123105626 shared_exact=True fallback_exact=0
[269/1000] numerical=4.127004746 shared_exact=True fallback_exact=0
[270/1000] numerical=4.647107818 shared_exact=True fallback_exact=0
[271/1000] numerical=3.647734933 shared_exact=True fallback_exact=0
[272/1000] numerical=4.647107818 shared_exact=True fallback_exact=0
[273/1000] numerical=3.647807181 shared_exact=True fallback_exact=0
[274/1000] numerical=4.171110010 shared_exact=True fallback_exact=0
[275/1000] numerical=4.231612888 shared_exact=True fallback_exact=0
[276/1000] numerical=3.561555403 shared_exact=True fallback_exact=0
[277/1000] numerical=4.171110052 shared_exact=True fallback_exact=0
[278/1000] numerical=4.647299727 shared_exact=True fallback_exact=0
[279/1000] numerical=4.647107828 shared_exact=True fallback_exact=0
[280/1000] numerical=3.647134747 shared_exact=True fallback_exact=0
[281/1000] numerical=4.171110050 shared_exact=True fallback_exact=0
[282/1000] numerical=3.171110059 shared_exact=True fallback_exact=0
[283/1000] numerical=4.231612888 shared_exact=True fallback_exact=0
[284/1000] numerical=3.561552814 shared_exact=True fallback_exact=0
[285/1000] numerical=4.647152959 shared_exact=True fallback_exact=0
[286/1000] numerical=4.647107818 shared_exact=True fallback_exact=0
[287/1000] numerical=3.647172359 shared_exact=True fallback_exact=0
[288/1000] numerical=4.127750604 shared_exact=True fallback_exact=0
[289/1000] numerical=5.123106791 shared_exact=True fallback_exact=0
[290/1000] numerical=5.123105626 shared_exact=True fallback_exact=0
[291/1000] numerical=4.127050111 shared_exact=True fallback_exact=0
[292/1000] numerical=4.123105631 shared_exact=True fallback_exact=0
[293/1000] numerical=3.561552813 shared_exact=True fallback_exact=0
[294/1000] numerical=2.562640248 shared_exact=True fallback_exact=0
[295/1000] numerical=4.647107836 shared_exact=True fallback_exact=0
[296/1000] numerical=4.647107820 shared_exact=True fallback_exact=0
[297/1000] numerical=3.647894621 shared_exact=True fallback_exact=0
[298/1000] numerical=3.647107818 shared_exact=True fallback_exact=0
[299/1000] numerical=3.561553068 shared_exact=True fallback_exact=0
[300/1000] numerical=2.562640279 shared_exact=True fallback_exact=0
[301/1000] numerical=3.085555047 shared_exact=True fallback_exact=0
[302/1000] numerical=4.171110010 shared_exact=True fallback_exact=0
[303/1000] numerical=3.171110991 shared_exact=True fallback_exact=0
[304/1000] numerical=4.647108072 shared_exact=True fallback_exact=0
[305/1000] numerical=4.647107818 shared_exact=True fallback_exact=0
[306/1000] numerical=3.647874052 shared_exact=True fallback_exact=0
[307/1000] numerical=3.647107818 shared_exact=True fallback_exact=0
[308/1000] numerical=3.085555005 shared_exact=True fallback_exact=0
[309/1000] numerical=4.171110010 shared_exact=True fallback_exact=0
[310/1000] numerical=4.171110010 shared_exact=True fallback_exact=0
[311/1000] numerical=3.171110010 shared_exact=True fallback_exact=0
[312/1000] numerical=4.127206828 shared_exact=True fallback_exact=0
[313/1000] numerical=3.209165487 shared_exact=True fallback_exact=0
[314/1000] numerical=3.648441499 shared_exact=True fallback_exact=0
[315/1000] numerical=3.648164969 shared_exact=True fallback_exact=0
[316/1000] numerical=3.647251682 shared_exact=True fallback_exact=0
[317/1000] numerical=2.667265507 shared_exact=True fallback_exact=0
[318/1000] numerical=3.171111048 shared_exact=True fallback_exact=0
[319/1000] numerical=3.647573524 shared_exact=True fallback_exact=0
[320/1000] numerical=2.667265516 shared_exact=True fallback_exact=0
[321/1000] numerical=4.127086388 shared_exact=True fallback_exact=0
[322/1000] numerical=4.123106145 shared_exact=True fallback_exact=0
[323/1000] numerical=3.209165487 shared_exact=True fallback_exact=0
[324/1000] numerical=3.123105626 shared_exact=True fallback_exact=0
[325/1000] numerical=2.562640248 shared_exact=True fallback_exact=0
[326/1000] numerical=3.648865377 shared_exact=True fallback_exact=0
[327/1000] numerical=3.647111467 shared_exact=True fallback_exact=0
[328/1000] numerical=2.649016514 shared_exact=True fallback_exact=0
[329/1000] numerical=2.562729824 shared_exact=True fallback_exact=0
[330/1000] numerical=3.171130857 shared_exact=True fallback_exact=0
[331/1000] numerical=3.648548537 shared_exact=True fallback_exact=0
[332/1000] numerical=3.647107840 shared_exact=True fallback_exact=0
[333/1000] numerical=2.649016514 shared_exact=True fallback_exact=0
[334/1000] numerical=3.171110011 shared_exact=True fallback_exact=0
[335/1000] numerical=4.537613785 shared_exact=True fallback_exact=0
[336/1000] numerical=4.537613785 shared_exact=True fallback_exact=0
[337/1000] numerical=3.537613786 shared_exact=True fallback_exact=0
[338/1000] numerical=4.354361898 shared_exact=True fallback_exact=0
[339/1000] numerical=3.354361898 shared_exact=True fallback_exact=0
[340/1000] numerical=3.354361899 shared_exact=True fallback_exact=0
[341/1000] numerical=3.824478098 shared_exact=True fallback_exact=0
[342/1000] numerical=3.268807162 shared_exact=True fallback_exact=0
[343/1000] numerical=4.171110011 shared_exact=True fallback_exact=0
[344/1000] numerical=3.641226212 shared_exact=True fallback_exact=0
[345/1000] numerical=4.354363345 shared_exact=True fallback_exact=0
[346/1000] numerical=3.389432540 shared_exact=True fallback_exact=0
[347/1000] numerical=3.389432784 shared_exact=True fallback_exact=0
[348/1000] numerical=4.172083456 shared_exact=True fallback_exact=0
[349/1000] numerical=3.641226218 shared_exact=True fallback_exact=0
[350/1000] numerical=4.231612889 shared_exact=True fallback_exact=0
[351/1000] numerical=4.830359706 shared_exact=True fallback_exact=0
[352/1000] numerical=3.830359961 shared_exact=True fallback_exact=0
[353/1000] numerical=4.830359902 shared_exact=True fallback_exact=0
[354/1000] numerical=4.830359706 shared_exact=True fallback_exact=0
[355/1000] numerical=3.830359989 shared_exact=True fallback_exact=0
[356/1000] numerical=3.833190828 shared_exact=True fallback_exact=0
[357/1000] numerical=3.830359708 shared_exact=True fallback_exact=0
[358/1000] numerical=3.830360338 shared_exact=True fallback_exact=0
[359/1000] numerical=3.833161562 shared_exact=True fallback_exact=0
[360/1000] numerical=2.914713161 shared_exact=True fallback_exact=0
[361/1000] numerical=4.647107820 shared_exact=True fallback_exact=0
[362/1000] numerical=4.647110253 shared_exact=True fallback_exact=0
[363/1000] numerical=4.647107854 shared_exact=True fallback_exact=0
[364/1000] numerical=3.665377203 shared_exact=True fallback_exact=0
[365/1000] numerical=3.665404053 shared_exact=True fallback_exact=0
[366/1000] numerical=2.789146264 shared_exact=True fallback_exact=0
[367/1000] numerical=4.117224018 shared_exact=True fallback_exact=0
[368/1000] numerical=4.117224980 shared_exact=True fallback_exact=0
[369/1000] numerical=4.117224018 shared_exact=True fallback_exact=0
[370/1000] numerical=3.117290404 shared_exact=True fallback_exact=0
[371/1000] numerical=3.117304350 shared_exact=True fallback_exact=0
[372/1000] numerical=3.562784544 shared_exact=True fallback_exact=0
[373/1000] numerical=2.645066421 shared_exact=True fallback_exact=0
[374/1000] numerical=2.645066422 shared_exact=True fallback_exact=0
[375/1000] numerical=3.269121877 shared_exact=True fallback_exact=0
[376/1000] numerical=4.354361898 shared_exact=True fallback_exact=0
[377/1000] numerical=4.354361899 shared_exact=True fallback_exact=0
[378/1000] numerical=4.354361898 shared_exact=True fallback_exact=0
[379/1000] numerical=3.354672866 shared_exact=True fallback_exact=0
[380/1000] numerical=3.354662716 shared_exact=True fallback_exact=0
[381/1000] numerical=4.171110010 shared_exact=True fallback_exact=0
[382/1000] numerical=3.179518797 shared_exact=True fallback_exact=0
[383/1000] numerical=3.179514042 shared_exact=True fallback_exact=0
[384/1000] numerical=3.641226211 shared_exact=True fallback_exact=0
[385/1000] numerical=3.085555047 shared_exact=True fallback_exact=0
[386/1000] numerical=4.231612888 shared_exact=True fallback_exact=0
[387/1000] numerical=3.561553942 shared_exact=True fallback_exact=0
[388/1000] numerical=4.171110107 shared_exact=True fallback_exact=0
[389/1000] numerical=4.647129561 shared_exact=True fallback_exact=0
[390/1000] numerical=4.647134702 shared_exact=True fallback_exact=0
[391/1000] numerical=4.647107953 shared_exact=True fallback_exact=0
[392/1000] numerical=3.647161735 shared_exact=True fallback_exact=0
[393/1000] numerical=3.647135213 shared_exact=True fallback_exact=0
[394/1000] numerical=2.667265501 shared_exact=True fallback_exact=0
[395/1000] numerical=4.171110011 shared_exact=True fallback_exact=0
[396/1000] numerical=3.171122424 shared_exact=True fallback_exact=0
[397/1000] numerical=3.171114047 shared_exact=True fallback_exact=0
[398/1000] numerical=4.127962769 shared_exact=True fallback_exact=0
[399/1000] numerical=5.123105751 shared_exact=True fallback_exact=0
[400/1000] numerical=5.123105627 shared_exact=True fallback_exact=0
[401/1000] numerical=4.127436565 shared_exact=True fallback_exact=0
[402/1000] numerical=5.123105626 shared_exact=True fallback_exact=0
[403/1000] numerical=4.127365724 shared_exact=True fallback_exact=0
[404/1000] numerical=4.123105628 shared_exact=True fallback_exact=0
[405/1000] numerical=3.209165494 shared_exact=True fallback_exact=0
[406/1000] numerical=3.123105630 shared_exact=True fallback_exact=0
[407/1000] numerical=3.561554877 shared_exact=True fallback_exact=0
[408/1000] numerical=2.562640249 shared_exact=True fallback_exact=0
[409/1000] numerical=2.562640256 shared_exact=True fallback_exact=0
[410/1000] numerical=4.647107818 shared_exact=True fallback_exact=0
[411/1000] numerical=3.648117593 shared_exact=True fallback_exact=0
[412/1000] numerical=4.647108057 shared_exact=True fallback_exact=0
[413/1000] numerical=4.647107818 shared_exact=True fallback_exact=0
[414/1000] numerical=3.647979675 shared_exact=True fallback_exact=0
[415/1000] numerical=3.647107819 shared_exact=True fallback_exact=0
[416/1000] numerical=3.648224069 shared_exact=True fallback_exact=0
[417/1000] numerical=3.648334516 shared_exact=True fallback_exact=0
[418/1000] numerical=3.647107818 shared_exact=True fallback_exact=0
[419/1000] numerical=2.649016518 shared_exact=True fallback_exact=0
[420/1000] numerical=3.085555005 shared_exact=True fallback_exact=0
[421/1000] numerical=4.171110010 shared_exact=True fallback_exact=0
[422/1000] numerical=4.171110010 shared_exact=True fallback_exact=0
[423/1000] numerical=3.171110010 shared_exact=True fallback_exact=0
[424/1000] numerical=4.269048754 shared_exact=True fallback_exact=0
[425/1000] numerical=3.321829790 shared_exact=True fallback_exact=0
[426/1000] numerical=4.193330232 shared_exact=True fallback_exact=0
[427/1000] numerical=4.096004447 shared_exact=True fallback_exact=0
[428/1000] numerical=3.379747350 shared_exact=True fallback_exact=0
[429/1000] numerical=3.559869424 shared_exact=True fallback_exact=0
[430/1000] numerical=3.216609866 shared_exact=True fallback_exact=0
[431/1000] numerical=3.323944716 shared_exact=True fallback_exact=0
[432/1000] numerical=3.206445219 shared_exact=True fallback_exact=0
[433/1000] numerical=3.323944918 shared_exact=True fallback_exact=0
[434/1000] numerical=3.206445216 shared_exact=True fallback_exact=0
[435/1000] numerical=4.370423549 shared_exact=True fallback_exact=0
[436/1000] numerical=3.607269778 shared_exact=True fallback_exact=0
[437/1000] numerical=4.269281016 shared_exact=True fallback_exact=0
[438/1000] numerical=3.607357888 shared_exact=True fallback_exact=0
[439/1000] numerical=3.396335798 shared_exact=True fallback_exact=0
[440/1000] numerical=3.396335905 shared_exact=True fallback_exact=0
[441/1000] numerical=4.370342967 shared_exact=True fallback_exact=0
[442/1000] numerical=3.607270341 shared_exact=True fallback_exact=0
[443/1000] numerical=4.269290603 shared_exact=True fallback_exact=0
[444/1000] numerical=3.607346854 shared_exact=True fallback_exact=0
[445/1000] numerical=3.757460883 shared_exact=True fallback_exact=0
[446/1000] numerical=4.348415842 shared_exact=True fallback_exact=0
[447/1000] numerical=4.409226335 shared_exact=True fallback_exact=0
[448/1000] numerical=3.376205337 shared_exact=True fallback_exact=0
[449/1000] numerical=3.625159928 shared_exact=True fallback_exact=0
[450/1000] numerical=4.166326139 shared_exact=True fallback_exact=0
[451/1000] numerical=4.295864785 shared_exact=True fallback_exact=0
[452/1000] numerical=3.574899604 shared_exact=True fallback_exact=0
[453/1000] numerical=3.635519221 shared_exact=True fallback_exact=0
[454/1000] numerical=3.657581395 shared_exact=True fallback_exact=0
[455/1000] numerical=2.826052027 shared_exact=True fallback_exact=0
[456/1000] numerical=3.377606483 shared_exact=True fallback_exact=0
[457/1000] numerical=2.731696973 shared_exact=True fallback_exact=0
[458/1000] numerical=3.396336010 shared_exact=True fallback_exact=0
[459/1000] numerical=3.554404494 shared_exact=True fallback_exact=0
[460/1000] numerical=3.587546612 shared_exact=True fallback_exact=0
[461/1000] numerical=2.773918366 shared_exact=True fallback_exact=0
[462/1000] numerical=3.459052679 shared_exact=True fallback_exact=0
[463/1000] numerical=2.710176392 shared_exact=True fallback_exact=0
[464/1000] numerical=2.848212266 shared_exact=True fallback_exact=0
[465/1000] numerical=2.520444493 shared_exact=True fallback_exact=0
[466/1000] numerical=3.396335827 shared_exact=True fallback_exact=0
[467/1000] numerical=3.554419941 shared_exact=True fallback_exact=0
[468/1000] numerical=3.587546566 shared_exact=True fallback_exact=0
[469/1000] numerical=2.773918366 shared_exact=True fallback_exact=0
[470/1000] numerical=3.459052678 shared_exact=True fallback_exact=0
[471/1000] numerical=2.710176392 shared_exact=True fallback_exact=0
[472/1000] numerical=2.848271124 shared_exact=True fallback_exact=0
[473/1000] numerical=2.520444493 shared_exact=True fallback_exact=0
[474/1000] numerical=2.872658800 shared_exact=True fallback_exact=0
[475/1000] numerical=2.733100451 shared_exact=True fallback_exact=0
[476/1000] numerical=4.670852686 shared_exact=True fallback_exact=0
[477/1000] numerical=4.670851238 shared_exact=True fallback_exact=0
[478/1000] numerical=4.296007509 shared_exact=True fallback_exact=0
[479/1000] numerical=4.562878174 shared_exact=True fallback_exact=0
[480/1000] numerical=4.662190939 shared_exact=True fallback_exact=0
[481/1000] numerical=3.883784104 shared_exact=True fallback_exact=0
[482/1000] numerical=4.159017243 shared_exact=True fallback_exact=0
[483/1000] numerical=3.360278719 shared_exact=True fallback_exact=0
[484/1000] numerical=3.671636754 shared_exact=True fallback_exact=0
[485/1000] numerical=2.883921032 shared_exact=True fallback_exact=0
[486/1000] numerical=3.173629899 shared_exact=True fallback_exact=0
[487/1000] numerical=3.671636794 shared_exact=True fallback_exact=0
[488/1000] numerical=2.883921032 shared_exact=True fallback_exact=0
[489/1000] numerical=3.173630009 shared_exact=True fallback_exact=0
[490/1000] numerical=2.688438113 shared_exact=True fallback_exact=0
[491/1000] numerical=4.611784175 shared_exact=True fallback_exact=0
[492/1000] numerical=4.131949446 shared_exact=True fallback_exact=0
[493/1000] numerical=4.662366493 shared_exact=True fallback_exact=0
[494/1000] numerical=4.563283498 shared_exact=True fallback_exact=0
[495/1000] numerical=3.631617192 shared_exact=True fallback_exact=0
[496/1000] numerical=4.085740247 shared_exact=True fallback_exact=0
[497/1000] numerical=3.186635187 shared_exact=True fallback_exact=0
[498/1000] numerical=3.616840346 shared_exact=True fallback_exact=0
[499/1000] numerical=2.661918843 shared_exact=True fallback_exact=0
[500/1000] numerical=3.140696273 shared_exact=True fallback_exact=0
checkpoint=/workspace/positive-square-energy/experiments/rank7_order8_chunk_011000_012000.r7o8g.xz.fragments/fragment-011000-011500.r7o8g.xz rows=500
[501/1000] numerical=3.616880282 shared_exact=True fallback_exact=0
[502/1000] numerical=2.661918816 shared_exact=True fallback_exact=0
[503/1000] numerical=3.140701645 shared_exact=True fallback_exact=0
[504/1000] numerical=2.563420209 shared_exact=True fallback_exact=0
[505/1000] numerical=3.626642578 shared_exact=True fallback_exact=0
[506/1000] numerical=3.626575072 shared_exact=True fallback_exact=0
[507/1000] numerical=4.131923106 shared_exact=True fallback_exact=0
[508/1000] numerical=4.662293249 shared_exact=True fallback_exact=0
[509/1000] numerical=4.563300397 shared_exact=True fallback_exact=0
[510/1000] numerical=3.631833549 shared_exact=True fallback_exact=0
[511/1000] numerical=4.085740217 shared_exact=True fallback_exact=0
[512/1000] numerical=3.186605565 shared_exact=True fallback_exact=0
[513/1000] numerical=3.750220375 shared_exact=True fallback_exact=0
[514/1000] numerical=3.134606950 shared_exact=True fallback_exact=0
[515/1000] numerical=4.324678519 shared_exact=True fallback_exact=0
[516/1000] numerical=4.183337634 shared_exact=True fallback_exact=0
[517/1000] numerical=3.165198437 shared_exact=True fallback_exact=0
[518/1000] numerical=3.974996123 shared_exact=True fallback_exact=0
[519/1000] numerical=4.703880539 shared_exact=True fallback_exact=0
[520/1000] numerical=4.641156962 shared_exact=True fallback_exact=0
[521/1000] numerical=3.905244393 shared_exact=True fallback_exact=0
[522/1000] numerical=3.676924378 shared_exact=True fallback_exact=0
[523/1000] numerical=3.133210719 shared_exact=True fallback_exact=0
[524/1000] numerical=2.086741122 shared_exact=True fallback_exact=0
[525/1000] numerical=4.205429420 shared_exact=True fallback_exact=0
[526/1000] numerical=4.165165408 shared_exact=True fallback_exact=0
[527/1000] numerical=3.384098911 shared_exact=True fallback_exact=0
[528/1000] numerical=3.225138215 shared_exact=True fallback_exact=0
[529/1000] numerical=3.616725987 shared_exact=True fallback_exact=0
[530/1000] numerical=2.661923659 shared_exact=True fallback_exact=0
[531/1000] numerical=3.140700174 shared_exact=True fallback_exact=0
[532/1000] numerical=3.375659984 shared_exact=True fallback_exact=0
[533/1000] numerical=2.374445522 shared_exact=True fallback_exact=0
[534/1000] numerical=3.882809766 shared_exact=True fallback_exact=0
[535/1000] numerical=3.847152688 shared_exact=True fallback_exact=0
[536/1000] numerical=3.057252045 shared_exact=True fallback_exact=0
[537/1000] numerical=2.862367319 shared_exact=True fallback_exact=0
[538/1000] numerical=2.313078719 shared_exact=True fallback_exact=0
[539/1000] numerical=3.390589885 shared_exact=True fallback_exact=0
[540/1000] numerical=3.371152308 shared_exact=True fallback_exact=0
[541/1000] numerical=2.403291450 shared_exact=True fallback_exact=0
[542/1000] numerical=3.616937578 shared_exact=True fallback_exact=0
[543/1000] numerical=2.661918555 shared_exact=True fallback_exact=0
[544/1000] numerical=3.140692174 shared_exact=True fallback_exact=0
[545/1000] numerical=3.375631538 shared_exact=True fallback_exact=0
[546/1000] numerical=2.374445060 shared_exact=True fallback_exact=0
[547/1000] numerical=3.882777595 shared_exact=True fallback_exact=0
[548/1000] numerical=3.847150235 shared_exact=True fallback_exact=0
[549/1000] numerical=3.057251011 shared_exact=True fallback_exact=0
[550/1000] numerical=2.862367166 shared_exact=True fallback_exact=0
[551/1000] numerical=2.313078718 shared_exact=True fallback_exact=0
[552/1000] numerical=3.390587784 shared_exact=True fallback_exact=0
[553/1000] numerical=3.371152307 shared_exact=True fallback_exact=0
[554/1000] numerical=2.403291449 shared_exact=True fallback_exact=0
[555/1000] numerical=2.563423847 shared_exact=True fallback_exact=0
[556/1000] numerical=2.672019795 shared_exact=True fallback_exact=0
[557/1000] numerical=3.168237986 shared_exact=True fallback_exact=0
[558/1000] numerical=3.147491773 shared_exact=True fallback_exact=0
[559/1000] numerical=2.152969336 shared_exact=True fallback_exact=0
[560/1000] numerical=2.671493781 shared_exact=True fallback_exact=0
[561/1000] numerical=2.891028725 shared_exact=True fallback_exact=0
[562/1000] numerical=2.727088784 shared_exact=True fallback_exact=0
[563/1000] numerical=3.071721174 shared_exact=True fallback_exact=0
[564/1000] numerical=2.883873855 shared_exact=True fallback_exact=0
[565/1000] numerical=2.527542679 shared_exact=True fallback_exact=0
[566/1000] numerical=2.766639241 shared_exact=True fallback_exact=0
[567/1000] numerical=2.386280266 shared_exact=True fallback_exact=0
[568/1000] numerical=2.181127726 shared_exact=True fallback_exact=0
[569/1000] numerical=3.402956831 shared_exact=True fallback_exact=0
[570/1000] numerical=3.367420415 shared_exact=True fallback_exact=0
[571/1000] numerical=2.654124970 shared_exact=True fallback_exact=0
[572/1000] numerical=2.626484031 shared_exact=True fallback_exact=0
[573/1000] numerical=3.805514732 shared_exact=True fallback_exact=0
[574/1000] numerical=3.761875230 shared_exact=True fallback_exact=0
[575/1000] numerical=3.090595435 shared_exact=True fallback_exact=0
[576/1000] numerical=3.022291337 shared_exact=True fallback_exact=0
[577/1000] numerical=3.742786729 shared_exact=True fallback_exact=0
[578/1000] numerical=3.590355608 shared_exact=True fallback_exact=0
[579/1000] numerical=3.389552078 shared_exact=True fallback_exact=0
[580/1000] numerical=3.809990090 shared_exact=True fallback_exact=0
[581/1000] numerical=3.760810616 shared_exact=True fallback_exact=0
[582/1000] numerical=3.614193631 shared_exact=True fallback_exact=0
[583/1000] numerical=3.398366146 shared_exact=True fallback_exact=0
[584/1000] numerical=3.703307069 shared_exact=True fallback_exact=0
[585/1000] numerical=3.570453442 shared_exact=True fallback_exact=0
[586/1000] numerical=2.840801212 shared_exact=True fallback_exact=0
[587/1000] numerical=3.504312196 shared_exact=True fallback_exact=0
[588/1000] numerical=3.367879976 shared_exact=True fallback_exact=0
[589/1000] numerical=2.749968494 shared_exact=True fallback_exact=0
[590/1000] numerical=2.409555769 shared_exact=True fallback_exact=0
[591/1000] numerical=2.408374401 shared_exact=True fallback_exact=0
[592/1000] numerical=2.298236750 shared_exact=True fallback_exact=0
[593/1000] numerical=3.708305640 shared_exact=True fallback_exact=0
[594/1000] numerical=3.373725971 shared_exact=True fallback_exact=0
[595/1000] numerical=3.724526789 shared_exact=True fallback_exact=0
[596/1000] numerical=3.516060989 shared_exact=True fallback_exact=0
[597/1000] numerical=3.447207665 shared_exact=True fallback_exact=0
[598/1000] numerical=2.839282245 shared_exact=True fallback_exact=0
[599/1000] numerical=3.250239726 shared_exact=True fallback_exact=0
[600/1000] numerical=2.762572662 shared_exact=True fallback_exact=0
[601/1000] numerical=2.175006560 shared_exact=True fallback_exact=0
[602/1000] numerical=3.298996790 shared_exact=True fallback_exact=0
[603/1000] numerical=3.362570528 shared_exact=True fallback_exact=0
[604/1000] numerical=3.544379587 shared_exact=True fallback_exact=0
[605/1000] numerical=3.569201262 shared_exact=True fallback_exact=0
[606/1000] numerical=3.275343930 shared_exact=True fallback_exact=0
[607/1000] numerical=3.698980322 shared_exact=True fallback_exact=0
[608/1000] numerical=3.409277534 shared_exact=True fallback_exact=0
[609/1000] numerical=3.673420573 shared_exact=True fallback_exact=0
[610/1000] numerical=3.132029557 shared_exact=True fallback_exact=0
[611/1000] numerical=2.849155725 shared_exact=True fallback_exact=0
[612/1000] numerical=3.467047769 shared_exact=True fallback_exact=0
[613/1000] numerical=2.862888683 shared_exact=True fallback_exact=0
[614/1000] numerical=3.523028672 shared_exact=True fallback_exact=0
[615/1000] numerical=3.171049090 shared_exact=True fallback_exact=0
[616/1000] numerical=3.134025168 shared_exact=True fallback_exact=0
[617/1000] numerical=2.806856794 shared_exact=True fallback_exact=0
[618/1000] numerical=3.055412127 shared_exact=True fallback_exact=0
[619/1000] numerical=2.507853571 shared_exact=True fallback_exact=0
[620/1000] numerical=2.180284782 shared_exact=True fallback_exact=0
[621/1000] numerical=3.235657144 shared_exact=True fallback_exact=0
[622/1000] numerical=3.139690241 shared_exact=True fallback_exact=0
[623/1000] numerical=3.711292307 shared_exact=True fallback_exact=0
[624/1000] numerical=3.411293245 shared_exact=True fallback_exact=0
[625/1000] numerical=3.336443141 shared_exact=True fallback_exact=0
[626/1000] numerical=3.526548510 shared_exact=True fallback_exact=0
[627/1000] numerical=2.887074985 shared_exact=True fallback_exact=0
[628/1000] numerical=3.417556961 shared_exact=True fallback_exact=0
[629/1000] numerical=2.973630071 shared_exact=True fallback_exact=0
[630/1000] numerical=2.422102894 shared_exact=True fallback_exact=0
[631/1000] numerical=2.972198919 shared_exact=True fallback_exact=0
[632/1000] numerical=3.195332834 shared_exact=True fallback_exact=0
[633/1000] numerical=3.241135179 shared_exact=True fallback_exact=0
[634/1000] numerical=2.854111297 shared_exact=True fallback_exact=0
[635/1000] numerical=2.181191622 shared_exact=True fallback_exact=0
[636/1000] numerical=2.680775935 shared_exact=True fallback_exact=0
[637/1000] numerical=2.230005789 shared_exact=True fallback_exact=0
[638/1000] numerical=1.662097980 shared_exact=True fallback_exact=0
[639/1000] numerical=3.123060943 shared_exact=True fallback_exact=0
[640/1000] numerical=3.164225363 shared_exact=True fallback_exact=0
[641/1000] numerical=2.681163502 shared_exact=True fallback_exact=0
[642/1000] numerical=4.098597835 shared_exact=True fallback_exact=0
[643/1000] numerical=4.084277164 shared_exact=True fallback_exact=0
[644/1000] numerical=3.849458802 shared_exact=True fallback_exact=0
[645/1000] numerical=3.747841503 shared_exact=True fallback_exact=0
[646/1000] numerical=4.003644492 shared_exact=True fallback_exact=0
[647/1000] numerical=3.403872271 shared_exact=True fallback_exact=0
[648/1000] numerical=3.863234252 shared_exact=True fallback_exact=0
[649/1000] numerical=3.403014772 shared_exact=True fallback_exact=0
[650/1000] numerical=2.903598670 shared_exact=True fallback_exact=0
[651/1000] numerical=3.641150800 shared_exact=True fallback_exact=0
[652/1000] numerical=3.363625187 shared_exact=True fallback_exact=0
[653/1000] numerical=2.894240176 shared_exact=True fallback_exact=0
[654/1000] numerical=3.035881401 shared_exact=True fallback_exact=0
[655/1000] numerical=3.359801644 shared_exact=True fallback_exact=0
[656/1000] numerical=2.836812506 shared_exact=True fallback_exact=0
[657/1000] numerical=3.242810679 shared_exact=True fallback_exact=0
[658/1000] numerical=2.763508603 shared_exact=True fallback_exact=0
[659/1000] numerical=2.327653576 shared_exact=True fallback_exact=0
[660/1000] numerical=4.082796827 shared_exact=True fallback_exact=0
[661/1000] numerical=4.164687488 shared_exact=True fallback_exact=0
[662/1000] numerical=4.004060321 shared_exact=True fallback_exact=0
[663/1000] numerical=3.746932707 shared_exact=True fallback_exact=0
[664/1000] numerical=3.561514794 shared_exact=True fallback_exact=0
[665/1000] numerical=3.995295298 shared_exact=True fallback_exact=0
[666/1000] numerical=3.503131771 shared_exact=True fallback_exact=0
[667/1000] numerical=3.315365674 shared_exact=True fallback_exact=0
[668/1000] numerical=4.015681580 shared_exact=True fallback_exact=0
[669/1000] numerical=3.856654105 shared_exact=True fallback_exact=0
[670/1000] numerical=3.522725982 shared_exact=True fallback_exact=0
[671/1000] numerical=3.933285507 shared_exact=True fallback_exact=0
[672/1000] numerical=3.457309696 shared_exact=True fallback_exact=0
[673/1000] numerical=3.200407916 shared_exact=True fallback_exact=0
[674/1000] numerical=4.301042667 shared_exact=True fallback_exact=0
[675/1000] numerical=3.929217880 shared_exact=True fallback_exact=0
[676/1000] numerical=4.222285104 shared_exact=True fallback_exact=0
[677/1000] numerical=3.690717699 shared_exact=True fallback_exact=0
[678/1000] numerical=3.325382653 shared_exact=True fallback_exact=0
[679/1000] numerical=3.271362790 shared_exact=True fallback_exact=0
[680/1000] numerical=3.414815778 shared_exact=True fallback_exact=0
[681/1000] numerical=3.861293324 shared_exact=True fallback_exact=0
[682/1000] numerical=3.396018880 shared_exact=True fallback_exact=0
[683/1000] numerical=2.818290336 shared_exact=True fallback_exact=0
[684/1000] numerical=2.292768941 shared_exact=True fallback_exact=0
[685/1000] numerical=3.298980005 shared_exact=True fallback_exact=0
[686/1000] numerical=3.698214455 shared_exact=True fallback_exact=0
[687/1000] numerical=2.287298533 shared_exact=True fallback_exact=0
[688/1000] numerical=3.217791661 shared_exact=True fallback_exact=0
[689/1000] numerical=3.150189611 shared_exact=True fallback_exact=0
[690/1000] numerical=2.379180253 shared_exact=True fallback_exact=0
[691/1000] numerical=2.717775706 shared_exact=True fallback_exact=0
[692/1000] numerical=2.211979394 shared_exact=True fallback_exact=0
[693/1000] numerical=2.861410944 shared_exact=True fallback_exact=0
[694/1000] numerical=2.082068418 shared_exact=True fallback_exact=0
[695/1000] numerical=3.406350093 shared_exact=True fallback_exact=0
[696/1000] numerical=3.200566687 shared_exact=True fallback_exact=0
[697/1000] numerical=3.044267328 shared_exact=True fallback_exact=0
[698/1000] numerical=3.585669197 shared_exact=True fallback_exact=0
[699/1000] numerical=3.004354792 shared_exact=True fallback_exact=0
[700/1000] numerical=2.905656030 shared_exact=True fallback_exact=0
[701/1000] numerical=3.160249432 shared_exact=True fallback_exact=0
[702/1000] numerical=3.118947750 shared_exact=True fallback_exact=0
[703/1000] numerical=2.254403251 shared_exact=True fallback_exact=0
[704/1000] numerical=2.474134759 shared_exact=True fallback_exact=0
[705/1000] numerical=2.762878216 shared_exact=True fallback_exact=0
[706/1000] numerical=2.365362216 shared_exact=True fallback_exact=0
[707/1000] numerical=2.493251491 shared_exact=True fallback_exact=0
[708/1000] numerical=1.794687304 shared_exact=True fallback_exact=0
[709/1000] numerical=3.937792607 shared_exact=True fallback_exact=0
[710/1000] numerical=3.296123261 shared_exact=True fallback_exact=0
[711/1000] numerical=4.233002065 shared_exact=True fallback_exact=0
[712/1000] numerical=3.682576112 shared_exact=True fallback_exact=0
[713/1000] numerical=3.568116274 shared_exact=True fallback_exact=0
[714/1000] numerical=2.626705097 shared_exact=True fallback_exact=0
[715/1000] numerical=3.727245450 shared_exact=True fallback_exact=0
[716/1000] numerical=3.668851026 shared_exact=True fallback_exact=0
[717/1000] numerical=2.896994393 shared_exact=True fallback_exact=0
[718/1000] numerical=2.874972693 shared_exact=True fallback_exact=0
[719/1000] numerical=3.270262332 shared_exact=True fallback_exact=0
[720/1000] numerical=3.959008526 shared_exact=True fallback_exact=0
[721/1000] numerical=4.042469485 shared_exact=True fallback_exact=0
[722/1000] numerical=3.269081899 shared_exact=True fallback_exact=0
[723/1000] numerical=2.718155190 shared_exact=True fallback_exact=0
[724/1000] numerical=3.228450830 shared_exact=True fallback_exact=0
[725/1000] numerical=3.642421353 shared_exact=True fallback_exact=0
[726/1000] numerical=2.368476567 shared_exact=True fallback_exact=0
[727/1000] numerical=2.936888101 shared_exact=True fallback_exact=0
[728/1000] numerical=3.396856138 shared_exact=True fallback_exact=0
[729/1000] numerical=3.334896602 shared_exact=True fallback_exact=0
[730/1000] numerical=3.504431228 shared_exact=True fallback_exact=0
[731/1000] numerical=3.655510107 shared_exact=True fallback_exact=0
[732/1000] numerical=2.875789921 shared_exact=True fallback_exact=0
[733/1000] numerical=3.037911076 shared_exact=True fallback_exact=0
[734/1000] numerical=3.568116273 shared_exact=True fallback_exact=0
[735/1000] numerical=4.256062146 shared_exact=True fallback_exact=0
[736/1000] numerical=4.333234678 shared_exact=True fallback_exact=0
[737/1000] numerical=3.543539166 shared_exact=True fallback_exact=0
[738/1000] numerical=2.690862320 shared_exact=True fallback_exact=0
[739/1000] numerical=3.565296124 shared_exact=True fallback_exact=0
[740/1000] numerical=3.734285036 shared_exact=True fallback_exact=0
[741/1000] numerical=3.012622087 shared_exact=True fallback_exact=0
[742/1000] numerical=4.009761493 shared_exact=True fallback_exact=0
[743/1000] numerical=2.689398946 shared_exact=True fallback_exact=0
[744/1000] numerical=3.337164390 shared_exact=True fallback_exact=0
[745/1000] numerical=2.706175981 shared_exact=True fallback_exact=0
[746/1000] numerical=3.066805117 shared_exact=True fallback_exact=0
[747/1000] numerical=2.883553212 shared_exact=True fallback_exact=0
[748/1000] numerical=3.066857609 shared_exact=True fallback_exact=0
[749/1000] numerical=2.888206230 shared_exact=True fallback_exact=0
[750/1000] numerical=2.269134488 shared_exact=True fallback_exact=0
[751/1000] numerical=2.099895322 shared_exact=True fallback_exact=0
[752/1000] numerical=4.185672943 shared_exact=True fallback_exact=0
[753/1000] numerical=4.002421057 shared_exact=True fallback_exact=0
[754/1000] numerical=3.537613797 shared_exact=True fallback_exact=0
[755/1000] numerical=3.354366896 shared_exact=True fallback_exact=0
[756/1000] numerical=4.485855365 shared_exact=True fallback_exact=0
[757/1000] numerical=4.302603638 shared_exact=True fallback_exact=0
[758/1000] numerical=3.537613815 shared_exact=True fallback_exact=0
[759/1000] numerical=3.354368507 shared_exact=True fallback_exact=0
[760/1000] numerical=3.231612894 shared_exact=True fallback_exact=0
[761/1000] numerical=3.833274556 shared_exact=True fallback_exact=0
[762/1000] numerical=3.830359888 shared_exact=True fallback_exact=0
[763/1000] numerical=2.830728414 shared_exact=True fallback_exact=0
[764/1000] numerical=3.667196142 shared_exact=True fallback_exact=0
[765/1000] numerical=3.647107828 shared_exact=True fallback_exact=0
[766/1000] numerical=2.653146176 shared_exact=True fallback_exact=0
[767/1000] numerical=3.117224047 shared_exact=True fallback_exact=0
[768/1000] numerical=2.563087054 shared_exact=True fallback_exact=0
[769/1000] numerical=3.917191750 shared_exact=True fallback_exact=0
[770/1000] numerical=3.577053094 shared_exact=True fallback_exact=0
[771/1000] numerical=3.330988519 shared_exact=True fallback_exact=0
[772/1000] numerical=3.490630540 shared_exact=True fallback_exact=0
[773/1000] numerical=3.948438003 shared_exact=True fallback_exact=0
[774/1000] numerical=2.939549099 shared_exact=True fallback_exact=0
[775/1000] numerical=3.359611489 shared_exact=True fallback_exact=0
[776/1000] numerical=3.362862034 shared_exact=True fallback_exact=0
[777/1000] numerical=2.494889899 shared_exact=True fallback_exact=0
[778/1000] numerical=2.883714884 shared_exact=True fallback_exact=0
[779/1000] numerical=3.917288174 shared_exact=True fallback_exact=0
[780/1000] numerical=3.490909145 shared_exact=True fallback_exact=0
[781/1000] numerical=3.490631890 shared_exact=True fallback_exact=0
[782/1000] numerical=3.231878690 shared_exact=True fallback_exact=0
[783/1000] numerical=3.382287796 shared_exact=True fallback_exact=0
[784/1000] numerical=3.133860229 shared_exact=True fallback_exact=0
[785/1000] numerical=3.359865906 shared_exact=True fallback_exact=0
[786/1000] numerical=3.470723143 shared_exact=True fallback_exact=0
[787/1000] numerical=2.753074562 shared_exact=True fallback_exact=0
[788/1000] numerical=2.959909996 shared_exact=True fallback_exact=0
[789/1000] numerical=2.380708550 shared_exact=True fallback_exact=0
[790/1000] numerical=2.563234953 shared_exact=True fallback_exact=0
[791/1000] numerical=2.707825536 shared_exact=True fallback_exact=0
[792/1000] numerical=2.005802060 shared_exact=True fallback_exact=0
[793/1000] numerical=2.192774941 shared_exact=True fallback_exact=0
[794/1000] numerical=4.256876033 shared_exact=True fallback_exact=0
[795/1000] numerical=3.834424589 shared_exact=True fallback_exact=0
[796/1000] numerical=3.171843785 shared_exact=True fallback_exact=0
[797/1000] numerical=3.752171192 shared_exact=True fallback_exact=0
[798/1000] numerical=3.893904314 shared_exact=True fallback_exact=0
[799/1000] numerical=3.457118590 shared_exact=True fallback_exact=0
[800/1000] numerical=3.330989204 shared_exact=True fallback_exact=0
[801/1000] numerical=3.830360071 shared_exact=True fallback_exact=0
[802/1000] numerical=3.335475680 shared_exact=True fallback_exact=0
[803/1000] numerical=4.017286332 shared_exact=True fallback_exact=0
[804/1000] numerical=4.478421074 shared_exact=True fallback_exact=0
[805/1000] numerical=4.478419607 shared_exact=True fallback_exact=0
[806/1000] numerical=3.541211062 shared_exact=True fallback_exact=0
[807/1000] numerical=4.002421075 shared_exact=True fallback_exact=0
[808/1000] numerical=2.563221793 shared_exact=True fallback_exact=0
[809/1000] numerical=3.852198911 shared_exact=True fallback_exact=0
[810/1000] numerical=3.359556992 shared_exact=True fallback_exact=0
[811/1000] numerical=3.355562656 shared_exact=True fallback_exact=0
[812/1000] numerical=3.830410490 shared_exact=True fallback_exact=0
[813/1000] numerical=3.830359707 shared_exact=True fallback_exact=0
[814/1000] numerical=2.860305090 shared_exact=True fallback_exact=0
[815/1000] numerical=3.354361898 shared_exact=True fallback_exact=0
[816/1000] numerical=3.752158369 shared_exact=True fallback_exact=0
[817/1000] numerical=3.171963559 shared_exact=True fallback_exact=0
[818/1000] numerical=3.852038369 shared_exact=True fallback_exact=0
[819/1000] numerical=4.123105663 shared_exact=True fallback_exact=0
[820/1000] numerical=3.854130829 shared_exact=True fallback_exact=0
[821/1000] numerical=4.316557050 shared_exact=True fallback_exact=0
[822/1000] numerical=4.778601296 shared_exact=True fallback_exact=0
[823/1000] numerical=4.778618793 shared_exact=True fallback_exact=0
[824/1000] numerical=3.836275668 shared_exact=True fallback_exact=0
[825/1000] numerical=4.302603667 shared_exact=True fallback_exact=0
[826/1000] numerical=2.708881491 shared_exact=True fallback_exact=0
[827/1000] numerical=3.522977324 shared_exact=True fallback_exact=0
[828/1000] numerical=3.830366071 shared_exact=True fallback_exact=0
[829/1000] numerical=3.885713821 shared_exact=True fallback_exact=0
[830/1000] numerical=3.123677441 shared_exact=True fallback_exact=0
[831/1000] numerical=3.385545463 shared_exact=True fallback_exact=0
[832/1000] numerical=3.250584902 shared_exact=True fallback_exact=0
[833/1000] numerical=2.699835154 shared_exact=True fallback_exact=0
[834/1000] numerical=3.647316912 shared_exact=True fallback_exact=0
[835/1000] numerical=3.721304104 shared_exact=True fallback_exact=0
[836/1000] numerical=2.960709784 shared_exact=True fallback_exact=0
[837/1000] numerical=3.123105626 shared_exact=True fallback_exact=0
[838/1000] numerical=4.123145909 shared_exact=True fallback_exact=0
[839/1000] numerical=4.131157161 shared_exact=True fallback_exact=0
[840/1000] numerical=3.123105626 shared_exact=True fallback_exact=0
[841/1000] numerical=3.287858011 shared_exact=True fallback_exact=0
[842/1000] numerical=2.696287254 shared_exact=True fallback_exact=0
[843/1000] numerical=3.647111754 shared_exact=True fallback_exact=0
[844/1000] numerical=3.648307211 shared_exact=True fallback_exact=0
[845/1000] numerical=2.771998829 shared_exact=True fallback_exact=0
[846/1000] numerical=3.674567071 shared_exact=True fallback_exact=0
[847/1000] numerical=3.000000067 shared_exact=True fallback_exact=0
[848/1000] numerical=4.277951547 shared_exact=True fallback_exact=0
[849/1000] numerical=3.354806005 shared_exact=True fallback_exact=0
[850/1000] numerical=4.112803060 shared_exact=True fallback_exact=0
[851/1000] numerical=4.567508661 shared_exact=True fallback_exact=0
[852/1000] numerical=4.574350985 shared_exact=True fallback_exact=0
[853/1000] numerical=4.650771468 shared_exact=True fallback_exact=0
[854/1000] numerical=3.773883514 shared_exact=True fallback_exact=0
[855/1000] numerical=3.026727316 shared_exact=True fallback_exact=0
[856/1000] numerical=3.270262348 shared_exact=True fallback_exact=0
[857/1000] numerical=3.814488667 shared_exact=True fallback_exact=0
[858/1000] numerical=2.998677902 shared_exact=True fallback_exact=0
[859/1000] numerical=3.851627044 shared_exact=True fallback_exact=0
[860/1000] numerical=4.277951551 shared_exact=True fallback_exact=0
[861/1000] numerical=3.354805901 shared_exact=True fallback_exact=0
[862/1000] numerical=4.281298589 shared_exact=True fallback_exact=0
[863/1000] numerical=3.339403903 shared_exact=True fallback_exact=0
[864/1000] numerical=4.365311760 shared_exact=True fallback_exact=0
[865/1000] numerical=3.269776053 shared_exact=True fallback_exact=0
[866/1000] numerical=3.513267843 shared_exact=True fallback_exact=0
[867/1000] numerical=2.773197392 shared_exact=True fallback_exact=0
[868/1000] numerical=4.112806052 shared_exact=True fallback_exact=0
[869/1000] numerical=4.156782609 shared_exact=True fallback_exact=0
[870/1000] numerical=4.085832378 shared_exact=True fallback_exact=0
[871/1000] numerical=4.095667580 shared_exact=True fallback_exact=0
[872/1000] numerical=3.230217804 shared_exact=True fallback_exact=0
[873/1000] numerical=3.186832409 shared_exact=True fallback_exact=0
[874/1000] numerical=2.424877188 shared_exact=True fallback_exact=0
[875/1000] numerical=4.574350981 shared_exact=True fallback_exact=0
[876/1000] numerical=4.650771463 shared_exact=True fallback_exact=0
[877/1000] numerical=3.773876375 shared_exact=True fallback_exact=0
[878/1000] numerical=3.026727274 shared_exact=True fallback_exact=0
[879/1000] numerical=3.647418181 shared_exact=True fallback_exact=0
[880/1000] numerical=4.644493562 shared_exact=True fallback_exact=0
[881/1000] numerical=4.576611631 shared_exact=True fallback_exact=0
[882/1000] numerical=3.565768103 shared_exact=True fallback_exact=0
[883/1000] numerical=4.569689073 shared_exact=True fallback_exact=0
[884/1000] numerical=3.641228784 shared_exact=True fallback_exact=0
[885/1000] numerical=3.637853524 shared_exact=True fallback_exact=0
[886/1000] numerical=2.665415933 shared_exact=True fallback_exact=0
[887/1000] numerical=2.868928977 shared_exact=True fallback_exact=0
[888/1000] numerical=3.270262593 shared_exact=True fallback_exact=0
[889/1000] numerical=3.372016455 shared_exact=True fallback_exact=0
[890/1000] numerical=3.528914515 shared_exact=True fallback_exact=0
[891/1000] numerical=2.738021059 shared_exact=True fallback_exact=0
[892/1000] numerical=3.212244017 shared_exact=True fallback_exact=0
[893/1000] numerical=2.398744332 shared_exact=True fallback_exact=0
[894/1000] numerical=2.244332436 shared_exact=True fallback_exact=0
[895/1000] numerical=3.814488667 shared_exact=True fallback_exact=0
[896/1000] numerical=2.998677903 shared_exact=True fallback_exact=0
[897/1000] numerical=3.674652828 shared_exact=True fallback_exact=0
[898/1000] numerical=2.633341939 shared_exact=True fallback_exact=0
[899/1000] numerical=3.568116734 shared_exact=True fallback_exact=0
[900/1000] numerical=2.838027253 shared_exact=True fallback_exact=0
[901/1000] numerical=2.625091519 shared_exact=True fallback_exact=0
[902/1000] numerical=1.798283484 shared_exact=True fallback_exact=0
[903/1000] numerical=3.598548719 shared_exact=True fallback_exact=0
[904/1000] numerical=4.188862625 shared_exact=True fallback_exact=0
[905/1000] numerical=3.352966176 shared_exact=True fallback_exact=0
[906/1000] numerical=3.343128569 shared_exact=True fallback_exact=0
[907/1000] numerical=3.598548719 shared_exact=True fallback_exact=0
[908/1000] numerical=3.560518467 shared_exact=True fallback_exact=0
[909/1000] numerical=3.672863384 shared_exact=True fallback_exact=0
[910/1000] numerical=2.891805762 shared_exact=True fallback_exact=0
[911/1000] numerical=3.107153309 shared_exact=True fallback_exact=0
[912/1000] numerical=2.367980398 shared_exact=True fallback_exact=0
[913/1000] numerical=2.318135927 shared_exact=True fallback_exact=0
[914/1000] numerical=4.188862625 shared_exact=True fallback_exact=0
[915/1000] numerical=3.352966178 shared_exact=True fallback_exact=0
[916/1000] numerical=4.096923689 shared_exact=True fallback_exact=0
[917/1000] numerical=3.085990473 shared_exact=True fallback_exact=0
[918/1000] numerical=4.105565604 shared_exact=True fallback_exact=0
[919/1000] numerical=3.172404230 shared_exact=True fallback_exact=0
[920/1000] numerical=3.216831432 shared_exact=True fallback_exact=0
[921/1000] numerical=2.484133780 shared_exact=True fallback_exact=0
[922/1000] numerical=2.768763989 shared_exact=True fallback_exact=0
[923/1000] numerical=2.240016767 shared_exact=True fallback_exact=0
[924/1000] numerical=3.343128569 shared_exact=True fallback_exact=0
[925/1000] numerical=3.158738794 shared_exact=True fallback_exact=0
[926/1000] numerical=3.086226143 shared_exact=True fallback_exact=0
[927/1000] numerical=2.199418488 shared_exact=True fallback_exact=0
[928/1000] numerical=3.854560023 shared_exact=True fallback_exact=0
[929/1000] numerical=2.855682689 shared_exact=True fallback_exact=0
[930/1000] numerical=3.671308148 shared_exact=True fallback_exact=0
[931/1000] numerical=3.141424335 shared_exact=True fallback_exact=0
[932/1000] numerical=3.812440011 shared_exact=True fallback_exact=0
[933/1000] numerical=2.816403515 shared_exact=True fallback_exact=0
[934/1000] numerical=3.629188122 shared_exact=True fallback_exact=0
[935/1000] numerical=3.099304321 shared_exact=True fallback_exact=0
[936/1000] numerical=3.361450295 shared_exact=True fallback_exact=0
[937/1000] numerical=3.285208704 shared_exact=True fallback_exact=0
[938/1000] numerical=3.182840986 shared_exact=True fallback_exact=0
[939/1000] numerical=3.054967820 shared_exact=True fallback_exact=0
[940/1000] numerical=2.826560341 shared_exact=True fallback_exact=0
[941/1000] numerical=4.349588447 shared_exact=True fallback_exact=0
[942/1000] numerical=4.187485460 shared_exact=True fallback_exact=0
[943/1000] numerical=3.884111213 shared_exact=True fallback_exact=0
[944/1000] numerical=3.066130072 shared_exact=True fallback_exact=0
[945/1000] numerical=3.753401403 shared_exact=True fallback_exact=0
[946/1000] numerical=3.146735933 shared_exact=True fallback_exact=0
[947/1000] numerical=3.679795076 shared_exact=True fallback_exact=0
[948/1000] numerical=3.564799659 shared_exact=True fallback_exact=0
[949/1000] numerical=3.455999458 shared_exact=True fallback_exact=0
[950/1000] numerical=3.356865777 shared_exact=True fallback_exact=0
[951/1000] numerical=4.349585060 shared_exact=True fallback_exact=0
[952/1000] numerical=4.187485460 shared_exact=True fallback_exact=0
[953/1000] numerical=3.670060080 shared_exact=True fallback_exact=0
[954/1000] numerical=4.268806905 shared_exact=True fallback_exact=0
[955/1000] numerical=4.269422205 shared_exact=True fallback_exact=0
[956/1000] numerical=3.379398476 shared_exact=True fallback_exact=0
[957/1000] numerical=4.085555430 shared_exact=True fallback_exact=0
[958/1000] numerical=4.104362278 shared_exact=True fallback_exact=0
[959/1000] numerical=3.286047616 shared_exact=True fallback_exact=0
[960/1000] numerical=3.555671206 shared_exact=True fallback_exact=0
[961/1000] numerical=2.612017542 shared_exact=True fallback_exact=0
[962/1000] numerical=3.115447208 shared_exact=True fallback_exact=0
[963/1000] numerical=3.092262137 shared_exact=True fallback_exact=0
[964/1000] numerical=3.361659448 shared_exact=True fallback_exact=0
[965/1000] numerical=2.463218997 shared_exact=True fallback_exact=0
[966/1000] numerical=3.192989010 shared_exact=True fallback_exact=0
[967/1000] numerical=2.648300058 shared_exact=True fallback_exact=0
[968/1000] numerical=4.092108995 shared_exact=True fallback_exact=0
[969/1000] numerical=4.235649288 shared_exact=True fallback_exact=0
[970/1000] numerical=3.934296025 shared_exact=True fallback_exact=0
[971/1000] numerical=4.092120150 shared_exact=True fallback_exact=0
[972/1000] numerical=3.714192326 shared_exact=True fallback_exact=0
[973/1000] numerical=4.147307817 shared_exact=True fallback_exact=0
[974/1000] numerical=4.148208108 shared_exact=True fallback_exact=0
[975/1000] numerical=3.262523749 shared_exact=True fallback_exact=0
[976/1000] numerical=3.671315046 shared_exact=True fallback_exact=0
[977/1000] numerical=2.754126127 shared_exact=True fallback_exact=0
[978/1000] numerical=4.235647713 shared_exact=True fallback_exact=0
[979/1000] numerical=3.658437606 shared_exact=True fallback_exact=0
[980/1000] numerical=4.105188554 shared_exact=True fallback_exact=0
[981/1000] numerical=4.105246269 shared_exact=True fallback_exact=0
[982/1000] numerical=3.196918870 shared_exact=True fallback_exact=0
[983/1000] numerical=3.629188133 shared_exact=True fallback_exact=0
[984/1000] numerical=2.692486192 shared_exact=True fallback_exact=0
[985/1000] numerical=3.934300629 shared_exact=True fallback_exact=0
[986/1000] numerical=3.418186809 shared_exact=True fallback_exact=0
[987/1000] numerical=3.654660708 shared_exact=True fallback_exact=0
[988/1000] numerical=3.760441627 shared_exact=True fallback_exact=0
[989/1000] numerical=3.031883231 shared_exact=True fallback_exact=0
[990/1000] numerical=3.251400331 shared_exact=True fallback_exact=0
[991/1000] numerical=3.352892697 shared_exact=True fallback_exact=0
[992/1000] numerical=2.493584516 shared_exact=True fallback_exact=0
[993/1000] numerical=2.872197348 shared_exact=True fallback_exact=0
[994/1000] numerical=3.119315491 shared_exact=True fallback_exact=0
[995/1000] numerical=2.195017165 shared_exact=True fallback_exact=0
[996/1000] numerical=2.643308453 shared_exact=True fallback_exact=0
[997/1000] numerical=2.707097757 shared_exact=True fallback_exact=0
[998/1000] numerical=4.092108560 shared_exact=True fallback_exact=0
[999/1000] numerical=3.775298739 shared_exact=True fallback_exact=0
[1000/1000] numerical=3.627151140 shared_exact=True fallback_exact=0
checkpoint=/workspace/positive-square-energy/experiments/rank7_order8_chunk_011000_012000.r7o8g.xz.fragments/fragment-011500-012000.r7o8g.xz rows=500
attempts=1000 shared_exact=1000 templates=0 fallback_exact=0 structural=0 atoms=0 balanced=0 unresolved_targets=0
fragments=2 checkpoint_rows=500
raw_bytes=478639 xz_bytes=290696 elapsed_seconds=196.820605
sha256=1e9687fde846d8c7a0e4cffc494e19797e81828c4b9d33459ee5d0049f0e9960
full_theorem=false
[2026-08-14T18:05:22.526305+00:00] exit: 0
[2026-08-14T18:05:22.526492+00:00] exec: /opt/kortix/pyfloor/bin/python3 -u /workspace/positive-square-energy/experiments/rank7_order8_exact_rational.py --verify-pack /workspace/positive-square-energy/experiments/rank7_order8_chunk_011000_012000.r7o8g.xz --census-cache positive-square-energy/experiments/rank7_order8_rational_search_cache.r7o8c.xz
attempts=1000 shared_exact=1000 templates=0 fallback_exact=0 structural=0 atoms=0 balanced=0 exact_audit=true census_seconds=14.121053
full_theorem=false
[2026-08-14T18:05:58.941606+00:00] exit: 0
[2026-08-14T18:05:58.942981+00:00] shard=011000_012000 exact_audit=true sha256=1e9687fde846d8c7a0e4cffc494e19797e81828c4b9d33459ee5d0049f0e9960
