[2026-08-15T06:01:32.169447+00:00] shard=018000_019000 adopted_fragments=0
[2026-08-15T06:01:32.169546+00:00] exec: /opt/kortix/pyfloor/bin/python3 -u /workspace/positive-square-energy/experiments/rank7_order8_exact_rational.py --output /workspace/positive-square-energy/experiments/rank7_order8_chunk_018000_019000.r7o8g.xz --fragment-directory /workspace/positive-square-energy/experiments/rank7_order8_chunk_018000_019000.r7o8g.xz.fragments --census-cache positive-square-energy/experiments/rank7_order8_rational_search_cache.r7o8c.xz --start 18000 --count 1000 --checkpoint-rows 500 --progress
[1/1000] numerical=1.954070755 shared_exact=True fallback_exact=0
[2/1000] numerical=2.466173623 shared_exact=True fallback_exact=0
[3/1000] numerical=2.356016139 shared_exact=True fallback_exact=0
[4/1000] numerical=1.452231828 shared_exact=True fallback_exact=0
[5/1000] numerical=3.359541450 shared_exact=True fallback_exact=0
[6/1000] numerical=3.088755217 shared_exact=True fallback_exact=0
[7/1000] numerical=2.987338644 shared_exact=True fallback_exact=0
[8/1000] numerical=2.703051082 shared_exact=True fallback_exact=0
[9/1000] numerical=2.984213195 shared_exact=True fallback_exact=0
[10/1000] numerical=2.288366616 shared_exact=True fallback_exact=0
[11/1000] numerical=3.197746636 shared_exact=True fallback_exact=0
[12/1000] numerical=2.648840891 shared_exact=True fallback_exact=0
[13/1000] numerical=2.567210300 shared_exact=True fallback_exact=0
[14/1000] numerical=3.643559104 shared_exact=True fallback_exact=0
[15/1000] numerical=3.357446689 shared_exact=True fallback_exact=0
[16/1000] numerical=3.216647376 shared_exact=True fallback_exact=0
[17/1000] numerical=3.303661634 shared_exact=True fallback_exact=0
[18/1000] numerical=3.379304208 shared_exact=True fallback_exact=0
[19/1000] numerical=3.114039322 shared_exact=True fallback_exact=0
[20/1000] numerical=3.099898379 shared_exact=True fallback_exact=0
[21/1000] numerical=2.744987889 shared_exact=True fallback_exact=0
[22/1000] numerical=3.453826370 shared_exact=True fallback_exact=0
[23/1000] numerical=3.277963479 shared_exact=True fallback_exact=0
[24/1000] numerical=2.236495137 shared_exact=True fallback_exact=0
[25/1000] numerical=3.369192616 shared_exact=True fallback_exact=0
[26/1000] numerical=3.020955649 shared_exact=True fallback_exact=0
[27/1000] numerical=3.816732086 shared_exact=True fallback_exact=0
[28/1000] numerical=3.521020863 shared_exact=True fallback_exact=0
[29/1000] numerical=2.860192537 shared_exact=True fallback_exact=0
[30/1000] numerical=3.152507480 shared_exact=True fallback_exact=0
[31/1000] numerical=3.277867321 shared_exact=True fallback_exact=0
[32/1000] numerical=3.229398988 shared_exact=True fallback_exact=0
[33/1000] numerical=2.404542449 shared_exact=True fallback_exact=0
[34/1000] numerical=3.326925221 shared_exact=True fallback_exact=0
[35/1000] numerical=3.062965424 shared_exact=True fallback_exact=0
[36/1000] numerical=2.362909768 shared_exact=True fallback_exact=0
[37/1000] numerical=2.575919853 shared_exact=True fallback_exact=0
[38/1000] numerical=2.735965318 shared_exact=True fallback_exact=0
[39/1000] numerical=2.662188734 shared_exact=True fallback_exact=0
[40/1000] numerical=1.805490179 shared_exact=True fallback_exact=0
[41/1000] numerical=3.554790332 shared_exact=True fallback_exact=0
[42/1000] numerical=2.892613255 shared_exact=True fallback_exact=0
[43/1000] numerical=2.819644391 shared_exact=True fallback_exact=0
[44/1000] numerical=3.442138071 shared_exact=True fallback_exact=0
[45/1000] numerical=2.375771993 shared_exact=True fallback_exact=0
[46/1000] numerical=3.961539857 shared_exact=True fallback_exact=0
[47/1000] numerical=3.507555300 shared_exact=True fallback_exact=0
[48/1000] numerical=2.874062880 shared_exact=True fallback_exact=0
[49/1000] numerical=3.046554423 shared_exact=True fallback_exact=0
[50/1000] numerical=3.456847159 shared_exact=True fallback_exact=0
[51/1000] numerical=3.389714440 shared_exact=True fallback_exact=0
[52/1000] numerical=2.546993071 shared_exact=True fallback_exact=0
[53/1000] numerical=3.535171635 shared_exact=True fallback_exact=0
[54/1000] numerical=3.118862532 shared_exact=True fallback_exact=0
[55/1000] numerical=2.551351736 shared_exact=True fallback_exact=0
[56/1000] numerical=3.707200347 shared_exact=True fallback_exact=0
[57/1000] numerical=2.679511277 shared_exact=True fallback_exact=0
[58/1000] numerical=3.464943348 shared_exact=True fallback_exact=0
[59/1000] numerical=2.802750915 shared_exact=True fallback_exact=0
[60/1000] numerical=2.474079843 shared_exact=True fallback_exact=0
[61/1000] numerical=2.370203254 shared_exact=True fallback_exact=0
[62/1000] numerical=3.260810538 shared_exact=True fallback_exact=0
[63/1000] numerical=3.141658114 shared_exact=True fallback_exact=0
[64/1000] numerical=2.235195751 shared_exact=True fallback_exact=0
[65/1000] numerical=3.509539762 shared_exact=True fallback_exact=0
[66/1000] numerical=2.437485258 shared_exact=True fallback_exact=0
[67/1000] numerical=3.096760298 shared_exact=True fallback_exact=0
[68/1000] numerical=2.878119173 shared_exact=True fallback_exact=0
[69/1000] numerical=3.203789444 shared_exact=True fallback_exact=0
[70/1000] numerical=2.907896552 shared_exact=True fallback_exact=0
[71/1000] numerical=3.270470116 shared_exact=True fallback_exact=0
[72/1000] numerical=2.394460755 shared_exact=True fallback_exact=0
[73/1000] numerical=3.890708498 shared_exact=True fallback_exact=0
[74/1000] numerical=3.402906204 shared_exact=True fallback_exact=0
[75/1000] numerical=2.879976399 shared_exact=True fallback_exact=0
[76/1000] numerical=3.192036872 shared_exact=True fallback_exact=0
[77/1000] numerical=3.596130931 shared_exact=True fallback_exact=0
[78/1000] numerical=3.656438390 shared_exact=True fallback_exact=0
[79/1000] numerical=2.915552922 shared_exact=True fallback_exact=0
[80/1000] numerical=3.206380857 shared_exact=True fallback_exact=0
[81/1000] numerical=3.156188216 shared_exact=True fallback_exact=0
[82/1000] numerical=2.986646851 shared_exact=True fallback_exact=0
[83/1000] numerical=3.747615926 shared_exact=True fallback_exact=0
[84/1000] numerical=2.649322618 shared_exact=True fallback_exact=0
[85/1000] numerical=4.244434709 shared_exact=True fallback_exact=0
[86/1000] numerical=3.937740737 shared_exact=True fallback_exact=0
[87/1000] numerical=3.357712894 shared_exact=True fallback_exact=0
[88/1000] numerical=3.500370068 shared_exact=True fallback_exact=0
[89/1000] numerical=3.763913176 shared_exact=True fallback_exact=0
[90/1000] numerical=3.670242063 shared_exact=True fallback_exact=0
[91/1000] numerical=2.797032057 shared_exact=True fallback_exact=0
[92/1000] numerical=3.611353736 shared_exact=True fallback_exact=0
[93/1000] numerical=3.278723724 shared_exact=True fallback_exact=0
[94/1000] numerical=2.928379764 shared_exact=True fallback_exact=0
[95/1000] numerical=3.478910157 shared_exact=True fallback_exact=0
[96/1000] numerical=3.311845620 shared_exact=True fallback_exact=0
[97/1000] numerical=2.988857401 shared_exact=True fallback_exact=0
[98/1000] numerical=3.377861975 shared_exact=True fallback_exact=0
[99/1000] numerical=2.876888813 shared_exact=True fallback_exact=0
[100/1000] numerical=3.954190693 shared_exact=True fallback_exact=0
[101/1000] numerical=3.887481703 shared_exact=True fallback_exact=0
[102/1000] numerical=3.015138257 shared_exact=True fallback_exact=0
[103/1000] numerical=2.598839766 shared_exact=True fallback_exact=0
[104/1000] numerical=2.745935894 shared_exact=True fallback_exact=0
[105/1000] numerical=2.458953006 shared_exact=True fallback_exact=0
[106/1000] numerical=3.002086711 shared_exact=True fallback_exact=0
[107/1000] numerical=2.322670454 shared_exact=True fallback_exact=0
[108/1000] numerical=3.557555727 shared_exact=True fallback_exact=0
[109/1000] numerical=3.447868989 shared_exact=True fallback_exact=0
[110/1000] numerical=2.471419758 shared_exact=True fallback_exact=0
[111/1000] numerical=3.430790988 shared_exact=True fallback_exact=0
[112/1000] numerical=3.585423444 shared_exact=True fallback_exact=0
[113/1000] numerical=3.763790718 shared_exact=True fallback_exact=0
[114/1000] numerical=3.456839832 shared_exact=True fallback_exact=0
[115/1000] numerical=3.860431014 shared_exact=True fallback_exact=0
[116/1000] numerical=3.271479053 shared_exact=True fallback_exact=0
[117/1000] numerical=4.368582819 shared_exact=True fallback_exact=0
[118/1000] numerical=4.276888171 shared_exact=True fallback_exact=0
[119/1000] numerical=3.371469682 shared_exact=True fallback_exact=0
[120/1000] numerical=3.526711824 shared_exact=True fallback_exact=0
[121/1000] numerical=3.202786971 shared_exact=True fallback_exact=0
[122/1000] numerical=2.956361241 shared_exact=True fallback_exact=0
[123/1000] numerical=3.228864448 shared_exact=True fallback_exact=0
[124/1000] numerical=3.447532420 shared_exact=True fallback_exact=0
[125/1000] numerical=3.514250170 shared_exact=True fallback_exact=0
[126/1000] numerical=2.769711704 shared_exact=True fallback_exact=0
[127/1000] numerical=3.622942496 shared_exact=True fallback_exact=0
[128/1000] numerical=3.514951785 shared_exact=True fallback_exact=0
[129/1000] numerical=3.537724011 shared_exact=True fallback_exact=0
[130/1000] numerical=3.506708824 shared_exact=True fallback_exact=0
[131/1000] numerical=3.734023515 shared_exact=True fallback_exact=0
[132/1000] numerical=4.014310876 shared_exact=True fallback_exact=0
[133/1000] numerical=3.337680536 shared_exact=True fallback_exact=0
[134/1000] numerical=3.441231974 shared_exact=True fallback_exact=0
[135/1000] numerical=3.726416491 shared_exact=True fallback_exact=0
[136/1000] numerical=3.067876893 shared_exact=True fallback_exact=0
[137/1000] numerical=3.207175247 shared_exact=True fallback_exact=0
[138/1000] numerical=3.562783168 shared_exact=True fallback_exact=0
[139/1000] numerical=2.963041529 shared_exact=True fallback_exact=0
[140/1000] numerical=3.694075810 shared_exact=True fallback_exact=0
[141/1000] numerical=3.593283253 shared_exact=True fallback_exact=0
[142/1000] numerical=2.604491141 shared_exact=True fallback_exact=0
[143/1000] numerical=4.028735688 shared_exact=True fallback_exact=0
[144/1000] numerical=4.004652577 shared_exact=True fallback_exact=0
[145/1000] numerical=3.187616014 shared_exact=True fallback_exact=0
[146/1000] numerical=3.122419345 shared_exact=True fallback_exact=0
[147/1000] numerical=2.486818469 shared_exact=True fallback_exact=0
[148/1000] numerical=2.650474664 shared_exact=True fallback_exact=0
[149/1000] numerical=2.416631299 shared_exact=True fallback_exact=0
[150/1000] numerical=2.209120607 shared_exact=True fallback_exact=0
[151/1000] numerical=1.805122945 shared_exact=True fallback_exact=0
[152/1000] numerical=2.345385648 shared_exact=True fallback_exact=0
[153/1000] numerical=2.254459461 shared_exact=True fallback_exact=0
[154/1000] numerical=2.430037618 shared_exact=True fallback_exact=0
[155/1000] numerical=2.707924153 shared_exact=True fallback_exact=0
[156/1000] numerical=1.885004707 shared_exact=True fallback_exact=0
[157/1000] numerical=1.773380884 shared_exact=True fallback_exact=0
[158/1000] numerical=1.959901450 shared_exact=True fallback_exact=0
[159/1000] numerical=1.767930214 shared_exact=True fallback_exact=0
[160/1000] numerical=1.988212760 shared_exact=True fallback_exact=0
[161/1000] numerical=1.125687868 shared_exact=True fallback_exact=0
[162/1000] numerical=2.741629863 shared_exact=True fallback_exact=0
[163/1000] numerical=2.740178625 shared_exact=True fallback_exact=0
[164/1000] numerical=3.020066977 shared_exact=True fallback_exact=0
[165/1000] numerical=2.770407536 shared_exact=True fallback_exact=0
[166/1000] numerical=2.606781940 shared_exact=True fallback_exact=0
[167/1000] numerical=2.272085952 shared_exact=True fallback_exact=0
[168/1000] numerical=2.695447401 shared_exact=True fallback_exact=0
[169/1000] numerical=2.479956809 shared_exact=True fallback_exact=0
[170/1000] numerical=2.002576201 shared_exact=True fallback_exact=0
[171/1000] numerical=1.973548929 shared_exact=True fallback_exact=0
[172/1000] numerical=3.342699871 shared_exact=True fallback_exact=0
[173/1000] numerical=3.135071094 shared_exact=True fallback_exact=0
[174/1000] numerical=3.516999698 shared_exact=True fallback_exact=0
[175/1000] numerical=3.145787378 shared_exact=True fallback_exact=0
[176/1000] numerical=3.059869702 shared_exact=True fallback_exact=0
[177/1000] numerical=2.271203360 shared_exact=True fallback_exact=0
[178/1000] numerical=1.968503569 shared_exact=True fallback_exact=0
[179/1000] numerical=2.368610442 shared_exact=True fallback_exact=0
[180/1000] numerical=2.650455858 shared_exact=True fallback_exact=0
[181/1000] numerical=1.952928308 shared_exact=True fallback_exact=0
[182/1000] numerical=2.911232349 shared_exact=True fallback_exact=0
[183/1000] numerical=3.125167528 shared_exact=True fallback_exact=0
[184/1000] numerical=3.099453452 shared_exact=True fallback_exact=0
[185/1000] numerical=2.970784786 shared_exact=True fallback_exact=0
[186/1000] numerical=3.046653185 shared_exact=True fallback_exact=0
[187/1000] numerical=2.842346579 shared_exact=True fallback_exact=0
[188/1000] numerical=1.740177959 shared_exact=True fallback_exact=0
[189/1000] numerical=2.795861220 shared_exact=True fallback_exact=0
[190/1000] numerical=3.025306081 shared_exact=True fallback_exact=0
[191/1000] numerical=3.152628268 shared_exact=True fallback_exact=0
[192/1000] numerical=3.461451642 shared_exact=True fallback_exact=0
[193/1000] numerical=2.953073607 shared_exact=True fallback_exact=0
[194/1000] numerical=2.871554583 shared_exact=True fallback_exact=0
[195/1000] numerical=2.006879564 shared_exact=True fallback_exact=0
[196/1000] numerical=3.033665550 shared_exact=True fallback_exact=0
[197/1000] numerical=3.103619380 shared_exact=True fallback_exact=0
[198/1000] numerical=2.411651333 shared_exact=True fallback_exact=0
[199/1000] numerical=2.910704940 shared_exact=True fallback_exact=0
[200/1000] numerical=2.740724693 shared_exact=True fallback_exact=0
[201/1000] numerical=2.856730280 shared_exact=True fallback_exact=0
[202/1000] numerical=2.159515426 shared_exact=True fallback_exact=0
[203/1000] numerical=2.895339370 shared_exact=True fallback_exact=0
[204/1000] numerical=2.420856544 shared_exact=True fallback_exact=0
[205/1000] numerical=3.001012629 shared_exact=True fallback_exact=0
[206/1000] numerical=2.874205915 shared_exact=True fallback_exact=0
[207/1000] numerical=1.954070755 shared_exact=True fallback_exact=0
[208/1000] numerical=2.466173620 shared_exact=True fallback_exact=0
[209/1000] numerical=2.356015652 shared_exact=True fallback_exact=0
[210/1000] numerical=1.452231828 shared_exact=True fallback_exact=0
[211/1000] numerical=3.303661145 shared_exact=True fallback_exact=0
[212/1000] numerical=3.359541449 shared_exact=True fallback_exact=0
[213/1000] numerical=2.703051082 shared_exact=True fallback_exact=0
[214/1000] numerical=3.197746599 shared_exact=True fallback_exact=0
[215/1000] numerical=3.643561097 shared_exact=True fallback_exact=0
[216/1000] numerical=3.114039322 shared_exact=True fallback_exact=0
[217/1000] numerical=3.099898379 shared_exact=True fallback_exact=0
[218/1000] numerical=3.379304280 shared_exact=True fallback_exact=0
[219/1000] numerical=2.744995993 shared_exact=True fallback_exact=0
[220/1000] numerical=3.453840604 shared_exact=True fallback_exact=0
[221/1000] numerical=3.278057534 shared_exact=True fallback_exact=0
[222/1000] numerical=2.236495137 shared_exact=True fallback_exact=0
[223/1000] numerical=3.369211187 shared_exact=True fallback_exact=0
[224/1000] numerical=3.021066052 shared_exact=True fallback_exact=0
[225/1000] numerical=3.088755220 shared_exact=True fallback_exact=0
[226/1000] numerical=2.984170883 shared_exact=True fallback_exact=0
[227/1000] numerical=2.648840891 shared_exact=True fallback_exact=0
[228/1000] numerical=3.357446687 shared_exact=True fallback_exact=0
[229/1000] numerical=3.521020863 shared_exact=True fallback_exact=0
[230/1000] numerical=2.860192537 shared_exact=True fallback_exact=0
[231/1000] numerical=3.816732086 shared_exact=True fallback_exact=0
[232/1000] numerical=3.152610656 shared_exact=True fallback_exact=0
[233/1000] numerical=3.277867927 shared_exact=True fallback_exact=0
[234/1000] numerical=3.229399391 shared_exact=True fallback_exact=0
[235/1000] numerical=2.404542447 shared_exact=True fallback_exact=0
[236/1000] numerical=2.987338644 shared_exact=True fallback_exact=0
[237/1000] numerical=2.288366616 shared_exact=True fallback_exact=0
[238/1000] numerical=2.567210302 shared_exact=True fallback_exact=0
[239/1000] numerical=3.216649497 shared_exact=True fallback_exact=0
[240/1000] numerical=3.062965424 shared_exact=True fallback_exact=0
[241/1000] numerical=2.362909768 shared_exact=True fallback_exact=0
[242/1000] numerical=3.326925373 shared_exact=True fallback_exact=0
[243/1000] numerical=2.575920269 shared_exact=True fallback_exact=0
[244/1000] numerical=2.735965367 shared_exact=True fallback_exact=0
[245/1000] numerical=2.662195139 shared_exact=True fallback_exact=0
[246/1000] numerical=1.805490179 shared_exact=True fallback_exact=0
[247/1000] numerical=3.611353744 shared_exact=True fallback_exact=0
[248/1000] numerical=3.278726177 shared_exact=True fallback_exact=0
[249/1000] numerical=2.928379777 shared_exact=True fallback_exact=0
[250/1000] numerical=3.478910160 shared_exact=True fallback_exact=0
[251/1000] numerical=2.892641139 shared_exact=True fallback_exact=0
[252/1000] numerical=3.118559431 shared_exact=True fallback_exact=0
[253/1000] numerical=2.878119173 shared_exact=True fallback_exact=0
[254/1000] numerical=3.207169119 shared_exact=True fallback_exact=0
[255/1000] numerical=2.988857401 shared_exact=True fallback_exact=0
[256/1000] numerical=3.377861975 shared_exact=True fallback_exact=0
[257/1000] numerical=3.311845898 shared_exact=True fallback_exact=0
[258/1000] numerical=2.876888821 shared_exact=True fallback_exact=0
[259/1000] numerical=3.954190662 shared_exact=True fallback_exact=0
[260/1000] numerical=3.887481703 shared_exact=True fallback_exact=0
[261/1000] numerical=3.015138257 shared_exact=True fallback_exact=0
[262/1000] numerical=2.819645680 shared_exact=True fallback_exact=0
[263/1000] numerical=2.550535720 shared_exact=True fallback_exact=0
[264/1000] numerical=3.203789444 shared_exact=True fallback_exact=0
[265/1000] numerical=3.156738594 shared_exact=True fallback_exact=0
[266/1000] numerical=2.458953006 shared_exact=True fallback_exact=0
[267/1000] numerical=3.002087052 shared_exact=True fallback_exact=0
[268/1000] numerical=2.598839881 shared_exact=True fallback_exact=0
[269/1000] numerical=2.745935894 shared_exact=True fallback_exact=0
[270/1000] numerical=2.322670808 shared_exact=True fallback_exact=0
[271/1000] numerical=3.557555964 shared_exact=True fallback_exact=0
[272/1000] numerical=3.447869212 shared_exact=True fallback_exact=0
[273/1000] numerical=2.471419759 shared_exact=True fallback_exact=0
[274/1000] numerical=2.907895248 shared_exact=True fallback_exact=0
[275/1000] numerical=2.986857483 shared_exact=True fallback_exact=0
[276/1000] numerical=3.430790994 shared_exact=True fallback_exact=0
[277/1000] numerical=3.442079851 shared_exact=True fallback_exact=0
[278/1000] numerical=3.707197127 shared_exact=True fallback_exact=0
[279/1000] numerical=3.509539714 shared_exact=True fallback_exact=0
[280/1000] numerical=3.270470114 shared_exact=True fallback_exact=0
[281/1000] numerical=3.747679097 shared_exact=True fallback_exact=0
[282/1000] numerical=3.456839832 shared_exact=True fallback_exact=0
[283/1000] numerical=3.860431014 shared_exact=True fallback_exact=0
[284/1000] numerical=3.585503348 shared_exact=True fallback_exact=0
[285/1000] numerical=3.763790718 shared_exact=True fallback_exact=0
[286/1000] numerical=3.271479052 shared_exact=True fallback_exact=0
[287/1000] numerical=4.368582805 shared_exact=True fallback_exact=0
[288/1000] numerical=4.276888170 shared_exact=True fallback_exact=0
[289/1000] numerical=3.371469682 shared_exact=True fallback_exact=0
[290/1000] numerical=2.375772072 shared_exact=True fallback_exact=0
[291/1000] numerical=2.679511277 shared_exact=True fallback_exact=0
[292/1000] numerical=2.437485259 shared_exact=True fallback_exact=0
[293/1000] numerical=2.394460755 shared_exact=True fallback_exact=0
[294/1000] numerical=2.649325351 shared_exact=True fallback_exact=0
[295/1000] numerical=3.202786971 shared_exact=True fallback_exact=0
[296/1000] numerical=2.956361241 shared_exact=True fallback_exact=0
[297/1000] numerical=3.526711824 shared_exact=True fallback_exact=0
[298/1000] numerical=3.228864448 shared_exact=True fallback_exact=0
[299/1000] numerical=3.447556984 shared_exact=True fallback_exact=0
[300/1000] numerical=3.514250174 shared_exact=True fallback_exact=0
[301/1000] numerical=2.769711704 shared_exact=True fallback_exact=0
[302/1000] numerical=3.554790335 shared_exact=True fallback_exact=0
[303/1000] numerical=3.507555292 shared_exact=True fallback_exact=0
[304/1000] numerical=2.874062878 shared_exact=True fallback_exact=0
[305/1000] numerical=3.961539856 shared_exact=True fallback_exact=0
[306/1000] numerical=3.046539032 shared_exact=True fallback_exact=0
[307/1000] numerical=3.456847132 shared_exact=True fallback_exact=0
[308/1000] numerical=3.389714431 shared_exact=True fallback_exact=0
[309/1000] numerical=2.546993071 shared_exact=True fallback_exact=0
[310/1000] numerical=3.535171635 shared_exact=True fallback_exact=0
[311/1000] numerical=2.802749900 shared_exact=True fallback_exact=0
[312/1000] numerical=2.474079843 shared_exact=True fallback_exact=0
[313/1000] numerical=3.464943344 shared_exact=True fallback_exact=0
[314/1000] numerical=2.370202105 shared_exact=True fallback_exact=0
[315/1000] numerical=3.260746938 shared_exact=True fallback_exact=0
[316/1000] numerical=3.141658076 shared_exact=True fallback_exact=0
[317/1000] numerical=2.235195751 shared_exact=True fallback_exact=0
[318/1000] numerical=3.096760295 shared_exact=True fallback_exact=0
[319/1000] numerical=3.402906204 shared_exact=True fallback_exact=0
[320/1000] numerical=2.879976399 shared_exact=True fallback_exact=0
[321/1000] numerical=3.890708498 shared_exact=True fallback_exact=0
[322/1000] numerical=3.192036872 shared_exact=True fallback_exact=0
[323/1000] numerical=3.596130163 shared_exact=True fallback_exact=0
[324/1000] numerical=3.656438390 shared_exact=True fallback_exact=0
[325/1000] numerical=2.915552922 shared_exact=True fallback_exact=0
[326/1000] numerical=3.937740737 shared_exact=True fallback_exact=0
[327/1000] numerical=3.357712894 shared_exact=True fallback_exact=0
[328/1000] numerical=4.244434709 shared_exact=True fallback_exact=0
[329/1000] numerical=3.500369975 shared_exact=True fallback_exact=0
[330/1000] numerical=3.763921560 shared_exact=True fallback_exact=0
[331/1000] numerical=3.670242141 shared_exact=True fallback_exact=0
[332/1000] numerical=2.797032057 shared_exact=True fallback_exact=0
[333/1000] numerical=3.622942496 shared_exact=True fallback_exact=0
[334/1000] numerical=3.514951695 shared_exact=True fallback_exact=0
[335/1000] numerical=3.537724011 shared_exact=True fallback_exact=0
[336/1000] numerical=3.441079072 shared_exact=True fallback_exact=0
[337/1000] numerical=3.726416491 shared_exact=True fallback_exact=0
[338/1000] numerical=3.067876893 shared_exact=True fallback_exact=0
[339/1000] numerical=3.206876290 shared_exact=True fallback_exact=0
[340/1000] numerical=3.562783168 shared_exact=True fallback_exact=0
[341/1000] numerical=2.963041529 shared_exact=True fallback_exact=0
[342/1000] numerical=3.506708824 shared_exact=True fallback_exact=0
[343/1000] numerical=3.734024489 shared_exact=True fallback_exact=0
[344/1000] numerical=4.014310875 shared_exact=True fallback_exact=0
[345/1000] numerical=3.337680536 shared_exact=True fallback_exact=0
[346/1000] numerical=3.694075819 shared_exact=True fallback_exact=0
[347/1000] numerical=3.593283254 shared_exact=True fallback_exact=0
[348/1000] numerical=2.604491141 shared_exact=True fallback_exact=0
[349/1000] numerical=4.028736627 shared_exact=True fallback_exact=0
[350/1000] numerical=4.004652569 shared_exact=True fallback_exact=0
[351/1000] numerical=3.187616014 shared_exact=True fallback_exact=0
[352/1000] numerical=3.122419345 shared_exact=True fallback_exact=0
[353/1000] numerical=2.092100136 shared_exact=True fallback_exact=0
[354/1000] numerical=2.624523426 shared_exact=True fallback_exact=0
[355/1000] numerical=2.548134777 shared_exact=True fallback_exact=0
[356/1000] numerical=1.802836471 shared_exact=True fallback_exact=0
[357/1000] numerical=1.900050901 shared_exact=True fallback_exact=0
[358/1000] numerical=2.402841070 shared_exact=True fallback_exact=0
[359/1000] numerical=2.185234739 shared_exact=True fallback_exact=0
[360/1000] numerical=2.492285172 shared_exact=True fallback_exact=0
[361/1000] numerical=2.733660221 shared_exact=True fallback_exact=0
[362/1000] numerical=1.944634402 shared_exact=True fallback_exact=0
[363/1000] numerical=1.910440240 shared_exact=True fallback_exact=0
[364/1000] numerical=1.812289710 shared_exact=True fallback_exact=0
[365/1000] numerical=1.710528313 shared_exact=True fallback_exact=0
[366/1000] numerical=1.927415357 shared_exact=True fallback_exact=0
[367/1000] numerical=1.119121446 shared_exact=True fallback_exact=0
[368/1000] numerical=2.764268073 shared_exact=True fallback_exact=0
[369/1000] numerical=3.779072088 shared_exact=True fallback_exact=0
[370/1000] numerical=3.495649236 shared_exact=True fallback_exact=0
[371/1000] numerical=3.375706651 shared_exact=True fallback_exact=0
[372/1000] numerical=3.065104655 shared_exact=True fallback_exact=0
[373/1000] numerical=3.867635277 shared_exact=True fallback_exact=0
[374/1000] numerical=3.665464233 shared_exact=True fallback_exact=0
[375/1000] numerical=3.185510706 shared_exact=True fallback_exact=0
[376/1000] numerical=3.229204338 shared_exact=True fallback_exact=0
[377/1000] numerical=3.644778250 shared_exact=True fallback_exact=0
[378/1000] numerical=3.520600138 shared_exact=True fallback_exact=0
[379/1000] numerical=2.571276739 shared_exact=True fallback_exact=0
[380/1000] numerical=3.258888099 shared_exact=True fallback_exact=0
[381/1000] numerical=2.614773742 shared_exact=True fallback_exact=0
[382/1000] numerical=2.986932906 shared_exact=True fallback_exact=0
[383/1000] numerical=2.612274406 shared_exact=True fallback_exact=0
[384/1000] numerical=2.314423276 shared_exact=True fallback_exact=0
[385/1000] numerical=1.867488987 shared_exact=True fallback_exact=0
[386/1000] numerical=2.999852801 shared_exact=True fallback_exact=0
[387/1000] numerical=3.156003059 shared_exact=True fallback_exact=0
[388/1000] numerical=3.072283222 shared_exact=True fallback_exact=0
[389/1000] numerical=2.953806083 shared_exact=True fallback_exact=0
[390/1000] numerical=2.739768582 shared_exact=True fallback_exact=0
[391/1000] numerical=1.636014557 shared_exact=True fallback_exact=0
[392/1000] numerical=3.292880963 shared_exact=True fallback_exact=0
[393/1000] numerical=3.073053069 shared_exact=True fallback_exact=0
[394/1000] numerical=2.754358484 shared_exact=True fallback_exact=0
[395/1000] numerical=2.443889581 shared_exact=True fallback_exact=0
[396/1000] numerical=3.281056032 shared_exact=True fallback_exact=0
[397/1000] numerical=3.320629474 shared_exact=True fallback_exact=0
[398/1000] numerical=3.071979837 shared_exact=True fallback_exact=0
[399/1000] numerical=3.108377340 shared_exact=True fallback_exact=0
[400/1000] numerical=3.070515865 shared_exact=True fallback_exact=0
[401/1000] numerical=2.863498000 shared_exact=True fallback_exact=0
[402/1000] numerical=1.792564145 shared_exact=True fallback_exact=0
[403/1000] numerical=2.202353290 shared_exact=True fallback_exact=0
[404/1000] numerical=3.164650804 shared_exact=True fallback_exact=0
[405/1000] numerical=2.563804765 shared_exact=True fallback_exact=0
[406/1000] numerical=2.803191180 shared_exact=True fallback_exact=0
[407/1000] numerical=2.813483409 shared_exact=True fallback_exact=0
[408/1000] numerical=2.206938444 shared_exact=True fallback_exact=0
[409/1000] numerical=2.022783169 shared_exact=True fallback_exact=0
[410/1000] numerical=3.414263918 shared_exact=True fallback_exact=0
[411/1000] numerical=3.559727984 shared_exact=True fallback_exact=0
[412/1000] numerical=3.150520683 shared_exact=True fallback_exact=0
[413/1000] numerical=3.605390491 shared_exact=True fallback_exact=0
[414/1000] numerical=3.317444989 shared_exact=True fallback_exact=0
[415/1000] numerical=2.712826677 shared_exact=True fallback_exact=0
[416/1000] numerical=2.943525535 shared_exact=True fallback_exact=0
[417/1000] numerical=3.253953391 shared_exact=True fallback_exact=0
[418/1000] numerical=3.200802543 shared_exact=True fallback_exact=0
[419/1000] numerical=2.351452496 shared_exact=True fallback_exact=0
[420/1000] numerical=2.459856601 shared_exact=True fallback_exact=0
[421/1000] numerical=2.580426301 shared_exact=True fallback_exact=0
[422/1000] numerical=2.003860067 shared_exact=True fallback_exact=0
[423/1000] numerical=2.610820444 shared_exact=True fallback_exact=0
[424/1000] numerical=2.257067979 shared_exact=True fallback_exact=0
[425/1000] numerical=2.733755914 shared_exact=True fallback_exact=0
[426/1000] numerical=2.319848061 shared_exact=True fallback_exact=0
[427/1000] numerical=2.235904259 shared_exact=True fallback_exact=0
[428/1000] numerical=1.357147871 shared_exact=True fallback_exact=0
[429/1000] numerical=2.768577091 shared_exact=True fallback_exact=0
[430/1000] numerical=3.171646997 shared_exact=True fallback_exact=0
[431/1000] numerical=2.774611580 shared_exact=True fallback_exact=0
[432/1000] numerical=3.065107948 shared_exact=True fallback_exact=0
[433/1000] numerical=3.229192812 shared_exact=True fallback_exact=0
[434/1000] numerical=3.245164382 shared_exact=True fallback_exact=0
[435/1000] numerical=3.121540146 shared_exact=True fallback_exact=0
[436/1000] numerical=3.098152086 shared_exact=True fallback_exact=0
[437/1000] numerical=2.290652060 shared_exact=True fallback_exact=0
[438/1000] numerical=3.176984224 shared_exact=True fallback_exact=0
[439/1000] numerical=3.043334039 shared_exact=True fallback_exact=0
[440/1000] numerical=3.111398954 shared_exact=True fallback_exact=0
[441/1000] numerical=2.908633681 shared_exact=True fallback_exact=0
[442/1000] numerical=2.699667239 shared_exact=True fallback_exact=0
[443/1000] numerical=1.627563085 shared_exact=True fallback_exact=0
[444/1000] numerical=2.909071803 shared_exact=True fallback_exact=0
[445/1000] numerical=2.911615634 shared_exact=True fallback_exact=0
[446/1000] numerical=2.442523489 shared_exact=True fallback_exact=0
[447/1000] numerical=2.804763136 shared_exact=True fallback_exact=0
[448/1000] numerical=2.544851556 shared_exact=True fallback_exact=0
[449/1000] numerical=2.449097293 shared_exact=True fallback_exact=0
[450/1000] numerical=1.555868035 shared_exact=True fallback_exact=0
[451/1000] numerical=3.156203826 shared_exact=True fallback_exact=0
[452/1000] numerical=3.484457024 shared_exact=True fallback_exact=0
[453/1000] numerical=2.762471067 shared_exact=True fallback_exact=0
[454/1000] numerical=2.616170780 shared_exact=True fallback_exact=0
[455/1000] numerical=3.066743359 shared_exact=True fallback_exact=0
[456/1000] numerical=2.347278704 shared_exact=True fallback_exact=0
[457/1000] numerical=3.061253117 shared_exact=True fallback_exact=0
[458/1000] numerical=2.537404106 shared_exact=True fallback_exact=0
[459/1000] numerical=2.506572923 shared_exact=True fallback_exact=0
[460/1000] numerical=1.839125627 shared_exact=True fallback_exact=0
[461/1000] numerical=3.298476571 shared_exact=True fallback_exact=0
[462/1000] numerical=3.029883150 shared_exact=True fallback_exact=0
[463/1000] numerical=3.356328494 shared_exact=True fallback_exact=0
[464/1000] numerical=3.154179850 shared_exact=True fallback_exact=0
[465/1000] numerical=3.108098293 shared_exact=True fallback_exact=0
[466/1000] numerical=2.242598938 shared_exact=True fallback_exact=0
[467/1000] numerical=3.162241937 shared_exact=True fallback_exact=0
[468/1000] numerical=2.856066658 shared_exact=True fallback_exact=0
[469/1000] numerical=3.123805661 shared_exact=True fallback_exact=0
[470/1000] numerical=2.375638225 shared_exact=True fallback_exact=0
[471/1000] numerical=3.375957025 shared_exact=True fallback_exact=0
[472/1000] numerical=3.364183809 shared_exact=True fallback_exact=0
[473/1000] numerical=3.069590079 shared_exact=True fallback_exact=0
[474/1000] numerical=3.526012635 shared_exact=True fallback_exact=0
[475/1000] numerical=3.147042833 shared_exact=True fallback_exact=0
[476/1000] numerical=3.094656726 shared_exact=True fallback_exact=0
[477/1000] numerical=2.252731680 shared_exact=True fallback_exact=0
[478/1000] numerical=2.864065800 shared_exact=True fallback_exact=0
[479/1000] numerical=2.459419670 shared_exact=True fallback_exact=0
[480/1000] numerical=2.626062562 shared_exact=True fallback_exact=0
[481/1000] numerical=1.863176943 shared_exact=True fallback_exact=0
[482/1000] numerical=3.083869903 shared_exact=True fallback_exact=0
[483/1000] numerical=2.814148766 shared_exact=True fallback_exact=0
[484/1000] numerical=3.261015658 shared_exact=True fallback_exact=0
[485/1000] numerical=2.877165433 shared_exact=True fallback_exact=0
[486/1000] numerical=2.829663755 shared_exact=True fallback_exact=0
[487/1000] numerical=1.994710123 shared_exact=True fallback_exact=0
[488/1000] numerical=3.613965406 shared_exact=True fallback_exact=0
[489/1000] numerical=3.034773507 shared_exact=True fallback_exact=0
[490/1000] numerical=2.890903488 shared_exact=True fallback_exact=0
[491/1000] numerical=2.302011584 shared_exact=True fallback_exact=0
[492/1000] numerical=3.762878411 shared_exact=True fallback_exact=0
[493/1000] numerical=3.687622462 shared_exact=True fallback_exact=0
[494/1000] numerical=3.495123513 shared_exact=True fallback_exact=0
[495/1000] numerical=3.704786514 shared_exact=True fallback_exact=0
[496/1000] numerical=3.656180740 shared_exact=True fallback_exact=0
[497/1000] numerical=3.547237062 shared_exact=True fallback_exact=0
[498/1000] numerical=2.592321191 shared_exact=True fallback_exact=0
[499/1000] numerical=2.428587970 shared_exact=True fallback_exact=0
[500/1000] numerical=1.821664188 shared_exact=True fallback_exact=0
checkpoint=/workspace/positive-square-energy/experiments/rank7_order8_chunk_018000_019000.r7o8g.xz.fragments/fragment-018000-018500.r7o8g.xz rows=500
[501/1000] numerical=1.819423323 shared_exact=True fallback_exact=0
[502/1000] numerical=1.119636213 shared_exact=True fallback_exact=0
[503/1000] numerical=2.555069245 shared_exact=True fallback_exact=0
[504/1000] numerical=2.687864276 shared_exact=True fallback_exact=0
[505/1000] numerical=3.125647505 shared_exact=True fallback_exact=0
[506/1000] numerical=2.458928007 shared_exact=True fallback_exact=0
[507/1000] numerical=2.348082391 shared_exact=True fallback_exact=0
[508/1000] numerical=1.435900298 shared_exact=True fallback_exact=0
[509/1000] numerical=2.979794768 shared_exact=True fallback_exact=0
[510/1000] numerical=3.037243018 shared_exact=True fallback_exact=0
[511/1000] numerical=3.443252370 shared_exact=True fallback_exact=0
[512/1000] numerical=2.719830639 shared_exact=True fallback_exact=0
[513/1000] numerical=3.141739723 shared_exact=True fallback_exact=0
[514/1000] numerical=4.138101783 shared_exact=True fallback_exact=0
[515/1000] numerical=3.474452085 shared_exact=True fallback_exact=0
[516/1000] numerical=4.171272883 shared_exact=True fallback_exact=0
[517/1000] numerical=3.852755232 shared_exact=True fallback_exact=0
[518/1000] numerical=3.665819837 shared_exact=True fallback_exact=0
[519/1000] numerical=3.515453106 shared_exact=True fallback_exact=0
[520/1000] numerical=2.543715482 shared_exact=True fallback_exact=0
[521/1000] numerical=3.154164280 shared_exact=True fallback_exact=0
[522/1000] numerical=3.854154178 shared_exact=True fallback_exact=0
[523/1000] numerical=3.566035730 shared_exact=True fallback_exact=0
[524/1000] numerical=3.329949137 shared_exact=True fallback_exact=0
[525/1000] numerical=3.200483581 shared_exact=True fallback_exact=0
[526/1000] numerical=2.262030077 shared_exact=True fallback_exact=0
[527/1000] numerical=3.684358584 shared_exact=True fallback_exact=0
[528/1000] numerical=2.973234640 shared_exact=True fallback_exact=0
[529/1000] numerical=3.759735608 shared_exact=True fallback_exact=0
[530/1000] numerical=3.499771566 shared_exact=True fallback_exact=0
[531/1000] numerical=3.254024062 shared_exact=True fallback_exact=0
[532/1000] numerical=3.172102808 shared_exact=True fallback_exact=0
[533/1000] numerical=2.302686091 shared_exact=True fallback_exact=0
[534/1000] numerical=3.167293143 shared_exact=True fallback_exact=0
[535/1000] numerical=3.356058735 shared_exact=True fallback_exact=0
[536/1000] numerical=3.540083755 shared_exact=True fallback_exact=0
[537/1000] numerical=2.939709800 shared_exact=True fallback_exact=0
[538/1000] numerical=2.724060729 shared_exact=True fallback_exact=0
[539/1000] numerical=1.636811426 shared_exact=True fallback_exact=0
[540/1000] numerical=4.160733888 shared_exact=True fallback_exact=0
[541/1000] numerical=4.127397452 shared_exact=True fallback_exact=0
[542/1000] numerical=3.947078112 shared_exact=True fallback_exact=0
[543/1000] numerical=3.501701653 shared_exact=True fallback_exact=0
[544/1000] numerical=3.592576721 shared_exact=True fallback_exact=0
[545/1000] numerical=2.871652013 shared_exact=True fallback_exact=0
[546/1000] numerical=3.663594771 shared_exact=True fallback_exact=0
[547/1000] numerical=3.842835084 shared_exact=True fallback_exact=0
[548/1000] numerical=3.874372999 shared_exact=True fallback_exact=0
[549/1000] numerical=3.094437069 shared_exact=True fallback_exact=0
[550/1000] numerical=4.222123915 shared_exact=True fallback_exact=0
[551/1000] numerical=4.098619703 shared_exact=True fallback_exact=0
[552/1000] numerical=3.165469376 shared_exact=True fallback_exact=0
[553/1000] numerical=3.484541144 shared_exact=True fallback_exact=0
[554/1000] numerical=3.328956232 shared_exact=True fallback_exact=0
[555/1000] numerical=2.771777707 shared_exact=True fallback_exact=0
[556/1000] numerical=2.358380569 shared_exact=True fallback_exact=0
[557/1000] numerical=2.788090238 shared_exact=True fallback_exact=0
[558/1000] numerical=2.963530904 shared_exact=True fallback_exact=0
[559/1000] numerical=2.183152648 shared_exact=True fallback_exact=0
[560/1000] numerical=3.976058606 shared_exact=True fallback_exact=0
[561/1000] numerical=3.934859222 shared_exact=True fallback_exact=0
[562/1000] numerical=4.087774278 shared_exact=True fallback_exact=0
[563/1000] numerical=3.659370367 shared_exact=True fallback_exact=0
[564/1000] numerical=4.326357618 shared_exact=True fallback_exact=0
[565/1000] numerical=4.040883891 shared_exact=True fallback_exact=0
[566/1000] numerical=3.538428569 shared_exact=True fallback_exact=0
[567/1000] numerical=3.695631056 shared_exact=True fallback_exact=0
[568/1000] numerical=3.931967413 shared_exact=True fallback_exact=0
[569/1000] numerical=3.846276178 shared_exact=True fallback_exact=0
[570/1000] numerical=2.967062127 shared_exact=True fallback_exact=0
[571/1000] numerical=3.123507547 shared_exact=True fallback_exact=0
[572/1000] numerical=3.234448636 shared_exact=True fallback_exact=0
[573/1000] numerical=4.132190425 shared_exact=True fallback_exact=0
[574/1000] numerical=3.553606169 shared_exact=True fallback_exact=0
[575/1000] numerical=3.833374634 shared_exact=True fallback_exact=0
[576/1000] numerical=3.934903476 shared_exact=True fallback_exact=0
[577/1000] numerical=3.695092402 shared_exact=True fallback_exact=0
[578/1000] numerical=3.978299736 shared_exact=True fallback_exact=0
[579/1000] numerical=3.675457916 shared_exact=True fallback_exact=0
[580/1000] numerical=3.805501345 shared_exact=True fallback_exact=0
[581/1000] numerical=3.434330924 shared_exact=True fallback_exact=0
[582/1000] numerical=4.182677415 shared_exact=True fallback_exact=0
[583/1000] numerical=4.003915351 shared_exact=True fallback_exact=0
[584/1000] numerical=2.976638402 shared_exact=True fallback_exact=0
[585/1000] numerical=4.088069425 shared_exact=True fallback_exact=0
[586/1000] numerical=3.584909763 shared_exact=True fallback_exact=0
[587/1000] numerical=3.750183112 shared_exact=True fallback_exact=0
[588/1000] numerical=3.456142057 shared_exact=True fallback_exact=0
[589/1000] numerical=3.759920242 shared_exact=True fallback_exact=0
[590/1000] numerical=3.217905459 shared_exact=True fallback_exact=0
[591/1000] numerical=4.136207716 shared_exact=True fallback_exact=0
[592/1000] numerical=3.952963299 shared_exact=True fallback_exact=0
[593/1000] numerical=2.900376964 shared_exact=True fallback_exact=0
[594/1000] numerical=4.326357628 shared_exact=True fallback_exact=0
[595/1000] numerical=4.040883891 shared_exact=True fallback_exact=0
[596/1000] numerical=3.538526469 shared_exact=True fallback_exact=0
[597/1000] numerical=3.695617917 shared_exact=True fallback_exact=0
[598/1000] numerical=3.931791268 shared_exact=True fallback_exact=0
[599/1000] numerical=3.846272002 shared_exact=True fallback_exact=0
[600/1000] numerical=2.967062128 shared_exact=True fallback_exact=0
[601/1000] numerical=3.391621787 shared_exact=True fallback_exact=0
[602/1000] numerical=3.664247838 shared_exact=True fallback_exact=0
[603/1000] numerical=3.565095723 shared_exact=True fallback_exact=0
[604/1000] numerical=3.385699752 shared_exact=True fallback_exact=0
[605/1000] numerical=3.944656129 shared_exact=True fallback_exact=0
[606/1000] numerical=4.192716934 shared_exact=True fallback_exact=0
[607/1000] numerical=3.497252011 shared_exact=True fallback_exact=0
[608/1000] numerical=3.665088596 shared_exact=True fallback_exact=0
[609/1000] numerical=3.911697835 shared_exact=True fallback_exact=0
[610/1000] numerical=3.227113750 shared_exact=True fallback_exact=0
[611/1000] numerical=3.184018748 shared_exact=True fallback_exact=0
[612/1000] numerical=3.356657397 shared_exact=True fallback_exact=0
[613/1000] numerical=2.675833806 shared_exact=True fallback_exact=0
[614/1000] numerical=3.711820549 shared_exact=True fallback_exact=0
[615/1000] numerical=3.561123789 shared_exact=True fallback_exact=0
[616/1000] numerical=2.599369784 shared_exact=True fallback_exact=0
[617/1000] numerical=3.052369623 shared_exact=True fallback_exact=0
[618/1000] numerical=3.751635118 shared_exact=True fallback_exact=0
[619/1000] numerical=3.679463746 shared_exact=True fallback_exact=0
[620/1000] numerical=2.970235642 shared_exact=True fallback_exact=0
[621/1000] numerical=2.815313552 shared_exact=True fallback_exact=0
[622/1000] numerical=3.217342917 shared_exact=True fallback_exact=0
[623/1000] numerical=2.959478071 shared_exact=True fallback_exact=0
[624/1000] numerical=3.123513176 shared_exact=True fallback_exact=0
[625/1000] numerical=3.198715309 shared_exact=True fallback_exact=0
[626/1000] numerical=2.927008911 shared_exact=True fallback_exact=0
[627/1000] numerical=2.254217498 shared_exact=True fallback_exact=0
[628/1000] numerical=2.290165296 shared_exact=True fallback_exact=0
[629/1000] numerical=2.572871009 shared_exact=True fallback_exact=0
[630/1000] numerical=2.688426732 shared_exact=True fallback_exact=0
[631/1000] numerical=2.638724465 shared_exact=True fallback_exact=0
[632/1000] numerical=1.799392865 shared_exact=True fallback_exact=0
[633/1000] numerical=3.395822356 shared_exact=True fallback_exact=0
[634/1000] numerical=3.462866077 shared_exact=True fallback_exact=0
[635/1000] numerical=3.397380462 shared_exact=True fallback_exact=0
[636/1000] numerical=3.395822336 shared_exact=True fallback_exact=0
[637/1000] numerical=3.716572928 shared_exact=True fallback_exact=0
[638/1000] numerical=3.061579543 shared_exact=True fallback_exact=0
[639/1000] numerical=2.423537172 shared_exact=True fallback_exact=0
[640/1000] numerical=2.498133352 shared_exact=True fallback_exact=0
[641/1000] numerical=2.693877540 shared_exact=True fallback_exact=0
[642/1000] numerical=3.265181672 shared_exact=True fallback_exact=0
[643/1000] numerical=3.238195492 shared_exact=True fallback_exact=0
[644/1000] numerical=2.421372858 shared_exact=True fallback_exact=0
[645/1000] numerical=2.090402710 shared_exact=True fallback_exact=0
[646/1000] numerical=2.212735161 shared_exact=True fallback_exact=0
[647/1000] numerical=3.247584663 shared_exact=True fallback_exact=0
[648/1000] numerical=3.166425120 shared_exact=True fallback_exact=0
[649/1000] numerical=2.708994742 shared_exact=True fallback_exact=0
[650/1000] numerical=3.295175060 shared_exact=True fallback_exact=0
[651/1000] numerical=3.154229362 shared_exact=True fallback_exact=0
[652/1000] numerical=2.725816516 shared_exact=True fallback_exact=0
[653/1000] numerical=3.060646468 shared_exact=True fallback_exact=0
[654/1000] numerical=2.727081641 shared_exact=True fallback_exact=0
[655/1000] numerical=2.598739033 shared_exact=True fallback_exact=0
[656/1000] numerical=3.152991536 shared_exact=True fallback_exact=0
[657/1000] numerical=2.945091865 shared_exact=True fallback_exact=0
[658/1000] numerical=2.348593980 shared_exact=True fallback_exact=0
[659/1000] numerical=2.145277431 shared_exact=True fallback_exact=0
[660/1000] numerical=3.565531907 shared_exact=True fallback_exact=0
[661/1000] numerical=3.716379973 shared_exact=True fallback_exact=0
[662/1000] numerical=3.747983556 shared_exact=True fallback_exact=0
[663/1000] numerical=2.921608245 shared_exact=True fallback_exact=0
[664/1000] numerical=3.169952825 shared_exact=True fallback_exact=0
[665/1000] numerical=3.565539094 shared_exact=True fallback_exact=0
[666/1000] numerical=3.916711645 shared_exact=True fallback_exact=0
[667/1000] numerical=3.410560495 shared_exact=True fallback_exact=0
[668/1000] numerical=3.133982795 shared_exact=True fallback_exact=0
[669/1000] numerical=3.166840753 shared_exact=True fallback_exact=0
[670/1000] numerical=3.847019659 shared_exact=True fallback_exact=0
[671/1000] numerical=3.764413737 shared_exact=True fallback_exact=0
[672/1000] numerical=2.844862039 shared_exact=True fallback_exact=0
[673/1000] numerical=3.716379973 shared_exact=True fallback_exact=0
[674/1000] numerical=3.861691276 shared_exact=True fallback_exact=0
[675/1000] numerical=3.266393538 shared_exact=True fallback_exact=0
[676/1000] numerical=2.895857026 shared_exact=True fallback_exact=0
[677/1000] numerical=2.876317750 shared_exact=True fallback_exact=0
[678/1000] numerical=3.676284277 shared_exact=True fallback_exact=0
[679/1000] numerical=3.579300933 shared_exact=True fallback_exact=0
[680/1000] numerical=2.695879427 shared_exact=True fallback_exact=0
[681/1000] numerical=3.747983556 shared_exact=True fallback_exact=0
[682/1000] numerical=2.921608245 shared_exact=True fallback_exact=0
[683/1000] numerical=3.169952825 shared_exact=True fallback_exact=0
[684/1000] numerical=2.908424978 shared_exact=True fallback_exact=0
[685/1000] numerical=3.559169441 shared_exact=True fallback_exact=0
[686/1000] numerical=3.826682120 shared_exact=True fallback_exact=0
[687/1000] numerical=3.185252701 shared_exact=True fallback_exact=0
[688/1000] numerical=3.409633774 shared_exact=True fallback_exact=0
[689/1000] numerical=2.617929764 shared_exact=True fallback_exact=0
[690/1000] numerical=3.029738391 shared_exact=True fallback_exact=0
[691/1000] numerical=2.984987835 shared_exact=True fallback_exact=0
[692/1000] numerical=2.164882367 shared_exact=True fallback_exact=0
[693/1000] numerical=3.206411335 shared_exact=True fallback_exact=0
[694/1000] numerical=3.194710450 shared_exact=True fallback_exact=0
[695/1000] numerical=2.409932263 shared_exact=True fallback_exact=0
[696/1000] numerical=3.037694509 shared_exact=True fallback_exact=0
[697/1000] numerical=2.541670829 shared_exact=True fallback_exact=0
[698/1000] numerical=3.048265220 shared_exact=True fallback_exact=0
[699/1000] numerical=2.197997233 shared_exact=True fallback_exact=0
[700/1000] numerical=2.374400426 shared_exact=True fallback_exact=0
[701/1000] numerical=4.201323409 shared_exact=True fallback_exact=0
[702/1000] numerical=3.716879343 shared_exact=True fallback_exact=0
[703/1000] numerical=3.847000896 shared_exact=True fallback_exact=0
[704/1000] numerical=3.908834331 shared_exact=True fallback_exact=0
[705/1000] numerical=3.257947229 shared_exact=True fallback_exact=0
[706/1000] numerical=3.585528471 shared_exact=True fallback_exact=0
[707/1000] numerical=3.706411633 shared_exact=True fallback_exact=0
[708/1000] numerical=2.721496471 shared_exact=True fallback_exact=0
[709/1000] numerical=3.201342394 shared_exact=True fallback_exact=0
[710/1000] numerical=3.748965012 shared_exact=True fallback_exact=0
[711/1000] numerical=2.692389710 shared_exact=True fallback_exact=0
[712/1000] numerical=3.228257447 shared_exact=True fallback_exact=0
[713/1000] numerical=4.201323408 shared_exact=True fallback_exact=0
[714/1000] numerical=3.716879342 shared_exact=True fallback_exact=0
[715/1000] numerical=3.847029191 shared_exact=True fallback_exact=0
[716/1000] numerical=3.577903332 shared_exact=True fallback_exact=0
[717/1000] numerical=3.908014925 shared_exact=True fallback_exact=0
[718/1000] numerical=3.298271968 shared_exact=True fallback_exact=0
[719/1000] numerical=3.958787484 shared_exact=True fallback_exact=0
[720/1000] numerical=4.182188978 shared_exact=True fallback_exact=0
[721/1000] numerical=3.485893961 shared_exact=True fallback_exact=0
[722/1000] numerical=3.719554544 shared_exact=True fallback_exact=0
[723/1000] numerical=3.590369504 shared_exact=True fallback_exact=0
[724/1000] numerical=2.618314448 shared_exact=True fallback_exact=0
[725/1000] numerical=3.706584110 shared_exact=True fallback_exact=0
[726/1000] numerical=3.683051455 shared_exact=True fallback_exact=0
[727/1000] numerical=2.863241332 shared_exact=True fallback_exact=0
[728/1000] numerical=3.297093168 shared_exact=True fallback_exact=0
[729/1000] numerical=2.546098709 shared_exact=True fallback_exact=0
[730/1000] numerical=2.636775914 shared_exact=True fallback_exact=0
[731/1000] numerical=3.978043986 shared_exact=True fallback_exact=0
[732/1000] numerical=3.753628201 shared_exact=True fallback_exact=0
[733/1000] numerical=3.888703534 shared_exact=True fallback_exact=0
[734/1000] numerical=4.290734754 shared_exact=True fallback_exact=0
[735/1000] numerical=3.392272771 shared_exact=True fallback_exact=0
[736/1000] numerical=4.154601513 shared_exact=True fallback_exact=0
[737/1000] numerical=3.608204664 shared_exact=True fallback_exact=0
[738/1000] numerical=3.669775399 shared_exact=True fallback_exact=0
[739/1000] numerical=3.142711349 shared_exact=True fallback_exact=0
[740/1000] numerical=4.521874010 shared_exact=True fallback_exact=0
[741/1000] numerical=4.319541547 shared_exact=True fallback_exact=0
[742/1000] numerical=3.261394691 shared_exact=True fallback_exact=0
[743/1000] numerical=3.471444597 shared_exact=True fallback_exact=0
[744/1000] numerical=3.511678985 shared_exact=True fallback_exact=0
[745/1000] numerical=3.978043273 shared_exact=True fallback_exact=0
[746/1000] numerical=3.024559116 shared_exact=True fallback_exact=0
[747/1000] numerical=3.627818672 shared_exact=True fallback_exact=0
[748/1000] numerical=3.134829100 shared_exact=True fallback_exact=0
[749/1000] numerical=3.373795066 shared_exact=True fallback_exact=0
[750/1000] numerical=2.624475460 shared_exact=True fallback_exact=0
[751/1000] numerical=4.223021377 shared_exact=True fallback_exact=0
[752/1000] numerical=4.016962779 shared_exact=True fallback_exact=0
[753/1000] numerical=2.936302846 shared_exact=True fallback_exact=0
[754/1000] numerical=3.753629176 shared_exact=True fallback_exact=0
[755/1000] numerical=2.875703665 shared_exact=True fallback_exact=0
[756/1000] numerical=3.181938966 shared_exact=True fallback_exact=0
[757/1000] numerical=2.802986531 shared_exact=True fallback_exact=0
[758/1000] numerical=3.372045630 shared_exact=True fallback_exact=0
[759/1000] numerical=2.374452489 shared_exact=True fallback_exact=0
[760/1000] numerical=4.107140042 shared_exact=True fallback_exact=0
[761/1000] numerical=3.894568004 shared_exact=True fallback_exact=0
[762/1000] numerical=2.807417958 shared_exact=True fallback_exact=0
[763/1000] numerical=3.888703633 shared_exact=True fallback_exact=0
[764/1000] numerical=2.714652346 shared_exact=True fallback_exact=0
[765/1000] numerical=3.106578103 shared_exact=True fallback_exact=0
[766/1000] numerical=2.684499476 shared_exact=True fallback_exact=0
[767/1000] numerical=3.191109497 shared_exact=True fallback_exact=0
[768/1000] numerical=2.160679525 shared_exact=True fallback_exact=0
[769/1000] numerical=3.987371798 shared_exact=True fallback_exact=0
[770/1000] numerical=3.766172010 shared_exact=True fallback_exact=0
[771/1000] numerical=2.667508230 shared_exact=True fallback_exact=0
[772/1000] numerical=3.392272771 shared_exact=True fallback_exact=0
[773/1000] numerical=4.154601512 shared_exact=True fallback_exact=0
[774/1000] numerical=3.608204693 shared_exact=True fallback_exact=0
[775/1000] numerical=3.669775399 shared_exact=True fallback_exact=0
[776/1000] numerical=3.142711253 shared_exact=True fallback_exact=0
[777/1000] numerical=4.521865459 shared_exact=True fallback_exact=0
[778/1000] numerical=4.319564898 shared_exact=True fallback_exact=0
[779/1000] numerical=3.261394691 shared_exact=True fallback_exact=0
[780/1000] numerical=3.853391743 shared_exact=True fallback_exact=0
[781/1000] numerical=3.657239911 shared_exact=True fallback_exact=0
[782/1000] numerical=3.345961579 shared_exact=True fallback_exact=0
[783/1000] numerical=3.181098858 shared_exact=True fallback_exact=0
[784/1000] numerical=3.603228498 shared_exact=True fallback_exact=0
[785/1000] numerical=3.540905292 shared_exact=True fallback_exact=0
[786/1000] numerical=2.704380093 shared_exact=True fallback_exact=0
[787/1000] numerical=4.224233011 shared_exact=True fallback_exact=0
[788/1000] numerical=4.241690078 shared_exact=True fallback_exact=0
[789/1000] numerical=3.430779635 shared_exact=True fallback_exact=0
[790/1000] numerical=3.802707234 shared_exact=True fallback_exact=0
[791/1000] numerical=3.782086057 shared_exact=True fallback_exact=0
[792/1000] numerical=2.973894468 shared_exact=True fallback_exact=0
[793/1000] numerical=3.862099090 shared_exact=True fallback_exact=0
[794/1000] numerical=3.809032965 shared_exact=True fallback_exact=0
[795/1000] numerical=2.981567100 shared_exact=True fallback_exact=0
[796/1000] numerical=3.396357677 shared_exact=True fallback_exact=0
[797/1000] numerical=3.207602461 shared_exact=True fallback_exact=0
[798/1000] numerical=2.201160407 shared_exact=True fallback_exact=0
[799/1000] numerical=4.026466168 shared_exact=True fallback_exact=0
[800/1000] numerical=4.515966148 shared_exact=True fallback_exact=0
[801/1000] numerical=4.294816220 shared_exact=True fallback_exact=0
[802/1000] numerical=3.858347854 shared_exact=True fallback_exact=0
[803/1000] numerical=3.207419935 shared_exact=True fallback_exact=0
[804/1000] numerical=3.185271117 shared_exact=True fallback_exact=0
[805/1000] numerical=3.156997667 shared_exact=True fallback_exact=0
[806/1000] numerical=2.768500046 shared_exact=True fallback_exact=0
[807/1000] numerical=3.471444978 shared_exact=True fallback_exact=0
[808/1000] numerical=2.822807406 shared_exact=True fallback_exact=0
[809/1000] numerical=3.433133784 shared_exact=True fallback_exact=0
[810/1000] numerical=3.039257343 shared_exact=True fallback_exact=0
[811/1000] numerical=3.081990144 shared_exact=True fallback_exact=0
[812/1000] numerical=2.426685518 shared_exact=True fallback_exact=0
[813/1000] numerical=3.666283845 shared_exact=True fallback_exact=0
[814/1000] numerical=3.432158129 shared_exact=True fallback_exact=0
[815/1000] numerical=2.318276886 shared_exact=True fallback_exact=0
[816/1000] numerical=3.065850917 shared_exact=True fallback_exact=0
[817/1000] numerical=2.904756435 shared_exact=True fallback_exact=0
[818/1000] numerical=2.903354434 shared_exact=True fallback_exact=0
[819/1000] numerical=2.774424604 shared_exact=True fallback_exact=0
[820/1000] numerical=2.111025890 shared_exact=True fallback_exact=0
[821/1000] numerical=2.486837344 shared_exact=True fallback_exact=0
[822/1000] numerical=2.233043634 shared_exact=True fallback_exact=0
[823/1000] numerical=4.156985770 shared_exact=True fallback_exact=0
[824/1000] numerical=4.045217713 shared_exact=True fallback_exact=0
[825/1000] numerical=3.991831924 shared_exact=True fallback_exact=0
[826/1000] numerical=3.766278831 shared_exact=True fallback_exact=0
[827/1000] numerical=3.919109905 shared_exact=True fallback_exact=0
[828/1000] numerical=3.871266286 shared_exact=True fallback_exact=0
[829/1000] numerical=3.589203591 shared_exact=True fallback_exact=0
[830/1000] numerical=4.157029801 shared_exact=True fallback_exact=0
[831/1000] numerical=3.854094350 shared_exact=True fallback_exact=0
[832/1000] numerical=3.957853602 shared_exact=True fallback_exact=0
[833/1000] numerical=3.333200556 shared_exact=True fallback_exact=0
[834/1000] numerical=3.236340069 shared_exact=True fallback_exact=0
[835/1000] numerical=3.347726404 shared_exact=True fallback_exact=0
[836/1000] numerical=3.695477804 shared_exact=True fallback_exact=0
[837/1000] numerical=4.026865864 shared_exact=True fallback_exact=0
[838/1000] numerical=3.946072571 shared_exact=True fallback_exact=0
[839/1000] numerical=4.157022416 shared_exact=True fallback_exact=0
[840/1000] numerical=3.529613275 shared_exact=True fallback_exact=0
[841/1000] numerical=3.607630860 shared_exact=True fallback_exact=0
[842/1000] numerical=3.416498608 shared_exact=True fallback_exact=0
[843/1000] numerical=3.776902461 shared_exact=True fallback_exact=0
[844/1000] numerical=3.777482523 shared_exact=True fallback_exact=0
[845/1000] numerical=3.895250984 shared_exact=True fallback_exact=0
[846/1000] numerical=4.015702461 shared_exact=True fallback_exact=0
[847/1000] numerical=3.402925094 shared_exact=True fallback_exact=0
[848/1000] numerical=3.991832322 shared_exact=True fallback_exact=0
[849/1000] numerical=3.693290559 shared_exact=True fallback_exact=0
[850/1000] numerical=3.695476314 shared_exact=True fallback_exact=0
[851/1000] numerical=3.590911220 shared_exact=True fallback_exact=0
[852/1000] numerical=3.825057699 shared_exact=True fallback_exact=0
[853/1000] numerical=3.946165199 shared_exact=True fallback_exact=0
[854/1000] numerical=3.962728415 shared_exact=True fallback_exact=0
[855/1000] numerical=4.080868818 shared_exact=True fallback_exact=0
[856/1000] numerical=3.466356909 shared_exact=True fallback_exact=0
[857/1000] numerical=3.919121398 shared_exact=True fallback_exact=0
[858/1000] numerical=3.871267423 shared_exact=True fallback_exact=0
[859/1000] numerical=3.589580988 shared_exact=True fallback_exact=0
[860/1000] numerical=4.157062581 shared_exact=True fallback_exact=0
[861/1000] numerical=3.854212330 shared_exact=True fallback_exact=0
[862/1000] numerical=3.958135784 shared_exact=True fallback_exact=0
[863/1000] numerical=3.333211213 shared_exact=True fallback_exact=0
[864/1000] numerical=3.529632004 shared_exact=True fallback_exact=0
[865/1000] numerical=3.608421983 shared_exact=True fallback_exact=0
[866/1000] numerical=3.781555132 shared_exact=True fallback_exact=0
[867/1000] numerical=3.199740968 shared_exact=True fallback_exact=0
[868/1000] numerical=3.416499009 shared_exact=True fallback_exact=0
[869/1000] numerical=3.547163450 shared_exact=True fallback_exact=0
[870/1000] numerical=3.740468897 shared_exact=True fallback_exact=0
[871/1000] numerical=3.171669986 shared_exact=True fallback_exact=0
[872/1000] numerical=3.777027164 shared_exact=True fallback_exact=0
[873/1000] numerical=3.171864365 shared_exact=True fallback_exact=0
[874/1000] numerical=3.404813791 shared_exact=True fallback_exact=0
[875/1000] numerical=2.857918659 shared_exact=True fallback_exact=0
[876/1000] numerical=3.895342206 shared_exact=True fallback_exact=0
[877/1000] numerical=4.015696513 shared_exact=True fallback_exact=0
[878/1000] numerical=3.402925091 shared_exact=True fallback_exact=0
[879/1000] numerical=2.950142284 shared_exact=True fallback_exact=0
[880/1000] numerical=2.889853909 shared_exact=True fallback_exact=0
[881/1000] numerical=3.686045545 shared_exact=True fallback_exact=0
[882/1000] numerical=3.788230027 shared_exact=True fallback_exact=0
[883/1000] numerical=2.833971324 shared_exact=True fallback_exact=0
[884/1000] numerical=3.162521610 shared_exact=True fallback_exact=0
[885/1000] numerical=3.012756299 shared_exact=True fallback_exact=0
[886/1000] numerical=3.308956877 shared_exact=True fallback_exact=0
[887/1000] numerical=3.236681895 shared_exact=True fallback_exact=0
[888/1000] numerical=2.785378685 shared_exact=True fallback_exact=0
[889/1000] numerical=2.205168308 shared_exact=True fallback_exact=0
[890/1000] numerical=2.755438317 shared_exact=True fallback_exact=0
[891/1000] numerical=2.330147499 shared_exact=True fallback_exact=0
[892/1000] numerical=3.012748149 shared_exact=True fallback_exact=0
[893/1000] numerical=2.640710923 shared_exact=True fallback_exact=0
[894/1000] numerical=2.740017406 shared_exact=True fallback_exact=0
[895/1000] numerical=2.112241714 shared_exact=True fallback_exact=0
[896/1000] numerical=3.609660883 shared_exact=True fallback_exact=0
[897/1000] numerical=3.629060928 shared_exact=True fallback_exact=0
[898/1000] numerical=3.700095085 shared_exact=True fallback_exact=0
[899/1000] numerical=3.609681452 shared_exact=True fallback_exact=0
[900/1000] numerical=3.268656880 shared_exact=True fallback_exact=0
[901/1000] numerical=2.793203524 shared_exact=True fallback_exact=0
[902/1000] numerical=3.187463782 shared_exact=True fallback_exact=0
[903/1000] numerical=2.766426453 shared_exact=True fallback_exact=0
[904/1000] numerical=3.629060632 shared_exact=True fallback_exact=0
[905/1000] numerical=3.223703130 shared_exact=True fallback_exact=0
[906/1000] numerical=3.443882264 shared_exact=True fallback_exact=0
[907/1000] numerical=2.890356910 shared_exact=True fallback_exact=0
[908/1000] numerical=2.266686887 shared_exact=True fallback_exact=0
[909/1000] numerical=2.402281124 shared_exact=True fallback_exact=0
[910/1000] numerical=1.908024148 shared_exact=True fallback_exact=0
[911/1000] numerical=1.834778439 shared_exact=True fallback_exact=0
[912/1000] numerical=1.719126404 shared_exact=True fallback_exact=0
[913/1000] numerical=1.997155109 shared_exact=True fallback_exact=0
[914/1000] numerical=1.127582580 shared_exact=True fallback_exact=0
[915/1000] numerical=2.749343854 shared_exact=True fallback_exact=0
[916/1000] numerical=2.804551978 shared_exact=True fallback_exact=0
[917/1000] numerical=2.654499815 shared_exact=True fallback_exact=0
[918/1000] numerical=2.670476851 shared_exact=True fallback_exact=0
[919/1000] numerical=2.584959153 shared_exact=True fallback_exact=0
[920/1000] numerical=2.998353411 shared_exact=True fallback_exact=0
[921/1000] numerical=2.454265047 shared_exact=True fallback_exact=0
[922/1000] numerical=2.326204646 shared_exact=True fallback_exact=0
[923/1000] numerical=2.784833209 shared_exact=True fallback_exact=0
[924/1000] numerical=2.082795302 shared_exact=True fallback_exact=0
[925/1000] numerical=2.622555095 shared_exact=True fallback_exact=0
[926/1000] numerical=1.858957684 shared_exact=True fallback_exact=0
[927/1000] numerical=2.026309360 shared_exact=True fallback_exact=0
[928/1000] numerical=1.369121861 shared_exact=True fallback_exact=0
[929/1000] numerical=2.081227565 shared_exact=True fallback_exact=0
[930/1000] numerical=2.421979254 shared_exact=True fallback_exact=0
[931/1000] numerical=2.697521006 shared_exact=True fallback_exact=0
[932/1000] numerical=2.608573606 shared_exact=True fallback_exact=0
[933/1000] numerical=1.744073355 shared_exact=True fallback_exact=0
[934/1000] numerical=2.109568065 shared_exact=True fallback_exact=0
[935/1000] numerical=2.046549090 shared_exact=True fallback_exact=0
[936/1000] numerical=1.207341673 shared_exact=True fallback_exact=0
[937/1000] numerical=3.102666459 shared_exact=True fallback_exact=0
[938/1000] numerical=3.191749308 shared_exact=True fallback_exact=0
[939/1000] numerical=2.755029618 shared_exact=True fallback_exact=0
[940/1000] numerical=2.869404312 shared_exact=True fallback_exact=0
[941/1000] numerical=2.740115401 shared_exact=True fallback_exact=0
[942/1000] numerical=1.951329780 shared_exact=True fallback_exact=0
[943/1000] numerical=3.102737090 shared_exact=True fallback_exact=0
[944/1000] numerical=2.241677359 shared_exact=True fallback_exact=0
[945/1000] numerical=2.456529737 shared_exact=True fallback_exact=0
[946/1000] numerical=2.412072753 shared_exact=True fallback_exact=0
[947/1000] numerical=1.595057787 shared_exact=True fallback_exact=0
[948/1000] numerical=2.726160147 shared_exact=True fallback_exact=0
[949/1000] numerical=3.353016058 shared_exact=True fallback_exact=0
[950/1000] numerical=3.451832234 shared_exact=True fallback_exact=0
[951/1000] numerical=2.653856036 shared_exact=True fallback_exact=0
[952/1000] numerical=2.926061074 shared_exact=True fallback_exact=0
[953/1000] numerical=3.164168090 shared_exact=True fallback_exact=0
[954/1000] numerical=3.120432928 shared_exact=True fallback_exact=0
[955/1000] numerical=3.322844705 shared_exact=True fallback_exact=0
[956/1000] numerical=2.525639021 shared_exact=True fallback_exact=0
[957/1000] numerical=3.406859238 shared_exact=True fallback_exact=0
[958/1000] numerical=2.798301629 shared_exact=True fallback_exact=0
[959/1000] numerical=2.425137314 shared_exact=True fallback_exact=0
[960/1000] numerical=2.039354857 shared_exact=True fallback_exact=0
[961/1000] numerical=1.962044616 shared_exact=True fallback_exact=0
[962/1000] numerical=3.108011947 shared_exact=True fallback_exact=0
[963/1000] numerical=2.076521005 shared_exact=True fallback_exact=0
[964/1000] numerical=2.879145365 shared_exact=True fallback_exact=0
[965/1000] numerical=2.809911374 shared_exact=True fallback_exact=0
[966/1000] numerical=1.969128109 shared_exact=True fallback_exact=0
[967/1000] numerical=3.355628892 shared_exact=True fallback_exact=0
[968/1000] numerical=2.710071824 shared_exact=True fallback_exact=0
[969/1000] numerical=2.890920747 shared_exact=True fallback_exact=0
[970/1000] numerical=3.350643948 shared_exact=True fallback_exact=0
[971/1000] numerical=3.426444337 shared_exact=True fallback_exact=0
[972/1000] numerical=2.604045720 shared_exact=True fallback_exact=0
[973/1000] numerical=2.293975638 shared_exact=True fallback_exact=0
[974/1000] numerical=2.206698507 shared_exact=True fallback_exact=0
[975/1000] numerical=3.174948629 shared_exact=True fallback_exact=0
[976/1000] numerical=2.468619194 shared_exact=True fallback_exact=0
[977/1000] numerical=3.219371255 shared_exact=True fallback_exact=0
[978/1000] numerical=3.271722509 shared_exact=True fallback_exact=0
[979/1000] numerical=2.537596745 shared_exact=True fallback_exact=0
[980/1000] numerical=2.464360314 shared_exact=True fallback_exact=0
[981/1000] numerical=2.973426421 shared_exact=True fallback_exact=0
[982/1000] numerical=2.181827948 shared_exact=True fallback_exact=0
[983/1000] numerical=3.418088140 shared_exact=True fallback_exact=0
[984/1000] numerical=2.649929948 shared_exact=True fallback_exact=0
[985/1000] numerical=2.826768914 shared_exact=True fallback_exact=0
[986/1000] numerical=2.855068997 shared_exact=True fallback_exact=0
[987/1000] numerical=2.114942050 shared_exact=True fallback_exact=0
[988/1000] numerical=1.941540630 shared_exact=True fallback_exact=0
[989/1000] numerical=1.759917007 shared_exact=True fallback_exact=0
[990/1000] numerical=1.943345609 shared_exact=True fallback_exact=0
[991/1000] numerical=1.907272534 shared_exact=True fallback_exact=0
[992/1000] numerical=2.301504898 shared_exact=True fallback_exact=0
[993/1000] numerical=1.770269166 shared_exact=True fallback_exact=0
[994/1000] numerical=1.089169886 shared_exact=True fallback_exact=0
[995/1000] numerical=1.567028059 shared_exact=True fallback_exact=0
[996/1000] numerical=1.065247953 shared_exact=True fallback_exact=0
[997/1000] numerical=1.558980693 shared_exact=True fallback_exact=0
[998/1000] numerical=2.476307145 shared_exact=True fallback_exact=0
[999/1000] numerical=2.908526820 shared_exact=True fallback_exact=0
[1000/1000] numerical=2.371959989 shared_exact=True fallback_exact=0
checkpoint=/workspace/positive-square-energy/experiments/rank7_order8_chunk_018000_019000.r7o8g.xz.fragments/fragment-018500-019000.r7o8g.xz rows=500
attempts=1000 shared_exact=1000 templates=0 fallback_exact=0 structural=0 atoms=0 balanced=0 unresolved_targets=0
fragments=2 checkpoint_rows=500
raw_bytes=445350 xz_bytes=295604 elapsed_seconds=919.701203
sha256=c5b5f2a32198eacc881283d643fc2dc8a49a2dab1f64adfdde34485678e441f7
full_theorem=false
[2026-08-15T06:17:48.867695+00:00] exit: 0
[2026-08-15T06:17:48.867841+00:00] exec: /opt/kortix/pyfloor/bin/python3 -u /workspace/positive-square-energy/experiments/rank7_order8_exact_rational.py --verify-pack /workspace/positive-square-energy/experiments/rank7_order8_chunk_018000_019000.r7o8g.xz --census-cache positive-square-energy/experiments/rank7_order8_rational_search_cache.r7o8c.xz
attempts=1000 shared_exact=1000 templates=0 fallback_exact=0 structural=0 atoms=0 balanced=0 exact_audit=true census_seconds=58.101699
full_theorem=false
[2026-08-15T06:19:59.076132+00:00] exit: 0
[2026-08-15T06:19:59.166204+00:00] shard=018000_019000 exact_audit=true sha256=c5b5f2a32198eacc881283d643fc2dc8a49a2dab1f64adfdde34485678e441f7
